C51 COMPILER V8.08   SP1K_GPIO_API                                                         09/19/2022 20:34:20 PAGE 1   


C51 COMPILER V8.08, COMPILATION OF MODULE SP1K_GPIO_API
OBJECT MODULE PLACED IN .\obj\sp1k_gpio_api.obj
COMPILER INVOKED BY: C:\Keil\C51\BIN\C51.EXE sp1k_gpio_api.c LARGE OMF2 OPTIMIZE(9,SIZE) NOAREGS INCDIR(..\..\..\inc;..\
                    -..\..\inc\os;..\..\..\inc\hal;..\..\..\inc\middleware;..\..\..\inc\sp1k;..\..\..\..\host\inc\app;..\..\..\..\host\inc\cu
                    -stomization) DEFINE(LIB_RELEASE) PRINT(.\obj\sp1k_gpio_api.lst) OBJECT(.\obj\sp1k_gpio_api.obj)

line level    source

   1          /**************************************************************************
   2           *         Copyright(c) 2010 by i-Catch Technology Co., Ltd.              *
   3           *                                                                        *
   4           *  This software is copyrighted by and is the property of i-Catch Tech-  *
   5           *  nology Co., Ltd. All rights are reserved by i-Catch Technology Co.,   *
   6           *  Ltd. This software may only be used in accordance with the            *
   7           *  corresponding license agreement. Any unauthorized use, duplication,   *
   8           *  distribution, or disclosure of this software is expressly forbidden.  *
   9           *                                                                        *
  10           *  This Copyright notice "M U S T" not be removed or modified without    *
  11           *  prior written consent of i-Catch Technology Co., Ltd.                 *
  12           *                                                                        *
  13           *  i-Catch Technology Co., Ltd. reserves the right to modify this        *
  14           *  software without notice.                                              *
  15           *                                                                        *
  16           *  i-Catch Technology Co., Ltd.                                          *
  17           *  19-1, Innovation First Road, Science-Based Industrial Park,           *
  18           *  Hsin-Chu, Taiwan, R.O.C.                                              *
  19           *                                                                        *
  20           *************************************************************************/
  21          
  22          /**
  23           * @file      sp1k_gpio_api.c
  24           * @brief     sp1k API for gpio configure
  25           * @author    sun yong
  26           * @since     2010-01-01
  27           * @date      2010-01-01
  28          */
  29          
  30          /**************************************************************************
  31           *                        H E A D E R   F I L E S
  32           **************************************************************************/
  33          #include "general.h"
  34          #include "gpio_api.h"
  35          #include "gpio.h"
  36          #include "pv_photoframe.h"
  37          #include "hal_gpio.h"
  38          #include "sp1k_gpio_api.h"
  39          #include "reg_def.h"
  40          /**************************************************************************
  41           *                           C O N S T A N T S                            *
  42           **************************************************************************/
  43          #define USE_PKG_DEDICATE_PIN  1  /* 0: old code, 1: new code. */
  44          
  45          /**************************************************************************
  46           *                              M A C R O S                               *
  47           **************************************************************************/
  48          
  49          /**************************************************************************
  50           *                          D A T A    T Y P E S                          *
  51           **************************************************************************/
  52          
  53          /**************************************************************************
C51 COMPILER V8.08   SP1K_GPIO_API                                                         09/19/2022 20:34:20 PAGE 2   

  54           *                         G L O B A L    D A T A                         *
  55           **************************************************************************/
  56          static UINT8 TV_DET_GPIO = 10;
  57          static UINT8 PWR_KEY_GPIO = 12;
  58          static UINT8 Debug_Mode_1527=0;
  59          
  60          //static UINT8 G_SDCD_Polarity;
  61          #if USE_PKG_DEDICATE_PIN
  62          static UINT8 gpioByteIdPwrHold, gpioBitMskPwrHold, gpioPolarityPwrHold;
  63          static UINT8 gpioByteIdStTrig, gpioBitMskStTrig, gpioPolarityStTrig;
  64          static UINT8 gpioByteIdStChgEn, gpioBitMskStChgEn, gpioPolarityStChgEn;
  65          static UINT8 gpioByteIdStChgRdy, gpioBitMskStChgRdy, gpioPolarityStChgRdy;
  66          static UINT8 gpioByteIdSdCd, gpioBitMskSdCd, gpioPolaritySdCd;
  67          static UINT8 gpioByteIdSdWp, gpioBitMskSdWp, gpioPolaritySdWp;
  68          //static UINT8 gpioByteIdSpkEn, gpioBitMskSpkEn;
  69          static UINT8 gpioByteIdUsbPlug, gpioBitMskUsbPlug, gpioPolarityUsbPlug;
  70          static UINT8 gpioByteIdLcdSen, gpioBitMskLcdSen, gpioPolarityLcdSen;
  71          static UINT8 gpioByteIdTvPlug, gpioBitMskTvPlug,  gpioPolarityTvplug;
  72          static UINT8 gpioByteIdHDMIPlug, gpioBitMskHDMIPlug, gpioPolarityHDMIPlug;
  73          static UINT8 gpioByteIdLedSelf, gpioBitMskLedSelf, gpioPolarityLedSelf;
  74          static UINT8 gpioByteIdLedBusy, gpioBitMskLedBusy, gpioPolarityLedBusy;
  75          static UINT8 gpioByteIdFrex, gpioBitMskFrex, gpioPolarityFrex;
  76          static UINT8 gpioByteIdExpStb, gpioBitMskExpStb, gpioPolarityExpStb;
  77          static UINT8 gpioByteIdMshEn, gpioBitMskMshEn, gpioPolarityMshEn;
  78          static UINT8 gpioByteIdMshDir, gpioBitMskMshDir, gpioPolarityMshDir;
  79          #endif
  80          #if 0
              static sp1kGpioPolarity_t S_GpioPolarityGrp[6] ={
              {PKG_DEDICATE_PIN_SD_CD,1},
              {PKG_DEDICATE_PIN_ST_CHG_RDY,1},
              {PKG_DEDICATE_PIN_HDMI_PLUG,1},
              {PKG_DEDICATE_PIN_TV_PLUG,1},
              {PKG_DEDICATE_PIN_USB_PLUG,1},
              {PKG_DEDICATE_PIN_SD_WP,1},
              };
              #endif
  90          /**************************************************************************
  91           *                 E X T E R N A L    R E F E R E N C E S                 *
  92           **************************************************************************/
  93          extern xdata UINT8 G_Detect_PinGrp;
  94          extern xdata UINT8 G_Detect_PinMux;
  95          extern xdata UINT8 G_DgpioValue;
  96          extern UINT8 HAL_GlobalICVerGet(void);
  97          extern UINT8 gLcdCloseFlag;
  98          
  99          /**************************************************************************
 100           *               F U N C T I O N    D E C L A R A T I O N S               *
 101           **************************************************************************/
 102           #if 0
              /**
               * @fn            void sp1kGpioPolaritySet(UINT8 TypeId,, UINT8 polarity)
               * @brief         set gpio polarity.
               * @param         [in] TypeId: pkgPin id, one of pkgDedicateGpioPin_e as following.
               *                                              PKG_DEDICATE_PIN_SD_CD
               *                                              PKG_DEDICATE_PIN_ST_CHG_RDY
               *                                              PKG_DEDICATE_PIN_HDMI_PLUG
               *                                              PKG_DEDICATE_PIN_TV_PLUG
               *                                              PKG_DEDICATE_PIN_USB_PLUG
               *                                              PKG_DEDICATE_PIN_SD_WP
               * @param         [in] polarity: 1: high active
               *                                              0: low active
               * @retval        NONE
C51 COMPILER V8.08   SP1K_GPIO_API                                                         09/19/2022 20:34:20 PAGE 3   

               * @see           NULL
               * @author        kai.Wang
               * @since         2010-5-17
               * @todo          N/A
               * @bug           N/A
              */
              void sp1kGpioPolaritySet(
                      UINT8 TypeId,
                      UINT8 polarity
              )
              {
              #if USE_PKG_DEDICATE_PIN
                      if (TypeId > PKG_DEDICATE_PIN_TOT) {
                              return;
                      }
                      switch (TypeId) {
                              case PKG_DEDICATE_PIN_SD_CD :
                                      S_GpioPolarityGrp[0].TypeId = PKG_DEDICATE_PIN_SD_CD;
                                      S_GpioPolarityGrp[0].polarity = polarity;
                                      break;
                              case PKG_DEDICATE_PIN_ST_CHG_RDY:
                                      S_GpioPolarityGrp[1].TypeId = PKG_DEDICATE_PIN_ST_CHG_RDY;
                                      S_GpioPolarityGrp[1].polarity = polarity;
                                      break;
                              case PKG_DEDICATE_PIN_HDMI_PLUG:
                                      S_GpioPolarityGrp[2].TypeId = PKG_DEDICATE_PIN_HDMI_PLUG;
                                      S_GpioPolarityGrp[2].polarity = polarity;
                                      break;
                              case PKG_DEDICATE_PIN_TV_PLUG:
                                      S_GpioPolarityGrp[3].TypeId = PKG_DEDICATE_PIN_TV_PLUG;
                                      S_GpioPolarityGrp[3].polarity = polarity;
                                      break;
                              case PKG_DEDICATE_PIN_USB_PLUG:
                                      S_GpioPolarityGrp[4].TypeId = PKG_DEDICATE_PIN_USB_PLUG;
                                      S_GpioPolarityGrp[4].polarity = polarity;
                                      break;
                              case PKG_DEDICATE_PIN_SD_WP:
                                      S_GpioPolarityGrp[5].TypeId = PKG_DEDICATE_PIN_SD_WP;
                                      S_GpioPolarityGrp[5].polarity = polarity;
                                      break;
                              default:
                                      break;
                      }
              #endif
              }
              #endif
 162          /**
 163           * @fn        void sp1kGpioByteFuncSet(UINT8 byteId, UINT8 msk, UINT8 func)
 164           * @brief     set gpio function in byte.
 165           * @param     [in] byteId: byte id, one of sp1kGpioByte_e.
 166           * @param     [in] msk: bitmap mask.
 167           * @param     [in] func: bitmap function, 0: function, 1: gpio.
 168           * @retval    NONE
 169           * @see       NULL
 170           * @author    Matt Wang
 171           * @since     2010-5-17
 172           * @todo      N/A
 173           * @bug       N/A
 174          */
 175          void
 176          sp1kGpioByteFuncSet(
 177                  UINT8 byteId,
C51 COMPILER V8.08   SP1K_GPIO_API                                                         09/19/2022 20:34:20 PAGE 4   

 178                  UINT8 msk,
 179                  UINT8 func
 180          )
 181          {
 182   1              gpioByteFuncSet(byteId, msk, func);
 183   1      }
 184          
 185          
 186          /**
 187           * @fn        void sp1kGpioByteDirSet(UINT8 byteId, UINT8 msk, UINT8 dir)
 188           * @brief     set gpio direction in byte.
 189           * @param     [in] byteId: byte id, one of sp1kGpioByte_e.
 190           * @param     [in] msk: bitmap mask.
 191           * @param     [in] dir: bitmap direction, 0: input, 1: output.
 192           * @retval    NONE
 193           * @see       NULL
 194           * @author    Matt Wang
 195           * @since     2010-5-17
 196           * @todo      N/A
 197           * @bug       N/A
 198          */
 199          void
 200          sp1kGpioByteDirSet(
 201                  UINT8 byteId,
 202                  UINT8 msk,
 203                  UINT8 dir
 204          )
 205          {
 206   1              gpioByteDirSet(byteId, msk, dir);
 207   1      }
 208          
 209          
 210          /**
 211           * @fn        void sp1kGpioByteOutSet(UINT8 byteId, UINT8 msk, UINT8 val)
 212           * @brief     set gpio output in byte.
 213           * @param     [in] byteId: byte id, one of sp1kGpioByte_e.
 214           * @param     [in] msk: bitmap mask.
 215           * @param     [in] val: bitmap output value.
 216           * @retval    NONE
 217           * @see       NULL
 218           * @author    Matt Wang
 219           * @since     2010-5-17
 220           * @todo      N/A
 221           * @bug       N/A
 222          */
 223          void
 224          sp1kGpioByteOutSet(
 225                  UINT8 byteId,
 226                  UINT8 msk,
 227                  UINT8 val
 228          )
 229          {
 230   1              gpioByteOutSet(byteId, msk, val);
 231   1      }
 232          
 233          /**
 234           * @fn        UINT8 sp1kGpioByteInGet(UINT8 byteId, UINT8 msk, UINT8 polarity)
 235           * @brief     get gpio input in byte.
 236           * @param     [in] byteId: byte id, one of sp1kGpioByte_e.
 237           * @param     [in] msk: bitmap mask.
 238           * @param     [in] polarity: 0: low active 1: high active
 239           * @retval    return = SUCCESS / FAIL
C51 COMPILER V8.08   SP1K_GPIO_API                                                         09/19/2022 20:34:20 PAGE 5   

 240           * @see       NULL
 241           * @author    kai.wang
 242           * @since     2010-5-17
 243           * @todo      N/A
 244           * @bug       N/A
 245          */
 246          UINT8
 247          sp1kGpioByteInGet(
 248                  UINT8 byteId,
 249                  UINT8 msk,
 250                  UINT8 polarity
 251          )
 252          {
 253   1              return gpioByteInGet(byteId, msk, polarity);
 254   1      }
 255          
 256          
 257          /**
 258           * @fn        void sp1kPullSelSet(UINT8 byteId, UINT8 msk, UINT8 sel)
 259           * @brief     sp1kPullSelSet
 260           * @param     [in] byteId: byte id, 0~9.
 261           * @param     [in] msk
 262           * @param     [in] sel: bitmap select pull up/down 0:pull down; 1:pull up
 263           * @retval    NONE
 264           *                                        if byteId = 0, bit [0] = fmgpio[0],
 265           *                                   bit [1] = fmgpio[1],
 266           *                                   bit [2] = fmgpio[2],
 267           *                                   bit [3] = fmgpio[3],
 268           *                                   bit [4] = fmgpio[4],
 269           *                                   bit [5] = fmgpio[5],
 270           *                                   bit [6] = fmgpio[6],
 271           *                                   bit [7] = fmgpio[7].
 272           *                                        if byteId = 1, bit [0] = fmgpio[8],
 273           *                                   bit [1] = fmgpio[9],
 274           *                                   bit [2] = fmgpio[10],
 275           *                                   bit [3] = fmgpio[11],
 276           *                                   bit [4] = fmgpio[12],
 277           *                                   bit [5] = fmgpio[13],
 278           *                                   bit [6] = fmgpio[14],
 279           *                                   bit [7] = fmgpio[15].
 280           *                                        if byteId = 2, bit [0] = fmgpio[16],
 281           *                                   bit [1] = fmgpio[17],
 282           *                                   bit [2] = fmgpio[18],
 283           *                                   bit [3] = fmgpio[19],
 284           *                                   bit [4] = ma[14],
 285           *                                   bit [5] = gpio[0],
 286           *                                   bit [6] = gpio[1],
 287           *                                   bit [7] = gpio[2],
 288           *                                        if byteId = 3, bit [0] = gpio[3],
 289           *                                   bit [1] = gpio[4],
 290           *                                   bit [2] = gpio[5],
 291           *                                   bit [3] = gpio[6].
 292           *                                   bit [4] = gpio[7],
 293           *                                   bit [5] = gpio[8],
 294           *                                   bit [6] = gpio[9],
 295           *                                   bit [7] = gpio[10],
 296           *                                        if byteId = 4, bit [0] = gpio[11],
 297           *                                   bit [1] = gpio[12],
 298           *                                   bit [2] = gpio[13],
 299           *                                   bit [3] = gpio[14],
 300           *                                   bit [4] = gpio[15],
 301           *                                   bit [5] = gpio[16],
C51 COMPILER V8.08   SP1K_GPIO_API                                                         09/19/2022 20:34:20 PAGE 6   

 302           *                                   bit [6] = gpio[17],
 303           *                                   bit [7] = gpio[18],
 304           *                                        if byteId = 5, bit [0] = gpio[19],
 305           *                                   bit [1] = gpio[20],
 306           *                                   bit [2] = gpio[21],
 307           *                                   bit [3] = gpio[22].
 308           *                                   bit [4] = gpio[23],
 309           *                                   bit [5] = gpio[24],
 310           *                                   bit [6] = sar3,
 311           *                                   bit [7] = sar4,
 312           *                                        if byteId = 6, bit [0] = digtv[0],
 313           *                                   bit [1] = digtv[1],
 314           *                                   bit [2] = digtv[2],
 315           *                                   bit [3] = digtv[3].
 316           *                                   bit [4] = digtv[4],
 317           *                                   bit [5] = digtv[5],
 318           *                                   bit [6] = digtv[6],
 319           *                                   bit [7] = digtv[7],
 320           *                                        if byteId = 7, bit [0] = digtv[8],
 321           *                                   bit [1] = digtv[9],
 322           *                                   bit [2] = digtv[10],
 323           *                                   bit [3] = digtv[11],
 324           *                                   bit [4] = digtv[12],
 325           *                                   bit [5] = digtv[13],
 326           *                                   bit [6] = digtv[14],
 327           *                                   bit [7] = digtv[15],
 328           *                                        if byteId = 8, bit [0] = digtv[16],
 329           *                                   bit [1] = digtv[17],
 330           *                                   bit [2] = digtv[10],
 331           *                                   bit [3] = digtv[19],
 332           *                                   bit [4] = digtv[20],
 333           *                                   bit [5] = digtv[21],
 334           *                                   bit [6] = digtv[22],
 335           *                                   bit [7] = digtv[23],
 336           *                                        if byteId = 9, bit [0] = digtv[24],
 337           *                                   bit [1] = digtv[25],
 338           *                                   bit [2] = digtv[26],
 339           *                                   bit [3] = digtv[27].
 340           *                                   bit [4] = tggpio[0],
 341           *                                   bit [5] = tggpio[1],
 342           *                                   bit [6] = tggpio[2],
 343           *                                   bit [7] = tggpio[3].
 344           *                                        Others: Not allowed.
 345           * @see       NULL
 346           * @author    kai.wang
 347           * @since     2010-7-2
 348           * @todo      N/A
 349           * @bug       N/A
 350          */
 351          void sp1kPullSelSet(
 352                  UINT8 byteId,
 353                  UINT8 msk,
 354                  UINT8 sel
 355          )
 356          {
 357   1              gpioPullSelSet(byteId, msk, sel);
 358   1      }
 359          
 360          /**
 361           * @fn        UINT8 sp1kpullSelGet(UINT8 byteId, UINT8 msk)
 362           * @brief     get pull up or down
 363           * @param     [in] byteId: byte id, 0~9.
C51 COMPILER V8.08   SP1K_GPIO_API                                                         09/19/2022 20:34:20 PAGE 7   

 364           * @param     [in] msk
 365           * @retval    bitmap pull up/down, 0:pull down; 1:pull up
 366            *                                       if byteId = 0, bit [0] = fmgpio[0],
 367           *                                   bit [1] = fmgpio[1],
 368           *                                   bit [2] = fmgpio[2],
 369           *                                   bit [3] = fmgpio[3],
 370           *                                   bit [4] = fmgpio[4],
 371           *                                   bit [5] = fmgpio[5],
 372           *                                   bit [6] = fmgpio[6],
 373           *                                   bit [7] = fmgpio[7].
 374           *                                        if byteId = 1, bit [0] = fmgpio[8],
 375           *                                   bit [1] = fmgpio[9],
 376           *                                   bit [2] = fmgpio[10],
 377           *                                   bit [3] = fmgpio[11],
 378           *                                   bit [4] = fmgpio[12],
 379           *                                   bit [5] = fmgpio[13],
 380           *                                   bit [6] = fmgpio[14],
 381           *                                   bit [7] = fmgpio[15].
 382           *                                        if byteId = 2, bit [0] = fmgpio[16],
 383           *                                   bit [1] = fmgpio[17],
 384           *                                   bit [2] = fmgpio[18],
 385           *                                   bit [3] = fmgpio[19],
 386           *                                   bit [4] = ma[14],
 387           *                                   bit [5] = gpio[0],
 388           *                                   bit [6] = gpio[1],
 389           *                                   bit [7] = gpio[2],
 390           *                                        if byteId = 3, bit [0] = gpio[3],
 391           *                                   bit [1] = gpio[4],
 392           *                                   bit [2] = gpio[5],
 393           *                                   bit [3] = gpio[6].
 394           *                                   bit [4] = gpio[7],
 395           *                                   bit [5] = gpio[8],
 396           *                                   bit [6] = gpio[9],
 397           *                                   bit [7] = gpio[10],
 398           *                                        if byteId = 4, bit [0] = gpio[11],
 399           *                                   bit [1] = gpio[12],
 400           *                                   bit [2] = gpio[13],
 401           *                                   bit [3] = gpio[14],
 402           *                                   bit [4] = gpio[15],
 403           *                                   bit [5] = gpio[16],
 404           *                                   bit [6] = gpio[17],
 405           *                                   bit [7] = gpio[18],
 406           *                                        if byteId = 5, bit [0] = gpio[19],
 407           *                                   bit [1] = gpio[20],
 408           *                                   bit [2] = gpio[21],
 409           *                                   bit [3] = gpio[22].
 410           *                                   bit [4] = gpio[23],
 411           *                                   bit [5] = gpio[24],
 412           *                                   bit [6] = sar3,
 413           *                                   bit [7] = sar4,
 414           *                                        if byteId = 6, bit [0] = digtv[0],
 415           *                                   bit [1] = digtv[1],
 416           *                                   bit [2] = digtv[2],
 417           *                                   bit [3] = digtv[3].
 418           *                                   bit [4] = digtv[4],
 419           *                                   bit [5] = digtv[5],
 420           *                                   bit [6] = digtv[6],
 421           *                                   bit [7] = digtv[7],
 422           *                                        if byteId = 7, bit [0] = digtv[8],
 423           *                                   bit [1] = digtv[9],
 424           *                                   bit [2] = digtv[10],
 425           *                                   bit [3] = digtv[11],
C51 COMPILER V8.08   SP1K_GPIO_API                                                         09/19/2022 20:34:20 PAGE 8   

 426           *                                   bit [4] = digtv[12],
 427           *                                   bit [5] = digtv[13],
 428           *                                   bit [6] = digtv[14],
 429           *                                   bit [7] = digtv[15],
 430           *                                        if byteId = 8, bit [0] = digtv[16],
 431           *                                   bit [1] = digtv[17],
 432           *                                   bit [2] = digtv[10],
 433           *                                   bit [3] = digtv[19],
 434           *                                   bit [4] = digtv[20],
 435           *                                   bit [5] = digtv[21],
 436           *                                   bit [6] = digtv[22],
 437           *                                   bit [7] = digtv[23],
 438           *                                        if byteId = 9, bit [0] = digtv[24],
 439           *                                   bit [1] = digtv[25],
 440           *                                   bit [2] = digtv[26],
 441           *                                   bit [3] = digtv[27].
 442           *                                   bit [4] = tggpio[0],
 443           *                                   bit [5] = tggpio[1],
 444           *                                   bit [6] = tggpio[2],
 445           *                                   bit [7] = tggpio[3].
 446           *                                        Others: Not allowed.
 447           * @retval    return = SUCCESS / FAIL
 448           * @see       NULL
 449           * @author    kai.wang
 450           * @since     2010-7-2
 451           * @todo      N/A
 452           * @bug       N/A
 453          */
 454          UINT8 sp1kpullSelGet(
 455                  UINT8 byteId,
 456                  UINT8 msk
 457          )
 458          {
 459   1              return gpioPullSelGet(byteId, msk);
 460   1      }
 461          /**
 462           * @fn        void sp1kPullEnSet(UINT8 byteId, UINT8 msk, UINT8 en)
 463           * @brief     set pull high/low enable in byte
 464           * @param     [in] byteId: byte id, 0~12.
 465           * @param     [in] msk: bitmap mask.
 466           * @param     [in] en: bitmap pull high/low, 0: disable, 1: enable.
 467           *                                        if byteId = 0, bit [0] = fmgpio[0],
 468           *                                   bit [1] = fmgpio[1],
 469           *                                   bit [2] = fmgpio[2],
 470           *                                   bit [3] = fmgpio[3],
 471           *                                   bit [4] = fmgpio[4],
 472           *                                   bit [5] = fmgpio[5],
 473           *                                   bit [6] = fmgpio[6],
 474           *                                   bit [7] = fmgpio[7].
 475           *                                        if byteId = 1, bit [0] = fmgpio[8],
 476           *                                   bit [1] = fmgpio[9],
 477           *                                   bit [2] = fmgpio[10],
 478           *                                   bit [3] = fmgpio[11],
 479           *                                   bit [4] = fmgpio[12],
 480           *                                   bit [5] = fmgpio[13],
 481           *                                   bit [6] = fmgpio[14],
 482           *                                   bit [7] = fmgpio[15].
 483           *                                        if byteId = 2, bit [0] = fmgpio[16],
 484           *                                   bit [1] = fmgpio[17],
 485           *                                   bit [2] = fmgpio[18],
 486           *                                   bit [3] = fmgpio[19],
 487           *                                   bit [4] = ma[0],
C51 COMPILER V8.08   SP1K_GPIO_API                                                         09/19/2022 20:34:20 PAGE 9   

 488           *                                   bit [5] = ma[1],
 489           *                                   bit [6] = ma[2],
 490           *                                   bit [7] = ma[3].
 491           *                                        if byteId = 3, bit [0] = ma[4],
 492           *                                   bit [1] = ma[5],
 493           *                                   bit [2] = ma[6],
 494           *                                   bit [3] = ma[7],
 495           *                                   bit [4] = ma[8],
 496           *                                   bit [5] = ma[9],
 497           *                                   bit [6] = ma[10],
 498           *                                   bit [7] = ma[11].
 499           *                                        if byteId = 4, bit [0] = ma[14],
 500           *                                   bit [1] = gpio[0],
 501           *                                   bit [2] = gpio[1],
 502           *                                   bit [3] = gpio[2],
 503           *                                   bit [4] = gpio[3],
 504           *                                   bit [5] = gpio[4],
 505           *                                   bit [6] = gpio[5],
 506           *                                   bit [7] = gpio[6].
 507           *                                        if byteId = 5, bit [0] = gpio[7],
 508           *                                   bit [1] = gpio[8],
 509           *                                   bit [2] = gpio[9],
 510           *                                   bit [3] = gpio[10],
 511           *                                   bit [4] = gpio[11],
 512           *                                   bit [5] = gpio[12],
 513           *                                   bit [6] = gpio[13],
 514           *                                   bit [7] = gpio[14].
 515           *                                        if byteId = 6, bit [0] = gpio[15],
 516           *                                   bit [1] = gpio[16],
 517           *                                   bit [2] = gpio[17],
 518           *                                   bit [3] = gpio[18],
 519           *                                   bit [4] = gpio[19],
 520           *                                   bit [5] = gpio[20],
 521           *                                   bit [6] = gpio[21],
 522           *                                   bit [7] = gpio[22].
 523           *                                        if byteId = 7, bit [0] = gpio[23],
 524           *                                   bit [1] = gpio[24],
 525           *                                   bit [2] = sar3,
 526           *                                   bit [3] = sar4,
 527           *                                   bit [4] = digtv[0],
 528           *                                   bit [5] = digtv[1],
 529           *                                   bit [6] = digtv[2],
 530           *                                   bit [7] = digtv[3].
 531           *                                        if byteId = 8, bit [0] = digtv[4],
 532           *                                   bit [1] = digtv[5],
 533           *                                   bit [2] = digtv[6],
 534           *                                   bit [3] = digtv[7],
 535           *                                   bit [4] = digtv[8],
 536           *                                   bit [5] = digtv[9],
 537           *                                   bit [6] = digtv[10],
 538           *                                   bit [7] = digtv[11],
 539           *                                        if byteId = 9, bit [0] = digtv[12],
 540           *                                   bit [1] = digtv[13],
 541           *                                   bit [2] = digtv[14],
 542           *                                   bit [3] = digtv[15],
 543           *                                   bit [4] = digtv[16],
 544           *                                   bit [5] = digtv[17],
 545           *                                   bit [6] = digtv[10],
 546           *                                   bit [7] = digtv[19],
 547           *                                        if byteId = 10, bit [0] = digtv[20],
 548           *                                   bit [1] = digtv[21],
 549           *                                   bit [2] = digtv[22],
C51 COMPILER V8.08   SP1K_GPIO_API                                                         09/19/2022 20:34:20 PAGE 10  

 550           *                                   bit [3] = digtv[23],
 551           *                                   bit [4] = digtv[24],
 552           *                                   bit [5] = digtv[25],
 553           *                                   bit [6] = digtv[26],
 554           *                                   bit [7] = digtv[27].
 555           *                                        if byteId = 11, bit [0] = rgb[0],
 556           *                                   bit [1] = rgb[1],
 557           *                                   bit [2] = rgb[2],
 558           *                                   bit [3] = rgb[3],
 559           *                                   bit [4] = rgb[4],
 560           *                                   bit [5] = rgb[5],
 561           *                                   bit [6] = rgb[6],
 562           *                                   bit [7] = rgb[7].
 563           *                                        if byteId = 12, bit [0] = rgb[8],
 564           *                                   bit [1] = rgb[9],
 565           *                                   bit [2] = tggpio[0],
 566           *                                   bit [3] = tggpio[1],
 567           *                                   bit [4] = tggpio[2],
 568           *                                   bit [5] = tggpio[3],
 569           *                                   bit [6] = tggpio[4],
 570           *                                   bit [7] = tggpio[5].
 571           *                                        Others: Not allowed.
 572           * @retval    NONE
 573           * @see       NULL
 574           * @author    kai.wang
 575           * @since     2010-5-17
 576           * @todo      N/A
 577           * @bug       N/A
 578          */
 579          void
 580          sp1kPullEnSet(
 581                  UINT8 byteId,
 582                  UINT8 msk,
 583                  UINT8 en
 584          )
 585          {
 586   1              gpioPullEnSet(byteId, msk, en);
 587   1      }
 588          
 589          
 590          /**
 591           * @fn        UINT8 sp1kPullEnGet(UINT8 byteId, UINT8 msk)
 592           * @brief     get pull high/low enable in byte.
 593           * @param     [in] byteId: byte id, 0~9.
 594           * @param     [in] msk: bitmap mask.
 595           * @retval    bitmap pull up/down, 0:pull down; 1:pull up
 596           *                                        if byteId = 0, bit [0] = fmgpio[0],
 597           *                                   bit [1] = fmgpio[1],
 598           *                                   bit [2] = fmgpio[2],
 599           *                                   bit [3] = fmgpio[3],
 600           *                                   bit [4] = fmgpio[4],
 601           *                                   bit [5] = fmgpio[5],
 602           *                                   bit [6] = fmgpio[6],
 603           *                                   bit [7] = fmgpio[7].
 604           *                                        if byteId = 1, bit [0] = fmgpio[8],
 605           *                                   bit [1] = fmgpio[9],
 606           *                                   bit [2] = fmgpio[10],
 607           *                                   bit [3] = fmgpio[11],
 608           *                                   bit [4] = fmgpio[12],
 609           *                                   bit [5] = fmgpio[13],
 610           *                                   bit [6] = fmgpio[14],
 611           *                                   bit [7] = fmgpio[15].
C51 COMPILER V8.08   SP1K_GPIO_API                                                         09/19/2022 20:34:20 PAGE 11  

 612           *                                        if byteId = 2, bit [0] = fmgpio[16],
 613           *                                   bit [1] = fmgpio[17],
 614           *                                   bit [2] = fmgpio[18],
 615           *                                   bit [3] = fmgpio[19],
 616           *                                   bit [4] = ma[14],
 617           *                                   bit [5] = gpio[0],
 618           *                                   bit [6] = gpio[1],
 619           *                                   bit [7] = gpio[2],
 620           *                                        if byteId = 3, bit [0] = gpio[3],
 621           *                                   bit [1] = gpio[4],
 622           *                                   bit [2] = gpio[5],
 623           *                                   bit [3] = gpio[6].
 624           *                                   bit [4] = gpio[7],
 625           *                                   bit [5] = gpio[8],
 626           *                                   bit [6] = gpio[9],
 627           *                                   bit [7] = gpio[10],
 628           *                                        if byteId = 4, bit [0] = gpio[11],
 629           *                                   bit [1] = gpio[12],
 630           *                                   bit [2] = gpio[13],
 631           *                                   bit [3] = gpio[14],
 632           *                                   bit [4] = gpio[15],
 633           *                                   bit [5] = gpio[16],
 634           *                                   bit [6] = gpio[17],
 635           *                                   bit [7] = gpio[18],
 636           *                                        if byteId = 5, bit [0] = gpio[19],
 637           *                                   bit [1] = gpio[20],
 638           *                                   bit [2] = gpio[21],
 639           *                                   bit [3] = gpio[22].
 640           *                                   bit [4] = gpio[23],
 641           *                                   bit [5] = gpio[24],
 642           *                                   bit [6] = sar3,
 643           *                                   bit [7] = sar4,
 644           *                                        if byteId = 6, bit [0] = digtv[0],
 645           *                                   bit [1] = digtv[1],
 646           *                                   bit [2] = digtv[2],
 647           *                                   bit [3] = digtv[3].
 648           *                                   bit [4] = digtv[4],
 649           *                                   bit [5] = digtv[5],
 650           *                                   bit [6] = digtv[6],
 651           *                                   bit [7] = digtv[7],
 652           *                                        if byteId = 7, bit [0] = digtv[8],
 653           *                                   bit [1] = digtv[9],
 654           *                                   bit [2] = digtv[10],
 655           *                                   bit [3] = digtv[11],
 656           *                                   bit [4] = digtv[12],
 657           *                                   bit [5] = digtv[13],
 658           *                                   bit [6] = digtv[14],
 659           *                                   bit [7] = digtv[15],
 660           *                                        if byteId = 8, bit [0] = digtv[16],
 661           *                                   bit [1] = digtv[17],
 662           *                                   bit [2] = digtv[10],
 663           *                                   bit [3] = digtv[19],
 664           *                                   bit [4] = digtv[20],
 665           *                                   bit [5] = digtv[21],
 666           *                                   bit [6] = digtv[22],
 667           *                                   bit [7] = digtv[23],
 668           *                                        if byteId = 9, bit [0] = digtv[24],
 669           *                                   bit [1] = digtv[25],
 670           *                                   bit [2] = digtv[26],
 671           *                                   bit [3] = digtv[27].
 672           *                                   bit [4] = tggpio[0],
 673           *                                   bit [5] = tggpio[1],
C51 COMPILER V8.08   SP1K_GPIO_API                                                         09/19/2022 20:34:20 PAGE 12  

 674           *                                   bit [6] = tggpio[2],
 675           *                                   bit [7] = tggpio[3].
 676           *                                        Others: Not allowed.
 677           * @see       NULL
 678           * @author    kai.wang
 679           * @since     2010-5-17
 680           * @todo      N/A
 681           * @bug       N/A
 682          */
 683          UINT8
 684          sp1kPullEnGet(
 685                  UINT8 byteId,
 686                  UINT8 msk
 687          )
 688          {
 689   1              return gpioPullEnGet(byteId, msk);
 690   1      }
 691          
 692          
 693          //-----------------------------------------------------------------------------
 694          //sp1kSD_CdCfg
 695          //-----------------------------------------------------------------------------
 696          /**
 697           * @fn        void sp1kSD_CdCfg(void)
 698           * @brief     SD card  detect  configure
 699           * @param     NONE
 700           * @retval    NONE
 701           * @see       NULL
 702           * @author    kai.wang
 703           * @since     2010-5-18
 704           * @todo      N/A
 705           * @bug       N/A
 706          */
 707          void sp1kSD_CdCfg(void)
 708          {
 709   1              //fmgpio4
 710   1              gpioDrivingSet(1, 0x01, 3);
 711   1              //fmgpio5
 712   1              gpioDrivingSet(1, 0x02, 3);
 713   1              //fmgpio6
 714   1              gpioDrivingSet(1, 0x04, 3);
 715   1              //fmgpio7
 716   1              gpioDrivingSet(1, 0x08, 3);
 717   1              //fmgpio8
 718   1              gpioDrivingSet(2, 0x01, 3);
 719   1              //fmgpio9
 720   1              gpioDrivingSet(2, 0x02, 3);
 721   1              
 722   1              #if USE_PKG_DEDICATE_PIN
 723   1              if((pkgChipIdGet() == 0x1627)||(pkgChipIdGet() == 0x1626))
 724   1              {
 725   2                      G_Detect_PinGrp = 0xff;//gpioByteIdSdCd;
 726   2                      G_Detect_PinMux = 0xff;//gpioBitMskSdCd;
 727   2                      if(HAL_GlobalICVerGet() == 0x01)
 728   2                      {
 729   3                              XBYTE[REG_Disp_Rsv0] |= 0x04;//dgpio use as card detect pin, enable HW DGPIO detect
 730   3                      }
 731   2                      else
 732   2                      {
 733   3                              XBYTE[REG_Disp_VsVdIntEn] |= 0x02;//dgpio use as card detect pin, enable INTR DGPIO detect
 734   3                      }
 735   2              }
C51 COMPILER V8.08   SP1K_GPIO_API                                                         09/19/2022 20:34:20 PAGE 13  

 736   1              else
 737   1              {
 738   2                      gpioByteFuncSet(GPIO_BYTE_GEN0, (1 << (1 & 0x07)), (1 << (1 & 0x07)));
 739   2                      gpioByteDirSet(GPIO_BYTE_GEN0, (1 << (1 & 0x07)), (1 << (0 & 0x07)));
 740   2                      pkgDedicateGpioCfg(PKG_DEDICATE_PIN_SD_CD, &gpioByteIdSdCd, &gpioBitMskSdCd, &gpioPolaritySdCd,0);
 741   2                      // gpioPullEnSet(4, 0x04, 0x04);  // gpio[1] pull high
 742   2                      
 743   2                      G_Detect_PinGrp = gpioByteIdSdCd;
 744   2                      G_Detect_PinMux = gpioBitMskSdCd;
 745   2              }
 746   1              #endif
 747   1      }
 748          
 749          //-----------------------------------------------------------------------------
 750          //sp1kSD_CdGet
 751          //-----------------------------------------------------------------------------
 752          /**
 753           * @fn        UINT8 sp1kSD_CdGet(void)
 754           * @brief     SD card  detect value get
 755           * @param     NONE
 756           * @retval    current detect value
 757           * @see       NULL
 758           * @author    kai.wang
 759           * @since     2010-5-18
 760           * @todo      N/A
 761           * @bug       N/A
 762          */
 763          #pragma disable
 764          UINT8 sp1kSD_CdGet(void)
 765          {
 766   1              #if USE_PKG_DEDICATE_PIN
 767   1              UINT8 val=0;
 768   1              
 769   1              if((pkgChipIdGet() == 0x1627) || pkgChipIdGet()== 0x1626)
 770   1              {
 771   2                      if(HAL_GlobalICVerGet() == 0x01)
 772   2                      {
 773   3                              val = XBYTE[REG_Disp_Rsv3]&0x01;
 774   3                      }
 775   2                      else
 776   2                      {
 777   3                              val = G_DgpioValue&0x01;
 778   3                      }
 779   2              }
 780   1              else
 781   1              {
 782   2                      val = HAL_GpioByteInGet(gpioByteIdSdCd, gpioBitMskSdCd, gpioPolaritySdCd);
 783   2              }
 784   1              
 785   1              return  val;
 786   1              #endif
 787   1      }
 788          
 789          //#ifndef _DBG_CLR_WARNING_
 790          //-----------------------------------------------------------------------------
 791          //sp1kST_TrigCfg
 792          //-----------------------------------------------------------------------------
 793          /**
 794           * @fn        void sp1kSTChgEnCfg(void)
 795           * @brief     ST Charge Enable configure
 796           * @param     NONE
 797           * @retval    NONE
C51 COMPILER V8.08   SP1K_GPIO_API                                                         09/19/2022 20:34:20 PAGE 14  

 798           * @see       NULL
 799           * @author    kai.wang
 800           * @since     2010-5-18
 801           * @todo      N/A
 802           * @bug       N/A
 803          */
 804          void sp1kSTChgEnCfg(void)
 805          {
 806   1              #if USE_PKG_DEDICATE_PIN
 807   1              pkgDedicateGpioCfg(PKG_DEDICATE_PIN_ST_CHG_EN, &gpioByteIdStChgEn, &gpioBitMskStChgEn, &gpioPolarityStChg
             -En,1);
 808   1      
 809   1              #endif
 810   1      }
 811          
 812          //-----------------------------------------------------------------------------
 813          //sp1kST_TrigSet
 814          //-----------------------------------------------------------------------------
 815          
 816          /**
 817           * @fn        void sp1kSTChgEnSet(UINT8 value)
 818           * @brief     ST Charge Enable set
 819           * @param     [in] value: set value
 820           * @retval    NONE
 821           * @see       NULL
 822           * @author    kai.wang
 823           * @since     2010-5-18
 824           * @todo      N/A
 825           * @bug       N/A
 826          */
 827          void sp1kSTChgEnSet(UINT8 value)
 828          {
 829   1              #if USE_PKG_DEDICATE_PIN
 830   1              gpioByteOutSet(gpioByteIdStChgEn, gpioBitMskStChgEn, value?0xFF:0x00);
 831   1      
 832   1              #endif
 833   1      }
 834          
 835          
 836          /**
 837           * @fn        void sp1kST_TrigCfg(void)
 838           * @brief     ST trig configure
 839           * @param     NONE
 840           * @retval    NONE
 841           * @see       NULL
 842           * @author    kai.wang
 843           * @since     2010-5-18
 844           * @todo      N/A
 845           * @bug       N/A
 846          */
 847          void sp1kST_TrigCfg(void)
 848          {
 849   1              #if USE_PKG_DEDICATE_PIN
 850   1              pkgDedicateGpioCfg(PKG_DEDICATE_PIN_ST_TRIG, &gpioByteIdStTrig, &gpioBitMskStTrig, &gpioPolarityStTrig, 1
             -);
 851   1      
 852   1              #endif
 853   1      }
 854          
 855          //-----------------------------------------------------------------------------
 856          //sp1kST_TrigSet
 857          //-----------------------------------------------------------------------------
C51 COMPILER V8.08   SP1K_GPIO_API                                                         09/19/2022 20:34:20 PAGE 15  

 858          /**
 859           * @fn        void sp1kST_TrigSet(UINT8 value)
 860           * @brief     ST trig Set
 861           * @param     [in] value: set value
 862           * @retval    NONE
 863           * @see       NULL
 864           * @author    kai.wang
 865           * @since     2010-5-18
 866           * @todo      N/A
 867           * @bug       N/A
 868          */
 869          void sp1kST_TrigSet(UINT8 value)
 870          {
 871   1              #if USE_PKG_DEDICATE_PIN
 872   1              gpioByteOutSet(gpioByteIdStTrig, gpioBitMskStTrig, value?0xFF:0x00);
 873   1      
 874   1              #endif
 875   1      }
 876          
 877          //-----------------------------------------------------------------------------
 878          //sp1kSTChgRdyCfg
 879          //-----------------------------------------------------------------------------
 880          /**
 881           * @brief               ST CHG ready configure
 882           * @param       NONE
 883           * @retval      NONE
 884           * @see
 885           * @author      sun yong
 886           * @since               2008-03-01
 887           * @todo                Something need to be done.
 888           * @bug         NONE.
 889          */
 890          void sp1kSTChgRdyCfg(void)
 891          {
 892   1              #if USE_PKG_DEDICATE_PIN
 893   1              pkgDedicateGpioCfg(PKG_DEDICATE_PIN_ST_CHG_RDY, &gpioByteIdStChgRdy, &gpioBitMskStChgRdy, &gpioPolaritySt
             -ChgRdy,0);
 894   1      
 895   1              #endif
 896   1      }
 897          
 898          //-----------------------------------------------------------------------------
 899          //sp1kSTChgRdyGet
 900          //-----------------------------------------------------------------------------
 901          /**
 902           * @brief               ST CHG ready value get
 903           * @param       NONE
 904           * @retval      value: current ST CHG ready Get
 905           * @see
 906           * @author      sun yong
 907           * @since               2008-03-01
 908           * @todo                Something need to be done.
 909           * @bug         NONE.
 910          */
 911          UINT8 sp1kSTChgRdyGet(void)
 912          {
 913   1              #if USE_PKG_DEDICATE_PIN
 914   1                      return gpioByteInGet(gpioByteIdStChgRdy, gpioBitMskStChgRdy, gpioPolarityStChgRdy);
 915   1              #endif
 916   1      }
 917          
 918          //-----------------------------------------------------------------------------
C51 COMPILER V8.08   SP1K_GPIO_API                                                         09/19/2022 20:34:20 PAGE 16  

 919          //sp1kFrexCfg                                                                                                                                             //Jim@0903 - for M_SHT
 920          //-----------------------------------------------------------------------------
 921          /**
 922           * @brief               Frex configure
 923           * @param       NONE
 924           * @retval      NONE
 925           * @see
 926           * @author      Jima
 927           * @since               2008-09-03
 928           * @todo                Something need to be done.
 929           * @bug         NONE.
 930          */
 931          void sp1kFrexCfg(void)          //Jim@0903 - for M_SHT
 932          {
 933   1              #if USE_PKG_DEDICATE_PIN
 934   1              pkgDedicateGpioCfg(PKG_DEDICATE_PIN_FREX, &gpioByteIdFrex, &gpioBitMskFrex, &gpioPolarityFrex, 1);
 935   1      
 936   1              #endif
 937   1      }
 938          
 939          //-----------------------------------------------------------------------------
 940          //sp1kFrexSet
 941          //-----------------------------------------------------------------------------
 942          /**
 943           * @brief               Frex Set
 944           * @param       value : set value
 945           * @retval      NONE
 946           * @see
 947           * @author      Jima
 948           * @since               2008-09-03
 949           * @todo                Something need to be done.
 950           * @bug         NONE.
 951          */
 952          void sp1kFrexSet(UINT8 value)           //Jim@0903 - for M_SHT
 953          {
 954   1              #if USE_PKG_DEDICATE_PIN
 955   1              gpioByteOutSet(gpioByteIdFrex, gpioBitMskFrex, value?0xFF:0x00);
 956   1      
 957   1              #endif
 958   1      }
 959          
 960          void
 961          sp1kFrexSet_Intr(
 962                  UINT8 *value
 963          )
 964          {
 965   1              #if USE_PKG_DEDICATE_PIN
 966   1              gpioByteOutSet(gpioByteIdFrex, gpioBitMskFrex, *value?0xFF:0x00);
 967   1              #endif
 968   1      }
 969          
 970          //-----------------------------------------------------------------------------
 971          //sp1kExpstbCfg
 972          //-----------------------------------------------------------------------------
 973          /**
 974           * @brief               Expstb configure
 975           * @param       NONE
 976           * @retval      NONE
 977           * @see
 978           * @author      Jima
 979           * @since               2008-09-03
 980           * @todo                Something need to be done.
C51 COMPILER V8.08   SP1K_GPIO_API                                                         09/19/2022 20:34:20 PAGE 17  

 981           * @bug         NONE.
 982          */
 983          void sp1kExpstbCfg(void)                //Jim@0903 - for M_SHT
 984          {
 985   1              #if USE_PKG_DEDICATE_PIN
 986   1              pkgDedicateGpioCfg(PKG_DEDICATE_PIN_EXP_STB, &gpioByteIdExpStb, &gpioBitMskExpStb, &gpioPolarityExpStb, 1
             -);
 987   1      
 988   1              #endif
 989   1      }
 990          
 991          //-----------------------------------------------------------------------------
 992          //sp1kExpstbSet
 993          //-----------------------------------------------------------------------------
 994          /**
 995           * @brief               Expstb Set
 996           * @param       value : set value
 997           * @retval      NONE
 998           * @see
 999           * @author      Jima
1000           * @since               2008-09-03
1001           * @todo                Something need to be done.
1002           * @bug         NONE.
1003          */
1004          void sp1kExpstbSet(UINT8 value)         //Jim@0903 - for M_SHT
1005          {
1006   1              #if USE_PKG_DEDICATE_PIN
1007   1              gpioByteOutSet(gpioByteIdExpStb, gpioBitMskExpStb, value?0xFF:0x00);
1008   1      
1009   1              #endif
1010   1      }
1011          
1012          //-----------------------------------------------------------------------------
1013          //sp1kSHT_ACfg
1014          //-----------------------------------------------------------------------------
1015          /**
1016           * @brief               SHT_A configure
1017           * @param       NONE
1018           * @retval      NONE
1019           * @see
1020           * @author      Jima
1021           * @since               2008-09-03
1022           * @todo                Something need to be done.
1023           * @bug         NONE.
1024          */
1025          void sp1kSHT_ACfg(void)         //Jim@0903 - for M_SHT
1026          {
1027   1              #if USE_PKG_DEDICATE_PIN
1028   1              pkgDedicateGpioCfg(PKG_DEDICATE_PIN_MSH_EN, &gpioByteIdMshEn, &gpioBitMskMshEn, &gpioPolarityMshEn, 1);
1029   1      
1030   1              #endif
1031   1      }
1032          
1033          //-----------------------------------------------------------------------------
1034          //sp1kSHT_ASet
1035          //-----------------------------------------------------------------------------
1036          /**
1037           * @brief               SHT_A Set
1038           * @param       value : set value
1039           * @retval      NONE
1040           * @see
1041           * @author      Jima
C51 COMPILER V8.08   SP1K_GPIO_API                                                         09/19/2022 20:34:20 PAGE 18  

1042           * @since               2008-09-03
1043           * @todo                Something need to be done.
1044           * @bug         NONE.
1045          */
1046          void sp1kSHT_ASet(UINT8 value)          //Jim@0903 - for M_SHT
1047          {
1048   1              #if USE_PKG_DEDICATE_PIN
1049   1              gpioByteOutSet(gpioByteIdMshEn, gpioBitMskMshEn, value?0xFF:0x00);
1050   1      
1051   1              #endif
1052   1      }
1053          
1054          //-----------------------------------------------------------------------------
1055          //sp1kSHT_BCfg
1056          //-----------------------------------------------------------------------------
1057          /**
1058           * @brief               SHT_B configure
1059           * @param       NONE
1060           * @retval      NONE
1061           * @see
1062           * @author      Jima
1063           * @since               2008-09-03
1064           * @todo                Something need to be done.
1065           * @bug         NONE.
1066          */
1067          void sp1kSHT_BCfg(void)         //Jim@0903 - for M_SHT
1068          {
1069   1              #if USE_PKG_DEDICATE_PIN
1070   1              pkgDedicateGpioCfg(PKG_DEDICATE_PIN_MSH_DIR, &gpioByteIdMshDir, &gpioBitMskMshDir, &gpioPolarityMshDir, 1
             -);
1071   1      
1072   1              #endif
1073   1      }
1074          
1075          //-----------------------------------------------------------------------------
1076          //sp1kSHT_BSet
1077          //-----------------------------------------------------------------------------
1078          /**
1079           * @brief               SHT_B Set
1080           * @param       value : set value
1081           * @retval      NONE
1082           * @see
1083           * @author      Jima
1084           * @since               2008-09-03
1085           * @todo                Something need to be done.
1086           * @bug         NONE.
1087          */
1088          void sp1kSHT_BSet(UINT8 value)          //Jim@0903 - for M_SHT
1089          {
1090   1              #if USE_PKG_DEDICATE_PIN
1091   1              gpioByteOutSet(gpioByteIdMshDir, gpioBitMskMshDir, value?0xFF:0x00);
1092   1      
1093   1              #endif
1094   1      }
1095          
1096          //#endif /*_DBG_CLR_WARNING_*/
1097          
1098          //-----------------------------------------------------------------------------
1099          //sp1kPWR_HoldCfg
1100          //-----------------------------------------------------------------------------
1101          /**
1102           * @brief               power hold gpio configure
C51 COMPILER V8.08   SP1K_GPIO_API                                                         09/19/2022 20:34:20 PAGE 19  

1103           * @param       NONE
1104           * @retval      NONE
1105           * @see
1106           * @author      sun yong
1107           * @since               2008-03-01
1108           * @todo                Something need to be done.
1109           * @bug         NONE.
1110          */
1111          void sp1kPWR_HoldCfg(void)
1112          {
1113   1              #if USE_PKG_DEDICATE_PIN
1114   1              pkgDedicateGpioCfg(PKG_DEDICATE_PIN_PWR_HOLD, &gpioByteIdPwrHold, &gpioBitMskPwrHold, &gpioPolarityPwrHol
             -d, 1);
1115   1      
1116   1              #endif
1117   1      }
1118          
1119          //-----------------------------------------------------------------------------
1120          //sp1kPWR_HoldSet
1121          //-----------------------------------------------------------------------------
1122          /**
1123           * @brief               power hold gpio Set
1124           * @param       value : set value
1125           * @retval      NONE
1126           * @see
1127           * @author      sun yong
1128           * @since               2008-03-01
1129           * @todo                Something need to be done.
1130           * @bug         NONE.
1131          */
1132          void sp1kPWR_HoldSet(UINT8 value)
1133          {
1134   1              #if USE_PKG_DEDICATE_PIN
1135   1              gpioByteOutSet(gpioByteIdPwrHold, gpioBitMskPwrHold, value?0xFF:0x00);
1136   1      
1137   1              #endif
1138   1      }
1139          
1140          #ifndef _DBG_CLR_WARNING_
              //-----------------------------------------------------------------------------
              //sp1kPWR_KeyCfg
              //-----------------------------------------------------------------------------
              /**
               * @brief               power key gpio configure
               * @param       NONE
               * @retval      NONE
               * @see
               * @author      sun yong
               * @since               2008-03-01
               * @todo                Something need to be done.
               * @bug         NONE.
              */
              void sp1kPWR_KeyCfg(UINT8 gpio)
              {
                      PWR_KEY_GPIO = gpio;
                      HAL_ConfigGPIOBit(PWR_KEY_GPIO, input);
              
                      return;
              }
              
              //-----------------------------------------------------------------------------
              //sp1kPWR_KeyGet
C51 COMPILER V8.08   SP1K_GPIO_API                                                         09/19/2022 20:34:20 PAGE 20  

              //-----------------------------------------------------------------------------
              /**
               * @brief               power key value get
               * @param       NONE
               * @retval      value : power key value get
               * @see
               * @author      sun yong
               * @since               2008-03-01
               * @todo                Something need to be done.
               * @bug         NONE.
              */
              UINT8 sp1kPWR_KeyGet(void)
              {
                      UINT8 value;
              
                      HAL_GetGPIOBit(PWR_KEY_GPIO, &value);
              
                      return value;
              }
              #endif /*_DBG_CLR_WARNING_*/
1184          
1185          //-----------------------------------------------------------------------------
1186          //sp1kSpeaker_ENCfg
1187          //-----------------------------------------------------------------------------
1188          /**
1189           * @brief               speeker enable configure
1190           * @param       NONE
1191           * @retval      NONE
1192           * @see
1193           * @author      sun yong
1194           * @since               2008-03-01
1195           * @todo                Something need to be done.
1196           * @bug         NONE.
1197          
1198          void sp1kSpeaker_ENCfg(void)
1199          {
1200                  #if USE_PKG_DEDICATE_PIN
1201                  pkgDedicateGpioCfg(PKG_DEDICATE_PIN_SPK_EN, &gpioByteIdSpkEn, &gpioBitMskSpkEn, 1);
1202          
1203                  #endif
1204          }
1205          */
1206          
1207          //-----------------------------------------------------------------------------
1208          //sp1kSpeaker_ENGet
1209          //-----------------------------------------------------------------------------
1210          /**
1211           * @brief               speeker enable get
1212           * @param       NONE
1213           * @retval      value : speeker enable get
1214           * @see
1215           * @author      sun yong
1216           * @since               2008-03-01
1217           * @todo                Something need to be done.
1218           * @bug         NONE.
1219          */
1220          //UINT8 sp1kSpeaker_ENSet(UINT8 value)
1221          //{
1222          /*      #if USE_PKG_DEDICATE_PIN
1223                  #if TAG_TODO
1224                  if(appPanelTypeGet()) {
1225                          gpioByteOutSet(gpioByteIdSpkEn, gpioBitMskSpkEn, value?0xFF:0x00);
C51 COMPILER V8.08   SP1K_GPIO_API                                                         09/19/2022 20:34:20 PAGE 21  

1226                  }
1227                  else
1228                  #endif
1229                  {
1230                          gpioByteOutSet(gpioByteIdSpkEn, gpioBitMskSpkEn, value?0xFF:0x00);
1231                  }
1232          
1233                  #endif
1234          */
1235          //      return SUCCESS;
1236          //}
1237          
1238          
1239          //-----------------------------------------------------------------------------
1240          //sp1kLED_SelfCfg
1241          //-----------------------------------------------------------------------------
1242          /**
1243           * @brief               self snap LED configure
1244           * @param       NONE
1245           * @retval      NONE
1246           * @see
1247           * @author      sun yong
1248           * @since               2008-03-01
1249           * @todo                Something need to be done.
1250           * @bug         NONE.
1251          */
1252          void sp1kLED_SelfCfg(void)
1253          {
1254   1              #if USE_PKG_DEDICATE_PIN
1255   1              pkgDedicateGpioCfg(PKG_DEDICATE_PIN_LED_SELF, &gpioByteIdLedSelf, &gpioBitMskLedSelf, &gpioPolarityLedSel
             -f, 1);
1256   1              return;
1257   1              #endif
1258   1      }
1259          
1260          //-----------------------------------------------------------------------------
1261          //sp1kLED_SelfSet
1262          //-----------------------------------------------------------------------------
1263          /**
1264           * @brief               self snap LED Set
1265           * @param       value : set value
1266           * @retval      NONE
1267           * @see
1268           * @author      sun yong
1269           * @since               2008-03-01
1270           * @todo                Something need to be done.
1271           * @bug         NONE.
1272          */
1273          void sp1kLED_SelfSet(UINT8 value)
1274          {
1275   1              #if USE_PKG_DEDICATE_PIN
1276   1              gpioByteOutSet(gpioByteIdLedSelf, gpioBitMskLedSelf, value?0xFF:0x00);
1277   1      
1278   1              #endif
1279   1      }
1280          
1281          //-----------------------------------------------------------------------------
1282          //sp1kLED_BusyCfg
1283          //-----------------------------------------------------------------------------
1284          /**
1285           * @brief               camera busy led configure
1286           * @param       NONE
C51 COMPILER V8.08   SP1K_GPIO_API                                                         09/19/2022 20:34:20 PAGE 22  

1287           * @retval      NONE
1288           * @see
1289           * @author      sun yong
1290           * @since               2008-03-01
1291           * @todo                Something need to be done.
1292           * @bug         NONE.
1293          */
1294          void sp1kLED_BusyCfg(void)
1295          {
1296   1              #if USE_PKG_DEDICATE_PIN
1297   1              pkgDedicateGpioCfg(PKG_DEDICATE_PIN_LED_BUSY, &gpioByteIdLedBusy, &gpioBitMskLedBusy, &gpioPolarityLedBus
             -y, 1);
1298   1              #endif
1299   1      }
1300          
1301          //-----------------------------------------------------------------------------
1302          //sp1kLED_BusySet
1303          //-----------------------------------------------------------------------------
1304          /**
1305           * @brief               camera busy led set
1306           * @param       value : set value
1307           * @retval      NONE
1308           * @see
1309           * @author      sun yong
1310           * @since               2008-03-01
1311           * @todo                Something need to be done.
1312           * @bug         NONE.
1313          */
1314          void sp1kLED_BusySet(UINT8 value)
1315          {
1316   1              #if USE_PKG_DEDICATE_PIN
1317   1              gpioByteOutSet(gpioByteIdLedBusy, gpioBitMskLedBusy, value?0xFF:0x00);
1318   1              #endif
1319   1      }
1320          
1321          //#ifndef _DBG_CLR_WARNING_
1322          //-----------------------------------------------------------------------------
1323          //sp1kLCD_SenCfg
1324          //-----------------------------------------------------------------------------
1325          /**
1326           * @brief               LCD SEN configure
1327           * @param       NONE
1328           * @retval      NONE
1329           * @see
1330           * @author      sun yong
1331           * @since               2008-03-01
1332           * @todo                Something need to be done.
1333           * @bug         NONE.
1334          */
1335          void sp1kLCD_SenCfg(void)
1336          {
1337   1              #if USE_PKG_DEDICATE_PIN
1338   1              pkgDedicateGpioCfg(PKG_DEDICATE_PIN_LCD_SEN, &gpioByteIdLcdSen, &gpioBitMskLcdSen, &gpioPolarityLcdSen, 1
             -);
1339   1              #endif
1340   1      }
1341          
1342          //-----------------------------------------------------------------------------
1343          //sp1kLCD_SenSet
1344          //-----------------------------------------------------------------------------
1345          /**
1346           * @brief               LCD SEN Set
C51 COMPILER V8.08   SP1K_GPIO_API                                                         09/19/2022 20:34:20 PAGE 23  

1347           * @param       value : set value
1348           * @retval      NONE
1349           * @see
1350           * @author      sun yong
1351           * @since               2008-03-01
1352           * @todo                Something need to be done.
1353           * @bug         NONE.
1354          */
1355          void sp1kLCD_SenSet(UINT8 value)
1356          {
1357   1              #if USE_PKG_DEDICATE_PIN
1358   1              gpioByteOutSet(gpioByteIdLcdSen, gpioBitMskLcdSen, value?0xFF:0x00);
1359   1              #endif
1360   1      }
1361          //#endif /*_DBG_CLR_WARNING_*/
1362          
1363          
1364          //-----------------------------------------------------------------------------
1365          //sp1kHDMI_PlugCfg
1366          //-----------------------------------------------------------------------------
1367          /**
1368           * @brief               sp1k Turnkey HDMI plug detect configure
1369           * @param       NONE
1370           * @retval      NONE
1371           * @see
1372           * @author      sun yong
1373           * @since               2008-03-01
1374           * @todo                Something need to be done.
1375           * @bug         NONE.
1376          */
1377          void sp1kHDMI_PlugCfg(void)
1378          {
1379   1              #if USE_PKG_DEDICATE_PIN
1380   1              if(pkgChipIdGet()== 0x1626)
1381   1              {
1382   2                      //gpioPullSelSet(3,0x40,0x00);
1383   2                      //gpioPullEnSet(5,0x04,0x00);//GPIO9 pull dis
1384   2              }
1385   1              else
1386   1              {
1387   2                      //XBYTE[0x20a7] &= ~0x02; //gpio 24 pull low disable
1388   2              }
1389   1              pkgDedicateGpioCfg(PKG_DEDICATE_PIN_HDMI_PLUG, &gpioByteIdHDMIPlug, &gpioBitMskHDMIPlug, &gpioPolarityHDM
             -IPlug, 0);
1390   1      
1391   1              #endif
1392   1      }
1393          
1394          //-----------------------------------------------------------------------------
1395          //sp1kHDMI_PlugGet
1396          //-----------------------------------------------------------------------------
1397          /**
1398           * @brief               sp1k Turnkey HDMI plug detect value get
1399           * @param       NONE
1400           * @retval      value: HDMI plug detect value
1401           * @see
1402           * @author      sun yong
1403           * @since               2008-03-01
1404           * @todo                Something need to be done.
1405           * @bug         NONE.
1406          */
1407          UINT8 sp1kHDMI_PlugGet(void)
C51 COMPILER V8.08   SP1K_GPIO_API                                                         09/19/2022 20:34:20 PAGE 24  

1408          {
1409   1              #if USE_PKG_DEDICATE_PIN
1410   1                      return gpioByteInGet(gpioByteIdHDMIPlug, gpioBitMskHDMIPlug, gpioPolarityHDMIPlug);
1411   1              #endif
1412   1      }
1413          //-----------------------------------------------------------------------------
1414          //sp1kTV_PlugCfg
1415          //-----------------------------------------------------------------------------
1416          /**
1417           * @brief               sp1k Turnkey TV plug detect configure
1418           * @param       NONE
1419           * @retval      NONE
1420           * @see
1421           * @author      sun yong
1422           * @since               2008-03-01
1423           * @todo                Something need to be done.
1424           * @bug         NONE.
1425          */
1426          void sp1kTV_PlugCfg(UINT8 gpio, UINT8 value)
1427          {
1428   1              #if USE_PKG_DEDICATE_PIN
1429   1      
1430   1              gpio = gpio;
1431   1              value = value;
1432   1      
1433   1              pkgDedicateGpioCfg(PKG_DEDICATE_PIN_TV_PLUG, &gpioByteIdTvPlug, &gpioBitMskTvPlug, &gpioPolarityTvplug, 0
             -);
1434   1              #endif
1435   1      }
1436          
1437          //-----------------------------------------------------------------------------
1438          //sp1kTV_PlugGet
1439          //-----------------------------------------------------------------------------
1440          /**
1441           * @brief               sp1k Turnkey TV plug detect value get
1442           * @param       NONE
1443           * @retval      value: TV plug detect value
1444           * @see
1445           * @author      sun yong
1446           * @since               2008-03-01
1447           * @todo                Something need to be done.
1448           * @bug         NONE.
1449          */
1450          UINT8 sp1kTV_PlugGet(void)
1451          {
1452   1              #if USE_PKG_DEDICATE_PIN
1453   1                      if(pkgChipIdGet()== 0x1626) {
1454   2                              return 0x20;
1455   2                      } else {
1456   2                              return 0x04; // gpioByteInGet(gpioByteIdTvPlug, gpioBitMskTvPlug, gpioPolarityTvplug);
1457   2                      }
1458   1              #endif
1459   1      }
1460          
1461          //-----------------------------------------------------------------------------
1462          //sp1kUSB_PlugCfg
1463          //-----------------------------------------------------------------------------
1464          /**
1465           * @brief               sp1k Turnkey USB plug detect configure
1466           * @param       NONE
1467           * @retval      NONE
1468           * @see
C51 COMPILER V8.08   SP1K_GPIO_API                                                         09/19/2022 20:34:20 PAGE 25  

1469           * @author      sun yong
1470           * @since               2008-03-01
1471           * @todo                Something need to be done.
1472           * @bug         NONE.
1473          */
1474          void sp1kUSB_PlugCfg(void)
1475          {
1476   1      
1477   1              #if USE_PKG_DEDICATE_PIN
1478   1              //sp1kPullSelSet(3, 0x01, 0x00);
1479   1              sp1kPullEnSet(4, 0x10, 0);
1480   1              pkgDedicateGpioCfg(PKG_DEDICATE_PIN_USB_PLUG, &gpioByteIdUsbPlug, &gpioBitMskUsbPlug, &gpioPolarityUsbPlu
             -g, 0);
1481   1              #endif
1482   1      }
1483          
1484          //-----------------------------------------------------------------------------
1485          //sp1kUSB_PlugGet
1486          //-----------------------------------------------------------------------------
1487          /**
1488           * @brief               sp1k Turnkey USB plug detect value get
1489           * @param       NONE
1490           * @retval      value: USB plug detect value
1491           * @see
1492           * @author      sun yong
1493           * @since               2008-03-01
1494           * @todo                Something need to be done.
1495           * @bug         NONE.
1496          */
1497          UINT8 sp1kUSB_PlugGet(void)
1498          {
1499   1              UINT8 val = 0xff;
1500   1              
1501   1              #if USE_PKG_DEDICATE_PIN
1502   1              val = gpioByteInGet(gpioByteIdUsbPlug, gpioBitMskUsbPlug, gpioPolarityUsbPlug);
1503   1              return val;
1504   1              #endif
1505   1      }
1506          
1507          #ifndef _DBG_CLR_WARNING_
              //-----------------------------------------------------------------------------
              //sp1kShutterKeyCfg
              //-----------------------------------------------------------------------------
              /**
               * @brief               sp1k shutter key configure
               * @param       NONE
               * @retval      NONE
               * @see
               * @author      sun yong
               * @since               2008-03-01
               * @todo                Something need to be done.
               * @bug         NONE.
              */
              void sp1kShutterKeyCfg(void)
              {
              
                      HAL_GlobalWriteRegister(SHUTTERKEY_CFG, HAL_GlobalReadRegister(SHUTTERKEY_CFG) | 0x10)
                      return;
              }
              
              //-----------------------------------------------------------------------------
              //sp1kShutterKeySet
C51 COMPILER V8.08   SP1K_GPIO_API                                                         09/19/2022 20:34:20 PAGE 26  

              //-----------------------------------------------------------------------------
              /**
               * @brief               sp1k shutter key Set
               * @param       value : set value
               * @retval      NONE
               * @see
               * @author      sun yong
               * @since               2008-03-01
               * @todo                Something need to be done.
               * @bug         NONE.
              */
              void sp1kShutterKeySet(UINT8 value)
              {
                      HAL_GlobalWriteRegister(SHUTTERKEY_VLU, value);
              
                      return;
              }
              #endif /*_DBG_CLR_WARNING_*/
1548          
1549          //-----------------------------------------------------------------------------
1550          //sp1kSDWPDectCfg
1551          //-----------------------------------------------------------------------------
1552          /**
1553           * @brief               SD card write protect detect configure
1554           * @param       NONE
1555           * @retval      NONE
1556           * @see
1557           * @author      sun yong
1558           * @since               2008-03-01
1559           * @todo                Something need to be done.
1560           * @bug         NONE.
1561          */
1562          void sp1kSDWPDectCfg(void)
1563          {
1564   1              #if USE_PKG_DEDICATE_PIN
1565   1              if((pkgChipIdGet() == 0x1627)||(pkgChipIdGet() == 0x1626))
1566   1              {
1567   2                      if(HAL_GlobalICVerGet() == 0x01)
1568   2                      {
1569   3                              XBYTE[REG_Disp_Rsv0] |= 0x04;//dgpio use as card detect pin, enable HW DGPIO detect
1570   3                      }
1571   2                      else
1572   2                      {
1573   3                              XBYTE[REG_Disp_VsVdIntEn] |= 0x02;//dgpio use as card detect pin, enable INTR DGPIO detect
1574   3                      }
1575   2              }
1576   1              else
1577   1              {
1578   2                      pkgDedicateGpioCfg(PKG_DEDICATE_PIN_SD_WP, &gpioByteIdSdWp, &gpioBitMskSdWp, &gpioPolaritySdWp, 0);
1579   2              }
1580   1              #endif
1581   1      }
1582          
1583          //-----------------------------------------------------------------------------
1584          //sp1kSDWriteProtectDetectGet
1585          //-----------------------------------------------------------------------------
1586          /**
1587           * @brief               SD card write protect detect value get
1588           * @param       NONE
1589           * @retval      current detect value
1590           * @see
1591           * @author      sun yong
C51 COMPILER V8.08   SP1K_GPIO_API                                                         09/19/2022 20:34:20 PAGE 27  

1592           * @since               2008-03-01
1593           * @todo                Something need to be done.
1594           * @bug         NONE.
1595          */
1596          UINT8 sp1kSDWriteProtectDetectGet(void)
1597          {
1598   1              UINT8 val = 0x00;
1599   1              
1600   1              #if USE_PKG_DEDICATE_PIN
1601   1              
1602   1              return 0;
1603   1              #endif
1604   1      }
1605          /**
1606           * @brief       Enable/Disable TG
1607           * @param       Enable
1608           * @retval      None
1609           * @see
1610           * @author      Alle Lin
1611           * @since       2008-12-11
1612           * @todo        N/A
1613           * @bug         N/A
1614          */
1615          void sp1kHalTgEnable(
1616                  UINT8 Enable
1617          )
1618          {
1619   1              if (Enable == 0){
1620   2                      /* disable TG */
1621   2                      HAL_GpioByteFuncSet(GPIO_BYTE_TG0, 0x0C, 0xFF);
1622   2              }
1623   1              else{
1624   2                      /* enable TG */
1625   2                      HAL_GpioByteFuncSet(GPIO_BYTE_TG0, 0x0C, 0x00);
1626   2              }
1627   1      }
1628          
1629          void sp1kADCSarSel(UINT8 sar)
1630          {
1631   1              XBYTE[REG_Audio_SarChnlSel] = sar;
1632   1      }
1633          
1634          UINT8 sp1kADCSarGet(void)
1635          {
1636   1              return XBYTE[REG_Audio_SarChnlSel];
1637   1      }
1638          
1639          UINT16  sp1kADCValueSnap(void)
1640          {
1641   1              UINT16 adcVal;
1642   1              XBYTE[0x2603] |= 0x04;
1643   1              XBYTE[REG_Audio_SnapSarAdcVal0] = 0x01;
1644   1              while(!((XBYTE[0x2603]&0x04)>>2));
1645   1              XBYTE[0x2603] |= 0x04;
1646   1              *((UINT8*)&adcVal + 1) = XBYTE[REG_Audio_SnapSarAdcVal0];
1647   1              *((UINT8*)&adcVal + 0) = (XBYTE[REG_Audio_SnapSarAdcVal1]^0x02);
1648   1              return adcVal;
1649   1      }
1650          
1651          UINT16  sp1kADCValueSnapIntr(void)
1652          {
1653   1              UINT16 adcVal;
C51 COMPILER V8.08   SP1K_GPIO_API                                                         09/19/2022 20:34:20 PAGE 28  

1654   1              XBYTE[0x2603] |= 0x04;
1655   1              XBYTE[REG_Audio_SnapSarAdcVal0] = 0x01;
1656   1              while(!((XBYTE[0x2603]&0x04)>>2));
1657   1              XBYTE[0x2603] |= 0x04;
1658   1              *((UINT8*)&adcVal + 1) = XBYTE[REG_Audio_SnapSarAdcVal0];
1659   1              *((UINT8*)&adcVal + 0) = (XBYTE[REG_Audio_SnapSarAdcVal1]^0x02);
1660   1              return adcVal;
1661   1      }
1662          
1663          
1664          //-----------------------------------------------------------------------------
1665          //sp1kAdcInit
1666          //-----------------------------------------------------------------------------
1667          /**
1668           * @brief               initialize adc gpio
1669           * @param       NONE
1670           * @retval      NONE
1671           * @see
1672           * @author      phil
1673           * @since               2008-03-01
1674           * @todo                Something need to be done.
1675           * @bug         NONE.
1676          */
1677          void sp1kAdcInit(void)
1678          {
1679   1              HAL_GpioSarAdcConfig(0,3,1);
1680   1              sp1kADCSarSel(0);
1681   1      }
1682          
1683          /**
1684           * @fn        UINT8 sp1kAdcValGet(UINT8 channel, UINT16 *adcval)
1685           * @brief     sp1kAdcValGet
1686           * @param     [in] channel
1687           * @param     [in] adcval
1688           * @retval    return = SUCCESS / FAIL
1689           * @see       NULL
1690           * @author    kai.wang
1691           * @since     2010-5-18
1692           * @todo      N/A
1693           * @bug       N/A
1694          */
1695          UINT8 sp1kAdcValGet(UINT8 channel, UINT16 * adcval)
1696          
1697          {
1698   1              return HAL_GpioSarAdcValGet(channel, adcval);
1699   1      }


MODULE INFORMATION:   STATIC OVERLAYABLE
   CODE SIZE        =   1229    ----
   CONSTANT SIZE    =   ----    ----
   XDATA SIZE       =     51       6
   PDATA SIZE       =   ----    ----
   DATA SIZE        =   ----    ----
   IDATA SIZE       =   ----    ----
   BIT SIZE         =   ----    ----
   EDATA SIZE       =   ----    ----
   HDATA SIZE       =   ----    ----
   XDATA CONST SIZE =   ----    ----
   FAR CONST SIZE   =   ----    ----
END OF MODULE INFORMATION.


C51 COMPILATION COMPLETE.  0 WARNING(S),  0 ERROR(S)
