C51 COMPILER V8.08   AWB_DBG                                                               07/16/2022 19:06:34 PAGE 1   


C51 COMPILER V8.08, COMPILATION OF MODULE AWB_DBG
OBJECT MODULE PLACED IN .\obj\awb_dbg.obj
COMPILER INVOKED BY: c:\Keil\C51\BIN\C51.EXE awb_dbg.c LARGE OMF2 OPTIMIZE(9,SIZE) NOAREGS INCDIR(..\..\..\inc;..\..\..\
                    -inc\os;..\..\..\inc\hal;..\..\..\inc\middleware;..\..\..\inc\sp1k;..\..\..\..\host\inc\app;..\..\..\..\host\inc\customiz
                    -ation) DEFINE(LIB_RELEASE) PRINT(.\obj\awb_dbg.lst) OBJECT(.\obj\awb_dbg.obj)

line level    source

   1           /**************************************************************************
   2           *         Copyright(c) 2010 by i-Catch Technology Co., Ltd.              *
   3           *                                                                        *
   4           *  This software is copyrighted by and is the property of i-Catch Tech-  *
   5           *  nology Co., Ltd. All rights are reserved by i-Catch Technology Co.,   *
   6           *  Ltd. This software may only be used in accordance with the            *
   7           *  corresponding license agreement. Any unauthorized use, duplication,   *
   8           *  distribution, or disclosure of this software is expressly forbidden.  *
   9           *                                                                        *
  10           *  This Copyright notice "M U S T" not be removed or modified without    *
  11           *  prior written consent of i-Catch Technology Co., Ltd.                 *
  12           *                                                                        *
  13           *  i-Catch Technology Co., Ltd. reserves the right to modify this        *
  14           *  software without notice.                                              *
  15           *                                                                        *
  16           *  i-Catch Technology Co., Ltd.                                          *
  17           *  19-1, Innovation First Road, Science-Based Industrial Park,           *
  18           *  Hsin-Chu, Taiwan, R.O.C.                                              *
  19           *                                                                        *
  20           *************************************************************************/
  21           
  22          /**
  23           * @file      File name
  24           * @brief     Brief
  25           * @author    wangjg
  26           * @since     2010-01-01
  27           * @date      2010-01-01
  28          */
  29          
  30          /**************************************************************************
  31           *                        H E A D E R   F I L E S
  32           **************************************************************************/
  33          #include "awb_func.h" 
  34          #include "awb_ver.h"
  35          //#include "sp1k_fd_api.h"
  36          //#include "sp1k_ae_api.h"
  37          
  38          #include "hal_gprm.h"
  39          #include "reg_def.h"
  40          
  41          #include "initio.h"
  42          #include "intr.h"
  43          
  44          #include "cardlink.h"
  45          #include "Sp1k_vfs_api.h"
  46          #include "os_api.h"
  47          #include "pv_task.h"
  48          #include "cmd.h"
  49          #include "dbg_wdt.h"
  50          /**************************************************************************
  51           *                           C O N S T A N T S                            *
  52           **************************************************************************/
  53           
C51 COMPILER V8.08   AWB_DBG                                                               07/16/2022 19:06:34 PAGE 2   

  54          /**************************************************************************
  55           *                              M A C R O S                               *
  56           **************************************************************************/
  57          
  58          /**************************************************************************
  59           *                          D A T A    T Y P E S                          *
  60           **************************************************************************/
  61           
  62          /**************************************************************************
  63           *                         G L O B A L    D A T A                         *
  64           **************************************************************************/
  65          UINT8 awbDebugCnt=0;
  66          
  67          #if AWB_TIME
              awb_timer_t awbTimer;
              #endif
  70          /**************************************************************************
  71           *                 E X T E R N A L    R E F E R E N C E S                 *
  72           **************************************************************************/
  73           
  74          /**************************************************************************
  75           *               F U N C T I O N    D E C L A R A T I O N S               *
  76           **************************************************************************/
  77          
  78          
  79          #define awbTestSimulateEn 0
  80          #if awbTestSimulateEn==2
              void awbTestSimulate(UINT16 idx,UINT8 scene)
              {
                      UINT32 size;
                      UINT8 preName[] = "SUNP";
              
                      UINT8 name[13];// = "SUNP0000.MOI";
                      int i;
                      UINT32 addr;
                      awb_filter_sum_t rst;   
              
                      sprintf(name,"%s%04u.MOI",preName,idx);
                      
                      if(!dramFileLoad(name, AWB_ADDR_Samp, &size))return;
                      printf("%s,size:%lu--%bx\n",name,size,scene);
                      //awbSceneUpdate(&rst);
                      //HAL_MoeRunQueue(pawbaddr->queue[awb.scene]);
                      //awbFilterResult(&rst);        
                      awbEnable(0);
                      awbDebugCnt = 0xff;
                      awb.sceneIdx = 0;
                      awb.scene = scene;
                      addr = pawbaddr->queue[awb.scene]+(5*sizeof(moe_queue_t)+sizeof(awb_moe_offset_t))/2;
                      HAL_MoeRunQueue(addr,MOE_Trigger_Awb);
                      //awbFilterResult(&rst);
                      //awbSceneUpdate(&rst);
                      //if(!dramFileLoad(name, AWB_ADDR_Wnd1, &size))return;
                      //HAL_MoeRunQueue(pawbaddr->queue[awb.scene],MOE_Trigger_Awb);
                      awbFilterResult(&rst);
                      //printf("scene:%bx,(%bx,%bx,%bx)\n",awb.scene,awb.gid,awb.luma,awb.contrast);
                      for(i=0;i<10;i++)
                      {               
                              awb.flowFlag = 0;
                              //awbFilterResult(&rst);
                              awbSpotsDecider(&rst);          
                      }
C51 COMPILER V8.08   AWB_DBG                                                               07/16/2022 19:06:34 PAGE 3   

                      awbDebugCnt = 0;
                      HAL_DramWriteBytesAddr(AWB_ADDR_Param, &awb, sizeof(awb), 0);
                      //sprintf(name,"%s%04u.TMP",preName,idx);
                      //printf("-%s\n",name);
                      //dramFileSave(name, AWB_ADDR_Tmp0, 1024*16);
                      
                      sprintf(name,"%s%04u.JPG",preName,idx);
                      printf("-%s\n",name);
                      dramFileSave(name, AWB_ADDR_Queue, 1024ul*16);
              }
              
              #elif awbTestSimulateEn==1
              void awbTestSimulate(UINT16 idx)
              {
                      UINT32 size;
                      UINT8 preName[] = "SUNP";
              
                      UINT8 name[13];// = "SUNP0000.MOI";
                      int i;
                      awb_filter_sum_t rst;
                      
              
                      sprintf(name,"%s%04u.MOI",preName,idx);
                      if(!dramFileLoad(name, AWB_ADDR_Wnd1, &size))return;
                      printf("%s,size:%lu\n",name,size);
                      //awbSceneUpdate(&rst);
                      //HAL_MoeRunQueue(pawbaddr->queue[awb.scene]);
                      //awbFilterResult(&rst);        
              
                      awb.sceneIdx = 0;
                      awb.scene = 0;
                      HAL_MoeRunQueue(pawbaddr->queue[awb.scene],MOE_Trigger_Awb);
                      awbFilterResult(&rst);
                      awbSceneUpdate(&rst);
                      //if(!dramFileLoad(name, AWB_ADDR_Wnd1, &size))return;
                      //HAL_MoeRunQueue(pawbaddr->queue[awb.scene],MOE_Trigger_Awb);
                      
                      //printf("scene:%bx,(%bx,%bx,%bx)\n",awb.scene,awb.gid,awb.luma,awb.contrast);
                      for(i=0;i<5;i++)
                      {               
                              awb.flowFlag = 0;
                              awbFilterResult(&rst);
                              awbSpotsDecider(&rst);          
                      }
                      HAL_DramWriteBytesAddr(AWB_ADDR_Param, &awb, sizeof(awb), 0);
                      sprintf(name,"%s%04u.TMP",preName,idx);
                      printf("-%s\n",name);
                      dramFileSave(name, AWB_ADDR_Tmp0, 1024*16);
                      
                      sprintf(name,"%s%04u.INF",preName,idx);
                      printf("-%s\n",name);
                      dramFileSave(name, AWB_ADDR_Queue, 1024*16);
              }
              #endif
 170          
 171          #if AWB_CALIBRATION
 172          #define AWB_CALIBRATION_Test 2
 173          #endif
 174          #if AWB_CALIBRATION_Test 
 175          void awbTestCalibration(UINT8 calib)
 176          {
 177   1              UINT16 cnt=0xffff;
C51 COMPILER V8.08   AWB_DBG                                                               07/16/2022 19:06:34 PAGE 4   

 178   1              //dbgWdtSet(0);
 179   1              awbCalibStart();
 180   1              
 181   1              //create awb ctt or calib 3 Light
 182   1              if(calib ==0 || calib == 1){
 183   2                      //please switch A light
 184   2                      while(cnt--);
 185   2                      awbCalibDo(0);
 186   2                      //please switch CW light
 187   2                      while(cnt--);
 188   2                      awbCalibDo(1);
 189   2                      //please switch D Light
 190   2                      while(cnt--);
 191   2                      awbCalibDo(2);
 192   2                      //please switch standand Light
 193   2                      while(cnt--);
 194   2                      awbCalibDo(3);          
 195   2      
 196   2              }else{
 197   2                      //please switch standand Light
 198   2                      while(cnt--);
 199   2                      awbCalibDo(3);
 200   2                      
 201   2              }
 202   1              awbCalibCtt(calib);
 203   1      }
 204          
 205          #endif
 206          /**
 207           * @fn        void awbTest(UINT8* pt)
 208           * @brief     awbTest
 209           * @param     [in] pt   :test string
 210           * @retval    NONE
 211           * @see       NULL
 212           * @author    wangjg
 213           * @since     2010-7-6
 214           * @todo      N/A
 215           * @bug       N/A
 216          */
 217          void 
 218          awbTest(
 219                  UINT8* pt
 220                  )
 221          {
 222   1      #if 0
                      pt=pt;
              #elif 1
 225   1              UINT32 arg[8];
 226   1              cmdArgGet(&pt, arg, 8, 1);
 227   1              printf("%s\n",pt);
 228   1              if(arg[0]<=1){
 229   2                      awbEnable(arg[0]);
 230   2              /*}else if(0==strncmp(pt,"dc",2)){
 231   2                      sp1kAwbParamSet(AWB_PARA_SpotSwitchDelayCnt, arg[1]);//val=0~255,值越大表示awb 光源switch越慢，默认值val
             -=2；
 232   2              }else if(0==strncmp(pt,"ct",2)){
 233   2                      sp1kAwbParamSet(AWB_PARA_ColorTemperatureMin, arg[1]);//设置最高色温，默认值7500K
 234   2                      sp1kAwbParamSet(AWB_PARA_ColorTemperatureMax, arg[2]);//设置最高色温，默认值7500K
 235   2                      printf("%u,%u\n",awbctmin,awbctmax);
 236   2                      sp1kAwbInit(1);
 237   2                      sp1kAwbEnable();*/
 238   2              }else if(0==strncmp(pt,"time",2)){              
C51 COMPILER V8.08   AWB_DBG                                                               07/16/2022 19:06:34 PAGE 5   

 239   2                      awbFileInfo(0);
 240   2              }else if(0==strncmp(pt,"st",2)){        
 241   2                      sp1kAwbParamSet(AWB_PARA_JumpStep,arg[1]);
 242   2      #if awbTestSimulateEn
                      }else if(0==strncmp(pt,"ti",2)){
                              awbCttSet(0xff,"AWBCTT.BIN");
                      }else if(0==strncmp(pt,"ts",2)){
                              
                              awbTestSimulate(arg[1],arg[2]);         
              #endif
 249   2      //#if AWB_CALIBRATION_Test
 250   2              }else if(0==strncmp(pt,"cal",3)){
 251   2                      awbTestCalibration(arg[1]);
 252   2      //#endif
 253   2              }else{
 254   2                      printf("else0\n");
 255   2              }
 256   1      #else
                      UINT8 i;
                      UINT32 val[10],c=0,n=0,j=-1;
                      memset(val,0,20);
                      for(i=0;i<20;i++)
                      {
                              UINT8 b=pt[i+1];
                              UINT8 a=0;
                              if(b==0){
                                      if(j+1!=i)
                                      {                               
                                              val[n++]=c;
                                      }       
                                      break;
                              }
                              else if(b==' ')
                              {
                                      if(j+1!=i)
                                      {                               
                                              val[n++]=c;
                                              c=0;
                                      }                       
                                      j=i;
                                      continue;
                              }
                              else if(b>='0' && b<='9')a=b-'0';
                              else if(b>='a' && b<='f')a=b-'a'+10;
                              else if(b>='A' && b<='F')a=b-'A'+10;
                              else continue;  
              
                              c=c*16+a;
                      }
              
                      printf("%s,(%lx,%lx,%lx,%lx,%lx,%lx)\n",pt,val[0],val[1],val[2],val[3],val[4],val[5]);
                      if(*pt=='p'){
                              awbDebugCnt=val[0];
                      }else if(*pt=='1'){
                              sp1kAwbEnable();
                      }else if(*pt=='0'){
                              sp1kAwbDisable();
                      }else if(*pt=='i'){     
                              sp1kAwbInit(val[0]);
                      }else if(*pt=='e'){
                              G_AEEN= val[0];
                      }else if(*pt=='g'){
C51 COMPILER V8.08   AWB_DBG                                                               07/16/2022 19:06:34 PAGE 6   

                              printf("%x\n",awb.globeGain);
                              if(val[0]!=0xffff)
                                      awb.globeGain = val[0];
              #if AWB_TIME
                      }else if(*pt=='t'){     
                              awbTimerView();
              #endif
              #if 0
                      }else if(*pt=='m'){
                              dramFileSave("QUEUE",K_SDRAM_DPSStartAddr , 1024*16);
                              dramFileSave("TMP",K_SDRAM_PvMoeTmpAddr , 1024*16);
                              dramFileSave("WND",K_SDRAM_PvAwbWndAddr , 1024*4);
              #endif
              #if awbTestSimulateEn
                      }else if(*pt=='s'){
                              awbEnable(0);
                              awbDebugCnt = 0xff;
                              if(val[1]){awb.gid = 80;awb.luma = 120;}
                              else{awb.gid = 10;awb.luma = 120;}
              
                              if(val[0]){
                                      for(i = 1;i<=val[0];i++)
                                              awbTestSimulate(i);                     
                              }else{
                                      awbTestSimulate(val[2]);
                              }
              #endif
              #if AWB_Debug_Cmd
                      }else if(*pt=='e'){
                              aeInit(val[0]);
                              sp1kAeInit();
                              aeModeEnableSet(1);
                      }else if(*pt=='2'){
                              dramFileSave("AWB",K_SDRAM_PvAwbWndAddr,1024*4);
                      }else if(*pt=='w'){
                              HAL_CdspAWBWndGainSet(val[0],val[1]);
                      }else if(*pt=='m'){             
                              sp1kAwbModeSet(val[0]);
                      }else if(*pt=='r'){
                              //sp1kAwbReset();       
                      }else if(*pt=='c'){
                              //sp1kAwbCalibrate(val[0]);
                      }else if(*pt=='o'){
                              UINT8 e0 = awb.obEn;
                              //UINT8 e1 = sp1kAwbAutoObSet(val[0],val[1]);
                              printf("ob:%bx,%bx\n",e0,e1);
                      }else if(*pt=='l'){
                              UINT8 fn[]="AWB.BIN";
                              if(val[0]==0)
                                      ;//sp1kAwbQueueLoad(0xff,fn);
                              else if(val[0]==1)
                                      dramFileSave(fn,pawbaddr->buf,7ul*1024);
                      }else if(*pt=='q'){
                              UINT8 fn[5];
                              sprintf(fn,"AWB%bu",(UINT8)val[0]);
                              dramFileSave(fn,pawbaddr->queue[0],1024*6);
              #endif
              #if AWB_Debug_PrintInfo
                      }else{
                              /*printf("queue:%lu(%lu,%lu,%lu)(%lu,%lu,%lu)\n"
                                      ,(UINT32)sizeof(awb_moe_queue_t)
                                      ,(UINT32)sizeof(awb_moe_normal_t)
C51 COMPILER V8.08   AWB_DBG                                                               07/16/2022 19:06:34 PAGE 7   

                                      ,(UINT32)sizeof(awb_moe_outdoor_t)
                                      ,(UINT32)sizeof(awb_moe_rectone_t)
                                      ,(UINT32)sizeof(awb_moe_normal_t)/24
                                      ,(UINT32)sizeof(awb_moe_outdoor_t)/24
                                      ,(UINT32)sizeof(awb_moe_rectone_t)/24
                                      );*/
                              printf("awb:(%lx,%lx,%lx),%lx,%lx,%lx,%lx,%lx\n",pawbaddr->buf,pawbaddr->moe,pawbaddr->wnd,
                                      pawbaddr->queue[0],pawbaddr->queue[1],pawbaddr->queue[2],pawbaddr->queue[3],pawbaddr->queue[4]);
                              printf("pv0:(%lx,%lx,%lx)\n",K_SDRAM_DPSStartAddr,K_SDRAM_PvMoeTmpAddr,K_SDRAM_PvAwbWndAddr);
                              printf("avi:(%lx,%lx,%lx)\n",K_SDRAM_DPSStartAddr,K_SDRAM_AviMoeTmpAddr,K_SDRAM_AviAwbWndAddr);
                              //printf("ctt-:%lu\n",(UINT32)256-160-sizeof(awb_t));
                              //printf("ob:(%bx,%bx,%bx,%bx)\n",awb.ob0[0],awb.ob0[1],awb.ob0[2],awb.ob0[3]);
                              //printf("qSize:%lu,%lu,%lu,%lu,%lu\n",(UINT32)sizeof(awb_moe_queue_t),(UINT32)sizeof(awb_ctt_t),(UINT32
             -)sizeof(awb_t),(UINT32)sizeof(awb_addr_t));
                      #endif
                      }
              #endif  
 379   1      
 380   1      
 381   1      #if 0
              printf("+%s+\n",pt);
                      if(*pt=='i'){
                              sp1kAwbInit();
                              sp1kVdInit();
                      }else if(*pt=='0'){
                              //G_AWBEN = 0;
                              sp1kAwbDisable();
                      }else if(*pt=='1'){             
                              sp1kAwbEnable();                        
                      }else if(*pt=='w'){
                              UINT32 addr = awbFileInfo(0);
                              UINT32 pt[] = {1,2,3,4};
                              UINT8 fn0[] = "D:\\RAW00000.DAT";
                              printf("addr:%lx\n",addr);
                              dramFileSave(fn0,addr, 1024*4);
                      }else if(*pt=='t'){
                              //awbCttGet(NULL,0xff,"AWBCTT.BIN");
                      }else if(*pt=='f'){
                              //awbMoeFlag=pt[1]-'0';
                      }else if(*pt=='r'){
                              //awbMoeRuns();
                      }else if(*pt=='a'){
                              UINT8 i= pt[1]-'0';
                              i*=16;
                              //sp1kAwbGainSet((UINT16)i,(UINT16)i);
                      }else if(*pt=='g'){
                              UINT8 i= pt[1]-'0';
                              i*=16;
                              HAL_CdspAWBWndGainSet(i,i);
                      }else if(*pt=='s'){
                              UINT8 i= pt[1]-'0';
                              i*=16;
                              HAL_CdspWBGainSet(i,0x40,i,0x40);
                      }else if(*pt=='c'){
                              UINT8 i= pt[1]-'0';
                              UINT8 scene[] = {AWB_MODE_Auto,AWB_MODE_Sunny,AWB_MODE_Flash,AWB_MODE_Calibation};
                              sp1kAwbModeSet(scene[i]);
                      }else if(*pt=='m'){
                              UINT8 i= (pt[1]-'0')*10+(pt[2]-'0');
                              sp1kAwbModeSet(i);
                      }else if(*pt=='p'){
                              UINT8 i= (pt[1]-'0');
C51 COMPILER V8.08   AWB_DBG                                                               07/16/2022 19:06:34 PAGE 8   

                              //sp1kAwbProcSet(i);
                      awbDebugCnt
                      }else{
                              previewTest(" ");
                              cmdDispTest(" ");
                              exposureTest("20");
                              
                              sp1kAwbInit();
                              sp1kVdInit();
                              sp1kAwbEnable();
              
              
                      }
              #endif
 438   1      }


MODULE INFORMATION:   STATIC OVERLAYABLE
   CODE SIZE        =    297    ----
   CONSTANT SIZE    =     23    ----
   XDATA SIZE       =      1      38
   PDATA SIZE       =   ----    ----
   DATA SIZE        =   ----    ----
   IDATA SIZE       =   ----    ----
   BIT SIZE         =   ----    ----
   EDATA SIZE       =   ----    ----
   HDATA SIZE       =   ----    ----
   XDATA CONST SIZE =   ----    ----
   FAR CONST SIZE   =   ----    ----
END OF MODULE INFORMATION.


C51 COMPILATION COMPLETE.  0 WARNING(S),  0 ERROR(S)
