C51 COMPILER V8.08   AWB_FILTER                                                            07/16/2022 19:06:34 PAGE 1   


C51 COMPILER V8.08, COMPILATION OF MODULE AWB_FILTER
OBJECT MODULE PLACED IN .\obj\awb_filter.obj
COMPILER INVOKED BY: c:\Keil\C51\BIN\C51.EXE awb_filter.c LARGE OMF2 OPTIMIZE(9,SIZE) NOAREGS INCDIR(..\..\..\inc;..\..\
                    -..\inc\os;..\..\..\inc\hal;..\..\..\inc\middleware;..\..\..\inc\sp1k;..\..\..\..\host\inc\app;..\..\..\..\host\inc\custo
                    -mization) DEFINE(LIB_RELEASE) PRINT(.\obj\awb_filter.lst) OBJECT(.\obj\awb_filter.obj)

line level    source

   1          /**************************************************************************
   2           *         Copyright(c) 2010 by i-Catch Technology Co., Ltd.              *
   3           *                                                                        *
   4           *  This software is copyrighted by and is the property of i-Catch Tech-  *
   5           *  nology Co., Ltd. All rights are reserved by i-Catch Technology Co.,   *
   6           *  Ltd. This software may only be used in accordance with the            *
   7           *  corresponding license agreement. Any unauthorized use, duplication,   *
   8           *  distribution, or disclosure of this software is expressly forbidden.  *
   9           *                                                                        *
  10           *  This Copyright notice "M U S T" not be removed or modified without    *
  11           *  prior written consent of i-Catch Technology Co., Ltd.                 *
  12           *                                                                        *
  13           *  i-Catch Technology Co., Ltd. reserves the right to modify this        *
  14           *  software without notice.                                              *
  15           *                                                                        *
  16           *  i-Catch Technology Co., Ltd.                                          *
  17           *  19-1, Innovation First Road, Science-Based Industrial Park,           *
  18           *  Hsin-Chu, Taiwan, R.O.C.                                              *
  19           *                                                                        *
  20           *************************************************************************/
  21           
  22          /**
  23           * @file      awb_Filter.c
  24           * @brief     awb scene and filter
  25           * @author   wangjg
  26           * @since     2010-04-30
  27           * @date      2010-04-30
  28          */
  29          
  30          /**************************************************************************
  31           *                        H E A D E R   F I L E S
  32           **************************************************************************/
  33          #include "awb_moe.h"
  34          #include "awb_func.h"
  35          #include "initio.h"
  36          
  37          #include "hal_cdsp.h"
  38          #include "hal_gprm.h"
  39          
  40          #include "ae_def.h"
  41          #if AWB_ENABLE
  42          /**************************************************************************
  43           *                           C O N S T A N T S                            *
  44           **************************************************************************/
  45           
  46          /**************************************************************************
  47           *                              M A C R O S                               *
  48           **************************************************************************/
  49          //#define aeAwbInfo(gid,luma,contrast)
  50          /**************************************************************************
  51           *                          D A T A    T Y P E S                          *
  52           **************************************************************************/
  53           
C51 COMPILER V8.08   AWB_FILTER                                                            07/16/2022 19:06:34 PAGE 2   

  54          /**************************************************************************
  55           *                         G L O B A L    D A T A                         *
  56           **************************************************************************/
  57          
  58          /**************************************************************************
  59           *                 E X T E R N A L    R E F E R E N C E S                 *
  60           **************************************************************************/
  61          
  62          /**************************************************************************
  63           *               F U N C T I O N    D E C L A R A T I O N S               *
  64           **************************************************************************/
  65          UINT8 awbResultPrintEn = 0;
  66          
  67          /**
  68           * @fn        void awbFilter(awb_filter_sum_t *rst)
  69           * @brief     filter proc
  70           * @param     [out] rst :result of job queue  
  71           * @retval    NONE
  72           * @author    wangjg
  73           * @since     2010-5-4
  74          */
  75          UINT8 awbFilter()//awb_filter_sum_t *rst)
  76          {
  77   1                      
  78   1              //awbFilterResult(rst);
  79   1              //awbSceneUpdate(rst);
  80   1      
  81   1              //HAL_MoeRunQueue(pawbaddr->queue[awb.scene]);  
  82   1              if(!HAL_MoeIsBusy(1))
  83   1              {
  84   2                      UINT8 sts;
  85   2                      awbTimerGet(awbTimer.filter+0);
  86   2                      awbReadWindow();
  87   2                      awbTimerGet(awbTimer.filter+1); 
  88   2                      sts = HAL_MoeTriggerQueue(pawbaddr->queue[awb.scene],MOE_Trigger_Awb);
  89   2                      awbTimerGet(awbTimer.filter+2);
  90   2                      //if(sts)moeDbgTrig = MOE_Trigger_Awb;  
  91   2                      return sts;
  92   2                      /*
  93   2                      if(awb.mode==AWB_MODE_Flash || isWait)
  94   2                      {                       
  95   2                              HAL_MoeRunQueue(pawbaddr->queue[awb.scene]);
  96   2                      }
  97   2                      else if(awb.mode == AWB_MODE_Normal || awb.mode == AWB_MODE_Outdoor)
  98   2                      {
  99   2                              HAL_MoeTriggerQueue(pawbaddr->queue[awb.scene]);
 100   2                      }
 101   2                      */
 102   2              }
 103   1      }
 104          UINT8 awbGetAeInfo()
 105          {
 106   1              UINT8 gid;//=40;
 107   1              UINT8 luma;//=120;
 108   1              UINT8 contrast;//=40;
 109   1              UINT8 ymax,ymin,wpmax;
 110   1              UINT8 wp = 32;
 111   1              static UINT8 wpMax = 0;
 112   1              aeAwbInfo(&gid,&luma,&ymax,&ymin);
 113   1              //if(ymin == 0)ymin = luma-(ymax-luma);
 114   1              //printf("%bu,%bu,%bu,%bu\n",gid,luma,ymax,ymin);
 115   1              contrast = ymax - ymin;
C51 COMPILER V8.08   AWB_FILTER                                                            07/16/2022 19:06:34 PAGE 3   

 116   1              awb.gid = gid;
 117   1              awb.luma = luma;
 118   1              awb.contrast = contrast;        
 119   1              if(gid<=awb.darkGid && luma<80){                
 120   2                      ymin=5;ymax=luma+40; wpmax=1;   
 121   2              }else{
 122   2                      ymin=10;ymax=250; wpmax=8;      
 123   2              }
 124   1              if(wpmax != wpMax){
 125   2                      awbMoeModifyYThr(ymin, ymax, wpmax);
 126   2                      wpMax = wpmax;
 127   2              }
 128   1              //if(gid<=awb.darkGid && luma<awb.darkLuma/3)return FALSE;
 129   1              if(     (luma>awb.brightLuma) ||
 130   1                      ( luma<awb.darkLuma && gid>=awb.darkGid) || 
 131   1                      (luma<awb.darkLuma/4 && gid<awb.darkGid))
 132   1                      {return FALSE;}
 133   1              
 134   1              return TRUE;
 135   1      }
 136          /**
 137           * @fn        void awbSceneUpdate(void)
 138           * @brief     update scene param
 139           * @param     NONE
 140           * @retval    NONE
 141           * @author    wangjg
 142           * @since     2010-5-4
 143          */
 144          UINT8 awbSceneUpdate(awb_filter_sum_t* rst)
 145          {
 146   1              UINT8 scene = awb.scene;
 147   1              UINT8 gid = awb.gid;//=40;
 148   1              UINT8 luma = awb.luma;//=120;
 149   1              UINT8 contrast = awb.contrast;//=40;
 150   1              //UINT8 ymax,ymin;
 151   1              //UINT8 conStep=(256-awb.brightContrast)/4;
 152   1              //UINT8 gidStep = awb.brightGid/8;
 153   1              UINT8 specMode = awb.specMode;
 154   1              
 155   1              if(awb.sceneIdx==0xff){
 156   2                      return FALSE;
 157   2              }
 158   1              if(awb.globeGain>AWB_GLOBE_GAIN_BASE*8){
 159   2                      gid-=30;
 160   2              }else if(awb.globeGain>AWB_GLOBE_GAIN_BASE*4){
 161   2                      gid-=20;
 162   2              }else if(awb.globeGain>AWB_GLOBE_GAIN_BASE*2){
 163   2                      gid-=10;
 164   2              }
 165   1              if(scene == AWB_SCENE_Normal)
 166   1              {
 167   2                      //office
 168   2                      if        ((rst->wp[AWB_SUM_Office]>AWB_SAMP_CNT/10)&&(specMode == AWB_SPEC_Office))
 169   2                              {specMode = AWB_SPEC_Office;}
 170   2                      else if((rst->wp[AWB_SUM_Office]>AWB_SAMP_CNT/5)&&(rst->wp[AWB_SUM_Office]>rst->wp[AWB_SUM_D]/2))               
 171   2                              {specMode = AWB_SPEC_Office;}
 172   2                      //outdoor
 173   2                      else if(gid>=(awb.brightGid))                     
 174   2                              {specMode = 0;scene = AWB_SCENE_Outdoor;        }
 175   2                      else if((gid>=awb.brightGid*0.8) && ((UINT16)(awb.brightGid - gid)*2*(240-awb.brightContrast)/awb.bright
             -Gid+awb.brightContrast < contrast)&& (rst->wp[AWB_SUM_Office]<AWB_SAMP_CNT/2) )//office
 176   2                              {specMode = 0;scene = AWB_SCENE_Outdoor;        }
C51 COMPILER V8.08   AWB_FILTER                                                            07/16/2022 19:06:34 PAGE 4   

 177   2                      //specMode
 178   2                      else {specMode = 0;}
 179   2                              
 180   2              }
 181   1              else if(scene == AWB_SCENE_Outdoor)
 182   1              {
 183   2                      //sward
 184   2                      if (      (rst->wp[AWB_SUM_Sward]>AWB_SAMP_CNT/10)&&(specMode == AWB_SPEC_Sward))
 185   2                              {specMode = AWB_SPEC_Sward;}
 186   2                      else if(rst->wp[AWB_SUM_Sward]>AWB_SAMP_CNT/5)
 187   2                              {specMode = AWB_SPEC_Sward;}
 188   2                      //sky
 189   2                      else if((rst->wp[AWB_SUM_Sky]>AWB_SAMP_CNT/10)&&(specMode  ==  AWB_SPEC_Sky))
 190   2                              {specMode = AWB_SPEC_Sky;}
 191   2                      else if(rst->wp[AWB_SUM_Sky]>AWB_SAMP_CNT/5)
 192   2                              {specMode = AWB_SPEC_Sky;}
 193   2                      //office
 194   2                      else if(/*(gid<awb.brightGid/2)&&*/(rst->wp[AWB_SUM_Office]*awb.brightGid>AWB_SAMP_CNT*gid/2)&&(rst->wp[
             -AWB_SUM_Office]>rst->wp[AWB_SUM_D]))          
 195   2                              {specMode = AWB_SPEC_Office;}
 196   2                      //indoor
 197   2                      else if((contrast<awb.darkContrast && gid<awb.brightGid)|| /*luma<awb.darkLuma ||*/ gid<awb.brightGid/8)
             -                        
 198   2                              {specMode = 0;scene = AWB_SCENE_Normal; }
 199   2                      //specMode
 200   2                      else {specMode = 0;}
 201   2                      
 202   2              }
 203   1              if(specMode&0x0f)
 204   1                      scene = AWB_SCENE_Outdoor;
 205   1              else if(specMode&0xf0)
 206   1                      scene = AWB_SCENE_Normal;
 207   1              awb.specMode = specMode;        
 208   1              if(awb.scene!=scene)
 209   1              {
 210   2                      if(awb.sceneIdx){
 211   3                              awb.sceneIdx--;
 212   3                      }else{
 213   3                              awb.scene = scene;                      
 214   3                              if(awb.scene==AWB_SCENE_Normal)
 215   3                                      awb.sceneIdx=5;
 216   3                              else if(awb.scene==AWB_SCENE_Outdoor)
 217   3                                      awb.sceneIdx=10;                
 218   3                              return TRUE;
 219   3                      }
 220   2              }
 221   1              return FALSE;
 222   1              //if(awbDebugCnt)       printf("%bx,gid:%bu,luma:%bu,contrast:%bu\n",awb.scene,gid,luma,contrast);
 223   1      }
 224          
 225          
 226          
 227          
 228          
 229          
 230          /**
 231           * @fn        void awbReadWindow(void)
 232           * @brief     read raw from window and format
 233           * @param     NONE
 234           * @retval    NONE
 235           * @author    wangjg
 236           * @since     2010-5-5
C51 COMPILER V8.08   AWB_FILTER                                                            07/16/2022 19:06:34 PAGE 5   

 237          */
 238          void awbReadWindow()
 239          {
 240   1      //printf("awb wnd:%lx,%lx,%lx\n",AWB_ADDR_Wnd0,AWB_ADDR_Wnd1,AWB_SAMP_CNT);
 241   1              //HAL_GprmDramDma(AWB_ADDR_Wnd0<<1,(K_SDRAM_JPG_FdbParameterBufAddr+K_SDRAM_JPG_FdbParameterBufSize-512*4
             -)<<1, 1024*4, 1);
 242   1      
 243   1              HAL_GprmCopy(AWB_ADDR_Wnd0
 244   1                                      ,AWB_SAMP_XCNT*2,AWB_SAMP_YCNT,0,0
 245   1                                      ,AWB_ADDR_Wnd1
 246   1                                      ,AWB_SAMP_XCNT,AWB_SAMP_YCNT,0,0,
 247   1                                      AWB_SAMP_XCNT,AWB_SAMP_YCNT,
 248   1                                      0,1
 249   1              );
 250   1              
 251   1              HAL_GprmCopy(AWB_ADDR_Wnd0
 252   1                                      ,AWB_SAMP_XCNT*2,AWB_SAMP_YCNT,AWB_SAMP_XCNT,0
 253   1                                      ,AWB_ADDR_Wnd1+AWB_SAMP_CNT
 254   1                                      ,AWB_SAMP_XCNT,AWB_SAMP_YCNT,0,0,
 255   1                                      AWB_SAMP_XCNT,AWB_SAMP_YCNT,
 256   1                                      0,1
 257   1              );
 258   1               
 259   1      }
 260          /**
 261           * @fn        void awbFilterResult(awb_filter_sum_t *sum)
 262           * @brief     read jobqueue result from dram
 263           * @param     [out] sum :result of jobqueue pointer
 264           * @retval    NONE
 265           * @author    wangjg
 266           * @since     2010-5-4
 267          */
 268          void awbFilterResult(awb_filter_sum_t *sum)
 269          {
 270   1              #define len ((UINT16)6*AWB_SUM_NUM)
 271   1              UINT32 pt32[len+10];
 272   1              UINT8 i,idx=0;
 273   1              UINT32 *wpsum = sum->wpsum;
 274   1              UINT32 *wp = sum->wp;
 275   1              UINT32 *wp0 = sum->wp0;
 276   1              UINT32 *rg0 = sum->rg0;
 277   1              UINT32 *bg0 = sum->bg0;
 278   1              UINT32 *ob = sum->ob;
 279   1      
 280   1              awb_sum_spot_t xdata* pt = (awb_sum_spot_t xdata*)pt32;
 281   1      #if 0   
                      //UINT8 pt8[240];
                      UINT8 *pt8=G_ucStorData;
                      
                      UINT8 *wp8 = sum->wp;
                      UINT8 *rg8 = sum->rg;
                      UINT8 *bg8 = sum->bg;
                      
                      UINT8 sts;
                      ENTER_CRITICAL(sts);
                      HAL_CpuRamMapSet(AWB_ADDR_Out, 1024ul, (void xdata* xdata*)&pt8);
                      //HAL_DmaSetDramAddr(AWB_ADDR_Out);
                      //HAL_DmaSetSramAddr(0x0000);
                      //HAL_DmaDo(0,1,240,0,0);
                      
                      for(i=0;i<AWB_SUM_NUM*4;i+=4)
                      {
C51 COMPILER V8.08   AWB_FILTER                                                            07/16/2022 19:06:34 PAGE 6   

                              idx=i*6;
                              wp8[i+0]=pt8[idx+3];
                              wp8[i+1]=pt8[idx+2];
                              wp8[i+2]=pt8[idx+1];
                              wp8[i+3]=pt8[idx+0];
                              idx+=8;
                              rg8[i+0]=pt8[idx+3];
                              rg8[i+1]=pt8[idx+2];
                              rg8[i+2]=pt8[idx+1];
                              rg8[i+3]=pt8[idx+0];
                              idx+=8;
                              bg8[i+0]=pt8[idx+3];
                              bg8[i+1]=pt8[idx+2];
                              bg8[i+2]=pt8[idx+1];
                              bg8[i+3]=pt8[idx+0];
                              
                              //wp[i]=pt32[i*6];
                              //rg[i]=pt32[i*6+2];
                              //bg[i]=pt32[i*6+4];
                      }
              
                      for(i=3;i>0;i--)
                      {
                              wp[i]=wp[i]     -wp[i-1];
                              rg[i]=rg[i]     -rg[i-1];
                              bg[i]=bg[i]     -bg[i-1];
                      }
                      HAL_CpuRamMapRcv();
                      EXIT_CRITICAL(sts);
              #else
 328   1              
 329   1              HAL_DramReadBytesAddr(AWB_ADDR_Out,(UINT8*)pt32,sizeof(pt32),2);
 330   1      #if 0
              
                      for(i=0;i<AWB_SUM_NUM;i++)
                      {               
                              wp[i]=pt32[i*6];
                              rg[i]=pt32[i*6+2];
                              bg[i]=pt32[i*6+4];
                      }
                      for(i=1;i<4;i++)
                      {
                              wp[i]=pt32[i*6]         -pt32[(i-1)*6];
                              rg[i]=pt32[i*6+2]       -pt32[(i-1)*6+2];
                              bg[i]=pt32[i*6+4]       -pt32[(i-1)*6+4];
                      }
              
              #else
 346   1              #if 1
 347   1              for(i=0;i<AWB_SUM_NUM;i++)
 348   1              {
 349   2                      if(awbResultPrintEn)printf("%lu,%lu,%lu\n",pt[i].wp.sum,pt[i].rg.sum,pt[i].bg.sum);
 350   2                      wp[i] = pt[i].wp.sum;//-pt[i-1].wp.sum;
 351   2                      wp0[i] = pt[i].wp.sum;//-pt[i-1].wp.sum;                
 352   2                      rg0[i] = pt[i].rg.sum;//-pt[i-1].rg.sum;
 353   2                      bg0[i] = pt[i].bg.sum;//-pt[i-1].bg.sum;
 354   2      #if 0
                              if(awbDebugCnt){
                                      printf("%bu(%lx,%lx,%lx)\n",i,pt[i].wp.sum,pt[i].rg.sum,pt[i].bg.sum);
                                      }
              #endif
 359   2              }
C51 COMPILER V8.08   AWB_FILTER                                                            07/16/2022 19:06:34 PAGE 7   

 360   1              for(i=1;i<5;i++)
 361   1              {
 362   2                      wp0[i] = pt[i].wp.sum-pt[i-1].wp.sum;
 363   2                      rg0[i] = pt[i].rg.sum-pt[i-1].rg.sum;
 364   2                      bg0[i] = pt[i].bg.sum-pt[i-1].bg.sum;
 365   2              }
 366   1              for(i=0;i<5;i++)
 367   1              {
 368   2                      wp[i] = wp0[i]+wp0[i+1];
 369   2                      wpsum[i] = pt[i].wp.sum;
 370   2              }
 371   1              wp[5]=0;
 372   1      #if 0
                      if(awbDebugCnt){
                              awbPrintfFilter("(%4lx,%4lx,%4lx,%4lx,%4lx,%4lx,%4lx,%4lx,%4lx,%4lx\n)" ,sum->wp[0],sum->wp[1],sum->wp[2
             -],sum->wp[3],sum->wp[4],sum->wp[5],sum->wp[6],sum->wp[7],sum->wp[8],sum->wp[9]        );
                      }
              #endif
 377   1              #else
                      wp0[AWB_SUM_A] = pt[1].wp.sum;
                      wp0[AWB_SUM_4] = pt[2].wp.sum - pt[0].wp.sum;
                      wp0[AWB_SUM_CW] = pt[3].wp.sum - pt[1].wp.sum;
                      wp0[AWB_SUM_5] = pt[4].wp.sum - pt[2].wp.sum;
                      wp0[AWB_SUM_D] = pt[5].wp.sum;
                      
                      rg0[AWB_SUM_A] = pt[1].rg.sum;
                      rg0[AWB_SUM_4] = pt[2].rg.sum - pt[0].rg.sum;
                      rg0[AWB_SUM_CW] = pt[3].rg.sum - pt[1].rg.sum;
                      rg0[AWB_SUM_5] = pt[4].rg.sum - pt[2].rg.sum;
                      rg0[AWB_SUM_D] = pt[5].rg.sum;
              
                      bg0[AWB_SUM_A] = pt[1].bg.sum;
                      bg0[AWB_SUM_4] = pt[2].bg.sum - pt[0].bg.sum;
                      bg0[AWB_SUM_CW] = pt[3].bg.sum - pt[1].bg.sum;
                      bg0[AWB_SUM_5] = pt[4].bg.sum - pt[2].bg.sum;
                      bg0[AWB_SUM_D] = pt[5].bg.sum;
              
                      wp0[5] = 0;
                      rg0[5] = 0;
                      bg0[5] = 0;
              
                      for(i=6;i<10;i++)
                      {
                              //wp[i] = pt[i].wp.sum;//-pt[i-1].wp.sum;
                              wp0[i] = pt[i].wp.sum;//-pt[i-1].wp.sum;
                              rg0[i] = pt[i].rg.sum;//-pt[i-1].rg.sum;
                              bg0[i] = pt[i].bg.sum;//-pt[i-1].bg.sum;
                      }
                      
                      memcpy(wp,wp0,4*10);
                      #endif
 410   1              //wp0[0] = pt[0].wp.sum;
 411   1              //rg0[0] = pt[0].rg.sum;
 412   1              //bg0[0] = pt[0].bg.sum;
 413   1              
 414   1              //wp0[5] = pt[5].wp.sum;
 415   1              //rg0[5] = pt[5].rg.sum;
 416   1              //bg0[5] = pt[5].bg.sum;
 417   1              /*
 418   1              wp[AWB_SUM_A] = pt[1].wp.sum;
 419   1              wp[AWB_SUM_4] = pt[2].wp.sum - pt[0].wp.sum;
 420   1              wp[AWB_SUM_CW] = pt[3].wp.sum - pt[1].wp.sum;
C51 COMPILER V8.08   AWB_FILTER                                                            07/16/2022 19:06:34 PAGE 8   

 421   1              wp[AWB_SUM_5] = pt[4].wp.sum - pt[2].wp.sum;
 422   1              wp[AWB_SUM_D] = pt[5].wp.sum;
 423   1              */
 424   1              /*
 425   1              for(i=3;i>0;i--)
 426   1              {
 427   1                      wp[i]=wp[i]     -wp[i-1];
 428   1                      rg[i]=rg[i]     -rg[i-1];
 429   1                      bg[i]=bg[i]     -bg[i-1];
 430   1              }
 431   1              */
 432   1              for(i=len;i<len+10;i+=2)
 433   1              {
 434   2                      *ob++=pt32[i];
 435   2              }
 436   1      #endif
 437   1      #endif
 438   1              
 439   1      #if 0
                      if(awbDebugCnt){
                              for(i=0;i<6;i++){
                                      printf("%bu(%lx,%lx,%lx)\n",i,sum->wp0[i],sum->rg0[i],sum->bg0[i]);
                                      //printf("%bu-(%lx,%lx,%lx)(%lx,%lx,%lx)\n",i,sum->wp[i],sum->rg[i],sum->bg[i],buf[i],buf[i+10],buf[i+2
             -0]);
                                      }
                      }
              #endif
 447   1      }
 448          
 449          void awbPostRect(UINT16 left,UINT16 right,UINT16 bottom,UINT16 top){
 450   1              UINT8 xdata* buf = G_FPGAMemPool;
 451   1              awb_moe_raw_t xdata* raw = buf;
 452   1              awb_moe_rect_t xdata* rect = buf;
 453   1              UINT32 addrQueue = K_SDRAM_ShadowAddr+((UINT32)buf-0x4000)/2;
 454   1              UINT8 bayerpv = awb.rawFmt & 0x0f;
 455   1              UINT8 bayersn = awb.rawFmt >> 4;
 456   1              UINT32 wp0,rg0,bg0;
 457   1              UINT16 rg = 550;
 458   1              UINT16 bg = 550;
 459   1              UINT16 dd = 500;
 460   1              UINT16 r0,r1,b0,b1;
 461   1              UINT32 size = sizeof(awb_moe_raw_t);
 462   1              UINT32 cnt = sizeof(awb_moe_raw_t)/sizeof(moe_queue_t);
 463   1              UINT32 addr = AWB_ADDR_Out+ 12ul*(0+6);
 464   1              awbReadWindow();
 465   1              //UINT32 addrTmp = K_SDRAM_CommonEndAddr+1024;
 466   1              //printf("addrQueue:%lx,%lx,%lu\n",addrQueue,K_SDRAM_ShadowAddr,cnt);
 467   1              awbMoeRaw(raw,bayerpv);
 468   1              HAL_MoeSetQueueEnd((moe_queue_t*)raw,cnt-1);
 469   1              //dramFileSave("AAA", addrQueue, size);
 470   1              HAL_MoeRunQueue(addrQueue, MOE_Trigger_Awb);
 471   1              
 472   1              size = sizeof(awb_moe_rect_sum_t);
 473   1              cnt = size/sizeof(moe_queue_t);
 474   1              //printf("AAA:%lx\n",addrQueue,cnt);
 475   1              awbMoeRect((awb_moe_rect_t*)rect,0,2);
 476   1              HAL_MoeSetQueueEnd((moe_queue_t*)rect,cnt-1);
 477   1              while(dd>=50){          
 478   2                      if(rg<dd || bg<dd){dd>>=1;}
 479   2                      r0 = rg-dd;
 480   2                      r1 = rg+dd;
 481   2                      b0 = bg-dd;
C51 COMPILER V8.08   AWB_FILTER                                                            07/16/2022 19:06:34 PAGE 9   

 482   2                      b1 = bg+dd;
 483   2                      if( r0<left){r0 = left;}
 484   2                      if( r1>right){r1 = right;}
 485   2                      if( b0<bottom){b0 = bottom;}
 486   2                      if( b1>top){b1 = top;}
 487   2                      moeCpWrite(rect->rect_left,     r0);    
 488   2                      moeCpWrite(rect->rect_right,r1);
 489   2                      moeCpWrite(rect->rect_down,b0);
 490   2                      moeCpWrite(rect->rect_up,       b1);            
 491   2                      
 492   2                      HAL_MoeRunQueue(addrQueue, MOE_Trigger_Awb);
 493   2      
 494   2                      HAL_DramReadBytesAddr(addr,(UINT8*)&wp0,4,2);
 495   2                      HAL_DramReadBytesAddr(addr+4,(UINT8*)&rg0,4,2);
 496   2                      HAL_DramReadBytesAddr(addr+8,(UINT8*)&bg0,4,2);
 497   2      
 498   2                      //printf("(%u,%u,%u)",rg,bg,dd);
 499   2                      if(wp0){
 500   3                              rg = rg0/wp0;
 501   3                              bg = bg0/wp0;
 502   3                      }else{
 503   3                              break;
 504   3                      }
 505   2                      printf("(%u,%u)\n",rg,bg);
 506   2                      dd>>=1;
 507   2              }
 508   1              awb.avgRg = rg;
 509   1              awb.avgBg = bg;
 510   1              awbGainSet(awb.avgRg, awb.avgBg);
 511   1      }
 512          void awbPostSpots()
 513          {
 514   1              UINT8 max0,max1;
 515   1              awb_filter_sum_t rst0/*,rst1*/,*rst;    
 516   1              UINT8 scene = awb.scene;
 517   1              UINT8 specMode = awb.specMode;
 518   1      
 519   1              //UINT8 max00,max01,max10,max11;
 520   1              awb.flowFlag+=AWB_FLAG_Spot;    
 521   1      
 522   1              awbReadWindow();
 523   1              HAL_MoeRunQueue(pawbaddr->queue[awb.scene],MOE_Trigger_Awb);    
 524   1              awbFilterResult(&rst0); 
 525   1              rst = &rst0;
 526   1              awbSpotsWp(rst,&max0,&max1);
 527   1      #if 0
                      //indoor        
                      awbReadWindow();
                      HAL_MoeRunQueue(pawbaddr->queue[AWB_SCENE_Normal],MOE_Trigger_Awb);     
                      awbFilterResult(&rst0); 
              
                      //outdoor       
                      awbReadWindow();
                      HAL_MoeRunQueue(pawbaddr->queue[AWB_SCENE_Outdoor],MOE_Trigger_Awb);    
                      awbFilterResult(&rst1); 
              
                      awb.sceneIdx = 0;
                      awbSceneUpdate((scene == AWB_SCENE_Normal)?&rst0:&rst1);
                      scene = awb.scene;
                      
                      awb.scene = AWB_SCENE_Normal;
                      awb.specMode = 0;
C51 COMPILER V8.08   AWB_FILTER                                                            07/16/2022 19:06:34 PAGE 10  

                      awbSpotsWp(&rst0,&max00,&max01);
                      
                      awb.scene = AWB_SCENE_Outdoor;
                      awb.specMode = 0;
                      awbSpotsWp(&rst1,&max10,&max11);
                      
                      if(scene == AWB_SCENE_Normal){
                              if(rst1.wp[AWB_SUM_D]>AWB_SAMP_CNT/5){
                                      //to outdoor
                                      scene = AWB_SPEC_Outdoor;awb.specMode = 0;
                              }else if(rst1.wp[AWB_SUM_5]+rst1.wp[AWB_SUM_D]>AWB_SAMP_CNT/3){
                                      //to outdoor
                                      scene = AWB_SPEC_Outdoor;awb.specMode = 0;
                              }
                      }
                      awb.scene = scene;
                      #if 0
                      //printf("A0\n");
                      if(awb.gid>=(awb.brightGid)){
                              specMode= AWB_SPEC_Outdoor;
                      }else if(awb.contrast > awb.brightContrast      ){//printf("B0\n");
                              specMode= AWB_SPEC_Outdoor;     
                      }else if(awb.gid<=awb.brightGid/3){     //printf("B1\n");
                              specMode = AWB_SPEC_Indoor;
                      }else if(awb.contrast < awb.darkContrast        ){//printf("B2\n");
                              specMode= AWB_SPEC_Indoor;      
                      }else if(max00==max10){//printf("B3\n");
                              //scene not change
                      }else if(max00<2){//printf("B4\n");
                              specMode = AWB_SPEC_Indoor;
                      }else if(specMode&AWB_SPEC_Outdoor){//printf("B5\n");
                              specMode= AWB_SPEC_Outdoor;
                      }else if(specMode&AWB_SPEC_Indoor){//printf("B6\n");
                              specMode = AWB_SPEC_Indoor;     
                      }else if(scene == AWB_SCENE_Normal){
                              if (rst0.wp[AWB_SUM_Sward]>AWB_SAMP_CNT/5){
                                      //to outdoor
                                      specMode = AWB_SPEC_Sward;
                              }else if(rst0.wp[AWB_SUM_Sky]>AWB_SAMP_CNT/10){
                                      //to outdoor
                                      specMode = AWB_SPEC_Sky;
                              }else if(rst0.wp[AWB_SUM_Office]>AWB_SAMP_CNT/10){
                                      //not change
                                      specMode = AWB_SPEC_Office;
                              }else if(rst1.wp[AWB_SUM_D]>AWB_SAMP_CNT/5){
                                      //to outdoor
                                      specMode = AWB_SPEC_Outdoor;
                              }else if(rst1.wp[AWB_SUM_5]+rst1.wp[AWB_SUM_D]>AWB_SAMP_CNT/3){
                                      //to outdoor
                                      specMode = AWB_SPEC_Outdoor;
                              }else{
                                      //not change
                                      specMode = AWB_SPEC_Indoor;
                              }
                              //printf("A10\n");
                      }else if(scene == AWB_SCENE_Outdoor){   
                              if(rst1.wp[AWB_SUM_Sward]>AWB_SAMP_CNT/10){
                                      //scene not change
                                      specMode = AWB_SPEC_Sward;
                              }else if(rst1.wp[AWB_SUM_Sky]>AWB_SAMP_CNT/10){
                                      //scene not change
                                      specMode = AWB_SPEC_Sky;
C51 COMPILER V8.08   AWB_FILTER                                                            07/16/2022 19:06:34 PAGE 11  

                              }else if(rst0.wp[AWB_SUM_Office]>AWB_SAMP_CNT/5){               
                                      //to indoor
                                      specMode = AWB_SPEC_Office;
                              }else{
                                      specMode = AWB_SPEC_Outdoor;
                              }
                              //printf("A20\n");
                      }
                      if(specMode== AWB_SPEC_Indoor){
                              if(rst0.wp[AWB_SUM_Office]>AWB_SAMP_CNT/20){
                                      specMode = AWB_SPEC_Office;
                              }
                      }else if(specMode== AWB_SPEC_Outdoor){
                              if (rst0.wp[AWB_SUM_Sward]>AWB_SAMP_CNT/20){
                                      //to outdoor
                                      specMode = AWB_SPEC_Sward;
                              }else if(rst0.wp[AWB_SUM_Sky]>AWB_SAMP_CNT/20){
                                      //to outdoor
                                      specMode = AWB_SPEC_Sky;
                              }
                      }
                      if(specMode&AWB_SPEC_Outdoor){
                              awb.scene = AWB_SCENE_Outdoor;
                              if((specMode & AWB_SPEC_Outdoor) != AWB_SPEC_Outdoor){
                                      awb.specMode = specMode;
                              }
                              
                      }else if(specMode&AWB_SPEC_Indoor){
                              awb.scene = AWB_SCENE_Normal;   
                              if((specMode & AWB_SPEC_Indoor) != AWB_SPEC_Indoor){
                                      awb.specMode = specMode;
                              }
                              
                      }
                      #endif
                      if(awb.scene == AWB_SCENE_Normal){
                              rst = &rst0;max0=max00;max1=max01;
                      }else{
                              rst = &rst1;max0=max10;max1=max11;
                      }
              #endif
 647   1              
 648   1      //printf("A30\n");
 649   1      //printf("%bu,%bu,%bu\n",scene,awb.scene,awb.specMode);
 650   1              if(!awbSpotsLack(rst,max0)){                    
 651   2                      UINT8 idx = awbSpotsCase(rst, max0, max1);
 652   2                      awbSpotsAvg(rst,idx);
 653   2                      awbSpotsSpecial(rst,idx);       
 654   2                      //printf("++%bu,%bu\n",max0,idx);
 655   2                      //awb.flowFlag+=idx;
 656   2              }               
 657   1              awb.avgRg = (awb.avgRg+awb.setRg)>>1;
 658   1              awb.avgBg = (awb.avgBg+awb.setBg)>>1;
 659   1              if(awb.mode){
 660   2                      if(awb.avgRg<awb.fixRg0){awb.avgRg=awb.fixRg0;}
 661   2                      else if(awb.avgRg>awb.fixRg1){awb.avgRg = awb.fixRg1;}
 662   2                      if(awb.avgBg<awb.fixBg0){awb.avgBg=awb.fixBg0;}
 663   2                      else if(awb.avgBg>awb.fixBg1){awb.avgBg = awb.fixBg1;}
 664   2              }
 665   1              //printf("(%u,%u)(%u,%u)\n",awb.avgRg,awb.avgBg,awb.setRg,awb.setBg);
 666   1              awbGainSet(awb.avgRg, awb.avgBg);
 667   1      }
C51 COMPILER V8.08   AWB_FILTER                                                            07/16/2022 19:06:34 PAGE 12  

 668          #endif
 669          


MODULE INFORMATION:   STATIC OVERLAYABLE
   CODE SIZE        =   3350    ----
   CONSTANT SIZE    =     22    ----
   XDATA SIZE       =      2     620
   PDATA SIZE       =   ----    ----
   DATA SIZE        =   ----    ----
   IDATA SIZE       =   ----    ----
   BIT SIZE         =   ----    ----
   EDATA SIZE       =   ----    ----
   HDATA SIZE       =   ----    ----
   XDATA CONST SIZE =   ----    ----
   FAR CONST SIZE   =   ----    ----
END OF MODULE INFORMATION.


C51 COMPILATION COMPLETE.  0 WARNING(S),  0 ERROR(S)
