C51 COMPILER V8.08   AWB_DECIDER                                                           07/16/2022 19:06:33 PAGE 1   


C51 COMPILER V8.08, COMPILATION OF MODULE AWB_DECIDER
OBJECT MODULE PLACED IN .\obj\awb_decider.obj
COMPILER INVOKED BY: c:\Keil\C51\BIN\C51.EXE awb_decider.c LARGE OMF2 OPTIMIZE(9,SIZE) NOAREGS INCDIR(..\..\..\inc;..\..
                    -\..\inc\os;..\..\..\inc\hal;..\..\..\inc\middleware;..\..\..\inc\sp1k;..\..\..\..\host\inc\app;..\..\..\..\host\inc\cust
                    -omization) DEFINE(LIB_RELEASE) PRINT(.\obj\awb_decider.lst) OBJECT(.\obj\awb_decider.obj)

line level    source

   1          /**************************************************************************
   2           *         Copyright(c) 2010 by i-Catch Technology Co., Ltd.              *
   3           *                                                                        *
   4           *  This software is copyrighted by and is the property of i-Catch Tech-  *
   5           *  nology Co., Ltd. All rights are reserved by i-Catch Technology Co.,   *
   6           *  Ltd. This software may only be used in accordance with the            *
   7           *  corresponding license agreement. Any unauthorized use, duplication,   *
   8           *  distribution, or disclosure of this software is expressly forbidden.  *
   9           *                                                                        *
  10           *  This Copyright notice "M U S T" not be removed or modified without    *
  11           *  prior written consent of i-Catch Technology Co., Ltd.                 *
  12           *                                                                        *
  13           *  i-Catch Technology Co., Ltd. reserves the right to modify this        *
  14           *  software without notice.                                              *
  15           *                                                                        *
  16           *  i-Catch Technology Co., Ltd.                                          *
  17           *  19-1, Innovation First Road, Science-Based Industrial Park,           *
  18           *  Hsin-Chu, Taiwan, R.O.C.                                              *
  19           *                                                                        *
  20           *************************************************************************/
  21           
  22          /**
  23           * @file      awb_decider.c
  24           * @brief    awb decider 
  25           * @author    wangjg
  26           * @since     2010-05-05
  27           * @date      2010-05-05
  28          */
  29          
  30          /**************************************************************************
  31           *                        H E A D E R   F I L E S
  32           **************************************************************************/
  33          #include "awb_moe.h" 
  34          #include "awb_func.h"
  35          #if AWB_ENABLE
  36          /**************************************************************************
  37           *                           C O N S T A N T S                            *
  38           **************************************************************************/
  39           
  40          /**************************************************************************
  41           *                              M A C R O S                               *
  42           **************************************************************************/
  43           #define AWB_GAIN_COUNT 5
  44          /**************************************************************************
  45           *                          D A T A    T Y P E S                          *
  46           **************************************************************************/
  47           
  48          /**************************************************************************
  49           *                         G L O B A L    D A T A                         *
  50           **************************************************************************/
  51          UINT16 awbCmA[9],/*awbCmCw[9],*/awbCmD[9];
  52          //UINT8 awbCmASign[8],awbCmDSign[8];
  53          
C51 COMPILER V8.08   AWB_DECIDER                                                           07/16/2022 19:06:33 PAGE 2   

  54          //UINT32 awbCountNormal=0,awbCountOutdoor=0;
  55          //UINT8 awbSpotDelayIdx=0;
  56          UINT16 awbRgains[AWB_GAIN_COUNT+1],awbBgains[AWB_GAIN_COUNT+1];
  57          UINT8 awbGainsCnt=0;
  58          
  59          /**************************************************************************
  60           *                 E X T E R N A L    R E F E R E N C E S                 *
  61           **************************************************************************/
  62          
  63          /**************************************************************************
  64           *               F U N C T I O N    D E C L A R A T I O N S               *
  65           **************************************************************************/
  66          /**
  67           * @fn        void awbAutoOb(UINT32 *ob)
  68           * @brief     awbAutoOb
  69           * @param     [in] ob
  70           * @retval    NONE
  71           * @author    wangjg
  72           * @since     2010-8-30
  73          */
  74          void awbAutoOb(UINT32 *ob)
  75          {
  76   1      #if AWB_AUTO_WBOffset
  77   1              UINT16 rg = awb.setRg;
  78   1              UINT16 bg = awb.setBg;
  79   1              UINT32 wp = ob[4];
  80   1              UINT16 obs[4];
  81   1              UINT32 avg,val;
  82   1              UINT8 i,err,dt,d0,d1;
  83   1              UINT8 thr = awb.obThr;
  84   1      
  85   1              awb.flowFlag += AWB_FLAG_AutoOb;
  86   1              if(wp<AWB_SAMP_CNT/64)
  87   1                      return;         
  88   1              if(awb.contrast<awb.darkContrast){
  89   2                      awb.obThr = 0;
  90   2              }else if(awb.scene == AWB_SCENE_Outdoor){
  91   2                      awb.obThr = 8;
  92   2              }else if(awb.gid>awb.darkGid){
  93   2                      awb.obThr = 4;
  94   2              }else if(awb.luma>awb.darkLuma){
  95   2                      awb.obThr = 2;
  96   2              }else{
  97   2                      awb.obThr = 0;
  98   2              }
  99   1              if(awb.luma<awb.darkLuma)thr*=2;
 100   1              HAL_CdspWBOffsetGet(obs,obs+1,obs+2,obs+3);
 101   1              ob[0]=(ob[0]*rg)>>8;
 102   1              ob[2]=(ob[2]*bg)>>8;
 103   1              avg = (ob[0]+ob[1]+ob[2]+ob[3])/4;
 104   1      
 105   1              for(i=0;i<4;i++){
 106   2                      val = ob[i];
 107   2                      if(val>=avg){
 108   3                              err = -(UINT8)((val-avg)/wp);
 109   3                      }
 110   2                      else{
 111   3                              err = (UINT8)((avg-val)/wp);
 112   3                      }
 113   2      
 114   2                      //if(err>2) err<<=2;
 115   2                      //else if(err>1) err<<=1;
C51 COMPILER V8.08   AWB_DECIDER                                                           07/16/2022 19:06:33 PAGE 3   

 116   2      
 117   2                      dt = ((UINT8)obs[i])+err;
 118   2      
 119   2                      d0 = awb.ob0[i]+thr;
 120   2                      d1 = awb.ob0[i]-thr/2;
 121   2      
 122   2                      if(d0<0x80)d0=0xff;
 123   2                      
 124   2                      if(dt<0x80)     dt=0xff;
 125   2                      if(dt>d0) dt = d0;
 126   2                      else if(dt<d1)  dt = d1;
 127   2                      
 128   2                      //if(awb.spotIdx<=1)dt/=2;
 129   2                      awb.ob[i] = dt;
 130   2                      
 131   2                      obs[i] = (obs[i]&0x0300) | dt;
 132   2              }
 133   1              
 134   1              HAL_CdspWBOffsetSet(obs[0],obs[1],obs[2],obs[3]);
 135   1      #if 0   
                      awbPrintf("(%d,%d)%ld(%ld,%ld,%ld,%ld)",awb.setRg,awb.setBg,wp,ob[0]/wp,ob[1]/wp,ob[2]/wp,ob[3]/wp);
                      awbPrintf("(%bx,%bx,%bx,%bx)(%bx,%bx,%bx,%bx)\n",awb.ob[0],awb.ob[1],awb.ob[2],awb.ob[3]        ,awb.ob0[0],awb.
             -ob0[1],awb.ob0[2],awb.ob0[3]);
              #endif  
 139   1      #else
                      ob=ob;
              #endif
 142   1      }
 143          #if AWB_NoUsed
              void awbAutoColorMatrix()
              {
                      UINT16 cm[9],i=9;
                      UINT16 rg = awb.setRg;
                      UINT16 bg = awb.setBg;
                      UINT16 rg0 = awb.ctcRg[0];
                      UINT16 bg0 = awb.ctcBg[0];
                      UINT16 rg1 = awb.ctcRg[1];
                      UINT16 bg1 = awb.ctcBg[1];
                      UINT16 d0 = _ABS(rg, rg0)+_ABS(bg, bg0);
                      UINT16 d1 = _ABS(rg, rg1)+_ABS(bg, bg1);
                      UINT16 d = d0+d1;
              
                      if(bg+rg1>bg1+rg)//bg-rg<bg1-rg1
                      {
                              d0 = ((UINT32)d0<<8)/d;
                              d1 = ((UINT32)d1<<8)/d;
                              
                              while(i--)
                              {
                                      UINT32 v0 = awbCmA[i]*d1;
                                      UINT32 v1 = awbCmD[i]*d0;
                                      UINT32 val;
                                      UINT16 sign=0;
                                      if(awbCmASign[i])v0=-v0;
                                      if(awbCmDSign[i])v1=-v1;
                                      val = v0+v1;
                                      if(val&0x8000){sign = 0x0200;val=-val;}
                                      val>>=8;
                                      if(val>0x01ff)val = 0x01ff;
                                      cm[i] = (UINT16)val | sign;
                              }
                              
C51 COMPILER V8.08   AWB_DECIDER                                                           07/16/2022 19:06:33 PAGE 4   

                      }
                      else
                      {
                              while(i--)cm[i]=awbCmD[i]|(awbCmDSign[i]?0x0200:0);
                      }
                      memcpy(&(XBYTE[0x2192]),cm,18);
              }
              #endif  
 185          
 186          void awbAutoHueSat(UINT8 satEnDark)
 187          {
 188   1      #if 1
 189   1              UINT8 luma = awb.luma;
 190   1              UINT8 sat = awbUVSat;
 191   1      
 192   1              if(luma<awb.darkLuma && (satEnDark == AWB_FUNC_Enable)  )
 193   1              {
 194   2                      sat = (UINT16)(awbUVSat/2)*luma/awb.darkLuma+awbUVSat/2;
 195   2              }       
 196   1              if(sat!= awbUVSat)
 197   1              {               
 198   2                      XBYTE[0x21B7] = sat ;
 199   2              }
 200   1      #endif
 201   1      }
 202          /**
 203           * @fn        void awbDecider(awb_filter_sum_t* rst)
 204           * @brief     awb decider flow
 205           * @param     [in] rst  :filter result
 206           * @retval    NONE
 207           * @author    wangjg
 208           * @since     2010-5-5
 209          */
 210          void awbDecider()//awb_filter_sum_t* rst)
 211          {
 212   1              awb_filter_sum_t rst;
 213   1              UINT8 obEn = awb.obEn;
 214   1              UINT8 satEnDark = awb.satEnDark;
 215   1              awbTimerGet(awbTimer.decider+0);
 216   1              awb.flowFlag = 0;       
 217   1              awbTimerGet(awbTimer.decider+1);
 218   1              awbFilterResult(&rst);  
 219   1              awbTimerGet(awbTimer.decider+2);
 220   1              if(obEn == AWB_FUNC_Enable){
 221   2                      awbAutoOb(rst.ob);
 222   2              }
 223   1              if(awbSceneUpdate(&rst)){
 224   2                      awb.flowFlag = AWB_FLAG_Scene_Pass;
 225   2                      return;
 226   2              }
 227   1              if(!awbGetAeInfo())     {
 228   2                      awb.flowFlag = AWB_FLAG_AE_Pass;
 229   2                      return;
 230   2              }       
 231   1              awbTimerGet(awbTimer.decider+3);
 232   1              awbSpotsDecider(&rst);          
 233   1              awbTimerGet(awbTimer.decider+4);
 234   1              
 235   1              if(satEnDark == AWB_FUNC_Enable){
 236   2                      awbAutoHueSat(satEnDark);
 237   2              }
 238   1              awbTimerGet(awbTimer.decider+5);
C51 COMPILER V8.08   AWB_DECIDER                                                           07/16/2022 19:06:33 PAGE 5   

 239   1              if(awbDebugCnt)
 240   1              {
 241   2                      awbPrintfDecider("%bu(%4u,%4u)(%4u,%4u)"        ,awb.scene,awb.avgRg,awb.avgBg,awb.setRg,awb.setBg      );      
 242   2                      //awbPrintfDecider("(%bx,%bx,%bx,%bx,%bx)"      ,awb.spotEn[0],awb.spotEn[1],awb.spotEn[2],awb.spotEn[3],awb.
             -spotEn[4]);
 243   2                      awbPrintfDecider("(%4lx,%4lx,%4lx,%4lx,%4lx,%4lx,%4lx,%4lx,%4lx,%4lx)"  ,rst.wp[0],rst.wp[1],rst.wp[2],rs
             -t.wp[3],rst.wp[4],rst.wp[5],rst.wp[6],rst.wp[7],rst.wp[8],rst.wp[9]   );
 244   2                      //awbPrintf("%bx,%bx\n",XBYTE[0x2277],awb.stable);
 245   2                      awbPrintfDecider("(%bu,%bu,%bu)",awb.gid,awb.luma,awb.contrast);
 246   2                      awbPrintfDecider("\n");
 247   2                      //dumpData(16, (UINT32)&(XBYTE[0x2110]), 0);
 248   2                      //dumpData(16, (UINT32)&(XBYTE[0x2150]), 0);
 249   2                      if(awbDebugCnt!=0xff)
 250   2                              awbDebugCnt--;
 251   2              }
 252   1      }
 253          
 254          /**
 255           * @fn        void awbSpotsDecider(awb_filter_sum_t* rst)
 256           * @brief     spots decider
 257           * @param     [in] rst
 258           * @retval    NONE
 259           * @author    wangjg
 260           * @since     2010-5-5
 261          */
 262          void awbSpotsDecider(awb_filter_sum_t* rst)
 263          {
 264   1              UINT8 max0,max1;
 265   1              UINT8 lstIdx = awb.spotIdx;
 266   1              UINT8 idx;
 267   1              awb.flowFlag += AWB_FLAG_Spot;
 268   1              awbSpotsWp(rst,&max0,&max1);
 269   1              if(!awbSpotsLack(rst,max0))
 270   1              {               
 271   2                      idx = awbSpotsCase(rst, max0, max1);
 272   2                      if(!awbSpotsDelay(idx))
 273   2                      {                       
 274   3                              awbSpotsAvg(rst,idx);
 275   3                              awbSpotsSpecial(rst,idx);
 276   3                      }               
 277   2              }
 278   1              awbGainAvg();   
 279   1              if(awbDebugCnt){
 280   2                      awbPrintfSpotDecider("avg(%u,%u),tag(%u,%u)\n",awb.avgRg,awb.avgBg,awb.tagRg,awb.tagBg);
 281   2              }
 282   1      }
 283          
 284          /**
 285           * @fn        void awbSpotsWp(awb_filter_sum_t* rst, UINT8 *max0, UINT8 *max1)
 286           * @brief     weighting spots
 287           * @param     [in] rst
 288           * @param     [in] max0
 289           * @param     [in] max1
 290           * @retval    NONE
 291           * @author    wangjg
 292           * @since     2010-5-5
 293          */
 294          void awbSpotsWp(awb_filter_sum_t* rst,UINT8 *max0,UINT8 *max1)
 295          {
 296   1              UINT8 i;
 297   1              UINT8 wi0=0,wi1=0;
 298   1              UINT32 w0=0,w1=0;
C51 COMPILER V8.08   AWB_DECIDER                                                           07/16/2022 19:06:33 PAGE 6   

 299   1              UINT32 *wp = rst->wp;//[AWB_SUM_NUM_SPOT];
 300   1              UINT8 lstIdx = awb.spotIdx;
 301   1              //memcpy(wp,awb.spotEn,AWB_SUM_NUM_SPOT);
 302   1              //memset(wp,1,AWB_SUM_NUM_SPOT);
 303   1              
 304   1              if(awb.scene==AWB_SCENE_Outdoor)
 305   1              {
 306   2                      wp[AWB_SUM_A]=0;
 307   2                      wp[AWB_SUM_4]=0;
 308   2                      wp[AWB_SUM_CW]=0;
 309   2                      //wp[AWB_SUM_5]<<=1;
 310   2                      //wp[AWB_SUM_D]<<=1;
 311   2                      /*if(awb.specMode == AWB_SPEC_Sward)
 312   2                      {
 313   2                              //wp[AWB_SUM_CW]=0;
 314   2                              wp[AWB_SUM_5]<<=1;
 315   2                              //wp[AWB_SUM_D]>>=1;
 316   2                      }
 317   2                      else if(awb.specMode == AWB_SPEC_Sky)
 318   2                      {
 319   2                              //wp[AWB_SUM_CW]=
 320   2                              wp[AWB_SUM_5]<<=1;
 321   2                              //wp[AWB_SUM_D]>>=1;
 322   2                      }
 323   2                      
 324   2                      if(awb.gid>awb.brightGid)
 325   2                      {
 326   2                              wp[AWB_SUM_CW]=0;
 327   2                      }*/
 328   2                      if(awb.gid>65)
 329   2                      {
 330   3                              //wp[AWB_SUM_D]=0;
 331   3                              //wp[AWB_SUM_D]+=wp[AWB_SUM_Sky];
 332   3                              //rst->wp0[AWB_SUM_D]+=wp[AWB_SUM_Sky];
 333   3                              //rst->rg0[AWB_SUM_D]+=rst->rg0[AWB_SUM_Sky];
 334   3                              //rst->bg0[AWB_SUM_D]+=rst->bg0[AWB_SUM_Sky];
 335   3                      }
 336   2              }
 337   1              else if(awb.scene==AWB_SCENE_Normal)
 338   1              {
 339   2                      if(awb.specMode == AWB_SPEC_Office)
 340   2                      {
 341   3                              wp[AWB_SUM_A]=0;
 342   3                              wp[AWB_SUM_4]=0;
 343   3                              wp[AWB_SUM_CW]=0;
 344   3                      }
 345   2                      /*if(awb.gid < awb.darkGid && awb.luma<awb.darkLuma)
 346   2                      {
 347   2                              wp[AWB_SUM_D]=0;
 348   2                              //if(awb.spotIdx<=1)wp[AWB_SUM_5] = 0;
 349   2                              
 350   2                      }*/
 351   2                      //wp[AWB_SUM_A]<<=1;
 352   2                      //wp[AWB_SUM_CW]<<=1;
 353   2                      //wp[AWB_SUM_D]<<=1;
 354   2              }
 355   1              
 356   1              //if(lstIdx<AWB_SUM_NUM_SPOT)
 357   1              //{
 358   1              //      wp[lstIdx]<<=1;
 359   1              //}
 360   1              for(i=0;i<AWB_SUM_NUM_SPOT;i++)
C51 COMPILER V8.08   AWB_DECIDER                                                           07/16/2022 19:06:33 PAGE 7   

 361   1              {
 362   2                      //UINT8 k=wp[i];
 363   2                      UINT32 w=awb.spotEn[i]*wp[i];
 364   2                      //UINT32 r=rst->rg[i];
 365   2                      //UINT32 b=rst->bg[i];          
 366   2      
 367   2                      //w*=k;
 368   2                      //r*=k;
 369   2                      //b*=k;         
 370   2                      
 371   2                      rst->wp[i] = w;
 372   2                      //rst->rg[i ]=r;
 373   2                      //rst->bg[i] =b;        
 374   2      
 375   2                      if(w>w0)        {
 376   3                              w1=w0;
 377   3                              wi1=wi0;
 378   3                              w0=w;
 379   3                              wi0=i;
 380   3                      }else if(w>w1){
 381   3                              w1=w;
 382   3                              wi1=i;
 383   3                      }
 384   2              }       
 385   1              if(wi0 == lstIdx)
 386   1              {
 387   2                      wp[lstIdx]<<=1;
 388   2              }                       
 389   1              
 390   1              *max0=wi0;
 391   1              *max1=wi1;
 392   1      }
 393          /**
 394           * @fn        void awbSpotsAvg(awb_filter_sum_t* rst, UINT8 idx)
 395           * @brief     compute gain using weighting average
 396           * @param     [in] rst
 397           * @param     [in] idx
 398           * @retval    NONE
 399           * @author    wangjg
 400           * @since     2010-5-5
 401          */
 402          void awbSpotsAvg(awb_filter_sum_t* rst,UINT8 max0)
 403          {
 404   1              /* main peak    200%
 405   1               *  neighbor    100%
 406   1               *  >60%                100%
 407   1               *  >20%                50%
 408   1               *  other       0%
 409   1               */
 410   1              UINT8 i,idx;//,wpi;
 411   1              UINT32 *wp = rst->wp;
 412   1              UINT32 *wp0 = rst->wp0;
 413   1              UINT32 *rgs = rst->rg0;
 414   1              UINT32 *bgs = rst->bg0;
 415   1              UINT32 ws=0;//rst->wp0[idx];
 416   1              UINT32 rs=0;//rst->rg0[idx];
 417   1              UINT32 bs=0;//rst->bg0[idx];
 418   1              //UINT16 div = wp>1024?wp/512:1;// wp over flow
 419   1              UINT32 wps[6];  
 420   1              
 421   1              UINT32 k;
 422   1              UINT8 i0=max0-1,i1=max0,i2=max0+1,i3=max0+2;
C51 COMPILER V8.08   AWB_DECIDER                                                           07/16/2022 19:06:33 PAGE 8   

 423   1      
 424   1              if(wp0[i1]>wp0[i2])idx=i1;
 425   1              else idx=i2;    
 426   1              if(max0==0)
 427   1              {
 428   2                      k = wp0[i1]+wp0[i2];
 429   2                      awb.avgRg = (rgs[i1]+rgs[i2])/k;
 430   2                      awb.avgBg = (bgs[i1]+bgs[i2])/k;
 431   2                      return;
 432   2              }
 433   1              else if(max0==4)
 434   1              {
 435   2                      ws = wp0[i1]+wp0[i2];
 436   2                      rs = rgs[i1]+rgs[i2];
 437   2                      bs = bgs[i1]+bgs[i2];
 438   2                      if(idx==i1){
 439   3                              ws += wp0[i0]+wp0[idx]+ws;
 440   3                              rs += rgs[i0]+rgs[idx]+rs;
 441   3                              bs += bgs[i0]+bgs[idx]+bs;
 442   3                      }
 443   2                      awb.avgRg = rs/ws;
 444   2                      awb.avgBg = bs/ws;              
 445   2                      return;
 446   2              }
 447   1              /*
 448   1              if(max0==0 || max0==4)
 449   1              {
 450   1                      k = wp0[i1]+wp0[i2];
 451   1                      awb.avgRg = (rgs[i1]+rgs[i2])/k;
 452   1                      awb.avgBg = (bgs[i1]+bgs[i2])/k;
 453   1                      return;
 454   1              }
 455   1              */
 456   1              //init wps
 457   1              memset(wps,0,6*4);
 458   1              if(wp[i0])      wps[i0]=wp[i0]+wp0[i0]; 
 459   1              if(wp[i2])wps[i3]=wp[i2]+wp0[i3];
 460   1              wps[i1]=wp[i1]+wp0[i1];
 461   1              wps[i2]=wp[i1]+wp0[i2]; 
 462   1              
 463   1              if(awb.scene == AWB_SCENE_Normal)
 464   1              {
 465   2                      #if 0
                              UINT16 dd0,dd1,rg0,bg0,rg1,bg1;
                              SINT16 d0,d1,d;
                              // 0 //////////////////
                              i = idx/2;
                              if(i&1){
                                      rg0 = awb.ctcRg[i];
                                      bg0=awb.ctcBg[i];
                                      rg1 = (awb.ctcRg[i]+awb.ctcRg[i+1])/2;
                                      bg1= (awb.ctcBg[i]+awb.ctcBg[i+1])/2;   
                                      
                              }else{
                                      rg1 = awb.ctcRg[i];
                                      bg1=awb.ctcBg[i];
                                      rg0 = (awb.ctcRg[i]+awb.ctcRg[i-1])/2;
                                      bg0= (awb.ctcBg[i]+awb.ctcBg[i-1])/2;
                              }
                              d0=bg0-rg0;     
                              d1=bg1-rg1;             
                              d = bgs[idx]-rgs[idx];
C51 COMPILER V8.08   AWB_DECIDER                                                           07/16/2022 19:06:33 PAGE 9   

                              dd0 = _ABS(d, d0);
                              dd1 = _ABS(d, d1);
                              if(idx==i1)
                              {
                                      wp0[i3]=0;
                                      wps[i1]<<=1;
                                      if(dd0<dd1){
                                              wps[i0]<<=1;
                                              //wpi = i0;
                                      }else if(dd0>dd1)       {                       
                                              wps[i2]<<=1;
                                              //wpi = i2;
                                      }
                              }else{
                                      wp0[i0]=0;
                                      wps[i2]<<=1;
                                      if(dd0<dd1){
                                              wps[i1]<<=1;
                                              //wpi = i1;
                                      }else if(dd0>dd1)       {                       
                                              wps[i3]<<=1;
                                              //wpi = i3;     
                                      }
                              }               
                              #endif
 510   2                      if(awb.specMode== AWB_SPEC_Office)
 511   2                              wps[4]<<=2;
 512   2              }       
 513   1              if(awb.scene == AWB_SCENE_Outdoor)
 514   1              {
 515   2              #if 0
                              wps[idx]<<=1;
                              wps[i1]<<=1;
                              wps[i2]<<=1;
                              if(idx==i1 && wp[i2]>wp[i3])
                                      wp[i3]=0;
                              else
                                      wps[i3]<<=1;
              
                              if(awb.specMode==AWB_SPEC_Sward)
                                      wps[i1]<<=1;
                              if(awb.specMode==AWB_SPEC_Sky){
                                      wps[i2]<<=1;
                                      wps[i3]<<=1;
                              }       
                      #endif
 531   2              }
 532   1              for(i=i0;i<=i3;i++)
 533   1              {
 534   2                      if(rst->wp0[i]){
 535   3                              //k= wps[i]/rst->wp0[i];
 536   3                              k=wps[i];
 537   3                              if(k){
 538   4                                      ws+=k;
 539   4                                      rs+=rst->rg0[i]/rst->wp0[i] *k;
 540   4                                      bs+=rst->bg0[i]/rst->wp0[i] *k;
 541   4                              }
 542   3                      }
 543   2              }
 544   1              if(ws)
 545   1              {
 546   2                      awb.avgRg = rs/ws;
C51 COMPILER V8.08   AWB_DECIDER                                                           07/16/2022 19:06:33 PAGE 10  

 547   2                      awb.avgBg = bs/ws;
 548   2              }
 549   1              #if 0
                      /*UINT16 wp95 = wp*0.95;
                      UINT16 wp9 = wp*0.9;    
                      UINT16 wp8 = wp*0.8;
                      UINT16 wp7 = wp*0.7;
                      UINT16 wp6 = wp*0.6;
                      UINT16 wp5 = wp*0.5;
                      UINT16 wp3 = wp*0.3;
                      UINT32 wk;*/
                      //UINT8 div;
                      //UINT8 k=1;
                      /*
                      gain            samp            wp      wpSpot                  
                      1024    1024    8       8       16      16      4294967296      100000000
                              1                                                       2       4294967296      100000000
                              0.5                                                     1       4294967296      100000000
                      */
                      memset(wps,0,6*4);
                      for(i=0;i<AWB_SUM_NUM_SPOT;i++)//wp curve
                      {
                              wk = rst->wp[i];
                              //if(i-idx==1 || idx-i==1 || idx==i)k=16;
                              if(wk>=wp95)k=8;                
                              else if(wk>wp9)k=6;
                              else if(wk>wp8)k=4;
                              else if(wk>wp6)k=2;
                              else if(wk>wp3)k=1;
                              else k=0;
              
                              if(rst->wp0[i] + rst->wp0[i+1])
                                      k= k*wk/(rst->wp0[i]+rst->wp0[i+1]);
                              wps[i]+=k;
                              wps[i+1]+=k;
                              if(i)wps[i]>>=1;
                      }
                      //if(idx==0)
                      //      wps[0]=wps[1];
                      //else if(idx==4)
                      //      wps[5]=wps[4];
                      wp = 0;
                      for(i=0;i<=AWB_SUM_NUM_SPOT;i++)
                              if(wp<rst->wp0[i]){wp = rst->wp0[i];idx = i;}
                      wp = rst->wp0[idx];
                      //wp95 = wp*0.95;
                      //wp9 = wp*0.9;
                      wp8 = wp*0.8;
                      wp5 = wp*0.5;
                      wp3 = wp*0.3;
                      for(i=0;i<=AWB_SUM_NUM_SPOT;i++)//wp0 curve
                      {       
                              wk = rst->wp0[i];
                              //if(wk>=wp95)k=1;
                              if(i==idx+1 || i==idx-1 || idx==i)k=2;
                              //else if(wk>wp9)k=2;
                              else if(wk>wp8)k=3;
                              else if(wk>wp5)k=4;
                              else if(wk>wp3)k=5;
                              else k=8;
                              
                              k= wps[i]/k;
C51 COMPILER V8.08   AWB_DECIDER                                                           07/16/2022 19:06:33 PAGE 11  

                              //printf("%bu,%lu(%lu,%lu,%lu,%lu)",i,k,rst->wp[i],rst->wp0[i],rst->rg0[i],rst->bg0[i]);
                              if(k){          
                                      //ws+=rst->wp0[i]*k;
                                      //rs+=rst->rg0[i]*k;
                                      //bs+=rst->bg0[i]*k;    
                                      ws+=k;
                                      rs+=rst->rg0[i]/rst->wp0[i] *k;
                                      bs+=rst->bg0[i]/rst->wp0[i] *k;
                              }
                      }
                      //printf("\n");
                      /*
                      for(i=0;i<AWB_SUM_NUM_SPOT;i++)
                      {       
                              UINT32 k= rst->wp[i]/div;
                              if(k){          
                                      ws+=rst->wp0[i]*k;
                                      rs+=rst->rg0[i]*k;
                                      bs+=rst->bg0[i]*k;      
                              }
                      }*/
                      #endif
 631   1              #if 0
                      //memset(div,1,5);
                      for(i=0;i<AWB_SUM_NUM_SPOT;i++)
                      {               
                              if(i == idx){//*2
                                      div = 1;
                              }else if(i!=idx+1 && i!=idx-1){//*1
                                      div = 2;
                              //if(idx!=i && i!=idx+1 && i!=idx-1)
                              }else{
                                      UINT32 w=rst->wp[i]*10;
                                      
                                      if(w>wp*6){//*1
                                              div = 2;
                                      }else if(w>wp*2){//*0.5
                                              div = 4;
                                              //rst->wp[i]>>=1;
                                              //rst->rg[i]>>=1;
                                              //rst->bg[i]>>=1;
                                      }else{//*0
                                              div=0;
                                              //rst->wp[i]=0;
                                              //rst->rg[i]=0;
                                              //rst->bg[i]=0;
                                      }                       
                              }
                              if(div==0 || rst->wp[i]==0 || rst->wp0[i]==0)continue;
                              k=(rst->wp[i]*32)/(rst->wp0[i]*div);////(rst->wp0[i]+rst->wp0[i+1]);            
                              printf("%bu-%bu-%bu ",i,k,div);
                              //k/=div;
                              if(k){
                                      //ws+=(rst->wp0[i]+rst->wp0[i+1])*k;
                                      //rs+=(rst->rg0[i]+rst->rg0[i+1])*k;
                                      //bs+=(rst->bg0[i]+rst->bg0[i+1])*k;
                                      ws+=(rst->wp0[i])*k;
                                      rs+=(rst->rg0[i])*k;
                                      bs+=(rst->bg0[i])*k;    
                              }
                      }
                      /*
C51 COMPILER V8.08   AWB_DECIDER                                                           07/16/2022 19:06:33 PAGE 12  

                      if(awb.mode == AWB_MODE_Auto){
                              ws-=rst->wp[1]+rst->wp[3];
                              rs-=rst->rg[1]+rst->rg[3];
                              bs-=rst->bg[1]+rst->bg[3];      
                      }*/
                      
                      if(ws)
                      {
                              awb.avgRg = rs/ws;
                              awb.avgBg = bs/ws;
                      }
                      #endif
 683   1      }
 684          /**
 685           * @fn        UINT8 awbSpotsCase(UINT8 max0,UINT8 max1)
 686           * @brief     spots max case
 687           * @param     [in] max0
 688           * @param     [in] max1
 689           * @retval    return = idx
 690           * @author    wangjg
 691           * @since     2010-5-5
 692          */
 693          UINT8 awbSpotsCase(awb_filter_sum_t* rst,UINT8 max0,UINT8 max1)
 694          {
 695   1              UINT8 idx=max0; 
 696   1              max1=max1;
 697   1              #if 0
                      switch(max0)/*  0 4 1 5 2  */
                      {
                      case AWB_SUM_A:
                              break;
                      case AWB_SUM_4:         
                              break;
                      case AWB_SUM_CW:
                              break;
                      case AWB_SUM_5:
                              break;
                      case AWB_SUM_D:
                              break;
                      default:
                              break;  
                      }
                      #endif
 714   1              if(awb.scene == AWB_SCENE_Normal)
 715   1              {
 716   2                      if(max0 == AWB_SUM_4 || max0==AWB_SUM_5){
 717   3                              if(rst->wp0[max0]>rst->wp0[max0+1]*2)
 718   3                                      idx = max0-1;
 719   3                              else if(rst->wp0[max0]*2<rst->wp0[max0+1])
 720   3                                      idx = max0+1;
 721   3                      }
 722   2              }
 723   1              /*else if(awb.scene == AWB_SCENE_Outdoor)
 724   1              {
 725   1                      idx=AWB_SUM_D;
 726   1              }*/
 727   1              awb.flowFlag += idx;
 728   1              return idx;
 729   1              rst=rst;
 730   1      }
 731          /**
 732           * @fn        UINT8 awbSpotsDelay(UINT8 idx)
C51 COMPILER V8.08   AWB_DECIDER                                                           07/16/2022 19:06:33 PAGE 13  

 733           * @brief    delay when spaning spot
 734           * @param     [in] idx
 735           * @retval    return = TRUE/FALSE
 736           * @author    wangjg
 737           * @since     2010-5-5
 738          */
 739          UINT8 awbSpotsDelay(UINT8 idx)
 740          {
 741   1              if(idx == awb.spotIdx){         
 742   2                      awb.spotDelayIdx = awb.spotDelayCnt;    
 743   2                      if(awb.gid<=awb.darkGid && awb.luma<80){
 744   3                              UINT8 sh = 90 - awb.luma;
 745   3                              if(awb.spotDelayIdx<sh)awb.spotDelayIdx=sh;
 746   3                              if(awb.spotDelayIdx>10)awb.spotDelayIdx=10;
 747   3                      }
 748   2              //}else if(_ABS(awb.spotIdx, idx)>2){
 749   2                      //printf("+%bu\n",awb.spotDelayIdx);
 750   2                      //awb.spotDelayIdx--;
 751   2                      //awb.spotIdx = idx;
 752   2                      //awb.jumpIdx = 1;
 753   2                      //awb.spotDelayIdx = 0;
 754   2              }else if( awb.spotDelayIdx){
 755   2                      //printf("%bu\n",awb.spotDelayIdx);
 756   2                      awb.spotDelayIdx--;
 757   2                      awb.flowFlag += AWB_FLAG_Spot_Delay;
 758   2                      return 1;
 759   2              }else{          
 760   2                      awb.spotIdx = idx;
 761   2                      awb.jumpIdx = 1;
 762   2              }       
 763   1              return 0;
 764   1      #if 0
                      if(idx != awb.spotIdx)
                      {
                              if(awb.spotDelayIdx){
                                      awb.spotDelayIdx--;
                                      awb.flowFlag += AWB_FLAG_Spot_Delay;
                                      return 1;
                              }else{          
                                      awb.spotIdx = idx;
                                      awb.stable = 0;
                                      awb.spotDelayIdx = 3;
                                      /*
                                      if(awb.scene==AWB_SCENE_Outdoor)
                                      {
                                              if(awb.spotIdx==5){
                                                      awbSpotDelayIdx=10;
                                              }else if(idx==5){
                                                      awbSpotDelayIdx=2;
                                              }
                                      }
                                      */
                              }
                              //awb.spotIdx = idx;
                              //awb.stable = 0;
                              //awb.flowFlag += AWB_FLAG_Spot_Delay;
                              //return 1;
                      }
                      else
                      {
                              return 0;
                      }
C51 COMPILER V8.08   AWB_DECIDER                                                           07/16/2022 19:06:33 PAGE 14  

              #endif
 796   1              
 797   1      #if 0
                      if(awb.sp!=spot_idx/* && (spot_idx==idx)*/)
                      {
                              UINT8 th=4;
                              spot_delay_cnt++;
                              if(spot_delay_idx==5 )
                              {
                                      th=5;
                                      if(spot_idx==0)
                                              th=3;
                              }
                              if(spot_idx==5)
                                      th=2;
                              if(spot_delay_cnt<th)
                              {
                                      awbFlag|=AWB_FLAG_delay;
                                      return;
                              }
                      }
                      
                      spot_delay_cnt=0;
                      spot_delay_idx=spot_idx;
              #endif
 820   1              //return 0;
 821   1              //idx = idx;
 822   1      
 823   1      }
 824          /**
 825           * @fn        void awbSpotsSpecial(void)
 826           * @brief     special case
 827           * @param     NONE
 828           * @retval    NONE
 829           * @author    wangjg
 830           * @since     2010-5-5
 831          */
 832          void awbSpotsSpecial(awb_filter_sum_t* rst,UINT8 idx)
 833          {       
 834   1              UINT16 rg = awb.fixRg;
 835   1              UINT16 bg = awb.fixBg;
 836   1              UINT8 k = 0;//awb.fixWp;
 837   1              awb.avgRg += awb.shiftRg;
 838   1              awb.avgBg += awb.shiftBg;
 839   1              rst = rst;
 840   1              idx = idx;
 841   1              if(awb.fixWp)   {
 842   2                      //UINT8 fixWp = awb.fixWp;
 843   2                      //awb.avgRg = (awb.avgRg + awb.fixRg*fixWp)/(fixWp+1);
 844   2                      //awb.avgBg = (awb.avgBg + awb.fixBg*fixWp)/(fixWp+1);
 845   2              //}else if(rst->wp[AWB_SUM_5]>AWB_SAMP_CNT/2 && awb.scene == AWB_SCENE_Outdoor) {
 846   2                              
 847   2                              
 848   2              }else if(awb.specMode==AWB_SPEC_Sward){
 849   2                      rg = awb.ctcRg[1];//(awb.ctcRg[1]+awb.ctcRg[2])/2;
 850   2                      bg = (awb.ctcBg[1]+awb.ctcBg[2])/2;
 851   2                      if(awb.avgBg>bg){
 852   3                              k=1;
 853   3                      }
 854   2                      /*if(idx==AWB_SUM_CW){
 855   2                              //rg = (awb.ctcRg[1]*2+awb.ctcRg[2])/3;
 856   2                              //bg = (awb.ctcBg[1]*2+awb.ctcBg[2])/3;
C51 COMPILER V8.08   AWB_DECIDER                                                           07/16/2022 19:06:33 PAGE 15  

 857   2                              k=2;
 858   2                      }else if(idx==AWB_SUM_D){
 859   2                              //rg = (awb.ctcRg[1]+awb.ctcRg[2]*2)/3;
 860   2                              //bg = (awb.ctcBg[1]+awb.ctcBg[2]*2)/3;
 861   2                              k=2;
 862   2                      }else if(idx == AWB_SUM_5){
 863   2                              //rg = (awb.ctcRg[1]+awb.ctcRg[2])/2;
 864   2                              //bg = (awb.ctcBg[1]+awb.ctcBg[2])/2;
 865   2                              k=0;
 866   2                      }else{
 867   2                              //rg = (awb.ctcRg[1]+awb.ctcRg[2])/2;
 868   2                              //bg = (awb.ctcBg[1]+awb.ctcBg[2])/2;
 869   2                              k=4;
 870   2                      }*/
 871   2                      //awb.spotIdx=AWB_SUM_5;
 872   2              }
 873   1              else if(awb.specMode==AWB_SPEC_Sky)
 874   1              {
 875   2                      //wp[AWB_SUM_CW]=wp[AWB_SUM_5]=0;
 876   2                      //wp[AWB_SUM_D]<<=2;
 877   2                      //k=1;
 878   2              }
 879   1              else if(awb.specMode==AWB_SPEC_Office)
 880   1              {
 881   2                      //rg = rst->rg0[AWB_SUM_Office]/rst->wp0[AWB_SUM_Office];
 882   2                      //bg = rst->bg0[AWB_SUM_Office]/rst->wp0[AWB_SUM_Office];
 883   2                      /*k = rst->wp0[AWB_SUM_Office]*2/AWB_SAMP_CNT;
 884   2                      if(k==0)k=1;*/
 885   2                      //if(rst->wp[AWB_SUM_D]>rst->wp0[AWB_SUM_Office]){k=0;awb.specMode=0;}
 886   2              }
 887   1              if(k){
 888   2                      awb.avgRg = (awb.avgRg + rg*k)/(k+1);
 889   2                      awb.avgBg = (awb.avgBg + bg*k)/(k+1);   
 890   2                      awb.flowFlag+= AWB_FLAG_Special;
 891   2              }
 892   1              /*
 893   1              if(awb.gid>awb.brightGid && awb.contrast>awb.brightContrast)
 894   1              {
 895   1                      UINT16 rg = (awb.ctcRg[1]+awb.ctcRg[2]*3)/4;
 896   1                      UINT16 bg = (awb.ctcBg[1]+awb.ctcBg[2]*3)/4;
 897   1                      awb.avgRg = (rg+awb.avgRg)/2;
 898   1                      awb.avgBg = (bg+awb.avgBg)/2;
 899   1              }
 900   1              */
 901   1      #if 0//True A light mode
                      if(     awb.aLightMode &&
                              awb.avgBg>awb.avgRg)//a light
                      {
                              UINT16 rg = (awb.ctcRg[0]+awb.ctcRg[1])/2;
                              UINT16 bg = (awb.ctcBg[0]+awb.ctcBg[1])/2;
                              if((awb.avgBg-awb.avgRg)        > (bg-rg))
                              {
                                      UINT16 d =( awb.avgBg - (bg - rg) - awb.avgRg);///(1.414*1.414);
                                      //awb.avgRg = awb.ctcRg[0];
                                      //awb.avgRg -= (bg - rg)/1.4;
                                      //d*=5;
                                      awb.avgBg -= d*2;
                                      //awb.avgRg += d/2;
                                      if(awb.avgRg<256)awb.avgRg = 256;
                                      awb.flowFlag+=AWB_FLAG_Spot_SpecialA;
                              }
                      }
C51 COMPILER V8.08   AWB_DECIDER                                                           07/16/2022 19:06:33 PAGE 16  

              #endif
 920   1      }
 921          /**
 922           * @fn        UINT8 awbSpotsLack(awb_filter_sum_t* rst, UINT8 idx)
 923           * @brief    process of lack vaild white pointer
 924           * @param     [in] rst
 925           * @param     [in] idx
 926           * @retval    return = TRUE/FALSE
 927           * @author    wangjg
 928           * @since     2010-5-5
 929          */
 930          UINT8 awbSpotsLack(awb_filter_sum_t* rst,UINT8 idx)
 931          {
 932   1              UINT32 w = rst->wp[idx];
 933   1              UINT16 rg = awb.avgRg;
 934   1              UINT16 bg = awb.avgBg;
 935   1              UINT8 flag=0;
 936   1              if(w>(awb.spotThr*AWB_SAMP_CNT>>8))
 937   1              {               
 938   2                      return FALSE;
 939   2              }
 940   1              else if(awb.mode!=AWB_MODE_Auto)
 941   1              {
 942   2                      rg = awb.fixRg;
 943   2                      bg = awb.fixBg;
 944   2              }
 945   1              else if(awb.scene==AWB_SCENE_Outdoor)
 946   1              {
 947   2                      if(rst->wp[AWB_SUM_Sward]>AWB_SAMP_CNT/3)//sward
 948   2                      {
 949   3                              if(awb.spotIdx!=AWB_SUM_5){
 950   4                                      rg = (awb.ctcRg[1]+awb.ctcRg[2])/2;
 951   4                                      bg = (awb.ctcBg[1]+awb.ctcBg[2])/2;
 952   4                                      //awb.spotIdx=AWB_SUM_5;
 953   4                              }
 954   3                              awb.specMode = AWB_SPEC_Sward;
 955   3                      }
 956   2                      else if(rst->wp[AWB_SUM_Sky]>AWB_SAMP_CNT/5)//sky
 957   2                      {
 958   3                              if(awb.spotIdx!=AWB_SUM_D){
 959   4                                      rg = awb.ctcRg[2];
 960   4                                      bg = awb.ctcBg[2];
 961   4                                      //awb.spotIdx=AWB_SUM_D;
 962   4                              }
 963   3                              awb.specMode = AWB_SPEC_Sky;
 964   3                      }                       
 965   2                      else//outdoor
 966   2                      {
 967   3                              rg = (awb.ctcRg[1]+awb.ctcRg[2])/2;
 968   3                              bg = (awb.ctcBg[1]+awb.ctcBg[2])/2;
 969   3                              flag = 1;
 970   3                      }
 971   2              }
 972   1              else if(awb.scene == AWB_SCENE_Normal){
 973   2                      flag = 1;
 974   2              }       
 975   1              if(flag)
 976   1              {
 977   2                      if(awb.stable)  {
 978   3                              rg = awb.avgRg;
 979   3                              bg = awb.avgBg;
 980   3                      }else if(awb.spotIdx>=AWB_SUM_NUM_SPOT){
C51 COMPILER V8.08   AWB_DECIDER                                                           07/16/2022 19:06:33 PAGE 17  

 981   3                              rg = awb.fixRg;
 982   3                              bg = awb.fixBg;
 983   3                      }else if(awb.spotIdx==AWB_SUM_A){
 984   3                              rg = awb.ctcRg[AWB_SPOT_A];
 985   3                              bg = awb.ctcBg[AWB_SPOT_A];
 986   3                      }else if(awb.spotIdx==AWB_SUM_4){
 987   3                              rg = (awb.ctcRg[AWB_SPOT_A]+awb.ctcRg[AWB_SPOT_CW])>>1;
 988   3                              bg = (awb.ctcBg[AWB_SPOT_A]+awb.ctcBg[AWB_SPOT_CW])>>1;
 989   3                      }else if(awb.spotIdx==AWB_SUM_CW){
 990   3                              rg = awb.ctcRg[AWB_SPOT_CW];
 991   3                              bg = awb.ctcBg[AWB_SPOT_CW];
 992   3                      }else if(awb.spotIdx==AWB_SUM_5){
 993   3                              rg = (awb.ctcRg[AWB_SPOT_D]+awb.ctcRg[AWB_SPOT_CW])>>1;
 994   3                              bg = (awb.ctcBg[AWB_SPOT_D]+awb.ctcBg[AWB_SPOT_CW])>>1;
 995   3                      }else if(awb.spotIdx==AWB_SUM_D){
 996   3                              rg = awb.ctcRg[AWB_SPOT_D];
 997   3                              bg = awb.ctcBg[AWB_SPOT_D];
 998   3                      }else{
 999   3                              rg = awb.fixRg;
1000   3                              bg = awb.fixBg;
1001   3                      }
1002   2              }
1003   1              awb.avgRg = (awb.avgRg + rg)>>1;
1004   1              awb.avgBg = (awb.avgBg + bg)>>1;
1005   1              
1006   1              awb.flowFlag += AWB_FLAG_Spot_Lack;
1007   1              //awbConvergeGain();
1008   1              return TRUE;
1009   1      }
1010          #if AWB_NoUsed
              /**
               * @fn        void awbConvergeGain(void)
               * @brief     cdsp gain converge on current gain 
               * @param     NONE
               * @retval    NONE
               * @author    wangjg
               * @since     2010-5-5
              */
              UINT8 awbConvergeGain(void)
              {       
                      UINT16  rgain_diff, bgain_diff, diff;
                      //UINT16 step,rgStep,bgStep;
              
                      rgain_diff = _ABS(awb.avgRg,awb.setRg);
                      bgain_diff = _ABS(awb.avgBg,awb.setBg);
                      diff = _MAX(rgain_diff, bgain_diff);
                      
                      // stable
                      /*if(diff < awb.jumpStable){
                              awb.stable ++;
                              if(awb.stable>200)awb.stable=200;
                              awb.flowFlag += AWB_FLAG_Gain_Stable;
                              return 0;
                      // jump
                      }else */if(awb.jumpIdx) {
                              awb.jumpIdx--;
                              awb.setRg = awb.avgRg;
                              awb.setBg = awb.avgBg;
                              //awb.setRg = awb.tmpRg >>2;
                              //awb.setBg = awb.tmpBg >>2;
                              awb.stable = 0;
                              awb.flowFlag += AWB_FLAG_Gain_Jump;
C51 COMPILER V8.08   AWB_DECIDER                                                           07/16/2022 19:06:33 PAGE 18  

                              //awbGainSet(awb.setRg,awb.setBg);
                              return 1;
                      // stabled delay 1 frame        
                      }else if(awb.stable && !(awb.flowFlag&AWB_FLAG_Spot_Lack)){
                              awb.stable = 0;
                              awb.flowFlag += AWB_FLAG_Gain_StableDelay;
                              return 0;
                      //jump err      
                      }else if(diff>=awb.jumpErr){
                              awb.flowFlag += AWB_FLAG_Gain_JumpErr;
                              return 0;
              #if 0
                      }else if(diff>awb.jumpMax){
                              awb.setRg = (awb.setRg+awb.avgRg)/2;
                              awb.setBg = (awb.setBg+awb.avgBg)/2;
                              awb.stable = 0;
                      }else{
                              awb.setRg = awb.avgRg;
                              awb.setBg = awb.avgBg;
                              awb.stable = 1;
              #else
                      }else{
                              awb.setRg = (awb.setRg+awb.avgRg)/2;
                              awb.setBg = (awb.setBg+awb.avgBg)/2;
                              
                              if(diff < awb.jumpStable)
                                      awb.stable =1;
                              else
                                      awb.stable = 0;
              
                              awb.flowFlag += AWB_FLAG_Gain;
                              return 1;
                      }
              #endif
                      //awb.stable = 0;       
                      //step = diff/awb.jumpMax;
                      /*       if(diff>awb.jumpMax*4) step=5;//awb.jumpMax;
                      else if(diff>awb.jumpMax*3)     step=4;//awb.jumpMax;
                      else if(diff>awb.jumpMax*2)     step=3;//awb.jumpMax;
                      else if(diff>awb.jumpMax)               step=2;//awb.jumpStable;
                      else                                                    step=1;*/
                      
                      //if(step){
                      //      awb.setRg = (awb.setRg+(UINT32)awb.avgRg*step)/(step+1);
                      //      awb.setBg = (awb.setBg+(UINT32)awb.avgBg*step)/(step+1);
                      //}
                      /*
                      if(rgain_diff> bgain_diff){             
                              rgStep = step;
                              bgStep = (UINT32)step*bgain_diff/rgain_diff;            
                      }else{          
                              rgStep = (UINT32)step*rgain_diff/bgain_diff;
                              bgStep = step;
                      }
                      awb.setRg = (awb.avgRg > awb.setRg)? (awb.setRg+rgStep): (awb.setRg-rgStep);
                      awb.setBg = (awb.avgBg > awb.setBg)? (awb.setBg+bgStep): (awb.setBg-bgStep);
                      */
                      #if 0
                      if(rgain_diff<awb.jumpStable){
                              step=1;
                      }else if(rgain_diff<awb.jumpMax){
                              step=awb.jumpStable;
C51 COMPILER V8.08   AWB_DECIDER                                                           07/16/2022 19:06:33 PAGE 19  

                      }else {
                              step=awb.jumpMax;
                      }
                      awb.setRg = (awb.avgRg > awb.setRg)? (awb.setRg+step): (awb.setRg-step);                
                      //awb.setRg = awb.tmpRg >> 2;
                      
                      if(bgain_diff<awb.jumpStable){
                              step=1;
                      }else if(bgain_diff<awb.jumpMax){
                              step=awb.jumpStable;
                      }else {
                              step=awb.jumpMax;
                      }
                      awb.setBg = (awb.avgBg > awb.setBg)? (awb.setBg+step): (awb.setBg-step);
                      //awb.setBg = awb.tmpBg >> 2;
                      
                      awb.flowFlag += AWB_FLAG_Gain;
                      //awbGainSet(awb.setRg,awb.setBg);
                      return 1;
                      #endif
              }
              #endif
1127          void awbGainAvg(void)
1128          {
1129   1      
1130   1              if(awb.jumpIdx) {
1131   2                      awb.jumpIdx--;
1132   2                      awb.tagRg = awb.avgRg;
1133   2                      awb.tagBg = awb.avgBg;
1134   2                      awbGainsCnt = 0;                
1135   2                      awb.flowFlag += AWB_FLAG_Gain_Jump;
1136   2              }else{
1137   2                      UINT8 i,wp;
1138   2                      UINT32 rgs=0,bgs=0,wps=0;
1139   2                      UINT32 rg,bg;
1140   2                      UINT16  rgain_diff, bgain_diff, diff;   
1141   2      #if 0
                              awb.tagRg = awb.avgRg;
                              awb.tagBg = awb.avgBg;
              #else
1145   2                      if(awbGainsCnt < AWB_GAIN_COUNT)
1146   2                              awbGainsCnt++;
1147   2                      awbRgains[awbGainsCnt] = awb.avgRg;
1148   2                      awbBgains[awbGainsCnt] = awb.avgBg;
1149   2                      for(i=0;i<awbGainsCnt;i++)
1150   2                      {
1151   3                              wp = i+1;
1152   3                              awbRgains[i] = awbRgains[wp];
1153   3                              awbBgains[i] = awbBgains[wp];
1154   3                              rgs+=awbRgains[i]*wp;
1155   3                              bgs+=awbBgains[i]*wp;
1156   3                              wps+=wp;
1157   3                      }
1158   2                      if(wps){
1159   3                              rg = rgs/wps;
1160   3                              bg = bgs/wps;
1161   3      
1162   3                              rgain_diff = _ABS(awb.avgRg,rg);
1163   3                              bgain_diff = _ABS(awb.avgBg,bg);
1164   3                              diff = _MAX(rgain_diff, bgain_diff);                    
1165   3                              if(diff > awb.jumpErr){
1166   4                                      awb.stable =0;
C51 COMPILER V8.08   AWB_DECIDER                                                           07/16/2022 19:06:33 PAGE 20  

1167   4                              }else if(diff > awb.jumpMax){
1168   4                                      awb.tagRg = (rg+awb.tagRg)/2;
1169   4                                      awb.tagBg = (bg+awb.tagBg)/2;
1170   4                                      awb.stable =0;
1171   4                              }else if(diff > awb.jumpStable){
1172   4                                      awb.tagRg = rg;
1173   4                                      awb.tagBg = bg;                         
1174   4                                      awb.stable = 0;
1175   4                              }else{
1176   4                                      awb.tagRg = (rg+awb.avgRg)/2;
1177   4                                      awb.tagBg = (bg+awb.avgBg)/2;
1178   4                                      awb.stable = 2;
1179   4                              }                       
1180   3                      }
1181   2      #endif
1182   2                      awb.flowFlag += AWB_FLAG_Gain;
1183   2              }               
1184   1      }
1185          
1186          void awbGainJump(void)
1187          {
1188   1              if(awb.setRg != awb.tagRg || awb.setBg != awb.tagBg || awb.gainSetCnt)
1189   1              {
1190   2                      SINT16 rgain_diff = (SINT16)awb.tagRg-awb.setRg;
1191   2                      SINT16 bgain_diff = (SINT16)awb.tagBg-awb.setBg;
1192   2                      UINT16 setRg = awb.tagRg,setBg = awb.tagBg;
1193   2                      SINT16 step=awb.jumpStep;
1194   2                      if (__ABS(rgain_diff)<=3 && __ABS(bgain_diff)<=3)return;
1195   2                      if(step ==0){
1196   3                              setRg =(awb.setRg+awb.tagRg)/2;                 
1197   3                              setBg =(awb.setBg+awb.tagBg)/2;                 
1198   3                      }else{                  
1199   3                              if(rgain_diff>step)                     {setRg = awb.setRg + step;}
1200   3                              else if(rgain_diff<-step)       {setRg = awb.setRg -  step;}
1201   3                              //else                                  {setRg = awb.tagRg;}
1202   3      
1203   3                              if(bgain_diff>step)                     {setBg = awb.setBg + step;}
1204   3                              else if(bgain_diff<-step)       {setBg = awb.setBg -  step;}
1205   3                              //else                                  {setBg = awb.tagBg;}
1206   3                      }
1207   2                      
1208   2                      awb.newGain = 0;
1209   2                      awb.setRg = setRg;//(rgain_diff<=1)?(awb.tagRg):((awb.setRg+awb.tagRg)/2);
1210   2                      awb.setBg = setBg;//(bgain_diff<=1)?(awb.tagBg):((awb.setBg+awb.tagBg)/2);
1211   2                      awb.newGain = 1;
1212   2                      if((awb.stable & 0x2) && (_MAX(rgain_diff,bgain_diff)<awb.jumpStable))
1213   2                      {
1214   3                              awb.stable |= 0x1;
1215   3                      }
1216   2                      //printf("%2bx(%3u,%3u)(%3u,%3u)(%3d,%3d)\n",awb.jumpStep,awb.setRg,awb.setBg,awb.tagRg,awb.tagBg,rgain_
             -diff,bgain_diff);
1217   2                      //awbGainReset();
1218   2      
1219   2                      if(awb.gainSetCnt)
1220   2                              awb.gainSetCnt--;
1221   2              }
1222   1              if(awb.mode){
1223   2                      if(awb.setRg<awb.fixRg0){awb.setRg=awb.fixRg0;}
1224   2                      else if(awb.setRg>awb.fixRg1){awb.setRg = awb.fixRg1;}
1225   2                      if(awb.setBg<awb.fixBg0){awb.setBg=awb.fixBg0;}
1226   2                      else if(awb.setBg>awb.fixBg1){awb.setBg = awb.fixBg1;}
1227   2              }
C51 COMPILER V8.08   AWB_DECIDER                                                           07/16/2022 19:06:33 PAGE 21  

1228   1      }
1229          
1230          /*void awbPostRect(UINT8 idx)
1231          {
1232                  //UINT8 idx = awb.scene;
1233                  awb_filter_sum_t rst;
1234                  UINT32 wps;// = rst.wp0[idx];
1235                  UINT32 rgs;// = rst.rg0[idx];
1236                  UINT32 bgs;// = rst.bg0[idx];
1237                  UINT16 rg,  bg;
1238                  awbReadWindow();
1239                  HAL_MoeRunQueue(pawbaddr->queue[AWB_SCENE_Normal],MOE_Trigger_Awb);
1240                  awbFilterResult(&rst);
1241                  wps = rst.wp0[idx];
1242                  rgs = rst.rg0[idx];
1243                  bgs = rst.bg0[idx];
1244                  awb.flowFlag += AWB_FLAG_RectOne;
1245          //      printf("%lu,%lu,%lu\n",wps,rgs,bgs);
1246                  if(wps>20){
1247                          rg = rgs/wps;
1248                          bg = bgs/wps;
1249                  }else{
1250                          rg = awb.avgRg;
1251                          bg = awb.avgBg;
1252                  }
1253                  awb.avgRg = rg;
1254                  awb.avgBg = bg;
1255                  awbGainSet(rg, bg);
1256          }*/
1257          /*void awbPostFlash()
1258          {
1259                  UINT8 dis = _ABS(awb.luma,120);
1260                  if(dis<20)awbPostSpots();
1261                  else awbPostRect(AWB_SUM_Flash);
1262          }*/
1263          /*void awbPostCalibration()
1264          {
1265                  awbPostRect(AWB_SUM_Calibration);
1266          }*/
1267          
1268          #endif


MODULE INFORMATION:   STATIC OVERLAYABLE
   CODE SIZE        =   4894    ----
   CONSTANT SIZE    =   ----    ----
   XDATA SIZE       =     61     408
   PDATA SIZE       =   ----    ----
   DATA SIZE        =   ----    ----
   IDATA SIZE       =   ----    ----
   BIT SIZE         =   ----    ----
   EDATA SIZE       =   ----    ----
   HDATA SIZE       =   ----    ----
   XDATA CONST SIZE =   ----    ----
   FAR CONST SIZE   =   ----    ----
END OF MODULE INFORMATION.


C51 COMPILATION COMPLETE.  0 WARNING(S),  0 ERROR(S)
