C51 COMPILER V8.08   HAL_FRONT                                                             09/21/2019 10:52:16 PAGE 1   


C51 COMPILER V8.08, COMPILATION OF MODULE HAL_FRONT
OBJECT MODULE PLACED IN .\obj\hal_front.obj
COMPILER INVOKED BY: C:\Keil\C51\BIN\C51.EXE hal_front.c LARGE OMF2 OPTIMIZE(9,SIZE) NOAREGS INCDIR(..\..\..\inc;..\..\.
                    -.\inc\os;..\..\..\inc\hal;..\..\..\inc\middleware;..\..\..\inc\sp1k;..\..\..\..\host\inc\app;..\..\..\..\host\inc\custom
                    -ization) DEFINE(LIB_RELEASE) PRINT(.\obj\hal_front.lst) OBJECT(.\obj\hal_front.obj)

line level    source

   1          /**************************************************************************
   2           *         Copyright(c) 2010 by i-Catch Technology Co., Ltd.              *
   3           *                                                                        *
   4           *  This software is copyrighted by and is the property of i-Catch Tech-  *
   5           *  nology Co., Ltd. All rights are reserved by i-Catch Technology Co.,   *
   6           *  Ltd. This software may only be used in accordance with the            *
   7           *  corresponding license agreement. Any unauthorized use, duplication,   *
   8           *  distribution, or disclosure of this software is expressly forbidden.  *
   9           *                                                                        *
  10           *  This Copyright notice "M U S T" not be removed or modified without    *
  11           *  prior written consent of i-Catch Technology Co., Ltd.                 *
  12           *                                                                        *
  13           *  i-Catch Technology Co., Ltd. reserves the right to modify this        *
  14           *  software without notice.                                              *
  15           *                                                                        *
  16           *  i-Catch Technology Co., Ltd.                                          *
  17           *  19-1, Innovation First Road, Science-Based Industrial Park,           *
  18           *  Hsin-Chu, Taiwan, R.O.C.                                              *
  19           *                                                                        *
  20           *************************************************************************/
  21          /**
  22           * @file                hal_front.c
  23           * @brief               hal front module api.
  24           * @author              Will Chiu
  25           * @since               2010-01-01
  26           * @date                2010-01-01
  27           */
  28          
  29          
  30          /**************************************************************************
  31           *                        H E A D E R   F I L E S
  32           **************************************************************************/
  33          #include "general.h"
  34          //#include "hal_front_internal.h"
  35          #include "hal_front.h" 
  36          #include "hal_front_para.h" 
  37          #include "Reg_front.h"
  38          
  39          /**************************************************************************
  40           *                           C O N S T A N T S                            *
  41           **************************************************************************/
  42           
  43          /**************************************************************************
  44           *                              M A C R O S                               *
  45           **************************************************************************/
  46           
  47          /**************************************************************************
  48           *                          D A T A    T Y P E S                          *
  49           **************************************************************************/
  50           
  51          /**************************************************************************
  52           *                         G L O B A L    D A T A                         *
  53           **************************************************************************/
C51 COMPILER V8.08   HAL_FRONT                                                             09/21/2019 10:52:16 PAGE 2   

  54           
  55          /**************************************************************************
  56           *                 E X T E R N A L    R E F E R E N C E S                 *
  57           **************************************************************************/
  58           
  59          /**************************************************************************
  60           *               F U N C T I O N    D E C L A R A T I O N S               *
  61           **************************************************************************/
  62          
  63          /**
  64           * @fn        void HAL_FrontIntrEnable(UINT32 enable, UINT8 value)
  65           * @brief     enable/disable front interrupt
  66           * @param     [in] enable : 
  67           *                                                      0: disable
  68           *                                                      1: enable 
  69           * @param     [in] value :
  70           *                                                      [0] : VD rise
  71           *                                                      [1] : VD fall
  72           *                                                      [2] : Serial done
  73           *                                                      [3] : Snap done
  74           *                                                      [4] : Clear CDSP do done
  75           *                                                      [5] : Front valid rise
  76           *                                                      [6] : Front valid falling
  77           *                                                      [7] : 
  78           *                                                      [8] : 
  79           *                                                      [9] : 
  80           *                                                      [10]: 
  81           * @retval    NONE
  82           * @see       NULL
  83           * @author    Will Chiu
  84           * @since     2010-4-30
  85           * @todo      N/A
  86           * @bug       N/A
  87          */
  88          void
  89          HAL_FrontIntrEnable(
  90                  UINT8 enable,
  91                  UINT8 value
  92          )
  93          {
  94   1              /* set Finten and FintEvt. */
  95   1              if (enable) {
  96   2                      XBYTE[REG_Front_Finten_low] |= value;
  97   2                      XBYTE[REG_Front_FintEvt_low] |= value;  /* clear intrrupt */
  98   2              }
  99   1              else {
 100   2                      XBYTE[REG_Front_Finten_low] &= ~value;
 101   2                      XBYTE[REG_Front_FintEvt_low] |= value; /* clear intrrupt */
 102   2              }
 103   1      
 104   1              /* set VDFintNum and VDRintNum. */
 105   1              XBYTE[REG_Front_VDRIntNum] = 0x11;  //set VD rising and falling number = 1
 106   1      }
 107          
 108          /**
 109           * @fn        void HAL_FrontReset(void)
 110           * @brief     reset front interface state machine
 111           * @param     NONE
 112           * @retval    NONE
 113           * @see       NULL
 114           * @author    Will Chiu
 115           * @since     2010-4-30
C51 COMPILER V8.08   HAL_FRONT                                                             09/21/2019 10:52:16 PAGE 3   

 116           * @todo      N/A
 117           * @bug       N/A
 118          */
 119          void
 120          HAL_FrontReset(
 121                  void
 122          )
 123          {
 124   1              /* set Senrst. */
 125   1              XBYTE[REG_Front_Senrst] = 0x01;
 126   1              XBYTE[REG_Front_Senrst] = 0x00;
 127   1      }
 128          
 129          
 130          /**
 131           * @fn        UINT8 HAL_FrontSnapTrig(UINT8 snapnum, UINT8 clear)
 132           * @brief     Trigger snap and set the number of frame
 133           * @param     [in] snapNum : number of frame you wanna capture
 134           * @param     [in] trig : trigger snap
 135           * @retval    return = SUCCESS / FAIL
 136           * @see       NULL
 137           * @author    Will Chiu
 138           * @since     2010-4-30
 139           * @todo      N/A
 140           * @bug       N/A
 141          */
 142          UINT8 HAL_FrontSnapTrig(
 143                  UINT8 snapNum,
 144                  UINT8 trig
 145          )
 146          {
 147   1          XBYTE[REG_Front_Snapnum] = ((trig & 0x01) << 4) | (snapNum & 0x0f);
 148   1      
 149   1              return SUCCESS;
 150   1      }
 151          
 152          /**
 153           * @fn        UINT8 HAL_FrontSignalWait(UINT8 src, UINT8 mode, UINT8 num)
 154           * @brief     wait for signal event
 155           * @param     [in] src : 
 156           *                                              0x01: HSync
 157           *                                              0x02: VSync
 158           *                                              0x04: HValid
 159           *                                              0x08: VValid
 160           * @param     [in] mode : 
 161           *                                              0x00: Falling
 162           *                                              0x01: Rising
 163           *                                              0x02: High
 164           *                                              0x03: Low
 165           * @param     [in] num : times you wanna wait
 166           * @retval    return = SUCCESS / FAIL
 167           * @see       NULL
 168           * @author    Will Chiu
 169           * @since     2010-4-30
 170           * @todo      N/A
 171           * @bug       N/A
 172          */
 173          UINT8
 174          HAL_FrontSignalWait(
 175                  UINT8 src,
 176                  UINT8 mode,
 177                  UINT8 num
C51 COMPILER V8.08   HAL_FRONT                                                             09/21/2019 10:52:16 PAGE 4   

 178          )
 179          {
 180   1              if( src == HAL_FRONT_WAIT_VSYNC || src == HAL_FRONT_WAIT_HSYNC ) {
 181   2                      while( num > 0 ) {
 182   3                              while ( 1 ) {
 183   4                                      if ( XBYTE[REG_Front_Tggpioi] & ( ~src & 0x03 ) ) {  /* high detected */
 184   5                                              if( XBYTE[ REG_Front_exthdipol ] & src ) {
 185   6                                                      if ( mode == HAL_FRONT_WAIT_RISING ) {
 186   7                                                              break;
 187   7                                                      }
 188   6                                                      if ( mode == HAL_FRONT_WAIT_LOW ) {
 189   7                                                              return SUCCESS;
 190   7                                                      }
 191   6                                              }
 192   5                                              else {
 193   6                                                      if ( mode == HAL_FRONT_WAIT_FALLING ) {
 194   7                                                              break;
 195   7                                                      }
 196   6                                                      if ( mode == HAL_FRONT_WAIT_HIGH ) {
 197   7                                                              return SUCCESS;
 198   7                                                      }
 199   6                                              }
 200   5                                      }
 201   4                                      else {  /* !(XBYTE[0x2A66] & src) */  /* low detected */
 202   5                                              if( XBYTE[ REG_Front_exthdipol ] & src ) {
 203   6                                                      if ( mode == HAL_FRONT_WAIT_FALLING ) {
 204   7                                                              break;
 205   7                                                      }
 206   6                                                      if ( mode == HAL_FRONT_WAIT_HIGH ) {
 207   7                                                              return SUCCESS;
 208   7                                                      }
 209   6                                              }
 210   5                                              else {
 211   6                                                      if ( mode == HAL_FRONT_WAIT_RISING ) {
 212   7                                                              break;
 213   7                                                      }
 214   6                                                      if ( mode == HAL_FRONT_WAIT_LOW ) {
 215   7                                                              return SUCCESS;
 216   7                                                      }
 217   6                                              }
 218   5                                      }
 219   4                              }
 220   3      
 221   3                              while ( 1 ) {
 222   4                                      if ( !(XBYTE[REG_Front_Tggpioi] & ( ~src & 0x03 )) ) {  /* low detected */
 223   5                                              if( XBYTE[ REG_Front_exthdipol ] & src ) {
 224   6                                                      if ( mode == HAL_FRONT_WAIT_RISING ) {
 225   7                                                              break;
 226   7                                                      }
 227   6                                              }
 228   5                                              else {
 229   6                                                      if ( mode == HAL_FRONT_WAIT_FALLING ) {
 230   7                                                              break;
 231   7                                                      }
 232   6                                              }
 233   5                                      }
 234   4                                      else {  /* XBYTE[0x2A66] & src */  /* high detected */
 235   5                                              if( XBYTE[ REG_Front_exthdipol ] & src ) {
 236   6                                                      if ( mode == HAL_FRONT_WAIT_FALLING ) {
 237   7                                                              break;
 238   7                                                      }
 239   6                                              }
C51 COMPILER V8.08   HAL_FRONT                                                             09/21/2019 10:52:16 PAGE 5   

 240   5                                              else {
 241   6                                                      if ( mode == HAL_FRONT_WAIT_RISING ) {
 242   7                                                              break;
 243   7                                                      }
 244   6                                              }
 245   5                                      }
 246   4                              }
 247   3      
 248   3                              num--;
 249   3                      }
 250   2      
 251   2                      return SUCCESS;
 252   2              }
 253   1      
 254   1              /* wait for specified event. */
 255   1              while ( num > 0 ) {
 256   2                      while ( 1 ) {
 257   3                              if ( XBYTE[REG_Front_Hsync] & src ) {  /* high detected */
 258   4                                      if ( mode == HAL_FRONT_WAIT_FALLING ) {
 259   5                                              break;
 260   5                                      }
 261   4                                      if ( mode == HAL_FRONT_WAIT_HIGH ) {
 262   5                                              return SUCCESS;
 263   5                                      }
 264   4                              }
 265   3                              else {  /* !(XBYTE[0x2AB8] & src) */  /* low detected */
 266   4                                      if ( mode == HAL_FRONT_WAIT_RISING ) {
 267   5                                              break;
 268   5                                      }
 269   4                                      if ( mode == HAL_FRONT_WAIT_LOW ) {
 270   5                                              return SUCCESS;
 271   5                                      }
 272   4                              }
 273   3                      }
 274   2      
 275   2                      while ( 1 ) {
 276   3                              if ( !(XBYTE[REG_Front_Hsync] & src) ) {  /* low detected */
 277   4                                      if ( mode == HAL_FRONT_WAIT_FALLING ) {
 278   5                                              break;
 279   5                                      }
 280   4                              }
 281   3                              else {  /* XBYTE[0x2AB8] & src */  /* high detected */
 282   4                                      if ( mode == HAL_FRONT_WAIT_RISING ) {
 283   5                                              break;
 284   5                                      }
 285   4                              }
 286   3                      }
 287   2      
 288   2                      num--;
 289   2              }
 290   1      
 291   1              return SUCCESS;
 292   1      }
 293          
 294          
 295          /**
 296           * @fn        void HAL_FrontParaMClkCfgSet(SINT16 *paraAry, UINT8 upd)
 297           * @brief     set front master clk configuration
 298           * @param     [in] paraAry : 
 299           *                                                      [0]: master clk source , 0: internal , 1: external
 300           *                                                      [1]: master clk division factor, 1~256
 301           *                                                      [2]: master clk phase, 0~15, step 1ns
C51 COMPILER V8.08   HAL_FRONT                                                             09/21/2019 10:52:16 PAGE 6   

 302           *                                                      [3]: master clk driving, 0: 2mA, 1: 4mA, 2: 6mA, 3: 8mA
 303           * @param     [in] upd : 
 304           *                                                      0: immediate update 
 305           *                                                      1: update will sync with front vd falling edge  
 306           * @retval    NONE
 307           * @see       NULL
 308           * @author    Will Chiu
 309           * @since     2010-4-30
 310           * @todo      N/A
 311           * @bug       N/A
 312          */
 313          void
 314          HAL_FrontParaMClkCfgSet(
 315                  SINT16 *paraAry,
 316                  UINT8 upd
 317          )
 318          {
 319   1              /* set vclk2xsel. */
 320   1              XBYTE[0x2019] = (XBYTE[0x2019] & ~0x04) | paraAry[0];
 321   1      
 322   1              /* set vclk2xdiv. */
 323   1              if ( paraAry[1] >= 256 ) {
 324   2                      paraAry[1] = 255;
 325   2              }
 326   1              else if ( paraAry[1] > 0 ) {
 327   2                      paraAry[1]--;
 328   2              }
 329   1              XBYTE[0x2027] = paraAry[1];
 330   1      
 331   1              /* set Chphase[7:4]. */
 332   1              XBYTE[0x20E3] = (XBYTE[0x20E3] & ~0xF0) | (paraAry[2] << 4);
 333   1      
 334   1              /* set mclkdrive. */
 335   1              XBYTE[0x2064] = (XBYTE[0x2064] & ~0xC0) | (paraAry[3] << 6);
 336   1      
 337   1              /* set vclk2xdivstsel. */
 338   1              XBYTE[0x202B] = upd;
 339   1      }
 340          
 341          /**
 342           * @fn        void HAL_IntrFrontParaMClkCfgSet(SINT16 *paraAry, UINT8 upd)
 343           * @brief     set front master clk configuration
 344           * @param     [in] paraAry : 
 345           *                                                      [0]: master clk source , 0: internal , 1: external
 346           *                                                      [1]: master clk division factor, 1~256
 347           *                                                      [2]: master clk phase, 0~15, step 1ns
 348           *                                                      [3]: master clk driving, 0: 2mA, 1: 4mA, 2: 6mA, 3: 8mA
 349           * @param     [in] upd : 
 350           *                                                      0: immediate update 
 351           *                                                      1: update will sync with front vd falling edge  
 352           * @retval    NONE
 353           * @see       NULL
 354           * @author    Will Chiu
 355           * @since     2010-4-30
 356           * @todo      N/A
 357           * @bug       N/A
 358          */
 359          void
 360          HAL_IntrFrontParaMClkCfgSet(
 361                  SINT16 *paraAry,
 362                  UINT8 upd
 363          )
C51 COMPILER V8.08   HAL_FRONT                                                             09/21/2019 10:52:16 PAGE 7   

 364          {
 365   1              /* set vclk2xsel. */
 366   1              XBYTE[0x2019] = (XBYTE[0x2019] & ~0x04) | paraAry[0];
 367   1      
 368   1              /* set vclk2xdiv. */
 369   1              if ( paraAry[1] >= 256 ) {
 370   2                      paraAry[1] = 255;
 371   2              }
 372   1              else if ( paraAry[1] > 0 ) {
 373   2                      paraAry[1]--;
 374   2              }
 375   1              XBYTE[0x2027] = paraAry[1];
 376   1      
 377   1              /* set Chphase[7:4]. */
 378   1              XBYTE[0x20E3] = (XBYTE[0x20E3] & ~0xF0) | (paraAry[2] << 4);
 379   1      
 380   1              /* set mclkdrive. */
 381   1              XBYTE[0x2064] = (XBYTE[0x2064] & ~0xC0) | (paraAry[3] << 6);
 382   1      
 383   1              /* set vclk2xdivstsel. */
 384   1              XBYTE[0x202B] = upd;
 385   1      }
 386          
 387          /**
 388           * @fn        void HAL_FrontParaPClkCfgSet(SINT16 *paraAry, UINT8 upd)
 389           * @brief     set front pixel clk configuration
 390           * @param     [in] paraAry : 
 391           *                                                      [0]: pixel clk source
 392           *                                                      [1]: pixel clk division factor, 1~16
 393           *                                                      [2]: pixel clk phase, 0~15, step 1ns
 394           *                                                      [3]: N/A
 395           * @param     [in] upd : N/A
 396           * @retval    NONE
 397           * @see       NULL
 398           * @author    Will Chiu
 399           * @since     2010-4-30
 400           * @todo      N/A
 401           * @bug       N/A
 402          */
 403          void
 404          HAL_FrontParaPClkCfgSet(
 405                  SINT16 *paraAry,
 406                  UINT8 upd       
 407          )
 408          {
 409   1              /* set vclk1xsel. */
 410   1              XBYTE[0x2019] = (XBYTE[0x2019] & ~0x08) | paraAry[0];
 411   1      
 412   1              /* set vclk1xdiv. */
 413   1              if ( paraAry[1] >= 16 ) {
 414   2                      paraAry[1] = 15;
 415   2              }
 416   1              else if ( paraAry[1] > 0 ) {
 417   2                      paraAry[1]--;
 418   2              }
 419   1              XBYTE[0x2026] = paraAry[1];
 420   1      
 421   1              /* set Chphase[11:8]. */
 422   1              XBYTE[0x20E4] = (XBYTE[0x20E4] & ~0x0F) | paraAry[2];
 423   1      
 424   1              upd = upd;  /* for complier */
 425   1      }
C51 COMPILER V8.08   HAL_FRONT                                                             09/21/2019 10:52:16 PAGE 8   

 426          
 427          /**
 428           * @fn        void HAL_IntrFrontParaPClkCfgSet(SINT16 *paraAry, UINT8 upd)
 429           * @brief     set front pixel clk configuration
 430           * @param     [in] paraAry : 
 431           *                                                      [0]: pixel clk source
 432           *                                                      [1]: pixel clk division factor, 1~16
 433           *                                                      [2]: pixel clk phase, 0~15, step 1ns
 434           *                                                      [3]: N/A
 435           * @param     [in] upd : N/A
 436           * @retval    NONE
 437           * @see       NULL
 438           * @author    Will Chiu
 439           * @since     2010-4-30
 440           * @todo      N/A
 441           * @bug       N/A
 442          */
 443          void
 444          HAL_IntrFrontParaPClkCfgSet(
 445                  SINT16 *paraAry,
 446                  UINT8 upd       
 447          )
 448          {
 449   1              /* set vclk1xsel. */
 450   1              XBYTE[0x2019] = (XBYTE[0x2019] & ~0x08) | paraAry[0];
 451   1      
 452   1              /* set vclk1xdiv. */
 453   1              if ( paraAry[1] >= 16 ) {
 454   2                      paraAry[1] = 15;
 455   2              }
 456   1              else if ( paraAry[1] > 0 ) {
 457   2                      paraAry[1]--;
 458   2              }
 459   1              XBYTE[0x2026] = paraAry[1];
 460   1      
 461   1              /* set Chphase[11:8]. */
 462   1              XBYTE[0x20E4] = (XBYTE[0x20E4] & ~0x0F) | paraAry[2];
 463   1      
 464   1              upd = upd;  /* for complier */
 465   1      }
 466          
 467          /**
 468           * @fn        void HAL_FrontParaSyncInvertEnableSet(SINT16 *paraAry)
 469           * @brief     enable/disable sync signal invert
 470           * @param     [in] paraAry :
 471           *                                                      [0]: 0: disable, 1: enable invert hsync
 472           *                                                      [1]: 0: disable, 1: enable invert vsync
 473           *                                                      [2]: N/A
 474           *                                                      [3]: N/A
 475           * @param     [in] upd : N/A
 476           * @retval    NONE
 477           * @see       NULL
 478           * @author    Will Chiu
 479           * @since     2010-4-30
 480           * @todo      N/A
 481           * @bug       N/A
 482          */
 483          void
 484          HAL_FrontParaSyncInvertEnableSet(
 485                  SINT16 *paraAry,
 486                  UINT8 upd       
 487          )
C51 COMPILER V8.08   HAL_FRONT                                                             09/21/2019 10:52:16 PAGE 9   

 488          {
 489   1              /* set extvdipol & exthdipol. */
 490   1              XBYTE[REG_Front_exthdipol] = (XBYTE[REG_Front_exthdipol] & ~0x03) | (paraAry[1] << 1) | paraAry[0];
 491   1      
 492   1              upd = upd;      /* for complier */
 493   1      }
 494          
 495          /**
 496           * @fn        void HAL_FrontParaByPassEnableSet(SINT16 *paraAry, UINT8 upd)
 497           * @brief     enable/disable bypass.
 498           * @param     [in] paraAry : 
 499           *                                                      [0]: 0: disable, 1: enable h bypass
 500           *                                                      [1]: 0: disable, 1: enable v bypass
 501           *                                                      [2]: N/A
 502           *                                                      [3]: N/A 
 503           * @param     [in] upd : N/A
 504           * @retval    NONE
 505           * @see       NULL
 506           * @author    Will Chiu
 507           * @since     2010-4-30
 508           * @todo      N/A
 509           * @bug       N/A
 510          */
 511          void
 512          HAL_FrontParaByPassEnableSet(
 513                  SINT16 *paraAry,
 514                  UINT8 upd
 515          )
 516          {
 517   1              /* set V bypass en & H bypass en. */
 518   1              XBYTE[REG_Front_bypashref] = (XBYTE[REG_Front_bypashref] & ~0x03) | (paraAry[1] << 1) | paraAry[0];
 519   1      
 520   1              upd = upd;      /* for complier */
 521   1      }
 522          
 523          
 524          /**
 525           * @fn        void HAL_FrontParaReshapeEnableSet(SINT16 *paraAry, UINT8 upd)
 526           * @brief     enable/disable reshape.
 527           * @param     [in] paraAry : 
 528           *                                                      [0]: 0: disable, 1: enable hsync reshape
 529           *                                                      [1]: 0: disable, 1: enable vsync reshape
 530           *                                                      [2]: N/A
 531           *                                                      [3]: N/A 
 532           * @param     [in] upd : N/A
 533           * @retval    NONE
 534           * @see       NULL
 535           * @author    Will Chiu
 536           * @since     2010-4-30
 537           * @todo      N/A
 538           * @bug       N/A
 539          */
 540          void
 541          HAL_FrontParaReshapeEnableSet(
 542                  SINT16 *paraAry,
 543                  UINT8 upd
 544          )
 545          {
 546   1              /* set Vreshen & Hreshen. */
 547   1              XBYTE[REG_Front_Hreshen] = (XBYTE[REG_Front_Hreshen] & ~0x03) | (paraAry[1] << 1) | paraAry[0];
 548   1      
 549   1              upd = upd;      /* for complier */
C51 COMPILER V8.08   HAL_FRONT                                                             09/21/2019 10:52:16 PAGE 10  

 550   1              
 551   1      }
 552          
 553          /**
 554           * @fn        void HAL_FrontParaReshapeRegionSet(SINT16 *paraAry, UINT8 upd)
 555           * @brief     set reshape region
 556           * @param     [in] paraAry
 557           *                                                      [0]: hsync falling edge position
 558           *                                                      [1]: hsync rising edge position
 559           *                                                      [2]: vsync falling edge position
 560           *                                                      [3]: vsync rising edge position 
 561           * @param     [in] upd : N/A
 562           * @retval    NONE
 563           * @see       NULL
 564           * @author    Will Chiu
 565           * @since     2010-4-30
 566           * @todo      N/A
 567           * @bug       N/A
 568          */
 569          void
 570          HAL_FrontParaReshapeRegionSet(
 571                  SINT16 *paraAry,
 572                  UINT8 upd
 573          )
 574          {
 575   1              /* set Hfall. */
 576   1              XBYTE[REG_Front_Hfall_low] = READ8(paraAry[0], 1);
 577   1              XBYTE[REG_Front_Hfall_high] = READ8(paraAry[0], 0);
 578   1      
 579   1              /* set Hrise. */
 580   1              XBYTE[REG_Front_Hrise_low] = READ8(paraAry[1], 1);
 581   1              XBYTE[REG_Front_Hrise_high] = READ8(paraAry[1], 0);
 582   1      
 583   1              /* set Vfall. */
 584   1              XBYTE[REG_Front_Vfall_low] = READ8(paraAry[2], 1);
 585   1              XBYTE[REG_Front_Vfall_high] = READ8(paraAry[2], 0);
 586   1      
 587   1              /* set Vrise. */
 588   1              XBYTE[REG_Front_Vrise_low] = READ8(paraAry[3], 1);
 589   1              XBYTE[REG_Front_Vrise_high] = READ8(paraAry[3], 0);
 590   1      
 591   1              upd = upd;
 592   1      }
 593          
 594          /**
 595           * @fn        void HAL_FrontParaCropRegionSet(SINT16 *paraAry, UINT8 upd)
 596           * @brief     set crop region
 597           * @param     [in] paraAry
 598           *                                                      [0]: horizontal size
 599           *                                                      [1]: vertical size
 600           *                                                      [2]: horizontal offset
 601           *                                                      [3]: vertical offset  
 602           * @param     [in] upd :
 603           *                                                      0: immediate update 
 604           *                                                      1: update sync with front vd falling edge   
 605           * @retval    NONE
 606           * @see       NULL
 607           * @author    Will Chiu
 608           * @since     2010-4-30
 609           * @todo      N/A
 610           * @bug       N/A
 611          */
C51 COMPILER V8.08   HAL_FRONT                                                             09/21/2019 10:52:16 PAGE 11  

 612          void
 613          HAL_FrontParaCropRegionSet(
 614                  SINT16 *paraAry,
 615                  UINT8 upd
 616          )
 617          {
 618   1              /* set Hsize. */
 619   1              XBYTE[REG_Front_Hsize_low] = READ8(paraAry[0], 1);
 620   1              XBYTE[REG_Front_Hsize_high] = READ8(paraAry[0], 0);
 621   1      
 622   1              /* set Vsize. */
 623   1              XBYTE[REG_Front_Vsize_low] = READ8(paraAry[1], 1);
 624   1              XBYTE[REG_Front_Vsize_high] = READ8(paraAry[1], 0);
 625   1      
 626   1              /* set Hoffset. */
 627   1              XBYTE[REG_Front_Hoffset_low] = READ8(paraAry[2], 1);
 628   1              XBYTE[REG_Front_Hoffset_high] = READ8(paraAry[2], 0);
 629   1      
 630   1              /* set Voffset. */
 631   1              XBYTE[REG_Front_Voffset_low] = READ8(paraAry[3], 1);
 632   1              XBYTE[REG_Front_Voffset_high] = READ8(paraAry[3], 0);
 633   1      
 634   1              /* always enable Vdupdate. */
 635   1              XBYTE[REG_Front_Vdupdate] |= 0x01;
 636   1      
 637   1              /* set Vsvden & Hsvden. */
 638   1              XBYTE[REG_Front_Hsvden] = upd ? 0x03 : 0x00;
 639   1      }
 640          
 641          void 
 642          HAL_FrontSizeGet(
 643                  UINT16 *hSize,
 644                  UINT16 *vSize
 645          )
 646          {
 647   1              *hSize= (UINT16)XBYTE[REG_Front_Hsize_low]+(UINT16)XBYTE[REG_Front_Hsize_high]*256;
 648   1              *vSize= (UINT16)XBYTE[REG_Front_Vsize_low]+(UINT16)XBYTE[REG_Front_Vsize_high]*256;
 649   1      }
 650          
 651          /**
 652           * @fn        void HAL_FrontParaFrontToCdspGatingEnableSet(SINT16 *paraAry, UINT8 upd)
 653           * @brief     enable/disable front to cdsp gating
 654           * @param     [in] paraAry : 
 655           * @param     [in] paraAry
 656           *                                                      [0]: 0: disable, 1: enable
 657           *                                                      [1]: N/A
 658           *                                                      [2]: N/A
 659           *                                                      [3]: N/A   
 660           * @param     [in] upd : N/A
 661           * @retval    NONE
 662           * @see       NULL
 663           * @author    Will Chiu
 664           * @since     2010-4-30
 665           * @todo      N/A
 666           * @bug       N/A
 667          */
 668          void
 669          HAL_FrontParaFrontToCdspGatingEnableSet(
 670                  SINT16 *paraAry,
 671                  UINT8 upd
 672          )
 673          {
C51 COMPILER V8.08   HAL_FRONT                                                             09/21/2019 10:52:16 PAGE 12  

 674   1              /* set F2CdspGate & F2CdspSEof. */
 675   1              XBYTE[REG_Front_F2CdspGate] = (XBYTE[REG_Front_F2CdspGate] & ~0x11) | paraAry[0] | (upd << 4);
 676   1      }
 677          
 678          /**
 679           * @fn        void HAL_IntrFrontParaFrontToCdspGatingEnableSet(SINT16 *paraAry, UINT8 upd)
 680           * @brief     enable/disable front to cdsp gating
 681           * @param     [in] paraAry : 
 682           * @param     [in] paraAry
 683           *                                                      [0]: 0: disable, 1: enable
 684           *                                                      [1]: N/A
 685           *                                                      [2]: N/A
 686           *                                                      [3]: N/A   
 687           * @param     [in] upd : N/A
 688           * @retval    NONE
 689           * @see       NULL
 690           * @author    Will Chiu
 691           * @since     2010-4-30
 692           * @todo      N/A
 693           * @bug       N/A
 694          */
 695          void
 696          HAL_IntrFrontParaFrontToCdspGatingEnableSet(
 697                  SINT16 *paraAry,
 698                  UINT8 upd
 699          )
 700          {
 701   1              /* set F2CdspGate & F2CdspSEof. */
 702   1              XBYTE[REG_Front_F2CdspGate] = (XBYTE[REG_Front_F2CdspGate] & ~0x11) | paraAry[0] | (upd << 4);
 703   1      }
 704          
 705          
 706          
 707          /**
 708           * @fn        void HAL_FrontParaTgTotalRegionSet(SINT16 *paraAry, UINT8 upd)
 709           * @brief     set front tg total region
 710           * @param     [in] paraAry : 
 711           *                                                      [0]: linetotal, total pixels per line
 712           *                                                      [1]: frametotal, total lines per frame
 713           *                                                      [2]: lineblank, blank pixel in a line
 714           *                                                      [3]: frameblank, blank line in a frame 
 715           * @param     [in] upd 
 716           *                                                      0: immediate update 
 717           *                                                      1: update sync with front vd falling edge    
 718           * @retval    NONE
 719           * @see       NULL
 720           * @author    Will Chiu
 721           * @since     2010-4-30
 722           * @todo      N/A
 723           * @bug       N/A
 724          */
 725          void
 726          HAL_FrontParaTgTotalRegionSet(
 727                  SINT16 *paraAry,
 728                  UINT8 upd
 729          )
 730          {
 731   1              /* set Linetotal. */
 732   1              XBYTE[REG_Front_Linetotal_low] = READ8(paraAry[0], 1);
 733   1              XBYTE[REG_Front_Linetotal_high] = READ8(paraAry[0], 0);
 734   1      
 735   1              /* set Frametotal. */
C51 COMPILER V8.08   HAL_FRONT                                                             09/21/2019 10:52:16 PAGE 13  

 736   1              XBYTE[REG_Front_Frametotal_low] = READ8(paraAry[1], 1);
 737   1              XBYTE[REG_Front_Frametotal_high] = READ8(paraAry[1], 0);
 738   1      
 739   1              /* set Lineblank. */
 740   1              XBYTE[REG_Front_Lineblank_low] = READ8(paraAry[2], 1);
 741   1              XBYTE[REG_Front_Lineblank_high] = READ8(paraAry[2], 0);
 742   1      
 743   1              /* set Frameblank. */
 744   1              XBYTE[REG_Front_Frameblank_low] = READ8(paraAry[3], 1);
 745   1              XBYTE[REG_Front_Frameblank_high] = READ8(paraAry[3], 0);
 746   1      
 747   1              /* set Totalsvden. */
 748   1              XBYTE[REG_Front_Syncgenen] = (XBYTE[REG_Front_Syncgenen] & ~0x02) | (upd << 1);
 749   1      }
 750          
 751          /**
 752           * @fn        void HAL_FrontParaTgSyncGeneratorEnableSet(SINT16 *paraAry, UINT8 upd)
 753           * @brief     enable/disable front tg sync generator
 754           * @param     [in] paraAry
 755           *                                                      [0]: 0: disable, 1: enable sync generator
 756           *                                                      [1]: N/A
 757           *                                                      [2]: N/A
 758           *                                                      [3]: N/A
 759           * @param     [in] upd :
 760           *                                                      0: immediate update 
 761           *                                                      1: update sync with front vd falling edge     
 762           * @retval    NONE
 763           * @see       NULL
 764           * @author    Will Chiu
 765           * @since     2010-4-30
 766           * @todo      N/A
 767           * @bug       N/A
 768          */
 769          void
 770          HAL_FrontParaTgSyncGeneratorEnableSet(
 771                  SINT16 *paraAry,
 772                  UINT8 upd
 773          )
 774          {
 775   1              /* set Syncgenen & Totalsvden. */
 776   1              XBYTE[REG_Front_Syncgenen] = (XBYTE[REG_Front_Syncgenen] & ~0x03) | paraAry[0] | (upd << 1);
 777   1      }
 778          
 779          /**
 780           * @fn        void HAL_FrontParaYuvOutputSequenceCfgSet(SINT16 *paraAry, UINT8 upd)
 781           * @brief     set yuv output sequence
 782           * @param     [in] paraAry
 783           *                                                      [0]: 0: UYVY , 1: YVYU , 2: VYUY , 3: YUYV
 784           *                                                      [1]: N/A
 785           *                                                      [2]: N/A
 786           *                                                      [3]: N/A 
 787           * @param     [in] upd : N/A
 788           * @retval    NONE
 789           * @see       NULL
 790           * @author    Will Chiu
 791           * @since     2010-4-30
 792           * @todo      N/A
 793           * @bug       N/A
 794          */
 795          void
 796          HAL_FrontParaYuvOutputSequenceCfgSet(
 797                  SINT16 *paraAry,
C51 COMPILER V8.08   HAL_FRONT                                                             09/21/2019 10:52:16 PAGE 14  

 798                  UINT8 upd
 799          )
 800          {
 801   1              /* set Uvsel. */
 802   1              XBYTE[REG_Front_Uvsel] = (XBYTE[REG_Front_Uvsel] & ~0x03) | paraAry[0];
 803   1      
 804   1              upd = upd;
 805   1      }
 806          
 807          /**
 808           * @fn        void HAL_FrontParaYuvCcirModeSet(SINT16 *paraAry, UINT8 upd)
 809           * @brief     set yuv ccir mode
 810           * @param     [in] paraAry
 811           *                                                      [0]: 0: CCIR601 , 0x10: CCIR656
 812           *                                                      [1]: N/A
 813           *                                                      [2]: N/A
 814           *                                                      [3]: N/A  
 815           * @param     [in] upd : N/A
 816           * @retval    NONE
 817           * @see       NULL
 818           * @author    Will Chiu
 819           * @since     2010-4-30
 820           * @todo      N/A
 821           * @bug       N/A
 822          */
 823          void
 824          HAL_FrontParaYuvCcirModeSet(
 825                  SINT16 *paraAry,
 826                  UINT8 upd
 827          )
 828          {
 829   1              /* set Bt656en. */
 830   1              XBYTE[REG_Front_Uvsel] = (XBYTE[REG_Front_Uvsel] & ~0x10) | paraAry[0];
 831   1      
 832   1              upd = upd;
 833   1      }
 834          
 835          /**
 836           * @fn        void HAL_FrontParaYuvSub128EnableSet(SINT16 *paraAry, UINT8 upd)
 837           * @brief     enable/disable y/u/v values sub 128
 838           * @param     [in] paraAry
 839           *                                                      [0]: 0: disable, 1: enable y value sub 128
 840           *                                                      [1]: 0: disable, 1: enable u value sub 128
 841           *                                                      [2]: 0: disable, 1: enable v value sub 128
 842           *                                                      [3]: N/A  
 843           * @param     [in] upd : N/A
 844           * @retval    NONE
 845           * @see       NULL
 846           * @author    Will Chiu
 847           * @since     2010-4-30
 848           * @todo      N/A
 849           * @bug       N/A
 850          */
 851          void
 852          HAL_FrontParaYuvSub128EnableSet(
 853                  SINT16 *paraAry,
 854                  UINT8 upd
 855          )
 856          {
 857   1              /* set Vs128en, Us128en & Ys128en. */
 858   1              XBYTE[REG_Front_Ys128en] = (XBYTE[REG_Front_Ys128en] & ~0x07)
 859   1                              | (paraAry[2] << 2)
C51 COMPILER V8.08   HAL_FRONT                                                             09/21/2019 10:52:16 PAGE 15  

 860   1                              | (paraAry[1] << 1)
 861   1                              | paraAry[0];
 862   1      
 863   1              upd = upd;
 864   1      }
 865          
 866          /**
 867           * @fn        void HAL_FrontParaYuvInputEnableSet(SINT16 *paraAry, UINT8 upd)
 868           * @brief     enable/disable yuv input
 869           * @param     [in] paraAry
 870           *                                                      [0]: 0: disable, 1: enable
 871           *                                                      [1]: N/A
 872           *                                                      [2]: N/A
 873           *                                                      [3]: N/A  
 874           * @param     [in] upd : N/A
 875           * @retval    NONE
 876           * @see       NULL
 877           * @author    Will Chiu
 878           * @since     2010-4-30
 879           * @todo      N/A
 880           * @bug       N/A
 881          */
 882          void
 883          HAL_FrontParaYuvInputEnableSet(
 884                  SINT16 *paraAry,
 885                  UINT8 upd
 886          )
 887          {
 888   1              /* set Tvdecen. */
 889   1              XBYTE[REG_Front_Ys128en] = (XBYTE[REG_Front_Ys128en] & ~0x10) | (paraAry[0] << 4);
 890   1      
 891   1              upd = upd;
 892   1      }
 893          
 894          /**
 895           * @fn        void HAL_FrontParaMClkCfgGet(UINT8 *pSrc, UINT16 *pDiv, UINT8 *pPhase, UINT8 *pDrv, UINT8 *p
             -Upd)
 896           * @brief     get front master clk configuration
 897           * @param     [out] pSrc : master clk source
 898           *                                                      0: internal 
 899           *                                                      1: external
 900           * @param     [out] pDiv : master clk division factor, 1~256
 901           * @param     [out] pPhase : master clk phase, 0~15
 902           * @param     [out] pDrv : master clk driving, 0: 4mA, 1: 8mA
 903           * @param     [out] pUpd 
 904           * @retval    NONE
 905           * @see       NULL
 906           * @author    Will Chiu
 907           * @since     2010-4-30
 908           * @todo      N/A
 909           * @bug       N/A
 910          */
 911          void
 912          HAL_FrontParaMClkCfgGet(
 913                  UINT8 *pSrc,
 914                  UINT16 *pDiv,
 915                  UINT8 *pPhase,
 916                  UINT8 *pDrv,
 917                  UINT8 *pUpd
 918          )
 919          {
 920   1              /* get vclk2xsel. */
C51 COMPILER V8.08   HAL_FRONT                                                             09/21/2019 10:52:16 PAGE 16  

 921   1              *pSrc = XBYTE[0x2019] & 0x04;
 922   1      
 923   1              /* get vclk2xdiv. */
 924   1              *pDiv = XBYTE[0x2027] + 1;
 925   1      
 926   1              /* get Chphase[7:4]. */
 927   1              *pPhase = (XBYTE[0x20E3] & 0xF0) >> 4;
 928   1      
 929   1              /* get mclkdrive. */
 930   1              *pDrv = (XBYTE[0x2085] & 0x02) >> 1;
 931   1      
 932   1              /* get vclk2xdivstsel. */
 933   1              *pUpd = XBYTE[0x202B];
 934   1      }
 935          
 936          /**
 937           * @fn        void HAL_FrontParaPClkCfgGet(UINT8 *pSrc, UINT16 *pDiv, UINT8 *pPhase)
 938           * @brief     get front pixel clk configuration
 939           * @param     [in] pSrc : pixel clk source, 0: internal, 1:external
 940           * @param     [in] pDiv : pixel clk division factor, 1~16
 941           * @param     [in] pPhase : pixel clk phase, 0~15
 942           * @retval    NONE
 943           * @see       NULL
 944           * @author    Will Chiu
 945           * @since     2010-4-30
 946           * @todo      N/A
 947           * @bug       N/A
 948          */
 949          void
 950          HAL_FrontParaPClkCfgGet(
 951                  UINT8 *pSrc,
 952                  UINT16 *pDiv,
 953                  UINT8 *pPhase
 954          )
 955          {
 956   1              /* get vclk1xsel. */
 957   1              *pSrc = XBYTE[0x2019] & 0x08;
 958   1      
 959   1              /* get vclk1xdiv. */
 960   1              *pDiv = XBYTE[0x2026] + 1;
 961   1      
 962   1              /* get Chphase[11:8]. */
 963   1              *pPhase = XBYTE[0x20E4] & 0x0F;
 964   1      }
 965          
 966          /**
 967           * @fn        void sp1kHalFrontInputGate(UINT8 tggz)
 968           * @brief     Gate front data sending to CDSP. If gating, CDSP doesn't not have input from front
 969           * @param     [in] tggz
 970           *                                              bit[0] 0: no gating ,  1: gating
 971           *                                              bit[4] 0: immediate update , 1: sync front EOF signal
 972           * @retval    NONE
 973           * @see       NULL
 974           * @author    Will Chiu
 975           * @since     2010-4-30
 976           * @todo      N/A
 977           * @bug       N/A
 978          */
 979          void
 980          sp1kHalFrontInputGate(
 981                  UINT8 tggz
 982          )
C51 COMPILER V8.08   HAL_FRONT                                                             09/21/2019 10:52:16 PAGE 17  

 983          {
 984   1              HAL_FrontParaSet(HAL_FRONT_PARA_FRONT_TO_CDSP_GATING_ENABLE,
 985   1                               tggz & 0x01, 0, 0, 0, (tggz & 0x10) >> 4);
 986   1      }


MODULE INFORMATION:   STATIC OVERLAYABLE
   CODE SIZE        =   1263    ----
   CONSTANT SIZE    =   ----    ----
   XDATA SIZE       =   ----      43
   PDATA SIZE       =   ----    ----
   DATA SIZE        =   ----    ----
   IDATA SIZE       =   ----    ----
   BIT SIZE         =   ----    ----
   EDATA SIZE       =   ----    ----
   HDATA SIZE       =   ----    ----
   XDATA CONST SIZE =   ----    ----
   FAR CONST SIZE   =   ----    ----
END OF MODULE INFORMATION.


C51 COMPILATION COMPLETE.  0 WARNING(S),  0 ERROR(S)
