C51 COMPILER V8.08   SP1K_DISP_API                                                         12/31/2019 16:14:32 PAGE 1   


C51 COMPILER V8.08, COMPILATION OF MODULE SP1K_DISP_API
OBJECT MODULE PLACED IN .\obj\sp1k_disp_api.obj
COMPILER INVOKED BY: e:\Keil\C51\BIN\C51.EXE sp1k_disp_api.c LARGE OMF2 OPTIMIZE(9,SIZE) NOAREGS INCDIR(..\..\..\inc;..\
                    -..\..\inc\os;..\..\..\inc\hal;..\..\..\inc\middleware;..\..\..\inc\sp1k;..\..\..\..\host\inc\app;..\..\..\..\host\inc\cu
                    -stomization) DEFINE(LIB_RELEASE) PRINT(.\obj\sp1k_disp_api.lst) OBJECT(.\obj\sp1k_disp_api.obj)

line level    source

   1          /**************************************************************************
   2           *
   3           *        Copyright (c) 2008-2008 by Sunplus mMedia Inc., Ltd.
   4           *
   5           *  This software is copyrighted by and is the property of Sunplus
   6           *  mMedia Inc., Ltd. All rights are reserved by Sunplus mMedia
   7           *  Inc., Ltd. This software may only be used in accordance with the
   8           *  corresponding license agreement. Any unauthorized use, duplication,
   9           *  distribution, or disclosure of this software is expressly forbidden.
  10           *
  11           *  This Copyright notice MUST not be removed or modified without prior
  12           *  written consent of Sunplus mMedia Inc., Ltd.
  13           *
  14           *  Sunplus mMedia Inc., Ltd. reserves the right to modify this
  15           *  software without notice.
  16           *
  17           *  Sunplus mMedia Inc., Ltd.
  18           *  19-1, Innovation First Road, Science-Based Industrial Park,
  19           *  Hsin-Chu, Taiwan, R.O.C.
  20           *
  21           **************************************************************************/
  22          /**
  23           * @file                sp1k_disp_api.c
  24           * @brief               switch between display device.
  25           * @author              Ted Chiu, Matt Wang
  26           * @since               2008-04-29
  27           * @date                2008-12-09
  28           */
  29          
  30          /**************************************************************************
  31           *                            H E A D E R   F I L E S
  32           **************************************************************************/
  33          #include "general.h"
  34          #include "initio.h"
  35          #include "hal.h"
  36          #include "hal_dram.h"
  37          #include "hal_disp.h"
  38          #include "hal_front.h"
  39          #include "hal_front_para.h"
  40          #include "disp_api.h"
  41          #include "app_dev_disp.h"
  42          #include "reg_def.h"
  43          /* for mantis 44031  Fit show for D1 video in PB mode */
  44          #include "app_still_play.h"
  45          #include "sp1k_pb_api.h"
  46          
  47          #if 0 //debug message control
              #define printk printf
              #else
  50          #define printk ;/DBG_SLASH
  51          #endif
  52          
  53          extern UINT8 multiPlayEn;
C51 COMPILER V8.08   SP1K_DISP_API                                                         12/31/2019 16:14:32 PAGE 2   

  54          
  55          void
  56          sp1kDispPnlOpen(
  57                  UINT8 panel
  58          )
  59          {
  60   1              devAttr_t* pDevAttr;
  61   1              UINT8 oldId;
  62   1      
  63   1      
  64   1              oldId = dispDevActGet();
  65   1              if ( panel == oldId ) {
  66   2                      return;
  67   2              }
  68   1      
  69   1              /* check the new panel id first */
  70   1              if (dispDevActSet(panel) != SUCCESS) {
  71   2                      return;
  72   2              } else {
  73   2                      /* restore the active id */
  74   2                      dispDevActSet(oldId);
  75   2              }
  76   1      
  77   1              dispPowerOff(oldId);
  78   1              dispDevActSet(panel);
  79   1              dispPowerOn(panel);
  80   1      
  81   1              pDevAttr = sp1kDevHdlGet();
  82   1      
  83   1              if ( panel > 1 ) {  /* tv. */
  84   2                      pDevAttr[DEV_ID_TV].devSts = DEV_STS_RDY;
  85   2                      pDevAttr[DEV_ID_TV].devEn = 1;
  86   2                      pDevAttr[DEV_ID_PANEL].devEn = 0;
  87   2              }
  88   1              else {  /* panel. */
  89   2                      pDevAttr[DEV_ID_PANEL].devSts = DEV_STS_RDY;
  90   2                      pDevAttr[DEV_ID_TV].devEn = 0;
  91   2                      pDevAttr[DEV_ID_PANEL].devEn = 1;
  92   2              }
  93   1      }
  94          
  95          /**
  96           * @fn UINT8 sp1kHalCtrlScreen(UINT8 attrib)
  97           * @brief       Set attributes to control screen.
  98           * @param[in] attrib    0: Show background color, no image, no OSD.
  99           *\n                    1: Show images, no OSD.
 100           *\n                    2: Show OSD, no images.
 101           *\n                    3: Show images and OSD.
 102           * @retval error code -  always reurn success(0)
 103           */
 104          UINT8
 105          sp1kHalCtrlScreen(
 106                  UINT8 attrib
 107          )
 108          {
 109   1              HAL_DispParaSet(HAL_DISP_PARA_OSD_LAYER_ENABLE, (attrib & 0x02), 0, 0, 0, 0);
 110   1              HAL_DispParaSet(HAL_DISP_PARA_IMG_LAYER_ENABLE, (attrib & 0x01), 0, 0, 0, 0);
 111   1              
 112   1              if ( HAL_DramDispSrcGet() == HAL_DRAM_DISP_SRC_PB ) {
 113   2                      HAL_DramZfUpdTrig(HAL_DRAM_ZF_UPD_LAYER_PB | HAL_DRAM_ZF_UPD_LAYER_OSD);
 114   2                      HAL_DramZUpdateWait(HAL_DRAM_ZUPDATE_PB, 0);
 115   2              }
C51 COMPILER V8.08   SP1K_DISP_API                                                         12/31/2019 16:14:32 PAGE 3   

 116   1              else {  /* HAL_DRAM_DISP_SRC_MPG. */
 117   2                      HAL_DramZfUpdTrig(HAL_DRAM_ZF_UPD_LAYER_PV | HAL_DRAM_ZF_UPD_LAYER_OSD);
 118   2                      HAL_DramZUpdateWait(HAL_DRAM_ZUPDATE_PV, (UINT16)300);
 119   2                      //printf("osd update\n");
 120   2              }
 121   1      
 122   1              return 0;
 123   1      }
 124          
 125          void
 126          dispShow(
 127                  UINT32 addr,
 128                  UINT16 w,
 129                  UINT16 h,
 130                  UINT16 factor
 131          )
 132          {
 133   1              HAL_FrontParaSet(HAL_FRONT_PARA_FRONT_TO_CDSP_GATING_ENABLE, 1, 0, 0, 0, 1);
 134   1      
 135   1              /* clear pbb_reg_en & dispsrc_sel_en. */
 136   1              XBYTE[REG_Dram_MpgSb_RegIdx_En] &= ~0xA0;
 137   1              
 138   1              //For image disp use disp fit show. suny  S
 139   1      #if 0
                      /* set dispsrc_sel to pb buf. */
                      HAL_DramDispSrcSel(0);
                      HAL_DispPbFrameBufferSet(addr, w, h);
                      HAL_DispScaleSet(w,h,factor, 0);
              
                      HAL_DispParaSet(HAL_DISP_PARA_IMG_LAYER_ENABLE, 1, 0, 0, 0, 0);
                      HAL_DramZfUpdTrig(HAL_DRAM_ZF_UPD_LAYER_PB);
                      HAL_DramZUpdateWait(HAL_DRAM_ZUPDATE_PB, 0);
              #else
 149   1              HAL_DramDispSrcSel(0);
 150   1              HAL_DispPbFrameBufferSet(addr, w, h);   
 151   1              HAL_DispScaleSet(w, h, factor,0);
 152   1      
 153   1              #if 0
                      /*still play back disp on tv not need to fit show 20110822*/
                      if ((w == 720 && h == 480) || (w == 1440 && h == 960) || (w == 960 && h == 1440) || (w == 480 && h ==720)
             -) {//TV NTSC
                              if( (pbFile.wType == SP1K_PB_FILE_TYPE_AVI)||(pbFile.wType == SP1K_PB_FILE_TYPE_WGI) ){
                                      dispFitShow(w, h, 1);
                              }       
                      } else if ((w == 720 && h == 576) || (w == 1440 && h == 1152) ||(w == 1152 && h == 1440) || (w == 576 && 
             -h == 720)) {//TV PAL  
                              ;
                      } else {
                              dispFitShow(w, h, 1);
                      }
                      #endif
 165   1              
 166   1              dispFitShow(w, h, 1);
 167   1              #if 0
                      if( multiPlayEn ){
                              dispFitShow(w, h, 1);
                      }
                      #endif
 172   1              
 173   1              HAL_DispParaSet(HAL_DISP_PARA_IMG_LAYER_ENABLE, 1, 0, 0, 0, 0);
 174   1              HAL_DramZfUpdTrig(HAL_DRAM_ZF_UPD_LAYER_PB);
 175   1              HAL_DramZUpdateWait(HAL_DRAM_ZUPDATE_PB, 0);    
C51 COMPILER V8.08   SP1K_DISP_API                                                         12/31/2019 16:14:32 PAGE 4   

 176   1      #endif
 177   1      //For image disp use disp fit show. suny  E
 178   1      
 179   1      }
 180          
 181          /**
 182           * @brief       set display fitting method.
 183           * @param       method = one of sp1kDispFitMethod_e.
 184           * @retval      None.
 185           * @see
 186           * @author      Matt Wang
 187           * @since       2008-10-03
 188           * @todo        N/A
 189           * @bug         N/A
 190          */
 191          void dispFitShow(UINT16 w, UINT16 h, UINT8 update)
 192          {
 193   1              UINT16 h0, h1, v0, v1;
 194   1              UINT16 initW, initH;
 195   1              SINT16 hGap, vGap;
 196   1              UINT8 ratX, ratY;
 197   1      
 198   1              /* get panel init H&V */
 199   1              HAL_DispPnlInitHvGet(&h0, &h1, &v0, &v1);
 200   1          initW = h1 - h0 + 1;
 201   1          initH = v1 - v0 + 1;
 202   1      
 203   1              printk("old W: %lu, ", (UINT32)w);
 204   1              printk("old H: %lu\n", (UINT32)h);
 205   1              printk("initW: %lu, ", (UINT32)initW);
 206   1              printk("initH: %lu\n", (UINT32)initH);
 207   1              
 208   1              if (w == -1 || h == -1) {
 209   2                  /* restore the panel initialize setting */
 210   2                  hGap = 0;
 211   2                  vGap = 0;
 212   2              } else {
 213   2      /*      
 214   2                      if (initW == 720 && initH == 480 && 2 == dispDevActGet()) {//TV NTSC
 215   2                              initW = 640;
 216   2                              initH = 480;
 217   2                              if(w < h){  // add for 16:9 rotation PB
 218   2                                      initW = 720;
 219   2                                      initH = 480;
 220   2                              }
 221   2                              if(XBYTE[REG_Disp_SclMode]&0x04){
 222   2                                      initW = 720;
 223   2                                      initH = 480;
 224   2                              }
 225   2                      } else if (initW == 720 && initH == 576 && 3 == dispDevActGet()) {//TV PAL      
 226   2                              initW = 768;
 227   2                              initH = 576;
 228   2                              if(XBYTE[REG_Disp_SclMode]&0x04){
 229   2                                      initW = 720;
 230   2                                      initH = 576;
 231   2                              }  
 232   2                      } else
 233   2      */
 234   2                      if (2 == dispDevActGet()) {
 235   3                              initW = 704 * 10 / 11;
 236   3                              
 237   3                      } 
C51 COMPILER V8.08   SP1K_DISP_API                                                         12/31/2019 16:14:32 PAGE 5   

 238   2                      else if (3 == dispDevActGet()) {
 239   3                              initW = 704 * 12 / 11;
 240   3                      }
 241   2                      
 242   2                      dispPnlAspectRatioGet(&ratX, &ratY);
 243   2      
 244   2                      if (((UINT32)w * ratY) >= ((UINT32)ratX * h)) {
 245   3                              /* fit width */
 246   3                              h = ((UINT32)initH * h * ratX) / ((UINT32)w * ratY);
 247   3                              w = initW;
 248   3                      }
 249   2                      else {
 250   3                              /* fit height */
 251   3                              w = ((UINT32)initW * w * ratY) / ((UINT32)h * ratX);
 252   3                              h = initH;
 253   3                      }
 254   2              
 255   2                      //printf("new W: %lu,H: %lu\n ", (UINT32)w,(UINT32)h);
 256   2              if ((UINT32)((UINT32)w * initH) >= (UINT32)((UINT32)initW * h)) {
 257   3                  /* fit width */
 258   3                  hGap = 0;
 259   3                  vGap = (initH - (((UINT32)h * initW) / (UINT32)w) + 1) >> 1;
 260   3              } 
 261   2                      else {
 262   3                  /* fit height */
 263   3                  hGap = (initW - (((UINT32)w * initH) / (UINT32)h) + 1) >> 1;
 264   3                  vGap = 0;
 265   3              }
 266   2              }
 267   1      
 268   1              //printf("gap H: %lu,V=%lu\n ", (UINT32)hGap,(UINT32)vGap);
 269   1      
 270   1              if (2 == dispDevActGet()) {
 271   2                      hGap = hGap * 11 / 10;
 272   2                      hGap += (720-704)>>1;
 273   2              } 
 274   1              else if (3 == dispDevActGet()) {
 275   2                      hGap = hGap * 11 / 12;
 276   2                      hGap += (720-702)>>1;
 277   2              }
 278   1              
 279   1              /* set data render region */
 280   1              HAL_DispImgHvSet(h0 + hGap, v0 + vGap, h1 - hGap, v1 - vGap);
 281   1              /* update scale factor */
 282   1              HAL_DispScaleUpdate();
 283   1      
 284   1              /* update display register */
 285   1              if (update) {
 286   2                  //HAL_DispRegUpdate();
 287   2                  HAL_DramZfUpdTrig(HAL_DRAM_ZF_UPD_LAYER_PB | HAL_DRAM_ZF_UPD_LAYER_OSD);
 288   2              }
 289   1      }
 290          
 291          /**
 292           * @brief       set display fitting method.
 293           * @param       method = one of sp1kDispFitMethod_e.
 294           * @retval      None.
 295           * @see
 296           * @author      Matt Wang
 297           * @since       2008-10-03
 298           * @todo        N/A
 299           * @bug         N/A
C51 COMPILER V8.08   SP1K_DISP_API                                                         12/31/2019 16:14:32 PAGE 6   

 300          */
 301          void
 302          sp1kDispFitMethodSet(
 303                  UINT8 method
 304          )
 305          {
 306   1              HAL_DispFitMethodSet(method);
 307   1      }
 308          
 309          /**
 310           * @brief       enable/disable gamma.
 311           * @param       en = [in] 0: disable, 1: enable.
 312           * @retval      return = SUCCESS or FAIL.
 313           * @see
 314           * @author      Matt Wang
 315           * @since       2008-12-09
 316           * @todo        N/A
 317           * @bug         N/A
 318          */
 319          UINT8
 320          sp1kDispGammaEnableSet(
 321                  UINT8 en
 322          )
 323          {
 324   1              return HAL_DispParaSet(HAL_DISP_PARA_GAMMA_ENABLE, en, 0, 0, 0, 2);
 325   1      }
 326          
 327          /**
 328           * @brief       set gamma table.
 329           * @param       gammaTbl = [in] pointer to gamma table, total 17 entries.
 330           * @retval      return = SUCCESS or FAIL.
 331           * @see
 332           * @author      Matt Wang
 333           * @since       2008-12-09
 334           * @todo        N/A
 335           * @bug         N/A
 336          */
 337          UINT8
 338          sp1kDispGammaTableSet(
 339                  UINT8 *gammaTbl
 340          )
 341          {
 342   1              return HAL_DispGammaTableSet(gammaTbl);
 343   1      }
 344          
 345          /**
 346           * @fn        void sp1kDispOsdHvSet(UINT32 h0, UINT32 v0, UINT32 h1, UINT32 v1)
 347           * @brief     sp1kDispOsdHvSet
 348           * @param     [in] h0
 349           * @param     [in] v0
 350           * @param     [in] h1
 351           * @param     [in] v1
 352           * @retval    NONE
 353           * @see       NULL
 354           * @author    Phil Lin
 355           * @since     2011-2-18
 356           * @todo      N/A
 357           * @bug       N/A
 358          */
 359          void
 360          sp1kDispOsdHvSet(
 361                  UINT32 h0,
C51 COMPILER V8.08   SP1K_DISP_API                                                         12/31/2019 16:14:32 PAGE 7   

 362                  UINT32 v0,
 363                  UINT32 h1,
 364                  UINT32 v1
 365          )
 366          {
 367   1              HAL_DispOsdHvSet(h0, v0, h1, v1);
 368   1      }
 369          
 370          /**
 371           * @fn        void sp1kDispOsdHvGet(UINT32 *h0, UINT32 *v0, UINT32 *h1, UINT32 *v1)
 372           * @brief     sp1kDispOsdHvGet
 373           * @param     [in] h0
 374           * @param     [in] v0
 375           * @param     [in] h1
 376           * @param     [in] v1
 377           * @retval    NONE
 378           * @see       NULL
 379           * @author    Phil Lin
 380           * @since     2011-2-18
 381           * @todo      N/A
 382           * @bug       N/A
 383          */
 384          void
 385          sp1kDispOsdHvGet(
 386                  UINT32 *h0,
 387                  UINT32 *v0,
 388                  UINT32 *h1,
 389                  UINT32 *v1
 390          )
 391          {
 392   1              HAL_DispOsdHvGet(h0, v0, h1, v1);
 393   1      }
 394          
 395          /**
 396           * @fn        void sp1kDispOsdEnSet(UINT8 en)
 397           * @brief     sp1kDispOsdEnSet
 398           * @param     [in] en
 399           * @retval    NONE
 400           * @see       NULL
 401           * @author    Phil Lin
 402           * @since     2011-2-18
 403           * @todo      N/A
 404           * @bug       N/A
 405          */
 406          void
 407          sp1kDispOsdEnSet(
 408                  UINT8 en
 409          )
 410          {
 411   1              dispParaSet(DISP_PARA_OSD_LAYER_ENABLE, en?1:0, 0, 0, 0, 0);
 412   1              HAL_DramZfUpdTrig(HAL_DRAM_ZF_UPD_LAYER_OSD);
 413   1              
 414   1              XBYTE[REG_Disp_VsVdIntSts] |= 0x01;
 415   1              while(!(XBYTE[REG_Disp_VsVdIntSts] & 0x01));
 416   1      }
 417          
 418          /**
 419           * @fn        void sp1kDispOsdSclUpd(void)
 420           * @brief     update osd layer scale related parameter
 421           * @param     NONE
 422           * @retval    NONE
 423           * @see       NULL
C51 COMPILER V8.08   SP1K_DISP_API                                                         12/31/2019 16:14:32 PAGE 8   

 424           * @author    Phil Lin
 425           * @since     2011-2-18
 426           * @todo      N/A
 427           * @bug       N/A
 428          */
 429          void
 430          sp1kDispOsdSclUpd(
 431                  void
 432          )
 433          {
 434   1              HAL_DispOsdScaleUpdate();
 435   1      }
 436          
 437          /**
 438           * @fn        void sp1kDispImgSclUpd(void)
 439           * @brief     update image layer scale related parameter
 440           * @param     NONE
 441           * @retval    NONE
 442           * @see       NULL
 443           * @author    Phil Lin
 444           * @since     2011-2-18
 445           * @todo      N/A
 446           * @bug       N/A
 447          */
 448          void
 449          sp1kDispImgSclUpd(
 450                  void
 451          )
 452          {
 453   1              HAL_DispScaleUpdate();
 454   1      }
 455          


MODULE INFORMATION:   STATIC OVERLAYABLE
   CODE SIZE        =   1425    ----
   CONSTANT SIZE    =   ----    ----
   XDATA SIZE       =   ----      64
   PDATA SIZE       =   ----    ----
   DATA SIZE        =   ----    ----
   IDATA SIZE       =   ----    ----
   BIT SIZE         =   ----    ----
   EDATA SIZE       =   ----    ----
   HDATA SIZE       =   ----    ----
   XDATA CONST SIZE =   ----    ----
   FAR CONST SIZE   =   ----    ----
END OF MODULE INFORMATION.


C51 COMPILATION COMPLETE.  0 WARNING(S),  0 ERROR(S)
