C51 COMPILER V8.08   BP_FMT                                                                10/17/2019 11:40:32 PAGE 1   


C51 COMPILER V8.08, COMPILATION OF MODULE BP_FMT
OBJECT MODULE PLACED IN .\obj\bp_fmt.obj
COMPILER INVOKED BY: C:\Keil\C51\BIN\C51.EXE bp_fmt.c LARGE OMF2 OPTIMIZE(9,SIZE) NOAREGS INCDIR(..\..\..\inc;..\..\..\i
                    -nc\os;..\..\..\inc\hal;..\..\..\inc\middleware;..\..\..\inc\sp1k;..\..\..\..\host\inc\app;..\..\..\..\host\inc\customiza
                    -tion) DEFINE(LIB_RELEASE) PRINT(.\obj\bp_fmt.lst) OBJECT(.\obj\bp_fmt.obj)

line level    source

   1          /**************************************************************************
   2           *
   3           *        Copyright (c) 2008-2008 by Sunplus mMedia Inc., Ltd.
   4           *
   5           *  This software is copyrighted by and is the property of Sunplus
   6           *  mMedia Inc., Ltd. All rights are reserved by Sunplus mMedia
   7           *  Inc., Ltd. This software may only be used in accordance with the
   8           *  corresponding license agreement. Any unauthorized use, duplication,
   9           *  distribution, or disclosure of this software is expressly forbidden.
  10           *
  11           *  This Copyright notice MUST not be removed or modified without prior
  12           *  written consent of Sunplus mMedia Inc., Ltd.
  13           *
  14           *  Sunplus mMedia Inc., Ltd. reserves the right to modify this
  15           *  software without notice.
  16           *
  17           *  Sunplus mMedia Inc., Ltd.
  18           *  19-1, Innovation First Road, Science-Based Industrial Park,
  19           *  Hsin-Chu, Taiwan, R.O.C.
  20           *
  21           **************************************************************************/
  22          
  23          /**
  24           * @file                bp_fmt.c
  25           * @brief               badpixel format convertion
  26           * @author      Phil Lin
  27           * @since               2008-11-18
  28           * @date                2008-11-18
  29           */
  30           
  31          /**************************************************************************
  32          *                                                  H E A D E R   F I L E S
  33          **************************************************************************/
  34          #include "general.h" 
  35          #include "bp_private.h" 
  36          #include "bp_api.h"
  37          #include "hal.h"
  38          
  39          #if MODULE_BP_OPT
  40          /**************************************************************************
  41           *                                               C O N S T A N T S                                                *
  42           **************************************************************************/
  43          #define DBG_BP_EN       0
  44          
  45          #define MAX_BAD_PER_LINE        32
  46          
  47          /**************************************************************************
  48           *                                                      M A C R O S                                                       *
  49           **************************************************************************/
  50          
  51          /**************************************************************************
  52           *                                              D A T A    T Y P E S                                              *
  53           **************************************************************************/
C51 COMPILER V8.08   BP_FMT                                                                10/17/2019 11:40:32 PAGE 2   

  54          
  55          /**************************************************************************
  56           *                                         G L O B A L    D A T A                                         *
  57           **************************************************************************/
  58          static bpFMT_t xdata sBpFmt;
  59          
  60          /**************************************************************************
  61           *                         E X T E R N A L    R E F E R E N C E S                         *
  62           **************************************************************************/
  63          
  64          /**************************************************************************
  65           *                       F U N C T I O N        D E C L A R A T I O N S                           *
  66           **************************************************************************/
  67          
  68          
  69          //-----------------------------------------------------------------------------
  70          //bpFmt_init
  71          //-----------------------------------------------------------------------------
  72          /**
  73           * @brief               bpFmt_init
  74           * @param       
  75           * @retval      NULL
  76           * @see
  77           * @author      Phil Lin
  78           * @since               2008-11-18
  79           * @todo                Something need to be done.
  80           * @bug         a bug need to be resolved.
  81          */
  82          static void bpFmt_init(void)
  83          {
  84   1              sBpFmt.pwDmem = (UINT16 xdata *) 0x3800;
  85   1              sBpFmt.lineEnd = 0x7FF;
  86   1      
  87   1              sBpFmt.curY = 0;
  88   1              sBpFmt.curBadCnt = 0;
  89   1      
  90   1              sBpFmt.badCnt = 0;
  91   1      }
  92          
  93          //-----------------------------------------------------------------------------
  94          //bpFmt_ReadBadXY
  95          //-----------------------------------------------------------------------------
  96          /**
  97           * @brief               bpFmt_ReadBadXY
  98           * @param       
  99           * @retval      NULL
 100           * @see
 101           * @author      Phil Lin
 102           * @since               2008-11-18
 103           * @todo                Something need to be done.
 104           * @bug         a bug need to be resolved.
 105          */
 106          static void bpFmt_ReadBadXY(UINT16 *pX, UINT16 *pY)
 107          {
 108   1              BP_DRAM_SetStartAddress(sBpFmt.srcCurAddr, 1);
 109   1              BP_DRAM_ReadPword((UINT8*)pX + 0, (UINT8*)pX + 1);
 110   1              BP_DRAM_ReadPword((UINT8*)pY + 0, (UINT8*)pY + 1);
 111   1              sBpFmt.srcCurAddr += 2;
 112   1      
 113   1      #if DBG_BP_EN   
                      printf("pX: %lx, ", (UINT32)*pX);
                      printf("pY: %lx\n", (UINT32)*pY);
C51 COMPILER V8.08   BP_FMT                                                                10/17/2019 11:40:32 PAGE 3   

              #endif
 117   1      }
 118          
 119          //-----------------------------------------------------------------------------
 120          //bpFmt_AddX
 121          //-----------------------------------------------------------------------------
 122          /**
 123           * @brief               bpFmt_AddX
 124           * @param       
 125           * @retval      NULL
 126           * @see
 127           * @author      Phil Lin
 128           * @since               2008-11-18
 129           * @todo                Something need to be done.
 130           * @bug         a bug need to be resolved.
 131          */
 132          static void bpFmt_AddX(UINT16 x)
 133          {
 134   1              sBpFmt.pwDmem[sBpFmt.curBadCnt] = x;
 135   1              sBpFmt.curBadCnt ++;
 136   1      }
 137          
 138          //-----------------------------------------------------------------------------
 139          //bpFmt_FillSaveBadIdx
 140          //-----------------------------------------------------------------------------
 141          /**
 142           * @brief               bpFmt_FillSaveBadIdx
 143           * @param       
 144           * @retval      NULL
 145           * @see
 146           * @author      Phil Lin
 147           * @since               2008-11-18
 148           * @todo                Something need to be done.
 149           * @bug         a bug need to be resolved.
 150          */
 151          static void bpFmt_FillSaveBadIdx(UINT16 idx)
 152          {
 153   1              UINT8 cnt, tmp;
 154   1              UINT16 val, idxVal;
 155   1      
 156   1              idxVal = (idx & 0x1f) << 11;
 157   1      
 158   1              for (cnt = 0; cnt < sBpFmt.curBadCnt; cnt ++) {
 159   2                      val = idxVal + sBpFmt.pwDmem[cnt];
 160   2      #if DBG_BP_EN                   
                              printf("pwDmem: %lx\n", (UINT32)sBpFmt.pwDmem[cnt]);
              #endif          
 163   2                      /* exchange byte order */
 164   2      #if 1
 165   2                      tmp = READ8(val, 0);
 166   2                      WRITE8(val, 0, READ8(val, 1));
 167   2                      WRITE8(val, 1, tmp);
 168   2      #endif          
 169   2                      sBpFmt.pwDmem[cnt] = val;
 170   2              }
 171   1              
 172   1      #if DBG_BP_EN           
                      printf("cnt: %lx\n", (UINT32) cnt);
              #endif
 175   1      
 176   1              HAL_DmaSetSramAddr(0x0000);
 177   1              HAL_DmaSetDramAddr(sBpFmt.dstCurAddr);
C51 COMPILER V8.08   BP_FMT                                                                10/17/2019 11:40:32 PAGE 4   

 178   1              HAL_DmaDo(1, 0, cnt << 1, 0, 0);
 179   1              sBpFmt.dstCurAddr += cnt;
 180   1      }
 181          
 182          //-----------------------------------------------------------------------------
 183          //bpFmt_FillSaveEndLine
 184          //-----------------------------------------------------------------------------
 185          /**
 186           * @brief               bpFmt_FillSaveEndLine
 187           * @param       
 188           * @retval      NULL
 189           * @see
 190           * @author      Phil Lin
 191           * @since               2008-11-18
 192           * @todo                Something need to be done.
 193           * @bug         a bug need to be resolved.
 194          */
 195          static void bpFmt_FillSaveEndLine(UINT16 idx)
 196          {
 197   1              UINT16 val;
 198   1              UINT8 buf[2];
 199   1      
 200   1              val = (idx & 0x1f) << 11;
 201   1              val += sBpFmt.lineEnd;
 202   1      
 203   1              buf[0] = (UINT8) val;
 204   1              buf[1] = (UINT8) (val >> 8);
 205   1      
 206   1              BP_DRAM_SetStartAddress(sBpFmt.dstCurAddr, 0);
 207   1              BP_DRAM_WriteWord(buf[0], buf[1]);
 208   1              sBpFmt.dstCurAddr++;
 209   1      }
 210          
 211          //-----------------------------------------------------------------------------
 212          //bpFmt_FillSaveEndFrame
 213          //-----------------------------------------------------------------------------
 214          /**
 215           * @brief               bpFmt_FillSaveEndFrame
 216           * @param       
 217           * @retval      NULL
 218           * @see
 219           * @author      Phil Lin
 220           * @since               2008-11-18
 221           * @todo                Something need to be done.
 222           * @bug         a bug need to be resolved.
 223          */
 224          static void bpFmt_FillSaveEndFrame()
 225          {
 226   1              UINT8 buf[2];
 227   1      
 228   1              buf[0] = 0xfe;
 229   1              buf[1] = 0x07;
 230   1      
 231   1              BP_DRAM_SetStartAddress(sBpFmt.dstCurAddr, 0);
 232   1              BP_DRAM_WriteWord(buf[0], buf[1]);
 233   1              sBpFmt.dstCurAddr++;
 234   1      }
 235          
 236          //-----------------------------------------------------------------------------
 237          //bpFmt_EndLastLine
 238          //-----------------------------------------------------------------------------
 239          /**
C51 COMPILER V8.08   BP_FMT                                                                10/17/2019 11:40:32 PAGE 5   

 240           * @brief               bpFmt_EndLastLine
 241           * @param       
 242           * @retval      NULL
 243           * @see
 244           * @author      Phil Lin
 245           * @since               2008-11-18
 246           * @todo                Something need to be done.
 247           * @bug         a bug need to be resolved.
 248          */
 249          static void bpFmt_EndLastLine(UINT16 nextY)
 250          {
 251   1              UINT16 idxY;
 252   1              UINT16 curY;
 253   1      
 254   1              curY = sBpFmt.curY;
 255   1              idxY = nextY - curY;
 256   1              if (sBpFmt.curBadCnt != 0) {
 257   2                      /* end current line */
 258   2                      /* fill bad buf */
 259   2                      if (idxY <= MAX_BAD_PER_LINE) {
 260   3                              bpFmt_FillSaveBadIdx(idxY);
 261   3                              idxY = 0;
 262   3                      } else {
 263   3                              bpFmt_FillSaveBadIdx(0);
 264   3                              idxY -= MAX_BAD_PER_LINE;
 265   3                      }
 266   2      
 267   2                      /* fill end frame or end line */
 268   2                      if (curY == nextY) {
 269   3                              bpFmt_FillSaveEndFrame();
 270   3                      } else if (sBpFmt.curBadCnt < MAX_BAD_PER_LINE) {
 271   3                              bpFmt_FillSaveEndLine(0);
 272   3                      }
 273   2              }
 274   1      
 275   1              while (idxY) {
 276   2                      /* nextY-curY > 32 */
 277   2                      if (idxY >= MAX_BAD_PER_LINE) {
 278   3                              bpFmt_FillSaveEndLine(MAX_BAD_PER_LINE - 1);
 279   3                              idxY -= (MAX_BAD_PER_LINE - 1);
 280   3                      } else {
 281   3                              /* < 32 */
 282   3                              bpFmt_FillSaveEndLine(idxY);
 283   3                              idxY = 0;
 284   3                      }
 285   2              }
 286   1      
 287   1              sBpFmt.curY = nextY;
 288   1              sBpFmt.curBadCnt = 0;
 289   1      }
 290          
 291          //-----------------------------------------------------------------------------
 292          //bpFmt_AddBad
 293          //-----------------------------------------------------------------------------
 294          /**
 295           * @brief               bpFmt_AddBad
 296           * @param       
 297           * @retval      NULL
 298           * @see
 299           * @author      Phil Lin
 300           * @since               2008-11-18
 301           * @todo                Something need to be done.
C51 COMPILER V8.08   BP_FMT                                                                10/17/2019 11:40:32 PAGE 6   

 302           * @bug         a bug need to be resolved.
 303          */
 304          static UINT8 bpFmt_AddBad(UINT16 x, UINT16 y)
 305          {
 306   1              if (x == 0xffff || y == 0xffff) {
 307   2                      /* frame end */
 308   2                      bpFmt_EndLastLine(sBpFmt.curY);
 309   2                      return FAIL;
 310   2              } else if (y > sBpFmt.curY) {
 311   2                      /* new line */
 312   2                      bpFmt_EndLastLine(y);
 313   2                      bpFmt_AddX(x);
 314   2              } else if (sBpFmt.curBadCnt < MAX_BAD_PER_LINE) {
 315   2                      bpFmt_AddX(x);
 316   2              }
 317   1      
 318   1              return SUCCESS;
 319   1      }
 320          
 321          //-----------------------------------------------------------------------------
 322          //bpFmt_Cvt
 323          //-----------------------------------------------------------------------------
 324          /**
 325           * @brief               bpFmt_Cvt
 326           * @param       
 327           * @retval      NULL
 328           * @see
 329           * @author      Phil Lin
 330           * @since               2008-11-18
 331           * @todo                Something need to be done.
 332           * @bug         a bug need to be resolved.
 333          */
 334          UINT32 bpFmt_Cvt(UINT32 srcAddr, UINT32 dstAddr)
 335          {
 336   1              UINT16 x, y;
 337   1              UINT32 addr;
 338   1      
 339   1              sBpFmt.srcCurAddr = srcAddr;
 340   1              sBpFmt.dstCurAddr = dstAddr;
 341   1              addr = dstAddr;
 342   1      
 343   1              bpFmt_init();
 344   1      
 345   1              while (1) {
 346   2                      bpFmt_ReadBadXY(&x, &y);
 347   2                      if (bpFmt_AddBad(x, y) == SUCCESS) {
 348   3                              sBpFmt.badCnt ++;
 349   3                      } else {
 350   3                              break;
 351   3                      }
 352   2              }
 353   1              //printf("bad total:%lu\n", sBpFmt.badCnt);      
 354   1      
 355   1              /* return the data size after convertion */
 356   1              return ((sBpFmt.dstCurAddr - addr) << 1);
 357   1      }
 358          #endif /* MODULE_BP_OPT */


MODULE INFORMATION:   STATIC OVERLAYABLE
   CODE SIZE        =    961    ----
   CONSTANT SIZE    =   ----    ----
C51 COMPILER V8.08   BP_FMT                                                                10/17/2019 11:40:32 PAGE 7   

   XDATA SIZE       =     19      41
   PDATA SIZE       =   ----    ----
   DATA SIZE        =   ----    ----
   IDATA SIZE       =   ----    ----
   BIT SIZE         =   ----    ----
   EDATA SIZE       =   ----    ----
   HDATA SIZE       =   ----    ----
   XDATA CONST SIZE =   ----    ----
   FAR CONST SIZE   =   ----    ----
END OF MODULE INFORMATION.


C51 COMPILATION COMPLETE.  0 WARNING(S),  0 ERROR(S)
