C51 COMPILER V8.08   HAL_DISP_PARASET                                                      12/30/2019 16:31:06 PAGE 1   


C51 COMPILER V8.08, COMPILATION OF MODULE HAL_DISP_PARASET
OBJECT MODULE PLACED IN .\obj\hal_disp_paraset.obj
COMPILER INVOKED BY: e:\Keil\C51\BIN\C51.EXE hal_disp_paraset.c LARGE OMF2 OPTIMIZE(9,SIZE) NOAREGS INCDIR(..\..\..\inc;
                    -..\..\..\inc\os;..\..\..\inc\hal;..\..\..\inc\middleware;..\..\..\inc\sp1k;..\..\..\..\host\inc\app;..\..\..\..\host\inc
                    -\customization) DEFINE(LIB_RELEASE) PRINT(.\obj\hal_disp_paraset.lst) OBJECT(.\obj\hal_disp_paraset.obj)

line level    source

   1          /**************************************************************************
   2           *
   3           *        Copyright (c) 2007-2008 by Sunplus mMedia Inc., Ltd.
   4           *
   5           *  This software is copyrighted by and is the property of Sunplus
   6           *  mMedia Inc., Ltd. All rights are reserved by Sunplus mMedia
   7           *  Inc., Ltd. This software may only be used in accordance with the
   8           *  corresponding license agreement. Any unauthorized use, duplication,
   9           *  distribution, or disclosure of this software is expressly forbidden.
  10           *
  11           *  This Copyright notice MUST not be removed or modified without prior
  12           *  written consent of Sunplus mMedia Inc., Ltd.
  13           *
  14           *  Sunplus mMedia Inc., Ltd. reserves the right to modify this
  15           *  software without notice.
  16           *
  17           *  Sunplus mMedia Inc., Ltd.
  18           *  19-1, Innovation First Road, Science-Based Industrial Park,
  19           *  Hsin-Chu, Taiwan, R.O.C.
  20           *
  21           **************************************************************************/
  22          /**
  23           * @file                hal_disp_para.c
  24           * @brief               hal disp parameter setting function table.
  25           * @author              Matt Wang
  26           * @since               2008-06-17
  27           * @date                2008-12-08
  28           */
  29          
  30          /**************************************************************************
  31           *                            H E A D E R   F I L E S
  32           **************************************************************************/
  33          #include "general.h"
  34          #include "hal_disp_internal.h"
  35          #include "hal_disp.h"
  36          
  37          /**************************************************************************
  38           *                              D A T A   T Y P E S
  39           **************************************************************************/
  40          typedef void (code *HAL_DispParaSetFunc_t)(SINT16 *paraAry);
  41          
  42          typedef struct {
  43                  HAL_DispParaSetFunc_t func;
  44          } HAL_DispParaSetFuncEntry_t;
  45          
  46          /**************************************************************************
  47           *                            G L O B A L   D A T A
  48           **************************************************************************/
  49          /* the order and totla of entries in HAL_DispParaSetFuncTbl[] must be
  50             the same to HAL_DispParaId_e. */
  51          static code HAL_DispParaSetFuncEntry_t HAL_DispParaSetFuncTbl[] = {
  52              {HAL_DispParaSwRst                      },
  53                  {HAL_DispParaClkEnableSet               },
C51 COMPILER V8.08   HAL_DISP_PARASET                                                      12/30/2019 16:31:06 PAGE 2   

  54                  {HAL_DispParaClkCfgSet                  },
  55                  {HAL_DispParaClkPhaseDlyCfg                     },
  56                  {HAL_DispParaSignalPolarCfg             },
  57                  {HAL_DispParaGlobEnableSet              },
  58                  {HAL_DispParaImgLayerEnableSet          },
  59                  {HAL_DispParaImgLayerFlipSet            },
  60                  {HAL_DispParaImgLayerMonochromeEnableSet},
  61                  {HAL_DispParaOsdLayerEnableSet          },
  62                  {HAL_DispParaBgColorSet                 },
  63                  {HAL_DispParaReqLenthSet                },
  64                  {HAL_DispParaDeviceTypeSet              },
  65                  {HAL_DispParaDeviceTotalRegionSet       },
  66                  {HAL_DispParaDeviceActiveRegionSet      },
  67                  {HAL_DispParaDeviceImgRegionCropSet     },
  68                  {HAL_DispParaDeviceImgRegionRenderSet   },
  69                  {HAL_DispParaDeviceOsdRegionCropSet     },
  70                  {HAL_DispParaDeviceOsdRegionRenderSet   },
  71                  {HAL_DispParaOsdBlendFactorSet          },
  72                  {HAL_DispParaInterlaceCfgSet            },
  73                  {HAL_DispParaLcdDitherEnableSet         },
  74                  {HAL_DispParaUps051PixelShiftCfgSet     },
  75                  {HAL_DispParaUps051LightviewEnableSet   },
  76                  {HAL_DispParaUps051RGB888EnableSet      },
  77                  {HAL_DispParaUps052RgbOnlyEnableSet     },
  78                  {HAL_DispParaUpsHsdDelayCfgSet          },
  79                  {HAL_DispParaUpsClkPhaseSet             },
  80                  {HAL_DispParaUpsLayoutModeSet           },
  81                  {HAL_DispParaUpsColorFilterCfgSet       },
  82                  {HAL_DispParaCcirOutputSequenceCfgSet   },
  83                  {HAL_DispRaraEdgeTypeSet                },
  84                  {HAL_DispRaraEdgeGainSet                },
  85                  {HAL_DispParaGammaEnableSet             },
  86                  {HAL_DispParaRBSwitchSet                },
  87                  {HAL_DispParaColorMatrixTblCfgSet       },
  88                  {HAL_DispParaColorMatrixEnableSet               },
  89                  {HAL_DispParaColorMatrixFmtCfg                  },
  90                  {HAL_DispParaTvDacPowerEnableSet        },
  91                  {HAL_DispParaTvSaturationSet            },
  92                  {HAL_DispParaTvHueSet                   },
  93                  {HAL_DispParaLcmCmdBusTypeSet           },
  94                  {HAL_DispParaLcmCmdBitWidthSet          },
  95                  {HAL_DispParaLcmCmdPulseWidthSet        },
  96                  {HAL_DispParaLcmCmdActiveLevelSet       },
  97                  {HAL_DispParaLcmDataFormatSet           },
  98                  {HAL_DispParaLcmRgb666PackEnableSet     },
  99                  {HAL_DispParaLcmRgb666Format10EnableSet },
 100                  {HAL_DispParaLcmPixelAlignSet           },
 101                  {HAL_DispParaLcmColorPackageSet         },
 102                  {HAL_DispParaLcmSwitchGEnableSet        },
 103                  {HAL_DispParaLcmChangeRbEnableSet       },
 104                  {HAL_DispParaLcmOneHalfPixelEnableSet   },
 105                  {HAL_DispParaLcmDitherEnableSet         },
 106          };
 107          
 108          /**
 109           * @brief       set hal disp misc parameters.
 110           * @param       id = [in] parameter id, one of HAL_DispParaId_e.
 111           * @param       para1 = [in] parameter #1.
 112           * @param       para2 = [in] parameter #2.
 113           * @param       para3 = [in] parameter #3.
 114           * @param       para4 = [in] parameter #4.
 115           * @param       upd = [in] 0: no update, 1: zfifo update, 2: cpu update, 3: sof update.
C51 COMPILER V8.08   HAL_DISP_PARASET                                                      12/30/2019 16:31:06 PAGE 3   

 116           * @retval      return = SUCCESS or FAIL.
 117           * @see
 118           * @author      Matt Wang
 119           * @since       2008-05-23
 120           * @todo        N/A
 121           * @bug         N/A
 122          */
 123          UINT8
 124          HAL_DispParaSet(
 125                  UINT8 id,
 126                  SINT16 para1,
 127                  SINT16 para2,
 128                  SINT16 para3,
 129                  SINT16 para4,
 130                  UINT8 upd
 131          )
 132          {
 133   1              SINT16 paraAry[4];
 134   1              UINT8 temp = 0;
 135   1      
 136   1              upd = upd;
 137   1      
 138   1              if ( id < HAL_DISP_PARA_MAX_ID && HAL_DispParaSetFuncTbl[id].func != NULL ) {
 139   2                      /* call sub-function in function table. */
 140   2                      paraAry[0] = para1;
 141   2                      paraAry[1] = para2;
 142   2                      paraAry[2] = para3;
 143   2                      paraAry[3] = para4;
 144   2                      (HAL_DispParaSetFuncTbl[id].func)(paraAry);
 145   2              }
 146   1      
 147   1              /* dummy code for function call tree correction s */
 148   1              if (temp) {
 149   2                      temp = (UINT8)HAL_DispParaSetFuncTbl;
 150   2              }
 151   1              /* dummy code for function call tree correction e */
 152   1              
 153   1              return SUCCESS;
 154   1      }
 155          


MODULE INFORMATION:   STATIC OVERLAYABLE
   CODE SIZE        =    129    ----
   CONSTANT SIZE    =    108    ----
   XDATA SIZE       =   ----      19
   PDATA SIZE       =   ----    ----
   DATA SIZE        =   ----    ----
   IDATA SIZE       =   ----    ----
   BIT SIZE         =   ----    ----
   EDATA SIZE       =   ----    ----
   HDATA SIZE       =   ----    ----
   XDATA CONST SIZE =   ----    ----
   FAR CONST SIZE   =   ----    ----
END OF MODULE INFORMATION.


C51 COMPILATION COMPLETE.  0 WARNING(S),  0 ERROR(S)
