C51 COMPILER V8.08   HAL_DISP_TP                                                           12/30/2019 16:31:06 PAGE 1   


C51 COMPILER V8.08, COMPILATION OF MODULE HAL_DISP_TP
OBJECT MODULE PLACED IN .\obj\hal_disp_tp.obj
COMPILER INVOKED BY: e:\Keil\C51\BIN\C51.EXE hal_disp_tp.c LARGE OMF2 OPTIMIZE(9,SIZE) NOAREGS INCDIR(..\..\..\inc;..\..
                    -\..\inc\os;..\..\..\inc\hal;..\..\..\inc\middleware;..\..\..\inc\sp1k;..\..\..\..\host\inc\app;..\..\..\..\host\inc\cust
                    -omization) DEFINE(LIB_RELEASE) PRINT(.\obj\hal_disp_tp.lst) OBJECT(.\obj\hal_disp_tp.obj)

line level    source

   1          /**************************************************************************
   2           *                 Copyright(c) 2010 by i-Catch Technology Co., Ltd.                      *
   3           *                                                                                                                                                *
   4           *      This software is copyrighted by and is the property of i-Catch Tech-  *
   5           *      nology Co., Ltd. All rights are reserved by i-Catch Technology Co.,   *
   6           *      Ltd. This software may only be used in accordance with the                        *
   7           *      corresponding license agreement. Any unauthorized use, duplication,   *
   8           *      distribution, or disclosure of this software is expressly forbidden.  *
   9           *                                                                                                                                                *
  10           *      This Copyright notice "M U S T" not be removed or modified without        *
  11           *      prior written consent of i-Catch Technology Co., Ltd.                             *
  12           *                                                                                                                                                *
  13           *      i-Catch Technology Co., Ltd. reserves the right to modify this            *
  14           *      software without notice.                                                                                          *
  15           *                                                                                                                                                *
  16           *      i-Catch Technology Co., Ltd.                                                                              *
  17           *      19-1, Innovation First Road, Science-Based Industrial Park,               *
  18           *      Hsin-Chu, Taiwan, R.O.C.                                                                                          *
  19           *                                                                                                                                                *
  20           *************************************************************************/
  21          
  22           /**
  23           * @file          touchpanel.c
  24           * @brief         test for touchpanel
  25           * @author        xiaolin.zhu
  26           * @since         2011-07-15
  27           * @date
  28          */
  29          /**************************************************************************
  30           *                        H E A D E R   F I L E S
  31           **************************************************************************/
  32          #include "general.h"
  33          #include "hal_disp_tp.h"
  34          #include "Gpio_api.h"
  35          #include "key_scan.h"
  36          #include "gpio.h"
  37          
  38          /**************************************************************************
  39           *                           C O N S T A N T S                            *
  40           **************************************************************************/
  41          
  42          /**************************************************************************
  43           *                              M A C R O S                               *
  44           **************************************************************************/
  45          
  46          /**************************************************************************
  47           *                          D A T A    T Y P E S                          *
  48           **************************************************************************/
  49          
  50          /**************************************************************************
  51           *                         G L O B A L    D A T A                         *
  52           **************************************************************************/
  53          
C51 COMPILER V8.08   HAL_DISP_TP                                                           12/30/2019 16:31:06 PAGE 2   

  54          /**************************************************************************
  55          *                 E X T E R N A L    R E F E R E N C E S                 *
  56          **************************************************************************/
  57          extern UINT16  sp1kADCValueSnap(void);
  58          extern void sp1kADCSarSel(UINT8 sar);
  59          extern UINT8 HAL_GpioSarAdcValGet(UINT8 channel,UINT16 * adcval);
  60          extern UINT8 HAL_GlobalTimerWait(UINT32 WaitTime) ;
  61          extern UINT8 HAL_GlobalTimerWait10us(UINT8 WaitTime);
  62          
  63          
  64          /**************************************************************************
  65           *               F U N C T I O N    D E C L A R A T I O N S               *
  66           **************************************************************************/
  67          
  68          UINT8 HAL_TpPreCfg(void)
  69          {
  70   1              //first,set  xn  output  1,after enable  the interrupts  we  used ,disable  xn output
  71   1              //just for avoiding  the  float voltage  bring the wrong  intrrupt
  72   1              if(pkgChipIdGet()== 0x1626)
  73   1              {
  74   2                      XBYTE[0x20a4] &= 0x7f;// [ma14:gpio6] xn:gpio6   disable   xn  pull
  75   2                      XBYTE[0x20a5] &= 0xfb;// [g7:g14] yn:gpio9   disable   yn  pull
  76   2                      XBYTE[0x20a7] &= 0xf3;//xp yp  [23:digt3]  disable  xp  yp   pull
  77   2      
  78   2                      XBYTE[0x2058] |= 0xc3;//  xn yn io  driving set   16ma
  79   2                      XBYTE[0x205c] |= 0xc0;//xp io driving set 16 ma
  80   2                      XBYTE[0x205d] |= 0x03;//yp io driving set 16 ma
  81   2      
  82   2                      XBYTE[0x2034] |= 0x40;//enable  xn   output
  83   2                      XBYTE[0x2035] |= 0x02;//enable  yn  output
  84   2                      XBYTE[0x2037] &= 0xf9;//disable xp and yp  output
  85   2      
  86   2                      XBYTE[0x2030] |= 0x40;//xn  output  1
  87   2                      XBYTE[0x2031] &= ~0x02;//yn  output  0
  88   2              }
  89   1              else
  90   1              {
  91   2                      XBYTE[0x20a5] &= 0x9f;// xn yn [7:14]   disable   xn  yn  pull
  92   2                      XBYTE[0x20a7] &= 0xf3;//xp yp  [23:digt3]  disable  xp  yp   pull
  93   2                      XBYTE[0x2059] |= 0xf0;//  xn yn io  driving set   16ma
  94   2                      XBYTE[0x205c] |= 0xc0;//xp io driving set 16 ma
  95   2                      XBYTE[0x205d] |= 0x03;//yp io driving set 16 ma
  96   2      
  97   2                      XBYTE[0x2035] |= 0x10;//enable  xn   output
  98   2                      XBYTE[0x2035] |= 0x20;//enable  yn  output
  99   2                      XBYTE[0x2037] &= 0xf9;//disable xp and yp  output
 100   2      
 101   2                      XBYTE[0x2031] |= 0x10;//xn  output  1
 102   2                      XBYTE[0x2031] &= 0xdf;//yn  output  0
 103   2              }
 104   1              /*XBYTE[0x20a5] &= 0x9f;// xn yn [7:14]   disable   xn  yn  pull
 105   1              XBYTE[0x20a7] &= 0xf3;//xp yp  [23:digt3]  disable  xp  yp   pull
 106   1              XBYTE[0x2059] |= 0xf0;//  xn yn io  driving set   16ma
 107   1              XBYTE[0x205c] |= 0xc0;//xp io driving set 16 ma
 108   1              XBYTE[0x205d] |= 0x03;//yp io driving set 16 ma
 109   1      
 110   1              XBYTE[0x2035] |= 0x10;//enable  xn   output
 111   1              XBYTE[0x2035] |= 0x20;//enable  yn  output
 112   1              XBYTE[0x2037] &= 0xf9;//disable xp and yp  output
 113   1      
 114   1              XBYTE[0x2031] |= 0x10;//xn  output  1
 115   1              XBYTE[0x2031] &= 0xdf;//yn  output  0*/
C51 COMPILER V8.08   HAL_DISP_TP                                                           12/30/2019 16:31:06 PAGE 3   

 116   1      
 117   1              XBYTE[0x260b] &= 0xe7;//disable pendow interrupt  and  penup interrupt
 118   1              XBYTE[0x2603] |= 0x01;//write 1 to clear  tp_intn_evt  interrupt state
 119   1              XBYTE[0x2648] |= 0x02;//open tp_sw
 120   1              XBYTE[0x260b] |= 0x01;//enable  interrupt of tp_intn_evt
 121   1      
 122   1              //XBYTE[0x2035] &= 0xef;//disable  xn   output
 123   1              if(pkgChipIdGet()== 0x1626)
 124   1              {
 125   2                      XBYTE[0x2034] &= ~0x40;//disable  xn   output
 126   2                      XBYTE[0x2035] &= ~0x02;//disable  yn  output
 127   2              }
 128   1              else
 129   1              {
 130   2                      XBYTE[0x2035] &= 0xef;//disable  xn   output
 131   2              }
 132   1      
 133   1              return SUCCESS;
 134   1      }
 135          
 136          void HAL_TpIntrEvt(void)
 137          {
 138   1              XBYTE[0x260b] &= 0xfe;//disble tp evt intr
 139   1              XBYTE[0x2603] |= 0x08;//write 1to clear pendnint
 140   1              XBYTE[0x260b] |= 0x08;//enable pendnint
 141   1      }
 142          
 143          void HAL_TpYadcCfg(void)
 144          {
 145   1              /*XBYTE[0x2035] &= 0xef;//disable  xn   output
 146   1              XBYTE[0x2035] |= 0x20;//enable  yn  output
 147   1              XBYTE[0x2037] &= 0xfd;//disable  xp  output
 148   1              XBYTE[0x2037] |= 0x04;//enable  yp  output
 149   1              XBYTE[0x2033] |= 0x04;//YP output 1
 150   1              XBYTE[0x2031] &= 0xdf;//yn output 0*/
 151   1              if(pkgChipIdGet()== 0x1626)
 152   1              {
 153   2                      XBYTE[0x2034] &= ~0x40;//disable  xn   output
 154   2                      XBYTE[0x2035] |= 0x02;//enable  yn  output
 155   2                      XBYTE[0x2037] &= 0xfd;//disable  xp  output
 156   2                      XBYTE[0x2037] |= 0x04;//enable  yp  output
 157   2                      XBYTE[0x2033] |= 0x04;//YP output 1
 158   2                      XBYTE[0x2031] &= ~0x02;//yn output 0
 159   2              }
 160   1              else
 161   1              {
 162   2                      XBYTE[0x2035] &= 0xef;//disable  xn   output
 163   2                      XBYTE[0x2035] |= 0x20;//enable  yn  output
 164   2                      XBYTE[0x2037] &= 0xfd;//disable  xp  output
 165   2                      XBYTE[0x2037] |= 0x04;//enable  yp  output
 166   2                      XBYTE[0x2033] |= 0x04;//YP output 1
 167   2                      XBYTE[0x2031] &= 0xdf;//yn output 0
 168   2              }
 169   1      }
 170          
 171          void HAL_TpXadcCfg(void)
 172          {
 173   1          /*XBYTE[0x2648] &= 0xfd;
 174   1          XBYTE[0x2035] |= 0x10;//enable  xn   output
 175   1          XBYTE[0x2035] &= 0xdf;//disable  yn  output
 176   1          XBYTE[0x2037] |= 0x02;//enable  xp  output
 177   1          XBYTE[0x2037] &= 0xfb;//disable  yp  output
C51 COMPILER V8.08   HAL_DISP_TP                                                           12/30/2019 16:31:06 PAGE 4   

 178   1          XBYTE[0x2033] |= 0x02;//XP output 1
 179   1          XBYTE[0x2031] &= 0xef;//xn output 0*/
 180   1              if(pkgChipIdGet()== 0x1626)
 181   1              {
 182   2                      XBYTE[0x2648] &= 0xfd;
 183   2                      XBYTE[0x2034] |= 0x40;//enable  xn   output
 184   2                      XBYTE[0x2035] &= ~0x02;//disable  yn  output
 185   2                      XBYTE[0x2037] |= 0x02;//enable  xp  output
 186   2                      XBYTE[0x2037] &= 0xfb;//disable  yp  output
 187   2                      XBYTE[0x2033] |= 0x02;//XP output 1
 188   2                      XBYTE[0x2030] &= ~0x40;//xn output 0
 189   2              }
 190   1              else
 191   1              {
 192   2                      XBYTE[0x2648] &= 0xfd;
 193   2                      XBYTE[0x2035] |= 0x10;//enable  xn   output
 194   2                      XBYTE[0x2035] &= 0xdf;//disable  yn  output
 195   2                      XBYTE[0x2037] |= 0x02;//enable  xp  output
 196   2                      XBYTE[0x2037] &= 0xfb;//disable  yp  output
 197   2                      XBYTE[0x2033] |= 0x02;//XP output 1
 198   2                      XBYTE[0x2031] &= 0xef;//xn output 0
 199   2              }
 200   1      }
 201          
 202          void HAL_TpadcvalPrep(void)
 203          {
 204   1              XBYTE[0x2648]&= ~0x02;
 205   1              XBYTE[0x260b]&= ~0x18;
 206   1      }
 207          
 208          void  HAL_TpYadcStart(void)
 209          {
 210   1              XBYTE[0x2648] |= 0x01;
 211   1              XBYTE[0x264a] = 0x03;
 212   1              XBYTE[0x264e] = 0x80;
 213   1              XBYTE[0x264f] = 0x04;
 214   1              XBYTE[0x2649] = 0x03;//chose the ad chanel 3
 215   1              XBYTE[0x264c] = 0x01; /* snap adc data */
 216   1      }
 217          
 218          void  HAL_TpXadcStart(void)
 219          {
 220   1          XBYTE[0x2648] |= 0x01;
 221   1          XBYTE[0x264a] = 0x03;
 222   1          XBYTE[0x264e] = 0x80;
 223   1          XBYTE[0x264f] = 0x04;
 224   1          XBYTE[0x2649] = 0x04;//chose the ad chanel 4
 225   1          XBYTE[0x264c] = 0x01; /* snap adc data */
 226   1      }
 227          
 228          UINT16 HAL_TpXadcvalGet(void)
 229          {
 230   1              UINT16 xadcval=0;
 231   1      
 232   1              *((UINT8*)&xadcval + 1) = XBYTE[0x264c];
 233   1              *((UINT8*)&xadcval + 0) = (XBYTE[0x264d]^0x02);
 234   1              return xadcval;
 235   1      }
 236          
 237          UINT16 HAL_TpYadcvalGet(void)
 238          {
 239   1              UINT16 yadcval=0;
C51 COMPILER V8.08   HAL_DISP_TP                                                           12/30/2019 16:31:06 PAGE 5   

 240   1      
 241   1              *((UINT8*)&yadcval + 1) = XBYTE[0x264c];
 242   1              *((UINT8*)&yadcval + 0) = (XBYTE[0x264d]^0x02);
 243   1              return yadcval;
 244   1      }
 245          
 246          UINT16 HAL_TpXadcvalMsure(void)
 247          {
 248   1              HAL_TpXadcCfg();
 249   1      
 250   1              XBYTE[0x2603] |= 0x04;
 251   1              HAL_TpXadcStart();
 252   1              while(!((XBYTE[0x2603]&0x04)>>2));
 253   1      
 254   1              XBYTE[0x2603] |= 0x04;
 255   1              return HAL_TpXadcvalGet();
 256   1      }
 257          
 258          UINT16 HAL_TpYadcvalMsure(void)
 259          {
 260   1              HAL_TpYadcCfg();
 261   1      
 262   1              XBYTE[0x2603]|=0x04;
 263   1              HAL_TpYadcStart();
 264   1              while(!((XBYTE[0x2603]&0x04)>>2));
 265   1      
 266   1              XBYTE[0x2603]|=0x04;
 267   1              return HAL_TpYadcvalGet();
 268   1      }
 269          
 270          UINT8 HAL_TpPenupChek(void)
 271          {
 272   1              /*XBYTE[0x2035] &= 0xef;//disable  xn   output
 273   1              XBYTE[0x2035] |= 0x20;//enable  yn  output
 274   1              XBYTE[0x2037] &= 0xf9;//disable xp and yp  output
 275   1              XBYTE[0x2031] &= 0xdf;//yn putput 0*/
 276   1              if(pkgChipIdGet()== 0x1626)
 277   1              {
 278   2                      XBYTE[0x2034] &= ~0x40;//disable  xn   output
 279   2                      XBYTE[0x2035] |= 0x02;//enable  yn  output
 280   2                      XBYTE[0x2037] &= 0xf9;//disable xp and yp  output
 281   2                      XBYTE[0x2031] &= ~0x02;//yn putput 0
 282   2              }
 283   1              else
 284   1              {
 285   2                      XBYTE[0x2035] &= 0xef;//disable  xn   output
 286   2                      XBYTE[0x2035] |= 0x20;//enable  yn  output
 287   2                      XBYTE[0x2037] &= 0xf9;//disable xp and yp  output
 288   2                      XBYTE[0x2031] &= 0xdf;//yn putput 0
 289   2              }
 290   1              XBYTE[0x2648] |= 0x02;//open tp_sw
 291   1              XBYTE[0x2603] |= 0x10;//wirte 1 to clear penupint
 292   1              XBYTE[0x260b] |= 0x10;//enable penupint
 293   1      
 294   1      
 295   1              return SUCCESS;
 296   1      }
 297          
 298          UINT8 HAL_TpReCfg(void)
 299          {
 300   1              /*XBYTE[0x2035] |= 0x10;//enable  xn   output
 301   1              XBYTE[0x2035] |= 0x20;//enable  yn  output
C51 COMPILER V8.08   HAL_DISP_TP                                                           12/30/2019 16:31:06 PAGE 6   

 302   1              XBYTE[0x2037] &= 0xf9;//disable xp and yp  output
 303   1      
 304   1              XBYTE[0x2031] |= 0x10;//xn  output  1
 305   1              XBYTE[0x2031] &= 0xdf;//yn  output  0*/
 306   1              if(pkgChipIdGet()== 0x1626)
 307   1              {
 308   2                      XBYTE[0x2034] |= 0x40;//enable  xn   output
 309   2                      XBYTE[0x2035] |= 0x02;//enable  yn  output
 310   2                      XBYTE[0x2037] &= 0xf9;//disable xp and yp  output
 311   2      
 312   2                      XBYTE[0x2030] |= 0x40;//xn  output  1
 313   2                      XBYTE[0x2031] &= ~0x02;//yn  output  0
 314   2              }
 315   1              else
 316   1              {
 317   2                      XBYTE[0x2035] |= 0x10;//enable  xn   output
 318   2                      XBYTE[0x2035] |= 0x20;//enable  yn  output
 319   2                      XBYTE[0x2037] &= 0xf9;//disable xp and yp  output
 320   2      
 321   2                      XBYTE[0x2031] |= 0x10;//xn  output  1
 322   2                      XBYTE[0x2031] &= 0xdf;//yn  output  0
 323   2              }
 324   1      
 325   1              XBYTE[0x260b] &= 0xe7;//disable pendow interrupt  and  penup interrupt
 326   1              XBYTE[0x2603] |= 0x01;//write 1 to clear  tp_intn_evt  interrupt state
 327   1              XBYTE[0x2648] |= 0x02;//open tp_sw
 328   1              XBYTE[0x260b] |= 0x01;//enable  interrupt of tp_intn_evt
 329   1      
 330   1              //XBYTE[0x2035] &= 0xef;//disable  xn   output
 331   1              if(pkgChipIdGet()== 0x1626)
 332   1              {
 333   2                      XBYTE[0x2034] &= ~0x40;//disable  xn   output
 334   2              }
 335   1              else
 336   1              {
 337   2                      XBYTE[0x2035] &= 0xef;//disable  xn   output
 338   2              }
 339   1      
 340   1              return SUCCESS;
 341   1      }
 342          


MODULE INFORMATION:   STATIC OVERLAYABLE
   CODE SIZE        =    696    ----
   CONSTANT SIZE    =   ----    ----
   XDATA SIZE       =   ----       4
   PDATA SIZE       =   ----    ----
   DATA SIZE        =   ----    ----
   IDATA SIZE       =   ----    ----
   BIT SIZE         =   ----    ----
   EDATA SIZE       =   ----    ----
   HDATA SIZE       =   ----    ----
   XDATA CONST SIZE =   ----    ----
   FAR CONST SIZE   =   ----    ----
END OF MODULE INFORMATION.


C51 COMPILATION COMPLETE.  0 WARNING(S),  0 ERROR(S)
