C51 COMPILER V8.08   HAL_DISP_PARAAPI                                                      12/30/2019 16:39:18 PAGE 1   


C51 COMPILER V8.08, COMPILATION OF MODULE HAL_DISP_PARAAPI
OBJECT MODULE PLACED IN .\obj\hal_disp_paraapi.obj
COMPILER INVOKED BY: e:\Keil\C51\BIN\C51.EXE hal_disp_paraapi.c LARGE OMF2 OPTIMIZE(9,SIZE) NOAREGS INCDIR(..\..\..\inc;
                    -..\..\..\inc\os;..\..\..\inc\hal;..\..\..\inc\middleware;..\..\..\inc\sp1k;..\..\..\..\host\inc\app;..\..\..\..\host\inc
                    -\customization) DEFINE(LIB_RELEASE) PRINT(.\obj\hal_disp_paraapi.lst) OBJECT(.\obj\hal_disp_paraapi.obj)

line level    source

   1          /**************************************************************************
   2          *         Copyright(c) 2010 by i-Catch Technology Co., Ltd.              *
   3          *                                                                        *
   4          *  This software is copyrighted by and is the property of i-Catch Tech-  *
   5          *  nology Co., Ltd. All rights are reserved by i-Catch Technology Co.,   *
   6          *  Ltd. This software may only be used in accordance with the            *
   7          *  corresponding license agreement. Any unauthorized use, duplication,   *
   8          *  distribution, or disclosure of this software is expressly forbidden.  *
   9          *                                                                        *
  10          *  This Copyright notice "M U S T" not be removed or modified without    *
  11          *  prior written consent of i-Catch Technology Co., Ltd.                 *
  12          *                                                                        *
  13          *  i-Catch Technology Co., Ltd. reserves the right to modify this        *
  14          *  software without notice.                                              *
  15          *                                                                        *
  16          *  i-Catch Technology Co., Ltd.                                          *
  17          *  19-1, Innovation First Road, Science-Based Industrial Park,           *
  18          *  Hsin-Chu, Taiwan, R.O.C.                                              *
  19          *                                                                        *
  20          *************************************************************************/
  21          
  22          /**
  23          * @file      hal_disp_paraapi.c
  24          * @brief     disp parameter set related functions
  25          * @author    Phil Lin
  26          * @since     2010-01-01
  27          * @date      2010-01-01
  28          */
  29          
  30          /**************************************************************************
  31          *                        H E A D E R   F I L E S
  32          **************************************************************************/
  33          #include "general.h"
  34          #include "hal_disp.h"
  35          #include "hal_disp_internal.h"
  36          #include "reg_def.h"
  37          
  38          /**************************************************************************
  39          *                           C O N S T A N T S                            *
  40          **************************************************************************/
  41          
  42          /**************************************************************************
  43          *                              M A C R O S                               *
  44          **************************************************************************/
  45          
  46          /**************************************************************************
  47          *                          D A T A    T Y P E S                          *
  48          **************************************************************************/
  49          
  50          /**************************************************************************
  51          *                         G L O B A L    D A T A                         *
  52          **************************************************************************/
  53          
C51 COMPILER V8.08   HAL_DISP_PARAAPI                                                      12/30/2019 16:39:18 PAGE 2   

  54          static lcmSetItem_t xdata sLcmSetItem[] = {
  55          
  56                  /* data format of "8 Bit" and "RGB444" */
  57          
  58                  /* lcmBusW lcmMode lcmCyc pnlRBChg pnlGChg pktMode bigEnd midEnd */
  59                  {  0,      2,      3,     0,       0,      0,      0,     0 },
  60                  {  0,      2,      3,     0,       0,      1,      0,     0 },
  61          
  62                  /* data format of "8 Bit" and "RGB565" */
  63          
  64                  /* lcmBusW lcmMode lcmCyc pnlRBChg pnlGChg pktMode bigEnd midEnd */
  65                  {  0,      0,      2,     0,       0,      0,      0,     0 },
  66                  {  0,      0,      2,     0,       1,      1,      0,     0 },
  67                  {  0,      0,      2,     1,       1,      1,      0,     0 },
  68                  {  0,      0,      2,     0,       0,      1,      0,     0 },
  69                  {  0,      0,      2,     1,       0,      1,      0,     0 },
  70          
  71                  /* data format of "8 Bit" and "RGB666" */
  72          
  73                  /* lcmBusW lcmMode lcmCyc pnlRBChg pnlGChg pktMode bigEnd midEnd */
  74                  {  0,      1,      3,     0,       0,      0,      0,     0 },
  75                  {  0,      1,      3,     0,       0,      0,      1,     0 },
  76          
  77                  /* data format of "9 Bit" and "RGB666" */
  78          
  79                  /* lcmBusW lcmMode lcmCyc pnlRBChg pnlGChg pktMode bigEnd midEnd */
  80                  {  1,      0,      2,     0,       1,      1,      0,     0 },
  81                  {  1,      0,      2,     0,       0,      1,      0,     0 },
  82                  {  1,      0,      2,     0,       0,      0,      0,     0 },
  83          
  84                  /* data format of "16 Bit" and "RGB444" */
  85          
  86                  /* lcmBusW lcmMode lcmCyc pnlRBChg pnlGChg pktMode bigEnd midEnd */
  87                  {  2,      2,      1,     0,       0,      0,      0,     0 },
  88                  {  2,      2,      1,     1,       0,      0,      0,     0 },
  89                  {  2,      2,      1,     0,       0,      0,      1,     0 },
  90                  {  2,      2,      1,     1,       0,      0,      1,     0 },
  91          
  92                  /* data format of "16 Bit" and "RGB565" */
  93          
  94                  /* lcmBusW lcmMode lcmCyc pnlRBChg pnlGChg pktMode bigEnd midEnd */
  95                  {  2,      0,      1,     1,       0,      0,      0,     0 },
  96                  {  2,      0,      1,     0,       0,      0,      0,     0 },
  97          
  98                  /* data format of "16 Bit" and "RGB666" */
  99          
 100                  /* lcmBusW lcmMode lcmCyc pnlRBChg pnlGChg pktMode bigEnd midEnd */
 101                  {  2,      1,      2,     0,       0,      1,      0,     0 },
 102                  {  2,      1,      2,     0,       0,      0,      1,     0 },
 103                  {  2,      1,      2,     0,       0,      0,      0,     1 },
 104                  {  2,      1,      2,     0,       0,      0,      0,     0 },
 105          
 106                  {  2,      1,      3,     0,       0,      0,      0,     0 },
 107                  {  2,      1,      3,     0,       0,      1,      0,     0 },
 108                  {  2,      1,      3,     0,       0,      0,      1,     0 },
 109                  {  2,      1,      3,     0,       0,      1,      1,     0 },
 110                  {  2,      1,      3,     0,       0,      0,      0,     1 },
 111                  {  2,      1,      3,     0,       0,      1,      0,     1 },
 112                  {  2,      1,      3,     0,       0,      0,      1,     1 },
 113                  {  2,      1,      3,     0,       0,      1,      1,     1 },
 114          
 115                  /* data format of "18 Bit" and "RGB666" */
C51 COMPILER V8.08   HAL_DISP_PARAAPI                                                      12/30/2019 16:39:18 PAGE 3   

 116          
 117                  /* lcmBusW lcmMode lcmCyc pnlRBChg pnlGChg pktMode bigEnd midEnd */
 118                  {  3,      0,      1,     1,       0,      0,      0,     0 },
 119                  {  3,      0,      1,     0,       0,      0,      0,     0 },
 120          
 121                  /* data format of "24 Bit" and "RGB666" */
 122          
 123                  /* lcmBusW lcmMode lcmCyc pnlRBChg pnlGChg pktMode bigEnd midEnd */
 124                  {  4,      0,      1,     1,       0,      0,      0,     0 },
 125                  {  4,      0,      1,     0,       0,      0,      0,     0 },
 126          };
 127          
 128          /**************************************************************************
 129          *                 E X T E R N A L    R E F E R E N C E S                 *
 130          **************************************************************************/
 131          
 132          /**************************************************************************
 133          *               F U N C T I O N    D E C L A R A T I O N S               *
 134          **************************************************************************/
 135          
 136          /**
 137           * @fn        void HAL_DispParaSwRst(SINT16 *paraAry)
 138           * @brief     Reset display module
 139           * @param     paraAry[0] = [in] reset device, one of dispRstDev_e.
 140           * @param     paraAry[1] = [in] N/A, fill 0.
 141           * @param     paraAry[2] = [in] N/A, fill 0.
 142           * @param     paraAry[3] = [in] N/A, fill 0.
 143           * @retval    NONE
 144           * @see       NULL
 145           * @author    Phil Lin
 146           * @since     2010-4-27
 147           * @todo      N/A
 148           * @bug       N/A
 149          */
 150          void
 151          HAL_DispParaSwRst(
 152                  SINT16 *paraAry
 153          )
 154          {
 155   1              XBYTE[REG_Disp_SwRst] |= paraAry[0];
 156   1              XBYTE[REG_Disp_SwRst] &= ~0x10; //panel clock enable
 157   1              XBYTE[REG_Disp_SwRst] &= ~paraAry[0];
 158   1              XBYTE[REG_Disp_SwRst] |= 0x10; //panel clock enable
 159   1      }
 160          
 161          /**
 162           * @fn        void HAL_DispParaClkEnableSet(SINT16 *paraAry)
 163           * @brief     enable/disable display clk
 164           * @param     paraAry[0] = [in] 0: disable, 1: enable
 165           * @param     paraAry[1] = [in] N/A, fill 0
 166           * @param     paraAry[2] = [in] N/A, fill 0
 167           * @param     paraAry[3] = [in] N/A, fill 0
 168           * @retval    NONE
 169           * @see       NULL
 170           * @author    Phil Lin
 171           * @since     2010-4-27
 172           * @todo      N/A
 173           * @bug       N/A
 174          */
 175          void
 176          HAL_DispParaClkEnableSet(
 177                  SINT16 *paraAry
C51 COMPILER V8.08   HAL_DISP_PARAAPI                                                      12/30/2019 16:39:18 PAGE 4   

 178          )
 179          {
 180   1              if ( paraAry[0] ) {
 181   2                      /* enable display nx clk & 1x clk. */
 182   2                      XBYTE[0x2013] |= 0x10;
 183   2      
 184   2                      /* enable display mclk. */
 185   2                      XBYTE[0x2015] |= 0x08;
 186   2              }
 187   1              else {
 188   2                      /* disable display nx clk & 1x clk. */
 189   2                      XBYTE[0x2013] &= ~0x10;
 190   2      
 191   2                      /* disable display mclk. */
 192   2                      XBYTE[0x2015] &= ~0x08;
 193   2              }
 194   1      }
 195          
 196          /**
 197           * @fn        void HAL_DispParaClkCfgSet(SINT16 *paraAry)
 198           * @brief     set display clk configuration
 199           * @param     paraAry[0] = [in] clk source, one of HAL_DispClkSrc_e
 200           * @param     paraAry[1] = [in] N/A, fill 0
 201           * @param     paraAry[2] = [in] N/A, fill 0
 202           * @param     paraAry[3] = [in] N/A, fill 0
 203           * @retval    NONE
 204           * @see       NULL
 205           * @author    Phil Lin
 206           * @since     2010-4-27
 207           * @todo      N/A
 208           * @bug       N/A
 209          */
 210          void
 211          HAL_DispParaClkCfgSet(
 212                  SINT16 *paraAry
 213          )
 214          {
 215   1              /* set dispclksel. */
 216   1              XBYTE[0x2019] = (XBYTE[0x2019] & ~0x01) | paraAry[0];
 217   1      
 218   1              /* set dispnxdiv. */
 219   1              if ( paraAry[1] >= 256 ) {
 220   2                      paraAry[1] = 255;
 221   2              }
 222   1              else if ( paraAry[1] > 0 ) {
 223   2                      paraAry[1]--;
 224   2              }
 225   1              XBYTE[0x2028] = paraAry[1];
 226   1      
 227   1              /* set disp1xdiv. */
 228   1              if ( paraAry[2] >= 4 ) {
 229   2                      paraAry[2] = 3;
 230   2              }
 231   1              else if ( paraAry[2] > 0 ) {
 232   2                      paraAry[2]--;
 233   2              }
 234   1              XBYTE[0x2029] = paraAry[2];
 235   1      }
 236          
 237          /**
 238           * @fn        void HAL_DispParaClkPhaseDlyCfg(SINT16 *paraAry)
 239           * @brief     configure the display clock phase
C51 COMPILER V8.08   HAL_DISP_PARAAPI                                                      12/30/2019 16:39:18 PAGE 5   

 240           * @param     paraAry[0] = [in] one of the HAL_DispClkPhaseDly_e
 241           * @param     paraAry[1] = [in] N/A, fill 0
 242           * @param     paraAry[2] = [in] N/A, fill 0
 243           * @param     paraAry[3] = [in] N/A, fill 0
 244           * @retval    NONE
 245           * @see       NULL
 246           * @author    Phil Lin
 247           * @since     2010-9-8
 248           * @todo      N/A
 249           * @bug       N/A
 250          */
 251          void
 252          HAL_DispParaClkPhaseDlyCfg(
 253                  SINT16 *paraAry
 254          )
 255          {
 256   1              XBYTE[REG_Disp_PhsSel_Polar] = (XBYTE[REG_Disp_PhsSel_Polar] & ~0x07) | (paraAry[0] & 0x07);
 257   1      }
 258          
 259          /**
 260           * @fn        void HAL_DispParaSignalPolarCfg(SINT16 *paraAry)
 261           * @brief     set the display clock / VSYNC / HSYNC polarity
 262           * @param     paraAry[0] = [in] one of the HAL_DispSignalPolar_e
 263           * @param     paraAry[1] = [in] N/A, fill 0
 264           * @param     paraAry[2] = [in] N/A, fill 0
 265           * @param     paraAry[3] = [in] N/A, fill 0
 266           * @retval    NONE
 267           * @see       NULL
 268           * @author    Phil Lin
 269           * @since     2010-9-8
 270           * @todo      N/A
 271           * @bug       N/A
 272          */
 273          void
 274          HAL_DispParaSignalPolarCfg(
 275                  SINT16 *paraAry
 276          )
 277          {
 278   1              XBYTE[REG_Disp_PhsSel_Polar] = (XBYTE[REG_Disp_PhsSel_Polar] & ~0x38) | (paraAry[0] & 0x38);
 279   1      }
 280          
 281          /**
 282           * @fn        void HAL_DispParaGlobEnableSet(SINT16 *paraAry)
 283           * @brief     enable/disable display controller
 284           * @param     paraAry[0] = [in] 0: disable, 1: enable
 285           * @param     paraAry[1] = [in] N/A, fill 0
 286           * @param     paraAry[2] = [in] N/A, fill 0
 287           * @param     paraAry[3] = [in] N/A, fill 0
 288           * @retval    NONE
 289           * @see       NULL
 290           * @author    Phil Lin
 291           * @since     2010-4-28
 292           * @todo      N/A
 293           * @bug       N/A
 294          */
 295          void
 296          HAL_DispParaGlobEnableSet(
 297           SINT16 *paraAry
 298          )
 299          {
 300   1              /* set dispen. */
 301   1              XBYTE[REG_Disp_DispEn_Flip] = (XBYTE[REG_Disp_DispEn_Flip] & ~0x01) | ((paraAry[0]?1:0) << 0);
C51 COMPILER V8.08   HAL_DISP_PARAAPI                                                      12/30/2019 16:39:18 PAGE 6   

 302   1              if (paraAry[0]) {
 303   2                      XBYTE[REG_Dram_LensGainUpdt] |= 0x04; //enable Mpgsb flow control for display
 304   2              } else {
 305   2                      XBYTE[REG_Dram_LensGainUpdt] &= ~0x04; //disable Mpgsb flow control for display
 306   2              }
 307   1      }
 308          
 309          /**
 310           * @fn        void HAL_DispParaImgLayerEnableSet(SINT16 *paraAry)
 311           * @brief     enable/disable image layer
 312           * @param     paraAry[0] = [in] 0: disable, 1: enable
 313           * @param     paraAry[1] = [in] N/A, fill 0
 314           * @param     paraAry[2] = [in] N/A, fill 0
 315           * @param     paraAry[3] = [in] N/A, fill 0
 316           * @retval    NONE
 317           * @see       NULL
 318           * @author    Phil Lin
 319           * @since     2010-4-28
 320           * @todo      N/A
 321           * @bug       N/A
 322          */
 323          void
 324          HAL_DispParaImgLayerEnableSet(
 325                  SINT16 *paraAry
 326          )
 327          {
 328   1              XBYTE[REG_Disp_DispEn_Flip] = (XBYTE[REG_Disp_DispEn_Flip] & ~0x02) | ((paraAry[0]?1:0) << 1);
 329   1      }
 330          
 331          /**
 332           * @fn        void HAL_DispParaImgLayerFlipSet(SINT16 *paraAry)
 333           * @brief     set horizontal and vertical flip of image layer
 334           * @param     paraAry[0] = [in] bitmap [1:0] flip value, bit 0: hflip, bit 1: vflip
 335           * @param     paraAry[1] = [in] bitmap [1:0] mask, bit 0: hflip, bit 1: vflip
 336           * @param     paraAry[2] = [in] N/A, fill 0
 337           * @param     paraAry[3] = [in] N/A, fill 0
 338           * @retval    NONE
 339           * @see       NULL
 340           * @author    Phil Lin
 341           * @since     2010-4-28
 342           * @todo      N/A
 343           * @bug       N/A
 344          */
 345          void
 346          HAL_DispParaImgLayerFlipSet(
 347                  SINT16 *paraAry
 348          )
 349          {
 350   1              /* set hflip & vflip. */
 351   1              paraAry[0] <<= 4;       /* bit 4: hflip, bit 3: vflip. */
 352   1              paraAry[1] <<= 4;       /* bit 4: hflip, bit 3: vflip. */
 353   1              XBYTE[REG_Disp_DispEn_Flip] = (XBYTE[REG_Disp_DispEn_Flip] & ~paraAry[1]) | (paraAry[0] & paraAry[1]);
 354   1      }
 355          
 356          /**
 357           * @fn        void HAL_DispParaImgLayerMonochromeEnableSet(SINT16 *paraAry)
 358           * @brief     enable/disable image layer monochrome (b&w)
 359           * @param     paraAry[0] = [in] 0: disable, 1: enable
 360           * @param     paraAry[1] = [in] N/A, fill 0
 361           * @param     paraAry[2] = [in] N/A, fill 0
 362           * @param     paraAry[3] = [in] N/A, fill 0
 363           * @retval    NONE
C51 COMPILER V8.08   HAL_DISP_PARAAPI                                                      12/30/2019 16:39:18 PAGE 7   

 364           * @see       NULL
 365           * @author    Phil Lin
 366           * @since     2010-4-28
 367           * @todo      N/A
 368           * @bug       N/A
 369          */
 370          void
 371          HAL_DispParaImgLayerMonochromeEnableSet(
 372                  SINT16 *paraAry
 373          )
 374          {
 375   1              /* set bwen. */
 376   1              XBYTE[REG_Disp_ExtendMode] = (XBYTE[REG_Disp_ExtendMode] & ~0x02) | ((paraAry[0]?1:0) << 1);
 377   1      }
 378          
 379          /**
 380           * @fn        void HAL_DispParaOsdLayerEnableSet(SINT16 *paraAry)
 381           * @brief     enable/disable osd layer
 382           * @param     paraAry[0] = [in] 0: disable, 1: enable
 383           * @param     paraAry[1] = [in] N/A, fill 0
 384           * @param     paraAry[2] = [in] N/A, fill 0
 385           * @param     paraAry[3] = [in] N/A, fill 0
 386           * @retval    NONE
 387           * @see       NULL
 388           * @author    Phil Lin
 389           * @since     2010-4-29
 390           * @todo      N/A
 391           * @bug       N/A
 392          */
 393          void
 394          HAL_DispParaOsdLayerEnableSet(
 395                  SINT16 *paraAry
 396          )
 397          {
 398   1              /* set glbosden. */
 399   1              XBYTE[REG_Disp_DispEn_Flip] = (XBYTE[REG_Disp_DispEn_Flip] & ~0x04) | ((paraAry[0]?1:0) << 2);
 400   1      }
 401          
 402          /**
 403           * @fn        void HAL_DispParaBgColorSet(SINT16 *paraAry)
 404           * @brief     set background color
 405           * @param     paraAry[0] = [in] r value, 0~255
 406           * @param     paraAry[1] = [in] g value, 0~255
 407           * @param     paraAry[2] = [in] b value, 0~255
 408           * @param     paraAry[3] = [in] N/A, fill 0
 409           * @retval    NONE
 410           * @see       NULL
 411           * @author    Phil Lin
 412           * @since     2010-4-29
 413           * @todo      N/A
 414           * @bug       N/A
 415          */
 416          void
 417          HAL_DispParaBgColorSet(
 418                  SINT16 *paraAry
 419          )
 420          {
 421   1              /* set colorbgr. */
 422   1              XBYTE[REG_Disp_BgColorR] = paraAry[0];
 423   1      
 424   1              /* set colorbgg. */
 425   1              XBYTE[REG_Disp_BgColorG] = paraAry[1];
C51 COMPILER V8.08   HAL_DISP_PARAAPI                                                      12/30/2019 16:39:18 PAGE 8   

 426   1      
 427   1              /* set colorbgb. */
 428   1              XBYTE[REG_Disp_BgColorB] = paraAry[2];
 429   1      }
 430          
 431          /**
 432           * @fn        void HAL_DispParaReqLenthSet(SINT16 *paraAry)
 433           * @brief     set the image / OSD request burst length
 434           * @param     paraAry[0] = [in] one of the HAL_DispReqLenth_e
 435           * @param     paraAry[1] = [in] N/A, fill 0
 436           * @param     paraAry[2] = [in] N/A, fill 0
 437           * @param     paraAry[3] = [in] N/A, fill 0
 438           * @retval    NONE
 439           * @see       NULL
 440           * @author    Phil Lin
 441           * @since     2010-9-8
 442           * @todo      N/A
 443           * @bug       N/A
 444          */
 445          void
 446          HAL_DispParaReqLenthSet(
 447                  SINT16 *paraAry
 448          )
 449          {
 450   1              XBYTE[REG_Disp_ImgOsdReq] = (XBYTE[REG_Disp_ImgOsdReq] & ~0x30) | (paraAry[0] & 0x30);
 451   1      }
 452          /**
 453           * @fn        void HAL_DispParaDeviceTypeSet(SINT16 *paraAry)
 454           * @brief     set display device type
 455           * @param     paraAry[0] = [in] device type, one of HAL_DispDeviceType_e
 456           * @param     paraAry[1] = [in] N/A, fill 0
 457           * @param     paraAry[2] = [in] N/A, fill 0
 458           * @param     paraAry[3] = [in] N/A, fill 0
 459           * @retval    NONE
 460           * @see       NULL
 461           * @author    Phil Lin
 462           * @since     2010-4-29
 463           * @todo      N/A
 464           * @bug       N/A
 465          */
 466          void
 467          HAL_DispParaDeviceTypeSet(
 468                  SINT16 *paraAry
 469          )
 470          {
 471   1              /* set disp_mode. */
 472   1              XBYTE[REG_Disp_PnlSel] = (XBYTE[REG_Disp_PnlSel] & ~0x1F) | paraAry[0];
 473   1      }
 474          
 475          /**
 476           * @fn        void HAL_DispParaDeviceTotalRegionSet(SINT16 *paraAry)
 477           * @brief     set display total region
 478           * @param     paraAry[0] = [in] hpixel, total pixels per line
 479           * @param     paraAry[1] = [in] vline, total lines per frame
 480           * @param     paraAry[2] = [in] hsyncw, hsync rising time point
 481           * @param     paraAry[3] = [in] vsyncw, vsync rising time point
 482           * @retval    NONE
 483           * @see       NULL
 484           * @author    Phil Lin
 485           * @since     2010-4-29
 486           * @todo      N/A
 487           * @bug       N/A
C51 COMPILER V8.08   HAL_DISP_PARAAPI                                                      12/30/2019 16:39:18 PAGE 9   

 488          */
 489          void
 490          HAL_DispParaDeviceTotalRegionSet(
 491                  SINT16 *paraAry
 492          )
 493          {
 494   1              /* set hpixel. */
 495   1              XBYTE[REG_Disp_HpixelL] = READ8(paraAry[0], 1);
 496   1              XBYTE[REG_Disp_HpixelH] = READ8(paraAry[0], 0);
 497   1      
 498   1              /* set vline. */
 499   1              XBYTE[REG_Disp_VlineL] = READ8(paraAry[1], 1);
 500   1              XBYTE[REG_Disp_VlineH] = READ8(paraAry[1], 0);
 501   1      
 502   1              /* set hsyncw. */
 503   1              XBYTE[REG_Disp_Hsyncw] = paraAry[2];
 504   1      
 505   1              /* set vsyncw. */
 506   1              XBYTE[REG_Disp_Vsyncw] = paraAry[3];
 507   1      }
 508          
 509          /**
 510           * @fn        void HAL_DispParaDeviceActiveRegionSet(SINT16 *paraAry)
 511           * @brief     set display active region
 512           * @param     paraAry[0] = [in] panel h start
 513           * @param     paraAry[1] = [in] panel v start
 514           * @param     paraAry[2] = [in] panel h end
 515           * @param     paraAry[3] = [in] panel v end
 516           * @retval    NONE
 517           * @see       NULL
 518           * @author    Phil Lin
 519           * @since     2010-4-29
 520           * @todo      N/A
 521           * @bug       N/A
 522          */
 523          void
 524          HAL_DispParaDeviceActiveRegionSet(
 525                  SINT16 *paraAry
 526          )
 527          {
 528   1              /* set vldx0 (pnlh0). */
 529   1              XBYTE[REG_Disp_PnlH0L] = READ8(paraAry[0], 1);
 530   1              XBYTE[REG_Disp_PnlH0H] = READ8(paraAry[0], 0);
 531   1      
 532   1              /* set vldy0 (pnlv0). */
 533   1              XBYTE[REG_Disp_PnlV0L] = READ8(paraAry[1], 1);
 534   1              XBYTE[REG_Disp_PnlV0H] = READ8(paraAry[1], 0);
 535   1      
 536   1              /* set vldx1 (pnlh1). */
 537   1              XBYTE[REG_Disp_PnlH1L] = READ8(paraAry[2], 1);
 538   1              XBYTE[REG_Disp_PnlH1H] = READ8(paraAry[2], 0);
 539   1      
 540   1              /* set vldy1 (pnlv1). */
 541   1              XBYTE[REG_Disp_PnlV1L] = READ8(paraAry[3], 1);
 542   1              XBYTE[REG_Disp_PnlV1H] = READ8(paraAry[3], 0);
 543   1      }
 544          
 545          /**
 546           * @fn        void HAL_DispParaDeviceImgRegionCropSet(SINT16 *paraAry)
 547           * @brief     set display image region crop
 548           * @param     paraAry[0] = [in] region crop x start
 549           * @param     paraAry[1] = [in] region crop x end
C51 COMPILER V8.08   HAL_DISP_PARAAPI                                                      12/30/2019 16:39:18 PAGE 10  

 550           * @param     paraAry[2] = [in] region crop y start
 551           * @param     paraAry[3] = [in] region crop y end
 552           * @retval    NONE
 553           * @see       NULL
 554           * @author    Phil Lin
 555           * @since     2010-4-29
 556           * @todo      N/A
 557           * @bug       N/A
 558          */
 559          void
 560          HAL_DispParaDeviceImgRegionCropSet(
 561                  SINT16 *paraAry
 562          )
 563          {
 564   1              /* set pvx0 */
 565   1              XBYTE[REG_Disp_PvX0L] = READ8(paraAry[0], 1);
 566   1              XBYTE[REG_Disp_PvX0H] = READ8(paraAry[0], 0);
 567   1      
 568   1              /* set pvx1 */
 569   1              XBYTE[REG_Disp_PvX1L] = READ8(paraAry[1], 1);
 570   1              XBYTE[REG_Disp_PvX1H] = READ8(paraAry[1], 0);
 571   1      
 572   1              /* set pvy0 */
 573   1              XBYTE[REG_Disp_PvY0L] = READ8(paraAry[2], 1);
 574   1              XBYTE[REG_Disp_PvY0H] = READ8(paraAry[2], 0);
 575   1      
 576   1              /* set pvy1 */
 577   1              XBYTE[REG_Disp_PvY1L] = READ8(paraAry[3], 1);
 578   1              XBYTE[REG_Disp_PvY1H] = READ8(paraAry[3], 0);
 579   1      }
 580          
 581          /**
 582           * @fn        void HAL_DispParaDeviceImgRegionRenderSet(SINT16 *paraAry)
 583           * @brief     set display image region render
 584           * @param     paraAry[0] = [in] region render h start
 585           * @param     paraAry[1] = [in] region render h end
 586           * @param     paraAry[2] = [in] region render v start
 587           * @param     paraAry[3] = [in] region render v end
 588           * @retval    NONE
 589           * @see       NULL
 590           * @author    Phil Lin
 591           * @since     2010-4-29
 592           * @todo      N/A
 593           * @bug       N/A
 594          */
 595          void
 596          HAL_DispParaDeviceImgRegionRenderSet(
 597                  SINT16 *paraAry
 598          )
 599          {
 600   1              HAL_DispPnlInitHvSet(paraAry[0], paraAry[1], paraAry[2], paraAry[3]);
 601   1      
 602   1              /* set pvh0 */
 603   1              XBYTE[REG_Disp_PvH0L] = READ8(paraAry[0], 1);
 604   1              XBYTE[REG_Disp_PvH0H] = READ8(paraAry[0], 0);
 605   1      
 606   1              /* set pvh1 */
 607   1              XBYTE[REG_Disp_PvH1L] = READ8(paraAry[1], 1);
 608   1              XBYTE[REG_Disp_PvH1H] = READ8(paraAry[1], 0);
 609   1      
 610   1              /* set pvv0 */
 611   1              XBYTE[REG_Disp_PvV0L] = READ8(paraAry[2], 1);
C51 COMPILER V8.08   HAL_DISP_PARAAPI                                                      12/30/2019 16:39:18 PAGE 11  

 612   1              XBYTE[REG_Disp_PvV0H] = READ8(paraAry[2], 0);
 613   1      
 614   1              /* set pvv1 */
 615   1              XBYTE[REG_Disp_PvV1L] = READ8(paraAry[3], 1);
 616   1              XBYTE[REG_Disp_PvV1H] = READ8(paraAry[3], 0);
 617   1      }
 618          
 619          /**
 620           * @fn        void HAL_DispParaDeviceOsdRegionCropSet(SINT16 *paraAry)
 621           * @brief     set display osd region crop
 622           * @param     paraAry[0] = [in] region crop x start
 623           * @param     paraAry[1] = [in] region crop x end
 624           * @param     paraAry[2] = [in] region crop y start
 625           * @param     paraAry[3] = [in] region crop y end
 626           * @retval    NONE
 627           * @see       NULL
 628           * @author    Phil Lin
 629           * @since     2010-4-29
 630           * @todo      N/A
 631           * @bug       N/A
 632          */
 633          void
 634          HAL_DispParaDeviceOsdRegionCropSet(
 635                  SINT16 *paraAry
 636          )
 637          {
 638   1              /* set osdx0 */
 639   1              XBYTE[REG_Disp_OsdX0L] = READ8(paraAry[0], 1);
 640   1              XBYTE[REG_Disp_OsdX0H] = READ8(paraAry[0], 0);
 641   1      
 642   1              /* set osdx1 */
 643   1              XBYTE[REG_Disp_OsdX1L] = READ8(paraAry[1], 1);
 644   1              XBYTE[REG_Disp_OsdX1H] = READ8(paraAry[1], 0);
 645   1      
 646   1              /* set osdy0 */
 647   1              XBYTE[REG_Disp_OsdY0L] = READ8(paraAry[2], 1);
 648   1              XBYTE[REG_Disp_OsdY0H] = READ8(paraAry[2], 0);
 649   1      
 650   1              /* set osdy1 */
 651   1              XBYTE[REG_Disp_OsdY1L] = READ8(paraAry[3], 1);
 652   1              XBYTE[REG_Disp_OsdY1H] = READ8(paraAry[3], 0);
 653   1      }
 654          
 655          /**
 656           * @fn        void HAL_DispParaDeviceOsdRegionRenderSet(SINT16 *paraAry)
 657           * @brief     set display osd region render
 658           * @param     paraAry[0] = [in] region render h start
 659           * @param     paraAry[1] = [in] region render h end
 660           * @param     paraAry[2] = [in] region render v start
 661           * @param     paraAry[3] = [in] region render v end
 662           * @retval    NONE
 663           * @see       NULL
 664           * @author    Phil Lin
 665           * @since     2010-4-29
 666           * @todo      N/A
 667           * @bug       N/A
 668          */
 669          void
 670          HAL_DispParaDeviceOsdRegionRenderSet(
 671                  SINT16 *paraAry
 672          )
 673          {
C51 COMPILER V8.08   HAL_DISP_PARAAPI                                                      12/30/2019 16:39:18 PAGE 12  

 674   1              /* set osdh0 */
 675   1              XBYTE[REG_Disp_OsdH0L] = READ8(paraAry[0], 1);
 676   1              XBYTE[REG_Disp_OsdH0H] = READ8(paraAry[0], 0);
 677   1      
 678   1              /* set osdh1 */
 679   1              XBYTE[REG_Disp_OsdH1L] = READ8(paraAry[1], 1);
 680   1              XBYTE[REG_Disp_OsdH1H] = READ8(paraAry[1], 0);
 681   1      
 682   1              /* set osdv0 */
 683   1              XBYTE[REG_Disp_OsdV0L] = READ8(paraAry[2], 1);
 684   1              XBYTE[REG_Disp_OsdV0H] = READ8(paraAry[2], 0);
 685   1      
 686   1              /* set osdv1 */
 687   1              XBYTE[REG_Disp_OsdV1L] = READ8(paraAry[3], 1);
 688   1              XBYTE[REG_Disp_OsdV1H] = READ8(paraAry[3], 0);
 689   1      }
 690          
 691          /**
 692           * @fn        void HAL_DispParaOsdBlendFactorSet(SINT16 *paraAry)
 693           * @brief     set osd blending (half-tone) factor
 694           * @param     paraAry[0] = [in] 0~3, blending color index
 695           * @param     paraAry[1] = [in] 0~0x3f blending value
 696           * @param     paraAry[2] = [in] N/A, fill 0
 697           * @param     paraAry[3] = [in] N/A, fill 0
 698           * @retval    NONE
 699           * @see       NULL
 700           * @author    Phil Lin
 701           * @since     2010-4-29
 702           * @todo      N/A
 703           * @bug       N/A
 704          */
 705          void
 706          HAL_DispParaOsdBlendFactorSet(
 707                  SINT16 *paraAry
 708          )
 709          {
 710   1              /* set htonefac. */
 711   1              if (paraAry[0] < 4) {
 712   2                      XBYTE[REG_Disp_OsdAlpha0 + paraAry[0]] = paraAry[1];
 713   2              }
 714   1      }
 715          
 716          /**
 717          * @brief         enable/disable dither
 718          * @param         paraAry[0] = [in] one of HAL_DispInterlaceCfg_e.
 719          * @param         paraAry[1] = [in] N/A, fill 0.
 720          * @param         paraAry[2] = [in] N/A, fill 0.
 721          * @param         paraAry[3] = [in] N/A, fill 0.
 722          * @retval  None.
 723          * @see
 724          * @author  Matt Wang
 725          * @since         2008-06-03
 726          * @todo  N/A
 727          * @bug   N/A
 728          */
 729          void
 730          HAL_DispParaInterlaceCfgSet(
 731                  SINT16 *paraAry
 732          )
 733          {
 734   1              /* set fldoff & ofsten. */
 735   1              XBYTE[REG_Disp_FieldEnSwap] = (XBYTE[REG_Disp_FieldEnSwap] & ~0x05) | paraAry[0];
C51 COMPILER V8.08   HAL_DISP_PARAAPI                                                      12/30/2019 16:39:18 PAGE 13  

 736   1      }
 737          
 738          /**
 739          * @brief         enable/disable lcd dither
 740          * @param         paraAry[0] = [in] 0: disable, 1: enable.
 741          * @param         paraAry[1] = [in] N/A, fill 0.
 742          * @param         paraAry[2] = [in] N/A, fill 0.
 743          * @param         paraAry[3] = [in] N/A, fill 0.
 744          * @retval  None.
 745          * @see
 746          * @author  Matt Wang
 747          * @since         2008-05-28
 748          * @todo  N/A
 749          * @bug   N/A
 750          */
 751          void
 752          HAL_DispParaLcdDitherEnableSet(
 753                  SINT16 *paraAry
 754          )
 755          {
 756   1              paraAry = paraAry;
 757   1      
 758   1      #if TAG_TODO
                      /* TODO */
              
                      /* set dien. */
                      XBYTE[REG_Disp_OsdX1H] = (XBYTE[REG_Disp_OsdX1H] & ~0x02) | (paraAry[0] << 1);
              #endif
 764   1      }
 765          
 766          /**
 767           * @fn        void HAL_DispParaUps051PixelShiftCfgSet(SINT16 *paraAry)
 768           * @brief     set ups051 pixel shift
 769           * @param     paraAry[0] = [in] one of HAL_DispUps051PixelShiftCfg_e
 770           * @param     paraAry[1] = [in] N/A, fill 0
 771           * @param     paraAry[2] = [in] N/A, fill 0
 772           * @param     paraAry[3] = [in] N/A, fill 0
 773           * @retval    NONE
 774           * @see       NULL
 775           * @author    Phil Lin
 776           * @since     2010-4-29
 777           * @todo      N/A
 778           * @bug       N/A
 779          */
 780          void
 781          HAL_DispParaUps051PixelShiftCfgSet(
 782                  SINT16 *paraAry
 783          )
 784          {
 785   1              /* set pixshiften & vcntinv. */
 786   1              XBYTE[REG_Disp_LvEn_Rgb888] = (XBYTE[REG_Disp_LvEn_Rgb888] & ~0x30) | paraAry[0];
 787   1      }
 788          
 789          /**
 790           * @fn        void HAL_DispParaUps051LightviewEnableSet(SINT16 *paraAry)
 791           * @brief     enable/disable ups051 lightview
 792           * @param     paraAry[0] = [in] 0: disable, 1: enable
 793           * @param     paraAry[1] = [in] N/A, fill 0
 794           * @param     paraAry[2] = [in] N/A, fill 0
 795           * @param     paraAry[3] = [in] N/A, fill 0
 796           * @retval    NONE
 797           * @see       NULL
C51 COMPILER V8.08   HAL_DISP_PARAAPI                                                      12/30/2019 16:39:18 PAGE 14  

 798           * @author    Phil Lin
 799           * @since     2010-4-29
 800           * @todo      N/A
 801           * @bug       N/A
 802          */
 803          void
 804          HAL_DispParaUps051LightviewEnableSet(
 805                  SINT16 *paraAry
 806          )
 807          {
 808   1              /* set lven. */
 809   1              XBYTE[REG_Disp_LvEn_Rgb888] = (XBYTE[REG_Disp_LvEn_Rgb888] & ~0x01) | (paraAry[0] << 0);
 810   1      }
 811          
 812          /**
 813           * @fn        void HAL_DispParaUps051RGB888EnableSet(SINT16 *paraAry)
 814           * @brief     enable / disable parallel RGB888 mode and RGB888 DDR mode
 815           * @param     paraAry[0] = [in] 0: disable, 1: enable for parallel RGB888 mode
 816           * @param     paraAry[1] = [in] 0: disable, 1: enable for RGB888 DDR mode
 817           * @param     paraAry[2] = [in] N/A, fill 0
 818           * @param     paraAry[3] = [in] N/A, fill 0
 819           * @retval    return = SUCCESS / FAIL
 820           * @see       NULL
 821           * @author    Phil Lin
 822           * @since     2010-9-8
 823           * @todo      N/A
 824           * @bug       N/A
 825          */
 826          void
 827          HAL_DispParaUps051RGB888EnableSet(
 828                  SINT16 *paraAry
 829          )
 830          {
 831   1              /* set RGB888 */
 832   1              XBYTE[REG_Disp_LvEn_Rgb888] = (XBYTE[REG_Disp_LvEn_Rgb888] & ~0x06) | \
 833   1                                              (paraAry[0] ? (0x01 << 1) : 0x00) | \
 834   1                                              (paraAry[1] ? (0x01 << 2) : 0x00);
 835   1      }
 836          
 837          /**
 838           * @fn        void HAL_DispParaUps052RgbOnlyEnableSet(SINT16 *paraAry)
 839           * @brief     enable/disable ups052 rgb only mode
 840           * @param     paraAry[0] = [in] 0: disable, 1: enable
 841           * @param     paraAry[1] = [in] N/A, fill 0
 842           * @param     paraAry[2] = [in] N/A, fill 0
 843           * @param     paraAry[3] = [in] N/A, fill 0
 844           * @retval    NONE
 845           * @see       NULL
 846           * @author    Phil Lin
 847           * @since     2010-4-29
 848           * @todo      N/A
 849           * @bug       N/A
 850          */
 851          void
 852          HAL_DispParaUps052RgbOnlyEnableSet(
 853                  SINT16 *paraAry
 854          )
 855          {
 856   1              /* set ups052rgbonly. */
 857   1              XBYTE[REG_Disp_UpsRgbOnly] = (XBYTE[REG_Disp_UpsRgbOnly] & ~0x01) | (paraAry[0] << 0);
 858   1      }
 859          
C51 COMPILER V8.08   HAL_DISP_PARAAPI                                                      12/30/2019 16:39:18 PAGE 15  

 860          /**
 861           * @fn        HAL_DispUps052HsdDelayCfg_e HAL_DispParaUpsHsdDelayCfgSet(SINT16 *paraAry)
 862           * @brief     set ups051/052 hsd config
 863           * @param     paraAry[0] = [in] one of HAL_DispUps052HsdDelayCfg_e or one of HAL_DispUps051HsdDelayCfg_e
 864           * @param     paraAry[1] = [in] N/A, fill 0
 865           * @param     paraAry[2] = [in] N/A, fill 0
 866           * @param     paraAry[3] = [in] N/A, fill 0
 867           * @retval    return = SUCCESS / FAIL
 868           * @see       NULL
 869           * @author    Phil Lin
 870           * @since     2010-4-29
 871           * @todo      N/A
 872           * @bug       N/A
 873          */
 874          void
 875          HAL_DispParaUpsHsdDelayCfgSet(
 876                  SINT16 *paraAry
 877          )
 878          {
 879   1              /* set ups052rgbonly. */
 880   1              XBYTE[REG_Disp_UpshdSel] = (XBYTE[REG_Disp_UpshdSel] & ~0x07) | paraAry[0];
 881   1      }
 882          
 883          /**
 884           * @fn        void HAL_DispParaUpsClkPhaseSet(SINT16 *paraAry)
 885           * @brief     set ups clock phase (delay)
 886           * @param     paraAry[0] = [in] clock phase, 0~7
 887           * @param     paraAry[1] = [in] 0: normal 1: inverse
 888           * @param     paraAry[2] = [in] N/A, fill 0
 889           * @param     paraAry[3] = [in] N/A, fill 0
 890           * @retval    NONE
 891           * @see       NULL
 892           * @author    Phil Lin
 893           * @since     2010-4-29
 894           * @todo      N/A
 895           * @bug       N/A
 896          */
 897          void
 898          HAL_DispParaUpsClkPhaseSet(
 899                  SINT16 *paraAry
 900          )
 901          {
 902   1              /* set ups_ck_phase. */
 903   1              XBYTE[REG_Disp_PhsSel_Polar] = (XBYTE[REG_Disp_PhsSel_Polar] & ~0x0f) | paraAry[0] | paraAry[1] << 3;
 904   1      }
 905          
 906          /**
 907           * @fn        void HAL_DispParaUpsLayoutModeSet(SINT16 *paraAry)
 908           * @brief     set ups layout mode
 909           * @param     paraAry[0] = [in] one of HAL_DispUpsLayoutMode_e
 910           * @param     paraAry[1] = [in] N/A, fill 0
 911           * @param     paraAry[2] = [in] N/A, fill 0
 912           * @param     paraAry[3] = [in] N/A, fill 0
 913           * @retval    NONE
 914           * @see       NULL
 915           * @author    Phil Lin
 916           * @since     2010-4-29
 917           * @todo      N/A
 918           * @bug       N/A
 919          */
 920          void
 921          HAL_DispParaUpsLayoutModeSet(
C51 COMPILER V8.08   HAL_DISP_PARAAPI                                                      12/30/2019 16:39:18 PAGE 16  

 922                  SINT16 *paraAry
 923          )
 924          {
 925   1              /* set layoutmode. */
 926   1              XBYTE[REG_Disp_LvEn_Rgb888] = (XBYTE[REG_Disp_LvEn_Rgb888] & ~0x30) | paraAry[0];
 927   1      }
 928          
 929          /**
 930           * @fn        void HAL_DispParaUpsColorFilterCfgSet(SINT16 *paraAry)
 931           * @brief     set ups color filter (rgb cycle)
 932           * @param     paraAry[0] = [in] one of HAL_DispUpsEvenColorFilter_e
 933           * @param     paraAry[1] = [in] one of HAL_DispUpsOddColorFilter_e
 934           * @param     paraAry[2] = [in] N/A, fill 0
 935           * @param     paraAry[3] = [in] N/A, fill 0
 936           * @retval    NONE
 937           * @see       NULL
 938           * @author    Phil Lin
 939           * @since     2010-4-29
 940           * @todo      N/A
 941           * @bug       N/A
 942          */
 943          void
 944          HAL_DispParaUpsColorFilterCfgSet(
 945                  SINT16 *paraAry
 946          )
 947          {
 948   1              /* set oddrgb & evenrgb. */
 949   1              XBYTE[REG_Disp_RgbEvenOdd] = paraAry[0] | paraAry[1];
 950   1      }
 951          
 952          /**
 953           * @fn        void HAL_DispParaCcirOutputSequenceCfgSet(SINT16 *paraAry)
 954           * @brief     set ccir output sequence
 955           * @param     paraAry[0] = [in] one of HAL_DispCcirOutputSeqCfg_e
 956           * @param     paraAry[1] = [in] N/A, fill 0
 957           * @param     paraAry[2] = [in] N/A, fill 0
 958           * @param     paraAry[3] = [in] N/A, fill 0
 959           * @retval    NONE
 960           * @see       NULL
 961           * @author    Phil Lin
 962           * @since     2010-4-29
 963           * @todo      N/A
 964           * @bug       N/A
 965          */
 966          void
 967          HAL_DispParaCcirOutputSequenceCfgSet(
 968                  SINT16 *paraAry
 969          )
 970          {
 971   1              /* set ccirtype. */
 972   1              XBYTE[REG_Disp_CcirOSeq] = paraAry[0];
 973   1      }
 974          
 975          /**
 976           * @fn        void HAL_DispRaraEdgeTypeSet(SINT16* paraAry)
 977           * @brief     set the disp edge type
 978           * @param     paraAry[0] = [in] one of HAL_DispEdgeType_e
 979           * @param     paraAry[1] = [in] N/A, fill 0
 980           * @param     paraAry[2] = [in] N/A, fill 0
 981           * @param     paraAry[3] = [in] N/A, fill 0
 982           * @retval    NONE
 983           * @see       NULL
C51 COMPILER V8.08   HAL_DISP_PARAAPI                                                      12/30/2019 16:39:18 PAGE 17  

 984           * @author    Phil Lin
 985           * @since     2010-9-8
 986           * @todo      N/A
 987           * @bug       N/A
 988          */
 989          void
 990          HAL_DispRaraEdgeTypeSet(
 991                  SINT16* paraAry
 992          )
 993          {
 994   1              XBYTE[REG_Disp_EdgeTypeGain] = (XBYTE[REG_Disp_EdgeTypeGain] & ~0x03) | (paraAry[0] & 0x03);
 995   1      }
 996          
 997          /**
 998           * @fn        void HAL_DispRaraEdgeGainSet(SINT16* paraAry)
 999           * @brief     set the disp edge Gain
1000           * @param     paraAry[0] = [in] edge enhancement sharpness gain (1.3 unsigned)
1001           * @param     paraAry[1] = [in] N/A, fill 0
1002           * @param     paraAry[2] = [in] N/A, fill 0
1003           * @param     paraAry[3] = [in] N/A, fill 0
1004           * @retval    NONE
1005           * @see       NULL
1006           * @author    Phil Lin
1007           * @since     2010-9-8
1008           * @todo      N/A
1009           * @bug       N/A
1010          */
1011          void
1012          HAL_DispRaraEdgeGainSet(
1013                  SINT16* paraAry
1014          )
1015          {
1016   1              XBYTE[REG_Disp_EdgeTypeGain] = (XBYTE[REG_Disp_EdgeTypeGain] & ~0xF0) | (paraAry[0] << 4);
1017   1      }
1018          
1019          /**
1020           * @fn        void HAL_DispParaColorMatrixTblCfgSet(SINT16 *paraAry)
1021           * @brief     set the display color matrix
1022           * @param     paraAry[0] = [in] Matrix A
1023           * @param     paraAry[1] = [in] Matrix B
1024           * @param     paraAry[2] = [in] N/A, fill 0
1025           * @param     paraAry[3] = [in] N/A, fill 0
1026           * @retval    NONE
1027           * @see       NULL
1028           * @author    Phil Lin
1029           * @since     2010-4-29
1030           * @todo      N/A
1031           * @bug       N/A
1032          */
1033          void
1034          HAL_DispParaColorMatrixTblCfgSet(
1035                  SINT16 *paraAry
1036          )
1037          {
1038   1              UINT16 xdata* pMtxA = (UINT16*)paraAry[0];
1039   1              UINT16 xdata* pMtxB = (UINT16*)paraAry[1];
1040   1              UINT16 mtxVal;
1041   1              UINT8 i8, valShift;
1042   1      
1043   1              for (i8 = 0; i8 < 9; i8++) {
1044   2                      mtxVal = pMtxA[i8];
1045   2                      //printf("a mtxVal: %lx\n", (UINT32)mtxVal);
C51 COMPILER V8.08   HAL_DISP_PARAAPI                                                      12/30/2019 16:39:18 PAGE 18  

1046   2                      /* read data */
1047   2                      XBYTE[REG_Disp_ColA00L + i8] = READ8(mtxVal, 1); //format S2.8
1048   2      
1049   2                      /* calculate the bit shift for MSB */
1050   2                      if (i8 & 0x01) {
1051   3                              valShift = 4;
1052   3                      } else {
1053   3                              valShift = 0;
1054   3                      }
1055   2      
1056   2                      XBYTE[REG_Disp_ColA00H01H + (i8 >> 1)] = (XBYTE[REG_Disp_ColA00H01H + (i8 >> 1)] & ~(0x07 << valShift)) 
             -| \
1057   2                      (READ8(mtxVal, 0) << valShift);
1058   2              }
1059   1      
1060   1              for (i8 = 0; i8 < 3; i8++) {
1061   2                      mtxVal = pMtxB[i8];
1062   2                      //printf("b mtxVal: %lx\n", (UINT32)mtxVal);
1063   2                      XBYTE[REG_Disp_ColB00H + i8] = READ8(mtxVal, 0); //format S7.4
1064   2      
1065   2                      /* calculate the bit shift for LSB */
1066   2                      if (i8 & 0x01) {
1067   3                              valShift = 4;
1068   3                      } else {
1069   3                              valShift = 0;
1070   3                      }
1071   2      
1072   2                      XBYTE[REG_Disp_ColB00L01L + (i8 >> 1)] = (XBYTE[REG_Disp_ColB00L01L + (i8 >> 1)] & ~(0x07 << valShift)) 
             -| \
1073   2                      (READ8(mtxVal, 1) << valShift);
1074   2              }
1075   1      }
1076          /**
1077           * @fn        void HAL_DispParaColorMatrixEnableSet(SINT16 *paraAry)
1078           * @brief     set the display color matrix
1079           * @param     paraAry[0] = [in] 0: disable, 1: enable
1080           * @param     paraAry[1] = [in] N/A, fill 0
1081           * @param     paraAry[2] = [in] N/A, fill 0
1082           * @param     paraAry[3] = [in] N/A, fill 0
1083           * @retval    NONE
1084           * @see       NULL
1085           * @author    Phil Lin
1086           * @since     2010-4-29
1087           * @todo      N/A
1088           * @bug       N/A
1089          */
1090          void
1091          HAL_DispParaColorMatrixEnableSet(
1092                  SINT16 *paraAry
1093          )
1094          {
1095   1              /* set ColorMatrixEnable. */
1096   1              XBYTE[REG_Disp_ColMtxEnFmt] = (XBYTE[REG_Disp_ColMtxEnFmt] & ~0x01) | (paraAry[0] ? 0x01 : 0x00);
1097   1      }
1098          /**
1099           * @fn        void HAL_DispParaColorMatrixFmtCfg(SINT16 *paraAry)
1100           * @brief     set the display color matrix
1101           * @param     paraAry[0] = [in] one of the HAL_DispColorMtxCvsFmt_e
1102           * @param     paraAry[1] = [in] N/A, fill 0
1103           * @param     paraAry[2] = [in] N/A, fill 0
1104           * @param     paraAry[3] = [in] N/A, fill 0
1105           * @retval    NONE
C51 COMPILER V8.08   HAL_DISP_PARAAPI                                                      12/30/2019 16:39:18 PAGE 19  

1106           * @see       NULL
1107           * @author    Phil Lin
1108           * @since     2010-4-29
1109           * @todo      N/A
1110           * @bug       N/A
1111          */
1112          void
1113          HAL_DispParaColorMatrixFmtCfg(
1114                  SINT16 *paraAry
1115          )
1116          {
1117   1              /* set ColorMatrixEnable. */
1118   1              XBYTE[REG_Disp_ColMtxEnFmt] = (XBYTE[REG_Disp_ColMtxEnFmt] & ~0x30) | paraAry[0];
1119   1      }
1120          /**
1121           * @fn        void HAL_DispParaGammaEnableSet(SINT16 *paraAry)
1122           * @brief     enable/disable gamma
1123           * @param     paraAry[0] = [in] 0: disable, 1: enable
1124           * @param     paraAry[1] = [in] N/A, fill 0
1125           * @param     paraAry[2] = [in] N/A, fill 0
1126           * @param     paraAry[3] = [in] N/A, fill 0
1127           * @retval    NONE
1128           * @see       NULL
1129           * @author    Phil Lin
1130           * @since     2010-4-29
1131           * @todo      N/A
1132           * @bug       N/A
1133          */
1134          void
1135          HAL_DispParaGammaEnableSet(
1136                  SINT16 *paraAry
1137          )
1138          {
1139   1              /* set gammaen. */
1140   1              XBYTE[REG_Disp_GammaEnSel] = (XBYTE[REG_Disp_GammaEnSel] & ~0x01) | (paraAry[0] ? 0x01 : 0x00);
1141   1      }
1142          
1143          /**
1144           * @fn        void HAL_DispParaRBSwitchSet(SINT16 *paraAry)
1145           * @brief     enable/disable R/B switch
1146           * @param     [in] paraAry
1147           * @retval    NONE
1148           * @see       NULL
1149           * @author    Phil Lin
1150           * @since     2010-9-8
1151           * @todo      N/A
1152           * @bug       N/A
1153          */
1154          void
1155          HAL_DispParaRBSwitchSet(
1156                  SINT16 *paraAry
1157          )
1158          {
1159   1              /* set R/B switch */
1160   1              XBYTE[REG_Disp_PnlRound_RB] = (XBYTE[REG_Disp_GammaEnSel] & ~0x10) | (paraAry[0] ? 0x10 : 0x00);
1161   1      }
1162          
1163          /**
1164           * @fn        void HAL_DispParaTvDacPowerEnableSet(SINT16 *paraAry)
1165           * @brief     set analog tv saturation value
1166           * @param     paraAry[0] = [in] 0: disable, 1: enable
1167           * @param     paraAry[1] = [in] N/A, fill 0
C51 COMPILER V8.08   HAL_DISP_PARAAPI                                                      12/30/2019 16:39:18 PAGE 20  

1168           * @param     paraAry[2] = [in] N/A, fill 0
1169           * @param     paraAry[3] = [in] N/A, fill 0
1170           * @retval    NONE
1171           * @see       NULL
1172           * @author    Phil Lin
1173           * @since     2010-4-29
1174           * @todo      N/A
1175           * @bug       N/A
1176          */
1177          void
1178          HAL_DispParaTvDacPowerEnableSet(
1179                  SINT16 *paraAry
1180          )
1181          {
1182   1              if ( paraAry[0] ) {  /* enable. */
1183   2                      /* set DACPd & DACTest. */
1184   2                      XBYTE[0x2001] &= ~0x03;
1185   2      
1186   2                      /* enable clock phase */
1187   2                      XBYTE[0x2016] |= 0x01;
1188   2      
1189   2                      /* set yfilteren & uvfilteren. */
1190   2                      XBYTE[REG_Disp_PalmEn_Filter] |= 0x30;
1191   2              }
1192   1              else {  /* disable. */
1193   2                      /* set DACPd & DACTest. */
1194   2                      XBYTE[0x2001] |= 0x03;
1195   2      
1196   2                      /* disable clock phase */
1197   2                      XBYTE[0x2016] &= ~0x01;
1198   2      
1199   2                      /* set yfilteren & uvfilteren. */
1200   2                      XBYTE[REG_Disp_PalmEn_Filter] &= ~0x30;
1201   2              }
1202   1      
1203   1              //XBYTE[0x2009] = 0x17;  /*vtesten reseten rsetop[3:0]*/
1204   1      }
1205          
1206          /**
1207           * @fn        void HAL_DispParaTvSaturationSet(SINT16 *paraAry)
1208           * @brief     set analog tv saturation value
1209           * @param     paraAry[0] = [in] saturation value, 0~255
1210           * @param     paraAry[1] = [in] N/A, fill 0
1211           * @param     paraAry[2] = [in] N/A, fill 0
1212           * @param     paraAry[3] = [in] N/A, fill 0
1213           * @retval    NONE
1214           * @see       NULL
1215           * @author    Phil Lin
1216           * @since     2010-4-29
1217           * @todo      N/A
1218           * @bug       N/A
1219          */
1220          void
1221          HAL_DispParaTvSaturationSet(
1222                  SINT16 *paraAry
1223          )
1224          {
1225   1              /* set saturate. */
1226   1              XBYTE[REG_Disp_SatuRateL] = paraAry[0];
1227   1      }
1228          
1229          /**
C51 COMPILER V8.08   HAL_DISP_PARAAPI                                                      12/30/2019 16:39:18 PAGE 21  

1230           * @fn        void HAL_DispParaTvHueSet(SINT16 *paraAry)
1231           * @brief     set analog tv hue value
1232           * @param     paraAry[0] = [in] hue value, 0~255
1233           * @param     paraAry[1] = [in] N/A, fill 0
1234           * @param     paraAry[2] = [in] N/A, fill 0
1235           * @param     paraAry[3] = [in] N/A, fill 0
1236           * @retval    NONE
1237           * @see       NULL
1238           * @author    Phil Lin
1239           * @since     2010-4-29
1240           * @todo      N/A
1241           * @bug       N/A
1242          */
1243          void
1244          HAL_DispParaTvHueSet(
1245                  SINT16 *paraAry
1246          )
1247          {
1248   1              /* set hueadjust. */
1249   1              XBYTE[REG_Disp_HueAdjust] = paraAry[0];
1250   1      }
1251          
1252          /**
1253           * @fn        void HAL_DispParaLcmCmdBusTypeSet(SINT16 *paraAry)
1254           * @brief     set lcm command bus type
1255           * @param     paraAry[0] = [in] bus type, one of HAL_DispLcmCommandBusType_e
1256           * @param     paraAry[1] = [in] N/A, fill 0
1257           * @param     paraAry[2] = [in] N/A, fill 0
1258           * @param     paraAry[3] = [in] N/A, fill 0
1259           * @retval    NONE
1260           * @see       NULL
1261           * @author    Phil Lin
1262           * @since     2010-4-29
1263           * @todo      N/A
1264           * @bug       N/A
1265          */
1266          void
1267          HAL_DispParaLcmCmdBusTypeSet(
1268                  SINT16 *paraAry
1269          )
1270          {
1271   1              /* set m68ctl1. */
1272   1              XBYTE[REG_Disp_LcmMode_BusW] = (XBYTE[REG_Disp_LcmMode_BusW] & ~0x01) | paraAry[0];
1273   1      }
1274          
1275          /**
1276           * @fn        void HAL_DispParaLcmCmdBitWidthSet(SINT16 *paraAry)
1277           * @brief     set lcm command bit width
1278           * @param     paraAry[0] = [in] bit width, one of HAL_DispLcmCommandBitWidth_e
1279           * @param     paraAry[1] = [in] N/A, fill 0
1280           * @param     paraAry[2] = [in] N/A, fill 0
1281           * @param     paraAry[3] = [in] N/A, fill 0
1282           * @retval    NONE
1283           * @see       NULL
1284           * @author    Phil Lin
1285           * @since     2010-4-29
1286           * @todo      N/A
1287           * @bug       N/A
1288          */
1289          void
1290          HAL_DispParaLcmCmdBitWidthSet(
1291                  SINT16 *paraAry
C51 COMPILER V8.08   HAL_DISP_PARAAPI                                                      12/30/2019 16:39:18 PAGE 22  

1292          )
1293          {
1294   1              /* set h16bit. */
1295   1              XBYTE[REG_Disp_LcmMode_BusW] = (XBYTE[REG_Disp_LcmMode_BusW] & ~0xF0) | paraAry[0];
1296   1      }
1297          
1298          /**
1299          * @brief         set lcm command pulse width.
1300          * @param         paraAry[0] = [in] active pulse width, 1~256.
1301          * @param         paraAry[1] = [in] recovery pulse width, 2~257.
1302          * @param         paraAry[2] = [in] N/A, fill 0.
1303          * @param         paraAry[3] = [in] N/A, fill 0.
1304          * @retval  None.
1305          * @see
1306          * @author  Matt Wang
1307          * @since         2010-02-03
1308          * @todo  N/A
1309          * @bug   N/A
1310          */
1311          void
1312          HAL_DispParaLcmCmdPulseWidthSet(
1313                  SINT16 *paraAry
1314          )
1315          {
1316   1              paraAry = paraAry;
1317   1      
1318   1      #if TAG_TODO
                      /* should move this function */
              
                      /* set actpulse. */
                      if ( paraAry[0] > 256 ) {
                              paraAry[0] = 255;
                      }
                      else if ( paraAry[0] < 1 ) {
                              paraAry[0] = 0;
                      }
                      else {
                              paraAry[0]--;
                      }
                      XBYTE[REG_Disp_GpioRIntEn0] = paraAry[0];
              
                      /* set rcvpulse. */
                      if ( paraAry[1] > 257 ) {
                              paraAry[1] = 255;
                      }
                      else if ( paraAry[0] < 2 ) {
                              paraAry[1] = 0;
                      }
                      else {
                              paraAry[1] -= 2;
                      }
                      XBYTE[REG_Disp_GpioRIntEn1] = paraAry[1];
              #endif
1345   1      }
1346          
1347          /**
1348           * @fn        void HAL_DispParaLcmCmdActiveLevelSet(SINT16 *paraAry)
1349           * @brief     set lcm cs0 and a0 active level
1350           * @param     paraAry[0] = [in] 0: cs0 active low, 1: cs0 active high
1351           * @param     paraAry[1] = [in] 0: a0 command low and data high, 1: a0 command high and data low
1352           * @param     paraAry[2] = [in] N/A, fill 0
1353           * @param     paraAry[3] = [in] N/A, fill 0
C51 COMPILER V8.08   HAL_DISP_PARAAPI                                                      12/30/2019 16:39:18 PAGE 23  

1354           * @retval    NONE
1355           * @see       NULL
1356           * @author    Phil Lin
1357           * @since     2010-4-29
1358           * @todo      N/A
1359           * @bug       N/A
1360          */
1361          void
1362          HAL_DispParaLcmCmdActiveLevelSet(
1363                  SINT16 *paraAry
1364          )
1365          {
1366   1              /* set cs0. */
1367   1              if ( paraAry[0] ) {  /* high active. */
1368   2                      HAL_DispCs0Act   = (1 << 0);
1369   2                      HAL_DispCs0Inact = (0 << 0);
1370   2              }
1371   1              else {  /* low active. */
1372   2                      HAL_DispCs0Act   = (0 << 0);
1373   2                      HAL_DispCs0Inact = (1 << 0);
1374   2              }
1375   1      
1376   1              /* set a0. */
1377   1              if ( paraAry[1] ) {  /* 0: data, 1: cmd. */
1378   2                      HAL_DispA0Cmd   = (1 << 1);
1379   2                      HAL_DispA0Data = (0 << 1);
1380   2              }
1381   1              else {  /* 0: cmd, 1: data. */
1382   2                      HAL_DispA0Cmd   = (0 << 1);
1383   2                      HAL_DispA0Data = (1 << 1);
1384   2              }
1385   1      }
1386          
1387          /**
1388           * @fn        void HAL_DispParaLcmDataFormatSet(SINT16 *paraAry)
1389           * @brief     set lcm data format
1390           * @param     paraAry[0] = [in] data format, one of HAL_DispLcmDataFormat_e
1391           * @param     paraAry[1] = [in] N/A, fill 0
1392           * @param     paraAry[2] = [in] N/A, fill 0
1393           * @param     paraAry[3] = [in] N/A, fill 0
1394           * @retval    NONE
1395           * @see       NULL
1396           * @author    Phil Lin
1397           * @since     2010-4-29
1398           * @todo      N/A
1399           * @bug       N/A
1400          */
1401          void
1402          HAL_DispParaLcmDataFormatSet(
1403                  SINT16 *paraAry
1404          )
1405          {
1406   1              UINT16 fmtIdx = (UINT16)paraAry[0];
1407   1              lcmSetItem_t* pLcmFmt;
1408   1      
1409   1              if (fmtIdx >= sizeof(sLcmSetItem) / sizeof(lcmSetItem_t)) {
1410   2                      return;
1411   2              }
1412   1              pLcmFmt = &sLcmSetItem[fmtIdx];
1413   1      #if 0
                      printf("busW:%bx, mode:%bx, cyc:%bx, rbchg:%bx, gchg:%bx, pktmode:%bx, bigend:%bx, midend:%bx\n",
                      pLcmFmt->busWidth, pLcmFmt->dataType, pLcmFmt->dataCyc, pLcmFmt->pnlRBChg,\
C51 COMPILER V8.08   HAL_DISP_PARAAPI                                                      12/30/2019 16:39:18 PAGE 24  

                      pLcmFmt->pnlGChg, pLcmFmt->pktMode, pLcmFmt->bigEnd, pLcmFmt->midEnd);
              #endif
1418   1      
1419   1              /* set bus width */
1420   1              XBYTE[REG_Disp_LcmMode_BusW] = (XBYTE[REG_Disp_LcmMode_BusW] & ~0xF0) | (pLcmFmt->busWidth << 4);
1421   1      
1422   1              /* set data cycle and type */
1423   1              XBYTE[REG_Disp_LcmDatCyc_Type] = pLcmFmt->dataCyc | (pLcmFmt->dataType << 4);
1424   1      
1425   1              /* set data mode */
1426   1              XBYTE[REG_Disp_LcmDatFmt] = (pLcmFmt->pnlGChg << 1) | (pLcmFmt->pktMode << 4) | \
1427   1               (pLcmFmt->bigEnd << 5) | (pLcmFmt->midEnd << 6);
1428   1      
1429   1              /* set RB change */
1430   1              XBYTE[REG_Disp_PnlRound_RB] = (XBYTE[REG_Disp_PnlRound_RB] & ~0xF0) | (pLcmFmt->pnlRBChg << 4);
1431   1      
1432   1      }
1433          
1434          
1435          /**
1436          * @brief         enable/disable lcm rgb666 pack.
1437          * @param         paraAry[0] = [in] 0: disable, 1: enable.
1438          * @retval  None.
1439          * @see
1440          * @author  Matt Wang
1441          * @since         2010-02-03
1442          * @todo  N/A
1443          * @bug   N/A
1444          */
1445          void
1446          HAL_DispParaLcmRgb666PackEnableSet(
1447                  SINT16 *paraAry
1448          )
1449          {
1450   1              paraAry = paraAry;
1451   1      
1452   1      #if TAG_TODO
                      /* should remove this function */
              
                      /* set rgb666. */
                      //XBYTE[REG_Disp_GpioOutEn0] = paraAry[0]; //phil mark for 1628
              #endif
1458   1      }
1459          
1460          /**
1461          * @brief         enable/disable lcm rgb666 format 10.
1462          * @param         paraAry[0] = [in] 0: disable, 1: enable.
1463          * @retval  None.
1464          * @see
1465          * @author  Matt Wang
1466          * @since         2010-02-03
1467          * @todo  N/A
1468          * @bug   N/A
1469          */
1470          void
1471          HAL_DispParaLcmRgb666Format10EnableSet(
1472                  SINT16 *paraAry
1473          )
1474          {
1475   1              paraAry = paraAry;
1476   1      
1477   1      #if TAG_TODO
C51 COMPILER V8.08   HAL_DISP_PARAAPI                                                      12/30/2019 16:39:18 PAGE 25  

                      /* should remove this function */
              
                      /* set rgb666format10. */
                      //XBYTE[REG_Disp_GpioOutEn3] = (XBYTE[REG_Disp_GpioOutEn3] & ~0x08) | (paraAry[0] << 3); //phil mark for 
             -1628
              #endif
1483   1      }
1484          
1485          /**
1486          * @brief         set lcm pixel data alignment.
1487          * @param         paraAry[0] = [in] pixel data alignment, one of HAL_DispLcmPixelAlign_e.
1488          * @retval  None.
1489          * @see
1490          * @author  Matt Wang
1491          * @since         2010-02-03
1492          * @todo  N/A
1493          * @bug   N/A
1494          */
1495          void
1496          HAL_DispParaLcmPixelAlignSet(
1497           SINT16 *paraAry
1498          )
1499          {
1500   1              paraAry = paraAry;
1501   1      
1502   1      #if TAG_TODO
                      /* should remove this function */
              
                      /* set bigending & midending. */
                      //XBYTE[REG_Disp_GpioOutEn2] = paraAry[0]; //phil mark for 1628
              #endif
1508   1      }
1509          
1510          /**
1511          * @brief         set lcm color package.
1512          * @param         paraAry[0] = [in] color package, one of HAL_DispLcmColorPackage_e.
1513          * @retval  None.
1514          * @see
1515          * @author  Matt Wang
1516          * @since         2010-02-03
1517          * @todo  N/A
1518          * @bug   N/A
1519          */
1520          void
1521          HAL_DispParaLcmColorPackageSet(
1522           SINT16 *paraAry
1523          )
1524          {
1525   1              paraAry = paraAry;
1526   1      
1527   1      #if TAG_TODO
                      /* should remove this function */
              
                      /* set packmode. */
                      //XBYTE[REG_Disp_GpioOutEn3] = (XBYTE[REG_Disp_GpioOutEn3] & ~0x01) | paraAry[0]; //phil mark for 1628
              #endif
1533   1      }
1534          
1535          /**
1536          * @brief         enable/disable lcm switch g-component bits.
1537          * @param         paraAry[0] = [in] 0: disable (g[7:0]), 1: enable (g[4:2],g[7:5],g[1:0]).
1538          * @param         paraAry[1] = [in] N/A, fill 0.
C51 COMPILER V8.08   HAL_DISP_PARAAPI                                                      12/30/2019 16:39:18 PAGE 26  

1539          * @param         paraAry[2] = [in] N/A, fill 0.
1540          * @param         paraAry[3] = [in] N/A, fill 0.
1541          * @retval  None.
1542          * @see
1543          * @author  Matt Wang
1544          * @since         2010-02-03
1545          * @todo  N/A
1546          * @bug   N/A
1547          */
1548          void
1549          HAL_DispParaLcmSwitchGEnableSet(
1550           SINT16 *paraAry
1551          )
1552          {
1553   1              paraAry = paraAry;
1554   1      
1555   1      #if TAG_TODO
                      /* should remove this function */
              
                      /* set swgin. */
                      //XBYTE[REG_Disp_GpioOutEn3] = (XBYTE[REG_Disp_GpioOutEn3] & ~0x02) | (paraAry[0] << 1); //phil mark for 
             -1628
              #endif
1561   1      }
1562          
1563          /**
1564          * @brief         enable/disable lcm change r- and b-components.
1565          * @param         paraAry[0] = [in] 0: disable, 1: enable.
1566          * @param         paraAry[1] = [in] N/A, fill 0.
1567          * @param         paraAry[2] = [in] N/A, fill 0.
1568          * @param         paraAry[3] = [in] N/A, fill 0.
1569          * @retval  None.
1570          * @see
1571          * @author  Matt Wang
1572          * @since         2010-02-03
1573          * @todo  N/A
1574          * @bug   N/A
1575          */
1576          void
1577          HAL_DispParaLcmChangeRbEnableSet(
1578           SINT16 *paraAry
1579          )
1580          {
1581   1              paraAry = paraAry;
1582   1      
1583   1      #if TAG_TODO
                      /* should remove this function */
              
                      /* set rbchange. */
                      //XBYTE[REG_Disp_GpioOutEn3] = (XBYTE[REG_Disp_GpioOutEn3] & ~0x04) | (paraAry[0] << 2); //phil mark for 
             -1628
              #endif
1589   1      }
1590          
1591          /**
1592          * @brief         enable/disable lcm 2/3 pixel data output.
1593          * @param         paraAry[0] = [in] 0: disable, 1: enable.
1594          * @param         paraAry[1] = [in] N/A, fill 0.
1595          * @param         paraAry[2] = [in] N/A, fill 0.
1596          * @param         paraAry[3] = [in] N/A, fill 0.
1597          * @retval  None.
1598          * @see
C51 COMPILER V8.08   HAL_DISP_PARAAPI                                                      12/30/2019 16:39:18 PAGE 27  

1599          * @author  Matt Wang
1600          * @since         2010-02-03
1601          * @todo  N/A
1602          * @bug   N/A
1603          */
1604          void
1605          HAL_DispParaLcmOneHalfPixelEnableSet(
1606           SINT16 *paraAry
1607          )
1608          {
1609   1              paraAry = paraAry;
1610   1      
1611   1      #if TAG_TODO
                      /* should remove this function */
              
                      /* set onehalfmode. */
                      //XBYTE[REG_Disp_GpioInVal0] = (XBYTE[REG_Disp_GpioInVal0] & ~0x01) | paraAry[0]; //phil mark for 1628
              #endif
1617   1      }
1618          
1619          /**
1620          * @brief         enable/disable lcm dither.
1621          * @param         paraAry[0] = [in] 0: disable, 1: enable.
1622          * @param         paraAry[1] = [in] N/A, fill 0.
1623          * @param         paraAry[2] = [in] N/A, fill 0.
1624          * @param         paraAry[3] = [in] N/A, fill 0.
1625          * @retval  None.
1626          * @see
1627          * @author  Matt Wang
1628          * @since         2010-02-03
1629          * @todo  N/A
1630          * @bug   N/A
1631          */
1632          void
1633          HAL_DispParaLcmDitherEnableSet(
1634           SINT16 *paraAry
1635          )
1636          {
1637   1              paraAry = paraAry;
1638   1      
1639   1      #if TAG_TODO
                      /* should remove this function */
              
                      /* set ditheren. */
                      //XBYTE[REG_Disp_GpioOutVal0] = (XBYTE[REG_Disp_GpioOutVal0] & ~0x02) | (paraAry[0] << 1); //phil mark fo
             -r 1628
              #endif
1645   1      }
1646          


MODULE INFORMATION:   STATIC OVERLAYABLE
   CODE SIZE        =   1844    ----
   CONSTANT SIZE    =   ----    ----
   XDATA SIZE       =    272      26
   PDATA SIZE       =   ----    ----
   DATA SIZE        =   ----    ----
   IDATA SIZE       =   ----    ----
   BIT SIZE         =   ----    ----
   EDATA SIZE       =   ----    ----
   HDATA SIZE       =   ----    ----
   XDATA CONST SIZE =   ----    ----
C51 COMPILER V8.08   HAL_DISP_PARAAPI                                                      12/30/2019 16:39:18 PAGE 28  

   FAR CONST SIZE   =   ----    ----
END OF MODULE INFORMATION.


C51 COMPILATION COMPLETE.  0 WARNING(S),  0 ERROR(S)
