C51 COMPILER V8.08   HAL_DISP_LCMCMD                                                       12/30/2019 16:31:05 PAGE 1   


C51 COMPILER V8.08, COMPILATION OF MODULE HAL_DISP_LCMCMD
OBJECT MODULE PLACED IN .\obj\hal_disp_lcmcmd.obj
COMPILER INVOKED BY: e:\Keil\C51\BIN\C51.EXE hal_disp_lcmcmd.c LARGE OMF2 OPTIMIZE(9,SIZE) NOAREGS INCDIR(..\..\..\inc;.
                    -.\..\..\inc\os;..\..\..\inc\hal;..\..\..\inc\middleware;..\..\..\inc\sp1k;..\..\..\..\host\inc\app;..\..\..\..\host\inc\
                    -customization) DEFINE(LIB_RELEASE) PRINT(.\obj\hal_disp_lcmcmd.lst) OBJECT(.\obj\hal_disp_lcmcmd.obj)

line level    source

   1          /**************************************************************************
   2           *
   3           *        Copyright (c) 2007-2008 by Sunplus mMedia Inc., Ltd.
   4           *
   5           *  This software is copyrighted by and is the property of Sunplus
   6           *  mMedia Inc., Ltd. All rights are reserved by Sunplus mMedia
   7           *  Inc., Ltd. This software may only be used in accordance with the
   8           *  corresponding license agreement. Any unauthorized use, duplication,
   9           *  distribution, or disclosure of this software is expressly forbidden.
  10           *
  11           *  This Copyright notice MUST not be removed or modified without prior
  12           *  written consent of Sunplus mMedia Inc., Ltd.
  13           *
  14           *  Sunplus mMedia Inc., Ltd. reserves the right to modify this
  15           *  software without notice.
  16           *
  17           *  Sunplus mMedia Inc., Ltd.
  18           *  19-1, Innovation First Road, Science-Based Industrial Park,
  19           *  Hsin-Chu, Taiwan, R.O.C.
  20           *
  21           **************************************************************************/
  22          /**
  23           * @file                hal_disp_lcm_cmd.c
  24           * @brief               hal api for disp lcm command.
  25           * @author              Matt Wang
  26           * @since               2008-06-16
  27           * @date                2008-10-24
  28           */
  29          
  30          /**************************************************************************
  31           *                            H E A D E R   F I L E S
  32           **************************************************************************/
  33          #include "general.h"
  34          #include "reg_def.h"
  35          #include "hal.h"
  36          #include "hal_disp_internal.h"
  37          #include "hal_disp.h"
  38          #include "hal_global.h"
  39          /**************************************************************************
  40           *                              C O N S T A N T S
  41           **************************************************************************/
  42          #define HAL_DISP_LCM_CMD_DUMP_DBG  0
  43          
  44          typedef enum {
  45                  HAL_DISP_LCM_CMD_HDR_INST = 0x01,
  46                  HAL_DISP_LCM_CMD_HDR_PARA = 0x02,
  47                  HAL_DISP_LCM_CMD_HDR_WAIT = 0x03,
  48                  HAL_DISP_LCM_CMD_HDR_STOP = 0x04,
  49          } HAL_DispLcmCmdHeader_e;
  50          
  51          #define LCM_CMD_GPIO_CTRL    1
  52          /**************************************************************************
  53           *                            G L O B A L   D A T A
C51 COMPILER V8.08   HAL_DISP_LCMCMD                                                       12/30/2019 16:31:05 PAGE 2   

  54           **************************************************************************/
  55          UINT8 HAL_DispCs0Act;
  56          UINT8 HAL_DispCs0Inact;
  57          UINT8 HAL_DispA0Cmd;
  58          UINT8 HAL_DispA0Data;
  59          
  60          /**
  61           * @brief       send command table to lcm interface.
  62           * @param       cmdTbl = [in] command table.
  63           * @retval      return = SUCCESS or FAIL.
  64           * @see
  65           * @author      Matt Wang
  66           * @since       2008-06-16
  67           * @todo        N/A
  68           * @bug         N/A
  69          */
  70          UINT8
  71          HAL_DispLcmCmdTableSend(
  72                  UINT32 *cmdTbl
  73          )
  74          {
  75   1              UINT8 run, cmdHdr;
  76   1              UINT32 cmd;
  77   1              UINT8 pinWR;
  78   1      
  79   1              /* if dispEn or dispPhaseClkEn disabled, no need to send. */
  80   1              if ( !(XBYTE[REG_Disp_DispEn_Flip] & 0x01) || !(XBYTE[0x2013] & 0x10) ) {
  81   2              //printf("disp disable\n");
  82   2                      return FAIL;
  83   2              }
  84   1      
  85   1              /* wait current frame data done. */
  86   1              XBYTE[REG_Disp_LcmVSUpd_DmaEn] &= ~0x10;  /* disable dma. */
  87   1              while ( XBYTE[REG_Disp_LcmVSUpd_DmaEn] & 0x20 ) {  /* wait current frame image data done. */
  88   2              }
  89   1      
  90   1      #if LCM_CMD_GPIO_CTRL   
  91   1              /* check the WR active */
  92   1              if (XBYTE[REG_Disp_LcmMode_BusW] & 0x01) {
  93   2                      pinWR = 0x01; //M68
  94   2              } else {
  95   2                      pinWR = 0x00; //i80
  96   2              }
  97   1              HAL_GpioByteFuncSet(HAL_GPIO_BYTE_DISP1, 0x01 << (11 & 0x07), 0x01 << (11 & 0x07));
  98   1              HAL_GpioByteOutSet(HAL_GPIO_BYTE_DISP1, 0x01 << (11 & 0x07), !pinWR << (11 & 0x07));
  99   1              HAL_GpioByteDirSet(HAL_GPIO_BYTE_DISP1, 0x01 << (11 & 0x07), 0x01 << (11 & 0x07));
 100   1      #endif
 101   1          
 102   1          /* write command main body. */
 103   1          XBYTE[REG_Disp_LcmCmdCtrl] |= 0x01; // enable command mode
 104   1              XBYTE[REG_Disp_LcmCS_RS] = HAL_DispCs0Act | HAL_DispA0Cmd;
 105   1          run = 1;
 106   1      
 107   1          while(run) {
 108   2                      cmdHdr = READ8(*cmdTbl, 0);
 109   2                      cmd = *cmdTbl & 0x00FFFFFFL;
 110   2      #if 0
                              printf("cmdHdr=0x%02X cmd=0x%06lX\n", (UINT16)cmdHdr, cmd);
              #endif
 113   2      
 114   2                      if ( cmdHdr <= HAL_DISP_LCM_CMD_HDR_PARA ) {
 115   3                              if ( cmdHdr == HAL_DISP_LCM_CMD_HDR_INST ) {
C51 COMPILER V8.08   HAL_DISP_LCMCMD                                                       12/30/2019 16:31:05 PAGE 3   

 116   4                                      XBYTE[REG_Disp_LcmCS_RS] = HAL_DispCs0Act | HAL_DispA0Cmd;
 117   4                              }
 118   3                              else {  /* HAL_DISP_LCM_CMD_HDR_PARA. */
 119   4                                      XBYTE[REG_Disp_LcmCS_RS] = HAL_DispCs0Act | HAL_DispA0Data;
 120   4                              }        
 121   3                              XBYTE[REG_Disp_LcmAutoCmd00] = READ8(cmd, 3);  /* lcmcmd[7:0]   */
 122   3                              XBYTE[REG_Disp_LcmAutoCmd01] = READ8(cmd, 2);  /* lcmcmd[15:8]  */
 123   3                              XBYTE[REG_Disp_LcmAutoCmd02] = READ8(cmd, 1);  /* lcmcmd[17:16] */
 124   3      
 125   3      #if !LCM_CMD_GPIO_CTRL            
                                      XBYTE[REG_Disp_LcmPioTrg_Busy] = 0x01;  /* trig piowrite. */
                                      while(XBYTE[REG_Disp_LcmPioTrg_Busy] & 0x10); /* wait command finish */
              #else
 129   3                              HAL_GpioByteOutSet(HAL_GPIO_BYTE_DISP1, 0x01 << (11 & 0x07), pinWR << (11 & 0x07));
 130   3                              HAL_GpioByteOutSet(HAL_GPIO_BYTE_DISP1, 0x01 << (11 & 0x07), !pinWR << (11 & 0x07));
 131   3      #endif
 132   3                      }
 133   2                      else if ( cmdHdr == HAL_DISP_LCM_CMD_HDR_WAIT ) {
 134   3                              HAL_GlobalTimerWait(cmd);
 135   3                      }
 136   2                      else {  /* HAL_DISP_LCM_CMD_HDR_STOP. */
 137   3                              run = 0;
 138   3                      }
 139   2      
 140   2                      cmdTbl++;
 141   2              
 142   2          }
 143   1      
 144   1      #if LCM_CMD_GPIO_CTRL
 145   1              HAL_GpioByteFuncSet(HAL_GPIO_BYTE_DISP1, 0x01 << (11 & 0x07), 0x00 << (11 & 0x07));
 146   1      #endif
 147   1      
 148   1              /* restore to frame data mode. */
 149   1              XBYTE[REG_Disp_LcmCmdCtrl] &= ~0x01;  /* disable command mode. */
 150   1              XBYTE[REG_Disp_LcmCS_RS] = HAL_DispCs0Act | HAL_DispA0Data;
 151   1              XBYTE[REG_Disp_LcmVSUpd_DmaEn] |= 0x10;  /* enable dma. */
 152   1      
 153   1              return SUCCESS;
 154   1      }
 155          


MODULE INFORMATION:   STATIC OVERLAYABLE
   CODE SIZE        =    324    ----
   CONSTANT SIZE    =   ----    ----
   XDATA SIZE       =      4      10
   PDATA SIZE       =   ----    ----
   DATA SIZE        =   ----    ----
   IDATA SIZE       =   ----    ----
   BIT SIZE         =   ----    ----
   EDATA SIZE       =   ----    ----
   HDATA SIZE       =   ----    ----
   XDATA CONST SIZE =   ----    ----
   FAR CONST SIZE   =   ----    ----
END OF MODULE INFORMATION.


C51 COMPILATION COMPLETE.  0 WARNING(S),  0 ERROR(S)
