C51 COMPILER V8.08   HALDISP_LIBVER                                                        12/30/2019 16:31:05 PAGE 1   


C51 COMPILER V8.08, COMPILATION OF MODULE HALDISP_LIBVER
OBJECT MODULE PLACED IN .\obj\haldisp_libver.obj
COMPILER INVOKED BY: e:\Keil\C51\BIN\C51.EXE haldisp_libver.c LARGE OMF2 OPTIMIZE(9,SIZE) NOAREGS INCDIR(..\..\..\inc;..
                    -\..\..\inc\os;..\..\..\inc\hal;..\..\..\inc\middleware;..\..\..\inc\sp1k;..\..\..\..\host\inc\app;..\..\..\..\host\inc\c
                    -ustomization) DEFINE(LIB_RELEASE) PRINT(.\obj\haldisp_libver.lst) OBJECT(.\obj\haldisp_libver.obj)

line level    source

   1          /**************************************************************************
   2           *
   3           *        Copyright (c) 2007-2008 by Sunplus mMedia Inc., Ltd.
   4           *
   5           *  This software is copyrighted by and is the property of Sunplus
   6           *  mMedia Inc., Ltd. All rights are reserved by Sunplus mMedia
   7           *  Inc., Ltd. This software may only be used in accordance with the
   8           *  corresponding license agreement. Any unauthorized use, duplication,
   9           *  distribution, or disclosure of this software is expressly forbidden.
  10           *
  11           *  This Copyright notice MUST not be removed or modified without prior
  12           *  written consent of Sunplus mMedia Inc., Ltd.
  13           *
  14           *  Sunplus mMedia Inc., Ltd. reserves the right to modify this
  15           *  software without notice.
  16           *
  17           *  Sunplus mMedia Inc., Ltd.
  18           *  19-1, Innovation First Road, Science-Based Industrial Park,
  19           *  Hsin-Chu, Taiwan, R.O.C.
  20           *
  21           *  Author: Matt Wang
  22           *
  23           *  hd01,2011127 hy.ren
  24           *       a.add image vertical non-scale mode.
  25           *  hd02,20111207 kai.wang
  26           *    a. resolve image vertical non-scale mode bug
  27           *  hd03,20120208 kai.wang
  28           *    a. add for Touch panel UI
  29           *  hd04,20120222 linjie.cheng
  30           *    a. add for 16:9
  31           **************************************************************************/
  32          
  33          /**************************************************************************
  34           *                            H E A D E R   F I L E S
  35           **************************************************************************/
  36          #include "general.h"
  37          
  38          /**************************************************************************
  39           *                            G L O B A L   D A T A
  40           **************************************************************************/
  41          static UINT8 code verStr[] = "$hd04";
  42          
  43          /**************************************************************************
  44           *
  45           *  Function Name: halDispLibVerGet
  46           *
  47           *  Purposes: Get current libaray's version.
  48           *
  49           *  Descriptions:
  50           *
  51           *  Arguments:
  52           *
  53           *  Returns:
C51 COMPILER V8.08   HALDISP_LIBVER                                                        12/30/2019 16:31:05 PAGE 2   

  54           *
  55           *  See also:
  56           *
  57           **************************************************************************/
  58          UINT8 *
  59          libHalDispVerGet(
  60                  void
  61          )
  62          {
  63   1              return (verStr + 3);
  64   1      }
  65          


MODULE INFORMATION:   STATIC OVERLAYABLE
   CODE SIZE        =      7    ----
   CONSTANT SIZE    =      6    ----
   XDATA SIZE       =   ----    ----
   PDATA SIZE       =   ----    ----
   DATA SIZE        =   ----    ----
   IDATA SIZE       =   ----    ----
   BIT SIZE         =   ----    ----
   EDATA SIZE       =   ----    ----
   HDATA SIZE       =   ----    ----
   XDATA CONST SIZE =   ----    ----
   FAR CONST SIZE   =   ----    ----
END OF MODULE INFORMATION.


C51 COMPILATION COMPLETE.  0 WARNING(S),  0 ERROR(S)
