C51 COMPILER V8.08   TMR_SVC                                                               06/16/2022 10:11:57 PAGE 1   


C51 COMPILER V8.08, COMPILATION OF MODULE TMR_SVC
OBJECT MODULE PLACED IN .\obj\tmr_svc.obj
COMPILER INVOKED BY: C:\Keil\C51\BIN\C51.EXE tmr_svc.c LARGE OMF2 OPTIMIZE(9,SIZE) NOAREGS INCDIR(..\..\..\inc;..\..\..\
                    -inc\os;..\..\..\inc\hal;..\..\..\inc\middleware;..\..\..\inc\sp1k;..\..\..\..\host\inc\app;..\..\..\..\host\inc\customiz
                    -ation) DEFINE(LIB_RELEASE) PRINT(.\obj\tmr_svc.lst) OBJECT(.\obj\tmr_svc.obj)

line level    source

   1          /**************************************************************************
   2           *
   3           *        Copyright (c) 2008-2008 by Sunplus mMedia Inc., Ltd.
   4           *
   5           *  This software is copyrighted by and is the property of Sunplus
   6           *  mMedia Inc., Ltd. All rights are reserved by Sunplus mMedia
   7           *  Inc., Ltd. This software may only be used in accordance with the
   8           *  corresponding license agreement. Any unauthorized use, duplication,
   9           *  distribution, or disclosure of this software is expressly forbidden.
  10           *
  11           *  This Copyright notice MUST not be removed or modified without prior
  12           *  written consent of Sunplus mMedia Inc., Ltd.
  13           *
  14           *  Sunplus mMedia Inc., Ltd. reserves the right to modify this
  15           *  software without notice.
  16           *
  17           *  Sunplus mMedia Inc., Ltd.
  18           *  19-1, Innovation First Road, Science-Based Industrial Park,
  19           *  Hsin-Chu, Taiwan, R.O.C.
  20           *
  21           **************************************************************************/
  22           
  23          /**
  24           * @file                tmr_svc.c
  25           * @brief               
  26           * @author              Phil Lin
  27           * @since               2009-11-25
  28           * @date                2009-11-25
  29           */
  30          
  31          /**************************************************************************
  32           *                            H E A D E R   F I L E S
  33           **************************************************************************/
  34          #include "general.h" 
  35          #include "os_msg.h" 
  36          #include "app_msg.h" 
  37          /**************************************************************************
  38           *                           C O N S T A N T S                            *
  39           **************************************************************************/
  40          #define APO_RELOAD_VAL_DEF  6000UL
  41          /**************************************************************************
  42           *                              M A C R O S                               *
  43           **************************************************************************/
  44          
  45          /**************************************************************************
  46           *                          D A T A    T Y P E S                          *
  47           **************************************************************************/
  48          
  49          /**************************************************************************
  50           *                         G L O B A L    D A T A                         *
  51           **************************************************************************/
  52          static UINT8 xdata sbAPOEn = 1; // APO: Auto Power Off
  53          static UINT32 xdata sdwAPOTimeVal;
C51 COMPILER V8.08   TMR_SVC                                                               06/16/2022 10:11:57 PAGE 2   

  54          static UINT32 xdata sdwAPOTimeReload = APO_RELOAD_VAL_DEF;
  55          
  56          static UINT8 xdata sbPwrOffProc;
  57          static UINT32 xdata sdwPwrOffProcVal = 1;
  58          
  59          /**************************************************************************
  60           *                 E X T E R N A L    R E F E R E N C E S                 *
  61           **************************************************************************/
  62          
  63          /**************************************************************************
  64           *               F U N C T I O N    D E C L A R A T I O N S               *
  65           **************************************************************************/
  66          
  67          /**
  68           * @brief       tmrSvc_APO_Intr
  69           * @param       
  70           * @param       
  71           * @retval      None.
  72           * @see
  73           * @author      Phil Lin
  74           * @since       2010-01-15
  75           * @todo        N/A
  76           * @bug         N/A
  77          */
  78          /**
  79           * @fn        void tmrSvc_APO_Intr(void)
  80           * @brief     tmrSvc_APO_Intr
  81           * @param     NONE
  82           * @retval    NONE
  83           * @see       NULL
  84           * @author    Phil Lin
  85           * @since     2011-3-17
  86           * @todo      N/A
  87           * @bug       N/A
  88          */
  89          void tmrSvc_APO_Intr(void)
  90          {
  91   1              if(sbAPOEn) {
  92   2                      sdwAPOTimeVal--;
  93   2                      if (sdwAPOTimeVal == 0 && !prjDbgMode) {
  94   3                              osMsgPost(SP1K_MSG_POWER_OFF);
  95   3                  sdwAPOTimeVal = sdwAPOTimeReload;
  96   3                      }
  97   2              }   
  98   1      }
  99          
 100          /**
 101           * @fn        void tmrSvc_PowerOffProc_Intr(void)
 102           * @brief     tmrSvc_PowerOffProc_Intr
 103           * @param     NONE
 104           * @retval    NONE
 105           * @see       NULL
 106           * @author    Phil Lin
 107           * @since     2011-3-17
 108           * @todo      N/A
 109           * @bug       N/A
 110          */
 111          void tmrSvc_PowerOffProc_Intr(void)
 112          {
 113   1              if (sbPwrOffProc) {
 114   2                      if (!(--sdwPwrOffProcVal)) {
 115   3                              sdwPwrOffProcVal = 1;
C51 COMPILER V8.08   TMR_SVC                                                               06/16/2022 10:11:57 PAGE 3   

 116   3                              osMsgPost(SP1K_MSG_BAT_EMPTY);
 117   3                      }
 118   2              }    
 119   1      }
 120          
 121          /**
 122           * @fn        void sp1kTmrSvc_APO_EnSet(UINT8 enable)
 123           * @brief     Auto power off enable set
 124           * @param     [in] enable
 125                             1: enabled
 126                             0: disabled
 127           * @retval    NONE
 128           * @see       NULL
 129           * @author    Phil Lin
 130           * @since     2011-3-17
 131           * @todo      N/A
 132           * @bug       N/A
 133          */
 134          void sp1kTmrSvc_APO_EnSet(UINT8 enable)
 135          {
 136   1          if (enable) {
 137   2              sbAPOEn = 1;
 138   2          } else {
 139   2              sbAPOEn = 0;
 140   2          }
 141   1      }
 142          
 143          /**
 144           * @fn        void sp1kTmrSvc_APO_ReloadSet(UINT32 val)
 145           * @brief     Auto power off reload time set
 146           * @param     [in] val :by 10 mini second
 147           * @retval    NONE
 148           * @see       NULL
 149           * @author    Phil Lin
 150           * @since     2011-3-17
 151           * @todo      N/A
 152           * @bug       N/A
 153          */
 154          void sp1kTmrSvc_APO_ReloadSet(UINT32 val)
 155          {
 156   1          sdwAPOTimeReload = val;
 157   1      }
 158          
 159          /**
 160           * @fn        void sp1kTmrSvc_APO_Rst(void)
 161           * @brief     Reset the auto power off conter
 162           * @param     NONE
 163           * @retval    NONE
 164           * @see       NULL
 165           * @author    Phil Lin
 166           * @since     2011-3-17
 167           * @todo      N/A
 168           * @bug       N/A
 169          */
 170          void sp1kTmrSvc_APO_Rst(void)
 171          {
 172   1          sdwAPOTimeVal = sdwAPOTimeReload;
 173   1      }
 174          
 175          /**
 176           * @fn        void sp1kTmrSvc_PowerOffCfg(UINT8 enable, UINT32 delay)
 177           * @brief     Configure delay time for power off
C51 COMPILER V8.08   TMR_SVC                                                               06/16/2022 10:11:57 PAGE 4   

 178           * @param     [in] enable 
 179                             1: enable the auto power off
 180                             0: diable the auto power off process
 181           * @param     [in] delay :by 10 mini second
 182           * @retval    NONE
 183           * @see       NULL
 184           * @author    Phil Lin
 185           * @since     2011-3-17
 186           * @todo      N/A
 187           * @bug       N/A
 188          */
 189          void sp1kTmrSvc_PowerOffCfg(UINT8 enable, UINT32 delay)
 190          {
 191   1              if (enable) {
 192   2                      sbPwrOffProc = 1;
 193   2                      if (!delay) {
 194   3                              /*if delay == 0, power off immediately*/
 195   3                              sdwPwrOffProcVal = 1;
 196   3                      } else {
 197   3                              sdwPwrOffProcVal = delay;
 198   3                      }
 199   2              } else {
 200   2                      sbPwrOffProc = 0;
 201   2              }    
 202   1      }
 203          
 204          /**
 205           * @fn        UINT8 sp1kTmrSvc_PowerOffChk(void)
 206           * @brief     check if the power off process is running or not
 207           * @param     NONE
 208           * @retval    return 
 209                        1: the power off process is running
 210                        0: the power off process is stopped
 211           * @see       NULL
 212           * @author    Phil Lin
 213           * @since     2011-3-17
 214           * @todo      N/A
 215           * @bug       N/A
 216          */
 217          UINT8 sp1kTmrSvc_PowerOffChk(void)
 218          {
 219   1          return sbPwrOffProc;
 220   1      }


MODULE INFORMATION:   STATIC OVERLAYABLE
   CODE SIZE        =    198    ----
   CONSTANT SIZE    =   ----    ----
   XDATA SIZE       =     14       5
   PDATA SIZE       =   ----    ----
   DATA SIZE        =   ----    ----
   IDATA SIZE       =   ----    ----
   BIT SIZE         =   ----    ----
   EDATA SIZE       =   ----    ----
   HDATA SIZE       =   ----    ----
   XDATA CONST SIZE =   ----    ----
   FAR CONST SIZE   =   ----    ----
END OF MODULE INFORMATION.


C51 COMPILATION COMPLETE.  0 WARNING(S),  0 ERROR(S)
