C51 COMPILER V8.08   AF_FLOW                                                               06/24/2022 11:07:27 PAGE 1   


C51 COMPILER V8.08, COMPILATION OF MODULE AF_FLOW
OBJECT MODULE PLACED IN .\obj\af_flow.obj
COMPILER INVOKED BY: C:\Keil\C51\BIN\C51.EXE af_flow.c LARGE OMF2 OPTIMIZE(9,SIZE) NOAREGS INCDIR(..\..\..\inc;..\..\..\
                    -inc\os;..\..\..\inc\hal;..\..\..\inc\middleware;..\..\..\inc\sp1k;..\..\..\..\host\inc\app;..\..\..\..\host\inc\customiz
                    -ation) DEFINE(LIB_RELEASE) PRINT(.\obj\af_flow.lst) OBJECT(.\obj\af_flow.obj)

line level    source

   1          /**************************************************************************
   2           *         Copyright(c) 2007 by Sunplus mMedia  Technology Co., Ltd.       *
   3           *                                                                         *
   4           *  This software is copyrighted by and is the property of Sunplus mMedia  *
   5           *  Technology Co., Ltd. All rights are reserved by Sunplus mMedia Techno- *
   6           *  logy Co., Ltd. This software may only be used in accordance with the   *
   7           *  corresponding license agreement. Any unauthorized use, duplication,    *
   8           *  distribution, or disclosure of this software is expressly forbidden.   *
   9           *                                                                         *
  10           *  This Copyright notice "M U S T" not be removed or modified without     *
  11           *  prior written consent of Sunplus mMedia Technology  Co., Ltd.          *
  12           *                                                                         *
  13           *  Sunplus mMedia Technology Co., Ltd. reserves the right to modify this  *
  14           *  software without notice.                                               *
  15           *                                                                         *
  16           *  Sunplus mMedia Technology Co., Ltd.                                    *
  17           *  19-1, Innovation First Road, Science-Based Industrial Park,            *
  18           *  Hsin-Chu, Taiwan, R.O.C.                                               *
  19           *                                                                         *
  20           **************************************************************************/
  21          #include "general.h"
  22          #include "asicreg.h"
  23          #include "initio.h"
  24          #include "main.h"
  25          #include "front_logi.h"
  26          #include "sp1k_rsvblk_api.h"
  27          #include "utility.h"
  28          #include "math.h"
  29          #include "hal.h"
  30          #include "hal_cdsp.h"
  31          #include "reg_def.h"
  32          #include "awb_api.h"
  33          #include "sp1k_ae_api.h"
  34          #include "ae_api.h"
  35          #include "sp1k_fd_api.h" 
  36          #include "hal_dram.h"
  37          #include "ae_def.h"
  38          #include "ae_debug.h"
  39          #include "intr.h"
  40          #include "cdsp_task.h"
  41          #include "hal_front_common.h"
  42          #include "hal_front.h"
  43          #include "icat_stub.h"
  44          #include "pwrlog.h"
  45          #include "hal_moe.h"
  46          #include "hal_fd.h"
  47          #include "os_api.h"
  48          #include "pv_task.h"
  49          #include "hal_gprm.h"
  50          #include "pv_photoframe.h"
  51          #if (DBG_PV_PF_TIMING == 1)
              #include "gpio_api.h"
              #endif
C51 COMPILER V8.08   AF_FLOW                                                               06/24/2022 11:07:27 PAGE 2   

  54          #include "sp1k_hal_api.h"
  55          #include "af_api.h"
  56          
  57          
  58          #if (AF_FIXTURE_EN == 1)
  59          
  60          /**************************************************************************
  61           *                           C O N S T A N T S                            *
  62           **************************************************************************/
  63          /* debug. */
  64          #define __FILE  __FILE_ID_LIB_AF_FLOW__
  65          
  66          /**************************************************************************
  67           *                              M A C R O S                               *
  68           **************************************************************************/
  69          
  70          /**************************************************************************
  71           *                          D A T A    T Y P E S                          *
  72           **************************************************************************/
  73          
  74          /**************************************************************************
  75           *                         G L O B A L    D A T A                         *
  76           **************************************************************************/
  77           
  78          extern UINT8 afEn;
  79          extern UINT32 AFWinvalue;
  80          
  81          /**************************************************************************
  82           *                 E X T E R N A L    R E F E R E N C E S
  83           **************************************************************************/
  84          
  85          /**************************************************************************
  86           *               F U N C T I O N    D E C L A R A T I O N S               *
  87           **************************************************************************/ 
  88           void 
  89           afIntrWinValueGet(
  90                   void
  91           )
  92           {
  93   1               UINT16 lValue, hValue;
  94   1       
  95   1               if ( 0/*afEn*/ ) {
  96   2                       if ((XBYTE[REG_Cdsp_evnt1]&0x10) == 0x00) {
  97   3                              #if 0
                                       intrPutChar('N');
                                       intrPutChar('\n');
                                      #endif
 101   3                       }
 102   2                       else {
 103   3                               XBYTE[REG_Cdsp_evnt1] = 0x10;
 104   3                               WRITE8(&lValue,1,XBYTE[REG_Cdsp_AFvalue_byte0]);
 105   3                               WRITE8(&lValue,0,XBYTE[REG_Cdsp_AFvalue_byte1]);
 106   3                               //intrPutUint16(lValue);
 107   3                               //lValue = ( UINT8 ) XBYTE[ REG_Cdsp_AFvalue_byte0 ];
 108   3                               //lValue = lValue + ( UINT16 ) ( XBYTE[ REG_Cdsp_AFvalue_byte1 ] << 8 );
 109   3                               //intrPutUint16(lValue);
 110   3                               WRITE8(&hValue,1,XBYTE[REG_Cdsp_AFvalue_byte2]);
 111   3                               WRITE8(&hValue,0,XBYTE[REG_Cdsp_AFvalue_byte3]);
 112   3                               //intrPutUint16(hValue);
 113   3                               //hValue = ( UINT8 ) XBYTE[ REG_Cdsp_AFvalue_byte2 ] ;
 114   3                               //hValue = hValue + ( UINT16 ) ( XBYTE[ REG_Cdsp_AFvalue_byte3 ] << 8 );
 115   3                               //intrPutUint16(hValue);
C51 COMPILER V8.08   AF_FLOW                                                               06/24/2022 11:07:27 PAGE 3   

 116   3       
 117   3                               WRITE16(&AFWinvalue,2,lValue);
 118   3                               WRITE16(&AFWinvalue,0,hValue);
 119   3                               //intrPutUint32(AFWinvalue);
 120   3                               //AFWinvalue = ( UINT32 ) ( ( UINT32 )hValue << 16 ) + ( UINT32 ) lValue;
 121   3       
 122   3                              #if 0
                                       intrPutChar('\n');
                                       intrPutChar('A');
                                       intrPutChar('F');
                                       intrPutChar(':');
                                       intrPutUint32(AFWinvalue);
                                       intrPutChar('\n');
                                      #endif
 130   3                       }
 131   2               }
 132   1       }
 133          
 134          #endif


MODULE INFORMATION:   STATIC OVERLAYABLE
   CODE SIZE        =      1    ----
   CONSTANT SIZE    =   ----    ----
   XDATA SIZE       =   ----       4
   PDATA SIZE       =   ----    ----
   DATA SIZE        =   ----    ----
   IDATA SIZE       =   ----    ----
   BIT SIZE         =   ----    ----
   EDATA SIZE       =   ----    ----
   HDATA SIZE       =   ----    ----
   XDATA CONST SIZE =   ----    ----
   FAR CONST SIZE   =   ----    ----
END OF MODULE INFORMATION.


C51 COMPILATION COMPLETE.  0 WARNING(S),  0 ERROR(S)
