C51 COMPILER V8.08   PB_INFO                                                               12/31/2019 16:15:21 PAGE 1   


C51 COMPILER V8.08, COMPILATION OF MODULE PB_INFO
OBJECT MODULE PLACED IN .\obj\pb_info.obj
COMPILER INVOKED BY: e:\Keil\C51\BIN\C51.EXE pb_info.c LARGE OMF2 OPTIMIZE(9,SIZE) NOAREGS INCDIR(..\..\..\inc;..\..\..\
                    -inc\os;..\..\..\inc\hal;..\..\..\inc\middleware;..\..\..\inc\sp1k;..\..\..\..\host\inc\app;..\..\..\..\host\inc\customiz
                    -ation) DEFINE(LIB_RELEASE) PRINT(.\obj\pb_info.lst) OBJECT(.\obj\pb_info.obj)

line level    source

   1          /**************************************************************************
   2           *                 Copyright(c) 2010 by i-Catch Technology Co., Ltd.                      *
   3           *                                                                                                                                                *
   4           *      This software is copyrighted by and is the property of i-Catch Tech-  *
   5           *      nology Co., Ltd. All rights are reserved by i-Catch Technology Co.,   *
   6           *      Ltd. This software may only be used in accordance with the                        *
   7           *      corresponding license agreement. Any unauthorized use, duplication,   *
   8           *      distribution, or disclosure of this software is expressly forbidden.  *
   9           *                                                                                                                                                *
  10           *      This Copyright notice "M U S T" not be removed or modified without        *
  11           *      prior written consent of i-Catch Technology Co., Ltd.                             *
  12           *                                                                                                                                                *
  13           *      i-Catch Technology Co., Ltd. reserves the right to modify this            *
  14           *      software without notice.                                                                                          *
  15           *                                                                                                                                                *
  16           *      i-Catch Technology Co., Ltd.                                                                              *
  17           *      19-1, Innovation First Road, Science-Based Industrial Park,               *
  18           *      Hsin-Chu, Taiwan, R.O.C.                                                                                          *
  19           *                                                                                                                                                *
  20           *************************************************************************/
  21           
  22          /**
  23           * @file                pb_info.c
  24           * @brief               get play back file information
  25           * @author      Tq.Zhang
  26           * @since       2010-05-05
  27           * @date                2010-05-05
  28          */
  29          /**************************************************************************
  30           *                                                H E A D E R   F I L E S
  31           **************************************************************************/
  32          #include "general.h"
  33          //#include "dosusr.h"
  34          #include "initio.h"
  35          #include "pb_general.h"
  36          #include "pb_debug.h"
  37          #include "sp1k_pb_api.h"
  38          #include "dcf_api.h"
  39          #include "FileIndex.h"
  40          #include "Vfs_api.h"    //rhy++ 20110308
  41          #include "doslink.h"
  42          #include "dos32.h"
  43          #include "hal_global.h"
  44          /**************************************************************************
  45           *                                                       C O N S T A N T S                                                        *
  46           **************************************************************************/
  47           
  48          /**************************************************************************
  49           *                                                              M A C R O S                                                       *
  50           **************************************************************************/
  51           #define FileClusterSize(filesize,clusterSize) ((filesize) = ((filesize) + ((clusterSize) - 1)) &~ ((clust
             -erSize) - 1))
  52           
C51 COMPILER V8.08   PB_INFO                                                               12/31/2019 16:15:21 PAGE 2   

  53          /**************************************************************************
  54           *                                                      D A T A    T Y P E S                                              *
  55           **************************************************************************/
  56           
  57          /**************************************************************************
  58           *                                                 G L O B A L    D A T A                                                 *
  59           **************************************************************************/
  60           
  61          /**************************************************************************
  62           *                                 E X T E R N A L        R E F E R E N C E S                             *
  63           **************************************************************************/
  64          extern PBFile_t xdata MediaInfo;
  65          
  66          /**************************************************************************
  67           *                               F U N C T I O N        D E C L A R A T I O N S                           *
  68           **************************************************************************/
  69          //=============================================================================
  70          //Program
  71          //=============================================================================
  72          //-----------------------------------------------------------------------------
  73          //pbFileInfoGet
  74          //-----------------------------------------------------------------------------
  75          /**
  76           * @fn          UINT8 pbFileInfoGet(UINT16 FileIndex, PBFile_t* FileInfo)
  77           * @brief               get play back file information
  78           * @param         [in] FileIndex
  79           * @param         [in] FileInfo
  80           * @retval      return = SUCCESS / FAIL
  81           * @see         NULL
  82           * @author        Tq.Zhang
  83           * @since       2010-5-5
  84           * @todo                N/A
  85           * @bug         N/A
  86          */
  87          #if STILL_LIB_PB_DMY
              UINT8 pbFileInfoGet(UINT16 FileIndex, PBFile_t* FileInfo)USING_0
              {
                      FileIndex=FileIndex;
                      FileInfo=FileInfo;
                      return SUCCESS;
              }
              #else
  95          UINT8 pbFileInfoGet(UINT16 FileIndex, PBFile_t* FileInfo)USING_0
  96          {
  97   1              FDBInfo_t fdbInfo;
  98   1              UINT8 i;
  99   1              UINT8 ret = SUCCESS;
 100   1              UINT16 fHandle;
 101   1              //pDateStc_t time;
 102   1              //printf("file idx is %u\n", FileIndex);
 103   1              ret = dcfFileDramFdbParameterRead(FileIndex, &fdbInfo);
 104   1      
 105   1              if (ret != SUCCESS) {
 106   2                      //DBG_pbFuncTrack();
 107   2                      return ret;
 108   2              }
 109   1      
 110   1              if (FileInfo == NULL) {
 111   2                      return ret;
 112   2              }
 113   1              
 114   1              FileInfo->FileIdx = FileIndex;
C51 COMPILER V8.08   PB_INFO                                                               12/31/2019 16:15:21 PAGE 3   

 115   1              FileInfo->FileType = fdbInfo.FileType;
 116   1              FileInfo->FileAttrib = fdbInfo.FileAttrib;
 117   1              FileInfo->FileStartCluster = fdbInfo.StartCluster;
 118   1      
 119   1              FileInfo->FileName[0] = fdbInfo.FileName[0];
 120   1              FileInfo->FileName[1] = fdbInfo.FileName[1];
 121   1              FileInfo->FileName[2] = fdbInfo.FileName[2];
 122   1              FileInfo->FileName[3] = fdbInfo.FileName[3];
 123   1      
 124   1              for (i = 7; i > 3; i--) {        
 125   2                      FileInfo->FileName[i] = (UINT8) (FileIndex % 10) + '0';;
 126   2                      FileIndex /= 10;
 127   2              }
 128   1              
 129   1              if (fdbInfo.FileType == SP1K_PB_FILE_TYPE_JPG) {
 130   2                      FileInfo->FileName[8]  = 'J';
 131   2                      FileInfo->FileName[9]  = 'P';
 132   2                      FileInfo->FileName[10] = 'G';
 133   2              } else if (fdbInfo.FileType == SP1K_PB_FILE_TYPE_AVI) {
 134   2                      FileInfo->FileName[8]  = 'A';
 135   2                      FileInfo->FileName[9]  = 'V';
 136   2                      FileInfo->FileName[10] = 'I';           
 137   2              } else if (fdbInfo.FileType == SP1K_PB_FILE_TYPE_WAV) {
 138   2                      FileInfo->FileName[8]  = 'W';
 139   2                      FileInfo->FileName[9]  = 'A';
 140   2                      FileInfo->FileName[10] = 'V';           
 141   2              } else if(fdbInfo.FileType == SP1K_PB_FILE_TYPE_WGI){
 142   2                      FileInfo->FileName[8]  = 'W';
 143   2                      FileInfo->FileName[9]  = 'G';
 144   2                      FileInfo->FileName[10] = 'I';   
 145   2              }
 146   1              else {
 147   2                      //printf("Unknown file type!\n");
 148   2                      DBG_pbFuncTrack();
 149   2                      ret = FAIL;
 150   2              }
 151   1              FileInfo->FileName[11] = '\0';
 152   1      
 153   1              FileInfo->MediaWidth = MediaInfo.MediaWidth;
 154   1              FileInfo->MediaHeight = MediaInfo.MediaHeight;
 155   1      
 156   1              fHandle =  vfsFileOpen(FileInfo->FileName, K_DOS_ReadFile, FileInfo->FileStartCluster);
 157   1              if (!fHandle) {
 158   2                      return FAIL;
 159   2              }
 160   1              DOS_FileInfoGet(fHandle,FILE_TIME,FileInfo->MediaTime);
 161   1              vfsFileClose(fHandle,  FileInfo->FileName, K_DOS_ReadFile, 0);
 162   1      
 163   1              //time = (pDateStc_t)FileInfo->MediaTime;
 164   1              //printf("time1=%bu,%bu:%bu:%bu:%bu:%bu:%bu\n",time->Year,time->Month,time->Day,time->Hour,time->Minute,t
             -ime->Second);
 165   1              
 166   1              //printf("FileIdx is %u \n", FileInfo->FileIdx);
 167   1              //printf("FileName is %s \n", FileInfo->FileName);
 168   1              //printf("FileType is %bu \n", FileInfo->FileType);
 169   1              return ret;
 170   1      }
 171          #endif
 172          
 173          
 174          UINT8 pbFileInfoGetExt(UINT16 FileIndex, PBFile_t* FileInfo,UINT8 opt)USING_0
 175          {
C51 COMPILER V8.08   PB_INFO                                                               12/31/2019 16:15:21 PAGE 4   

 176   1              FDBInfo_t fdbInfo;
 177   1              UINT8 i;
 178   1              UINT8 ret = SUCCESS;
 179   1      
 180   1              opt = opt;
 181   1              
 182   1              ret = dcfFileDramFdbParameterRead(FileIndex, &fdbInfo);
 183   1              if (ret != SUCCESS) {
 184   2                      //DBG_pbFuncTrack();
 185   2                      return ret;
 186   2              }
 187   1      
 188   1              if (FileInfo == NULL) {
 189   2                      return ret;
 190   2              }
 191   1              
 192   1              FileInfo->FileIdx = FileIndex;
 193   1              FileInfo->FileType = fdbInfo.FileType;
 194   1              FileInfo->FileAttrib = fdbInfo.FileAttrib;
 195   1              FileInfo->FileStartCluster = fdbInfo.StartCluster;
 196   1      
 197   1              FileInfo->FileName[0] = fdbInfo.FileName[0];
 198   1              FileInfo->FileName[1] = fdbInfo.FileName[1];
 199   1              FileInfo->FileName[2] = fdbInfo.FileName[2];
 200   1              FileInfo->FileName[3] = fdbInfo.FileName[3];
 201   1      
 202   1              for (i = 7; i > 3; i--) {        
 203   2                      FileInfo->FileName[i] = (UINT8) (FileIndex % 10) + '0';;
 204   2                      FileIndex /= 10;
 205   2              }
 206   1              
 207   1              if (fdbInfo.FileType == SP1K_PB_FILE_TYPE_JPG) {
 208   2                      FileInfo->FileName[8]  = 'J';
 209   2                      FileInfo->FileName[9]  = 'P';
 210   2                      FileInfo->FileName[10] = 'G';
 211   2              } else if (fdbInfo.FileType == SP1K_PB_FILE_TYPE_AVI) {
 212   2                      FileInfo->FileName[8]  = 'A';
 213   2                      FileInfo->FileName[9]  = 'V';
 214   2                      FileInfo->FileName[10] = 'I';           
 215   2              } else if (fdbInfo.FileType == SP1K_PB_FILE_TYPE_WAV) {
 216   2                      FileInfo->FileName[8]  = 'W';
 217   2                      FileInfo->FileName[9]  = 'A';
 218   2                      FileInfo->FileName[10] = 'V';           
 219   2              } else if(fdbInfo.FileType == SP1K_PB_FILE_TYPE_WGI){
 220   2                      FileInfo->FileName[8]  = 'W';
 221   2                      FileInfo->FileName[9]  = 'G';
 222   2                      FileInfo->FileName[10] = 'I';   
 223   2              }
 224   1              else {
 225   2                      DBG_pbFuncTrack();
 226   2                      ret = FAIL;
 227   2              }
 228   1              FileInfo->FileName[11] = '\0';
 229   1              
 230   1              FileInfo->MediaWidth = MediaInfo.MediaWidth;
 231   1              FileInfo->MediaHeight = MediaInfo.MediaHeight;
 232   1      
 233   1              return ret;
 234   1      }
 235          //-----------------------------------------------------------------------------
 236          //pbFileCntGet
 237          //-----------------------------------------------------------------------------
C51 COMPILER V8.08   PB_INFO                                                               12/31/2019 16:15:21 PAGE 5   

 238          /**
 239           * @fn          UINT16 pbFileCntGet(void)
 240           * @brief               get global file count
 241           * @param         NONE
 242           * @retval      return = SUCCESS / FAIL
 243           * @see         NULL
 244           * @author        Tq.Zhang
 245           * @since       2010-5-5
 246           * @todo                N/A
 247           * @bug         N/A
 248          */
 249          #if STILL_LIB_PB_DMY
              UINT16 pbFileCntGet(void) USING_0
              {
                      return 0;
              }
              #else
 255          UINT16 pbFileCntGet(void) USING_0
 256          {
 257   1              return dcfFileCountGet();
 258   1      }
 259          #endif
 260          
 261          //-----------------------------------------------------------------------------
 262          //pbCurFoldFileSpaceGet
 263          //-----------------------------------------------------------------------------
 264          /**
 265           * @fn          UINT8 pbCurFoldFileSpaceGet(UINT8 option,UINT32 *fileSize,UINT8 fileType)
 266           * @brief               query file cluster size in current folder
 267           * @param       UINT32 *fileSize,[in] UINT8 fileType: FILE_TYPE_JPG=((UINT8)0x01) ,  
 268                                                                                              FILE_TYPE_AVI=((UINT8)0x02) ,                
 269                                                                                              FILE_TYPE_WAV=((UINT8)0x03),
 270                                                                                                          ALL DCF FILES = 0x04
 271                                                                                                  
 272           * @retval      return = SUCCESS / FAIL
 273           * @see         NULL
 274           * @author      hy.ren
 275           * @since       2011-03-08
 276           * @todo                N/A
 277           * @bug         some bug need to be done
 278          */
 279          #if STILL_LIB_PB_DMY
              UINT8 pbCurFoldFileSpaceGet(UINT32 *fileSize,UINT8 fileType)
              {
                      return SUCCESS;
                      fileSize =fileSize;
                      fileType = fileType;
              }
              #else
 287          UINT8 pbCurFoldFileSpaceGet(UINT32 *fileSize,UINT8 fileType)
 288          {
 289   1              fileSize = fileSize;
 290   1              fileType = fileType;
 291   1      #if 0 
                      FDBInfo_t fdbInfo;
                      UINT16 fileIndex;
                      UINT8 ret = SUCCESS;
                      UINT32 clusterSize;
                      UINT32 fileTmpSize=0;
                      UINT16 fileCnt;
                      UINT16 i;
                      
C51 COMPILER V8.08   PB_INFO                                                               12/31/2019 16:15:21 PAGE 6   

                      clusterSize = vfsClusterSizeGet();
                      fileCnt = pbFileCntGet();
                      for(i=1;i<=fileCnt;i++){
                              fileIndex = DOS_FileIndexGet(i);
                              ret = dcfFileDramFdbParameterRead(fileIndex, &fdbInfo);
                              if (ret != SUCCESS) {
                                      return FAIL; 
                              }
                              if(fileType==4){
                              }
                              else if(fileType!=fdbInfo.FileType){
                                      continue;
                              }
              
                              fileTmpSize = fdbInfo.FileSize;
                              FileClusterSize(fileTmpSize, clusterSize);  //cluster size byte ;
                              *fileSize+=fileTmpSize/1024;   //kb
                              if(fileType!=3)
                              {
                                      ret = pbVoiceMemoCheck(fileIndex); 
                                      if(ret==TRUE){  
                                                      fileTmpSize = vfsFileSizeGet(0);
                                                      FileClusterSize(fileTmpSize, clusterSize);  //cluster size byte ;
                                                      *fileSize+=fileTmpSize/1024;   //kb     
                                      }
                              }
                      }
              #endif
 328   1              return SUCCESS;
 329   1      }
 330          /*UINT8 pbCurFoldFileSpaceGet(UINT8 option,UINT32 *fileSize,UINT8 fileType)
 331          {
 332                  FDBInfo_t fdbInfo;
 333                  UINT16 fileIndex;
 334                  UINT8 ret = SUCCESS;
 335                  UINT32 clusterSize;
 336                  UINT32 fileTmpSize=0;
 337                  UINT16 fileCnt;
 338                  UINT16 i;
 339                  
 340                  clusterSize = vfsClusterSizeGet();
 341                  fileCnt = pbFileCntGet();
 342                  //printf("fileCnt=%d\n",fileCnt);
 343                  for(i=1;i<=fileCnt;i++){
 344                          fileIndex = DOS_FileIndexGet(i);
 345                          ret = dcfFileDramFdbParameterRead(fileIndex, &fdbInfo);
 346                          //printf("FileIndex=%d\n",DOS_FileIndexGet(i));
 347                          if (ret != SUCCESS) {
 348                                  //printf("%s,%d\n",__FILE__,__LINE__);
 349                                  return FAIL; 
 350                          }
 351                          
 352                          if(fileType!=fdbInfo.FileType){
 353                                  continue;
 354                          }
 355                          
 356                          if(option){ //calculate cluster size
 357                                  fileTmpSize = fdbInfo.FileSize;
 358                                  FileClusterSize(fileTmpSize, clusterSize);  //cluster size byte ;
 359                                  *fileSize+=fileTmpSize/1024;   //kb
 360                          }
 361                          else{
C51 COMPILER V8.08   PB_INFO                                                               12/31/2019 16:15:21 PAGE 7   

 362                                  *fileSize +=( fdbInfo.FileSize)/1024;
 363                          }
 364                          
 365                          ret = pbVoiceMemoCheck(fileIndex); 
 366                          if(ret==TRUE){
 367                                  if(option){
 368                                          fileTmpSize = vfsFileSizeGet(0);
 369                                          FileClusterSize(fileTmpSize, clusterSize);  //cluster size byte ;
 370                                          *fileSize+=fileTmpSize/1024;   //kb
 371                                  }
 372                                  else{
 373                                          *fileSize+=(vfsFileSizeGet(0)/1024);
 374                                  }
 375                          }
 376                  }
 377          
 378                  return SUCCESS;
 379          }*/
 380          #endif
 381          


MODULE INFORMATION:   STATIC OVERLAYABLE
   CODE SIZE        =    821    ----
   CONSTANT SIZE    =   ----    ----
   XDATA SIZE       =   ----      57
   PDATA SIZE       =   ----    ----
   DATA SIZE        =   ----    ----
   IDATA SIZE       =   ----    ----
   BIT SIZE         =   ----    ----
   EDATA SIZE       =   ----    ----
   HDATA SIZE       =   ----    ----
   XDATA CONST SIZE =   ----    ----
   FAR CONST SIZE   =   ----    ----
END OF MODULE INFORMATION.


C51 COMPILATION COMPLETE.  0 WARNING(S),  0 ERROR(S)
