C51 COMPILER V8.08   PB_INIT                                                               12/31/2019 16:15:21 PAGE 1   


C51 COMPILER V8.08, COMPILATION OF MODULE PB_INIT
OBJECT MODULE PLACED IN .\obj\pb_init.obj
COMPILER INVOKED BY: e:\Keil\C51\BIN\C51.EXE pb_init.c LARGE OMF2 OPTIMIZE(9,SIZE) NOAREGS INCDIR(..\..\..\inc;..\..\..\
                    -inc\os;..\..\..\inc\hal;..\..\..\inc\middleware;..\..\..\inc\sp1k;..\..\..\..\host\inc\app;..\..\..\..\host\inc\customiz
                    -ation) DEFINE(LIB_RELEASE) PRINT(.\obj\pb_init.lst) OBJECT(.\obj\pb_init.obj)

line level    source

   1          /**************************************************************************
   2           *                 Copyright(c) 2010 by i-Catch Technology Co., Ltd.                      *
   3           *                                                                                                                                                *
   4           *      This software is copyrighted by and is the property of i-Catch Tech-  *
   5           *      nology Co., Ltd. All rights are reserved by i-Catch Technology Co.,   *
   6           *      Ltd. This software may only be used in accordance with the                        *
   7           *      corresponding license agreement. Any unauthorized use, duplication,   *
   8           *      distribution, or disclosure of this software is expressly forbidden.  *
   9           *                                                                                                                                                *
  10           *      This Copyright notice "M U S T" not be removed or modified without        *
  11           *      prior written consent of i-Catch Technology Co., Ltd.                             *
  12           *                                                                                                                                                *
  13           *      i-Catch Technology Co., Ltd. reserves the right to modify this            *
  14           *      software without notice.                                                                                          *
  15           *                                                                                                                                                *
  16           *      i-Catch Technology Co., Ltd.                                                                              *
  17           *      19-1, Innovation First Road, Science-Based Industrial Park,               *
  18           *      Hsin-Chu, Taiwan, R.O.C.                                                                                          *
  19           *                                                                                                                                                *
  20           *************************************************************************/
  21           
  22          /**
  23           * @file          pb_init.c
  24           * @brief         set and get play back parameters
  25           * @author        Tq.Zhang
  26           * @since         2010-05-05
  27           * @date          2010-05-05
  28          */
  29          
  30          /**************************************************************************
  31           *                                                H E A D E R   F I L E S
  32           **************************************************************************/
  33          #include "general.h"
  34          #include "hal.h"
  35          #include "hal_cdsp.h"
  36          #include "hal_dram.h"
  37          #include "hal_disp.h"
  38          #include "initio.h"
  39          #include "hal_front.h"
  40          #include "hal_front_para.h"
  41          //#include "dosusr.h"
  42          #include "doslink.h"
  43          #include "sdramhw.h"
  44          //#include "disk.h"
  45          #include "fileindex.h"
  46          #include "pb_general.h"
  47          #include "pb_api.h"
  48          #include "disp_api.h"
  49          #include "app_main.h"
  50          #include "pb_debug.h"
  51          #include "app_dev_storage.h"
  52          #include "app_dev_usb.h"
  53          #include "app_dev_disp.h"
C51 COMPILER V8.08   PB_INIT                                                               12/31/2019 16:15:21 PAGE 2   

  54          #include "hal_pb.h"
  55          #include "hal_gprm.h"
  56          #include "hal_global.h"
  57          #include "dcf_api.h"
  58          #include "reg_def.h"
  59          #include "os_api.h"
  60          
  61          /**************************************************************************
  62           *                                                       C O N S T A N T S                                                        *
  63           **************************************************************************/
  64           
  65          /**************************************************************************
  66           *                                                              M A C R O S                                                       *
  67           **************************************************************************/
  68           
  69          /**************************************************************************
  70           *                                                      D A T A    T Y P E S                                              *
  71           **************************************************************************/
  72           
  73          /**************************************************************************
  74           *                                                 G L O B A L    D A T A                                                 *
  75           **************************************************************************/
  76          UINT16 xdata pbParam[PB_PARAM_MAX];
  77          //static UINT8 xdata pbDispBuf = PB_DISP_BUF_A;
  78          //static UINT16 xdata pbDecodeW = PB_DECODE_WIDTH;
  79          //static UINT16 xdata pbDecodeH = PB_DECODE_HEIGHT;
  80          
  81          /**************************************************************************
  82           *                                 E X T E R N A L        R E F E R E N C E S                             *
  83           **************************************************************************/
  84           
  85          /**************************************************************************
  86           *                               F U N C T I O N        D E C L A R A T I O N S                           *
  87           **************************************************************************/
  88          
  89          //=============================================================================
  90          //Program
  91          //=============================================================================
  92          //-----------------------------------------------------------------------------
  93          //pbInit()
  94          //-----------------------------------------------------------------------------
  95          /**
  96           * @fn            void pbInit(void)
  97           * @brief         play back initialize directory intormation
  98           * @param         NONE
  99           * @retval        NONE
 100           * @see           NULL
 101           * @author        Tq.Zhang
 102           * @since         2010-5-6
 103           * @todo          N/A
 104           * @bug           N/A
 105          */
 106          #if STILL_LIB_PB_DMY
              void pbInit(void) USING_0
              {
              }
              #else
 111          void pbInit(void) USING_0
 112          {
 113   1              UINT8 sts;
 114   1              UINT16 /*TempCountIndex,*/ TempCount;
 115   1              //UINT8 tmp1, tmp2;
C51 COMPILER V8.08   PB_INIT                                                               12/31/2019 16:15:21 PAGE 3   

 116   1              //UINT16 startCluster;
 117   1              // Disable frame rate conversion
 118   1              // set display buffer index is equal to B frame buffer index
 119   1      
 120   1              XBYTE[0x20D0]  = XBYTE[0x20D0] & 0xDF;// ylee@0320 : Turn off VD falling interrupt
 121   1              // reset to idle mode when Initial playback
 122   1              if ( (XBYTE[0x2288] == 0x00) && (XBYTE[0x2277] & 0x01 == 0x00) ) {//check if image of cdsp source is from
             - sensor
 123   2                      while((XBYTE[REG_Dram_MpgSb_CdspWRegIdx]&0x03) != 0x01){//wait until CDSP write preview BFB
 124   3                              printBugReproduce("27B1=%bx\n",XBYTE[0x27B1]); 
 125   3                      }//There exits a bug,but can't reproduce now,so add printf info here
 126   2              }
 127   1              HAL_CdspRawImgSource(1);
 128   1              HAL_FrontParaSet(HAL_FRONT_PARA_FRONT_TO_CDSP_GATING_ENABLE, 1, 0, 0, 0, 1);
 129   1              HAL_GlobalCamModeSet(CAM_MODE_IDLE);
 130   1              // set camera operation mode: playback
 131   1              HAL_GlobalCamModeSet(CAM_MODE_PB);
 132   1      
 133   1              pbDispBufModeSet(PB_DISP_BUF_MODE_INIT); //xian ++
 134   1              osSysModeSet(OS_SYS_MODE_STILL_PB);
 135   1              /* power control -- still playback */
 136   1              //appModePowerCtrl(MODE_STILLPB);
 137   1      
 138   1                      //Phil: BFB size is the same as AFB?
 139   1                      //HAL_SetBFBSize(G_DSPHsize,G_DSPVsize);
 140   1      
 141   1              //If this directory has no file, then change directory until find one
 142   1      #if 1   //xian rewrite, but not tested
 143   1              TempCount = dcfTotalDirectoryGet();
 144   1              while (dcfFileCountGet() == 0 && TempCount){
 145   2                      sts = dcfFolderNext(1);
 146   2                      if(sts == FAIL){ //only one dir
 147   3                              break;
 148   3                      }
 149   2                      
 150   2                      sts = dcfFileInitialize();
 151   2                      TempCount --;
 152   2              }
 153   1      #else
                      if ((G_USR_FileCount == 0) && (G_USR_TotalDirectory > 1)) {
                              //patch4.4@ada@DirectoryIndexOrder begin
                              //TempCountIndex = G_USR_Dir1CountIndex;
                              TempCountIndex = G_USR_Dir1Count;
                              //If all directory has no file,then switch back to the default directory.
                              TempCount = G_USR_TotalDirectory + 1;
              
                              //Find a directory with file exists
                              while (TempCount > 0) {
                                      //printf("Switch forward directory Once\n");
              
                                      HAL_DramStartAddrSet((K_SDRAM_DcfDirBufAddr + (((UINT32) TempCountIndex) - 100) * 8 + 7), K_SDRAM_Prefe
             -tch);
                                      HAL_DramWordDataRead(&tmp1, &tmp2);
                                      TempCountIndex = (UINT16) tmp1 | (((UINT16) tmp2) << 8);
              
                                      if (TempCountIndex == 0) {
                                              TempCountIndex = G_USR_MinDir1Count;
                                      }
              
                                      HAL_DramStartAddrSet((K_SDRAM_DcfDirBufAddr
                                                                         + ((UINT32) TempCountIndex - 100) * 8),
                                                                              K_SDRAM_Prefetch);
C51 COMPILER V8.08   PB_INIT                                                               12/31/2019 16:15:21 PAGE 4   

                                      HAL_DramWordDataRead(&tmp1, &tmp2);
                                      startCluster = ((UINT16) tmp2) << 8 | (UINT16) tmp1;
              
                                      G_USR_Dir1Cluster = startCluster;
              
                                      G_USR_Dir1Count = TempCountIndex;
              
              #if TAG_TODO
                                      DOS_SetCurrDir(startCluster);
              #endif
                                      sts = dcfFileInitialize();
              
                                      //G_USR_FileIndex++;  // [33792] By phil@08.11.13 #Already added in dcf init
              
                                      //Find directory with file in it
                                      if ((sts) && (G_USR_FileCount > 0)) {
                                              break;
                                      }
              
                                      TempCount--;
                              }
                      }
                      //patch4.4@ada@DirectoryIndexOrder end
              
                      G_USR_SearchNowFileIndex = G_USR_LastFileIndex;
              #endif
 202   1      
 203   1      #if (DBG_Level > 0)
                      printf("FileCount = %u\n", G_USR_FileCount);
              #endif //(DBG_Level > 0)
 206   1      }
 207          #endif
 208          /**
 209           * @fn            void pbDispInit(UINT32 srcAddr, UINT16 srcHSize, UINT16 srcVSize)
 210           * @brief         initialize display parameters
 211           * @param         [in] srcAddrWord : display source buffer
 212           * @param         [in] srcHSize : source width (pixel)
 213           * @param         [in] srcVSize : source height (pixel)
 214           * @retval        NONE
 215           * @see           NULL
 216           * @author        Tq.Zhang
 217           * @since         2010-5-6
 218           * @todo          N/A
 219           * @bug           N/A
 220          */
 221          #if STILL_LIB_PB_DMY
              void pbDispInit(UINT32 srcAddrWord, UINT16 srcHSize, UINT16 srcVSize) USING_0
              {
                      srcAddrWord=srcAddrWord;
                      srcHSize=srcHSize;
                      srcVSize=srcVSize;
              }
              #else
 229          void pbDispInit(UINT32 srcAddrWord, UINT16 srcHSize, UINT16 srcVSize) USING_0
 230          {
 231   1              UINT32 startAddr = pbDispBuffGet(1); //
 232   1              UINT32 freezenAddr = K_SDRAM_ImagePlaybackBufAddr;
 233   1              UINT32 endAddr = K_SDRAM_TotalSize;
 234   1              UINT32 tempAddr;
 235   1              UINT16 decWidth = srcHSize;
 236   1              UINT16 decHeight = srcVSize;
 237   1      
C51 COMPILER V8.08   PB_INIT                                                               12/31/2019 16:15:21 PAGE 5   

 238   1              pbDecodeSizeSet(decWidth, decHeight);
 239   1              tempAddr = srcAddrWord;
 240   1              if(tempAddr > startAddr) {
 241   2                      if(tempAddr - startAddr >= (UINT32)srcHSize * (UINT32)srcVSize){
 242   3                              HAL_GprmCopy(tempAddr, srcHSize, srcVSize, 0, 0,
 243   3                                                              startAddr, srcHSize, srcVSize, 0, 0,
 244   3                                                              srcHSize,srcVSize, 0, 1);
 245   3                              dispPbBufSet(startAddr, decWidth, decHeight);
 246   3                              HAL_DispScaleSet(decWidth, decHeight, 100,1);
 247   3                              //HAL_DispSignalWait(HAL_DISP_WAIT_VVALID, HAL_DISP_WAIT_FALLING);//phil: No waiting needed, use the in
             -ternal sync!
 248   3                              HAL_PbSyncPara2DispSof();       // For update display controller registers
 249   3                      } else {
 250   3                              HAL_GprmCopy(tempAddr, srcHSize, srcVSize, 0, 0,
 251   3                                                              tempAddr + (UINT32)srcHSize * (UINT32)srcVSize, srcHSize, srcVSize, 0, 0,
 252   3                                                              srcHSize,srcVSize, 0, 1);
 253   3                              dispPbBufSet(tempAddr + (UINT32)srcHSize * (UINT32)srcVSize, decWidth, decHeight);
 254   3                              HAL_DispScaleSet(decWidth, decHeight, 100,1);
 255   3                              //HAL_DispSignalWait(HAL_DISP_WAIT_VVALID, HAL_DISP_WAIT_FALLING);//phil: No waiting needed, use the in
             -ternal sync!
 256   3                              HAL_PbSyncPara2DispSof();                         // For update display controller registers
 257   3                              HAL_GprmCopy(tempAddr + (UINT32)srcHSize * (UINT32)srcVSize, srcHSize, srcVSize, 0, 0,
 258   3                                                              startAddr, srcHSize, srcVSize, 0, 0,
 259   3                                                              srcHSize,srcVSize, 0, 1);
 260   3                              dispPbBufSet(startAddr, decWidth, decHeight);
 261   3                              HAL_DispScaleSet(decWidth, decHeight, 100,1);
 262   3                              //HAL_DispSignalWait(HAL_DISP_WAIT_VVALID, HAL_DISP_WAIT_FALLING);//phil: No waiting needed, use the in
             -ternal sync!
 263   3                              HAL_PbSyncPara2DispSof();                         // For update display controller registers
 264   3                      }
 265   2      
 266   2              }else {
 267   2                      if(startAddr - tempAddr >= (UINT32)srcHSize * (UINT32)srcVSize){
 268   3                              HAL_GprmCopy(tempAddr, srcHSize, srcVSize, 0, 0,
 269   3                                                              startAddr, srcHSize, srcVSize, 0, 0,
 270   3                                                              srcHSize,srcVSize, 0, 1);
 271   3                              dispPbBufSet(startAddr, decWidth, decHeight);
 272   3                              HAL_DispScaleSet(decWidth, decHeight, 100,1);
 273   3                              //HAL_DispSignalWait(HAL_DISP_WAIT_VVALID, HAL_DISP_WAIT_FALLING); //phil: No waiting needed, use the i
             -nternal sync!
 274   3                              HAL_PbSyncPara2DispSof();                         // For update display controller registers
 275   3                      } else {
 276   3                              HAL_GprmCopy(tempAddr, srcHSize, srcVSize, 0, 0,
 277   3                                      startAddr + (UINT32)srcHSize * (UINT32)srcVSize, srcHSize, srcVSize, 0, 0,
 278   3                                      srcHSize,srcVSize, 0, 1);
 279   3                              dispPbBufSet(startAddr + (UINT32)srcHSize * (UINT32)srcVSize, decWidth, decHeight);
 280   3                              HAL_DispScaleSet(decWidth, decHeight, 100,1);
 281   3                              //HAL_DispSignalWait(HAL_DISP_WAIT_VVALID, HAL_DISP_WAIT_FALLING);//phil: No waiting needed, use the in
             -ternal sync!
 282   3                              HAL_PbSyncPara2DispSof();                         // For update display controller registers
 283   3                              HAL_GprmCopy(startAddr + (UINT32)srcHSize * (UINT32)srcVSize, srcHSize, srcVSize, 0, 0,
 284   3                                                              startAddr, srcHSize, srcVSize, 0, 0,
 285   3                                                              srcHSize,srcVSize, 0, 1);
 286   3                              dispPbBufSet(startAddr, decWidth, decHeight);
 287   3                              HAL_DispScaleSet(decWidth, decHeight, 100,1);
 288   3                              //HAL_DispSignalWait(HAL_DISP_WAIT_VVALID, HAL_DISP_WAIT_FALLING);//phil: No waiting needed, use the in
             -ternal sync!
 289   3                              HAL_PbSyncPara2DispSof();                         // For update display controller registers
 290   3                      }
 291   2              }
 292   1      
 293   1      }
C51 COMPILER V8.08   PB_INIT                                                               12/31/2019 16:15:21 PAGE 6   

 294          #endif
 295          /**
 296           * @fn            UINT8 pbParamSet(UINT8 paraId, UINT16 value)
 297           * @brief         set play back parameters
 298           * @param         [in] paraId
 299           * @param         [in] value
 300           * @retval        return = SUCCESS / FAIL
 301           * @see           NULL
 302           * @author        Tq.Zhang
 303           * @since         2010-5-6
 304           * @todo          N/A
 305           * @bug           N/A
 306          */
 307          #if STILL_LIB_PB_DMY
              UINT8 pbParamSet(UINT8 paraId, UINT16 value)
              {
                      paraId=paraId;
                      value=value;
                      return SUCCESS;
              }
              #else
 315          UINT8 pbParamSet(UINT8 paraId, UINT16 value)
 316          {
 317   1              if (paraId >= PB_PARAM_MAX) {
 318   2                      return FAIL;
 319   2              }
 320   1      
 321   1              //xian ++
 322   1              switch (paraId){
 323   2                      case PB_PARAM_ROT:
 324   2      #if (DBG_Level > 2)
                                      printf("Org Rot : %d\n", pbParam[paraId]);
              #endif //(DBG_Level > 2)
 327   2                              if(!value){
 328   3                                              pbParam[paraId] = value;
 329   3                                      }
 330   2                              else{
 331   3                              pbParam[paraId]++;
 332   3                              if(pbParam[paraId] >= (UINT16)PB_ROT_SET_NUM){
 333   4                                      pbParam[paraId] = 0;
 334   4                              }
 335   3                              }
 336   2      #if (DBG_Level > 2)
                                      printf("Set Rot : %d\n", pbParam[paraId]);
              #endif //(DBG_Level > 2)
 339   2                              break;
 340   2      
 341   2                      default:
 342   2                              pbParam[paraId] = value;
 343   2              }
 344   1      
 345   1              return SUCCESS;
 346   1      }
 347          #endif
 348          /**
 349           * @fn            UINT16 pbParamGet(UINT8 paraId)
 350           * @brief         get playback parameters
 351           * @param         [in] paraId
 352           * @retval        return = SUCCESS / FAIL
 353           * @see           NULL
 354           * @author        Tq.Zhang
 355           * @since         2010-5-6
C51 COMPILER V8.08   PB_INIT                                                               12/31/2019 16:15:21 PAGE 7   

 356           * @todo          N/A
 357           * @bug           N/A
 358          */
 359          #if STILL_LIB_PB_DMY
              UINT16 pbParamGet(UINT8 paraId)
              {
                      paraId=paraId;
                      return FAIL;
              }
              #else
 366          UINT16 pbParamGet(UINT8 paraId)
 367          {
 368   1              if (paraId >= PB_PARAM_MAX) {
 369   2                      return FAIL;
 370   2              }
 371   1      
 372   1              return pbParam[paraId];
 373   1      }
 374          #endif


MODULE INFORMATION:   STATIC OVERLAYABLE
   CODE SIZE        =   1097    ----
   CONSTANT SIZE    =     10    ----
   XDATA SIZE       =     30      33
   PDATA SIZE       =   ----    ----
   DATA SIZE        =   ----    ----
   IDATA SIZE       =   ----    ----
   BIT SIZE         =   ----    ----
   EDATA SIZE       =   ----    ----
   HDATA SIZE       =   ----    ----
   XDATA CONST SIZE =   ----    ----
   FAR CONST SIZE   =   ----    ----
END OF MODULE INFORMATION.


C51 COMPILATION COMPLETE.  0 WARNING(S),  0 ERROR(S)
