C51 COMPILER V8.08   PB_MULTI                                                              12/31/2019 16:14:34 PAGE 1   


C51 COMPILER V8.08, COMPILATION OF MODULE PB_MULTI
OBJECT MODULE PLACED IN .\obj\pb_multi.obj
COMPILER INVOKED BY: e:\Keil\C51\BIN\C51.EXE pb_multi.c LARGE OMF2 OPTIMIZE(9,SIZE) NOAREGS INCDIR(..\..\..\inc;..\..\..
                    -\inc\os;..\..\..\inc\hal;..\..\..\inc\middleware;..\..\..\inc\sp1k;..\..\..\..\host\inc\app;..\..\..\..\host\inc\customi
                    -zation) DEFINE(LIB_RELEASE) PRINT(.\obj\pb_multi.lst) OBJECT(.\obj\pb_multi.obj)

line level    source

   1          /**************************************************************************
   2           *                 Copyright(c) 2010 by i-Catch Technology Co., Ltd.                      *
   3           *                                                                                                                                                *
   4           *      This software is copyrighted by and is the property of i-Catch Tech-  *
   5           *      nology Co., Ltd. All rights are reserved by i-Catch Technology Co.,   *
   6           *      Ltd. This software may only be used in accordance with the                        *
   7           *      corresponding license agreement. Any unauthorized use, duplication,   *
   8           *      distribution, or disclosure of this software is expressly forbidden.  *
   9           *                                                                                                                                                *
  10           *      This Copyright notice "M U S T" not be removed or modified without        *
  11           *      prior written consent of i-Catch Technology Co., Ltd.                             *
  12           *                                                                                                                                                *
  13           *      i-Catch Technology Co., Ltd. reserves the right to modify this            *
  14           *      software without notice.                                                                                          *
  15           *                                                                                                                                                *
  16           *      i-Catch Technology Co., Ltd.                                                                              *
  17           *      19-1, Innovation First Road, Science-Based Industrial Park,               *
  18           *      Hsin-Chu, Taiwan, R.O.C.                                                                                          *
  19           *                                                                                                                                                *
  20           *************************************************************************/
  21           
  22          /**
  23           * @file                pb_multi.c
  24           * @brief               multiply play back function
  25           * @author      tq.zhang
  26           * @since       2010-05-05
  27           * @date                2010-05-05
  28          */
  29          /**************************************************************************
  30           *                                                H E A D E R   F I L E S
  31           **************************************************************************/
  32          #include "general.h"
  33          #include "initio.h"
  34          #include "sdramhw.h"
  35          #include "disp_api.h"
  36          //#include "dosusr.h"
  37          #include "fileindex.h"
  38          #include "pb_api.h"
  39          #include "pb_general.h"
  40          #include "doslink.h"
  41          //#include "exifhdr.h"
  42          #include "exiffunc.h"
  43          #include "doslink.h"
  44          #include "cardlink.h"
  45          #include "snap_qtable.h"
  46          #include "sp1k_snap_api.h"
  47          #include "sp1k_pb_api.h"
  48          #include "pb_debug.h"
  49          #include "hal_jpeg.h"
  50          #include "osd_api.h"
  51          #include "app_ui_osd.h"
  52          #include "smcfunc.h"
  53          #include "sp1k_rsvblk_api.h"
C51 COMPILER V8.08   PB_MULTI                                                              12/31/2019 16:14:34 PAGE 2   

  54          #include "hal_gprm.h"
  55          #include "hal.h"
  56          #include "hal_dram.h"
  57          #include "hal_global.h"
  58          #include "vfs_api.h"
  59          #include "dcf_api.h"
  60          #include "gprm.h"
  61          #include "osd_buff.h"
  62          #include "os_api.h"
  63          
  64          #include "exif_def.h"
  65          #include "exif_entry.h"
  66          
  67          /**************************************************************************
  68           *                                                       C O N S T A N T S                                                        *
  69           **************************************************************************/
  70          #if (!STILL_LIB_PB_DMY)
  71           typedef struct{
  72                  UINT8 resId;
  73                  UINT8 aligFmt;
  74                  UINT16 w;
  75                  UINT16 h;
  76                  UINT32 addr;
  77          }pbIconInfo_t;
  78          
  79          /**************************************************************************
  80           *                                                              M A C R O S                                                       *
  81           **************************************************************************/
  82           #define HDMI_BUF_W             ((UINT16)960)
  83           #define HDMI_BUF_H             ((UINT16)720)
  84          /**************************************************************************
  85           *                                                      D A T A    T Y P E S                                              *
  86           **************************************************************************/
  87           
  88          /**************************************************************************
  89           *                                                 G L O B A L    D A T A                                                 *
  90           **************************************************************************/
  91          static PBMultiImg_t xdata pbMpObj[PB_MULTIPLAY_LAYOUT_MAX];
  92          static UINT8 xdata pbMpActiveObjIdx;
  93          static PBMultiLayout_t xdata pbMpLayout;
  94          static multiPbSelWin_t multiPbPos[PB_MULTIPLAY_LAYOUT_MAX];
  95          static UINT8 multiIndex;
  96          UINT8 multiPlayEn;
  97          /**************************************************************************
  98           *                                 E X T E R N A L        R E F E R E N C E S                             *
  99           **************************************************************************/
 100          //extern void gprmBlackFill(UINT32 dstAddr, UINT16 imgW, UINT16 imgH);
 101          extern UINT32 DOS_CurrDirGet(UINT8 DevId);
 102          extern UINT8 DOS_CurrDriverGet(void);
 103          extern UINT8 pbVideoFrameDecode(UINT16 FileIndex, UINT16 decWidth, UINT16 decHeight, UINT32 freeBufAddr, U
             -INT8 fillBlack);
 104          extern UINT8 dramFileSave(UINT8 *name,UINT32 startAddr, UINT32 size);
 105          
 106          extern xdata UINT8 exifVlcAtOdd;
 107          extern UINT16 xdata pbParam[PB_PARAM_MAX];
 108          extern PBFile_t xdata MediaInfo;
 109          extern UINT32 aviFileLength;
 110          //extern xdata UINT8 NeedReadMoreHeader;
 111          //wangjg++
 112          extern xdata UINT8 exifQvVlcAtOdd;
 113          extern xdata UINT32 exifQvVlcAddr;
 114          extern xdata UINT32 exifQvYTblAddr;
C51 COMPILER V8.08   PB_MULTI                                                              12/31/2019 16:14:34 PAGE 3   

 115          extern xdata UINT32 exifQvUVTblAddr;
 116          extern xdata UINT8 exifAppN;
 117          extern xdata UINT16 G_JpgRstMcuNum;
 118          //wangjg--
 119          
 120          /**************************************************************************
 121           *                               F U N C T I O N        D E C L A R A T I O N S                           *
 122           **************************************************************************/
 123          static UINT8 pbDrawIconType(UINT32 imgBuf, UINT16 imgW, UINT16 imgH, UINT8 iconParId, UINT32 tmpBuf);
 124          static UINT8 pbMultiPlayVideoFrameDecode(PBMultiImg_t* pTumbLayout);
 125          static UINT8 pbMultiPlayAudioBgDecode(PBMultiImg_t* pTumbLayout);
 126          static UINT8 pbMultiPlayError(UINT32 resId, PBMultiImg_t* pTumbLayout);
 127          UINT8 pbMultiPlayDecode(UINT32 pBufAddrWord, PBMultiImg_t* pTumbLayout, UINT8 DecOpt);
 128          #endif
 129          //=============================================================================
 130          //Program
 131          //=============================================================================
 132          //-----------------------------------------------------------------------------
 133          //pbMultiPlayLayoutInit
 134          //-----------------------------------------------------------------------------
 135          /**
 136           * @fn            void pbMultiPlayLayoutInit(UINT8 LayoutType, UINT16 FileIndex)
 137           * @brief         pbMultiPlayLayoutInit
 138           * @param         [in] LayoutType : 2*2 / 3*3, default is 3*3
 139           * @param         [in] FileIndex
 140           * @retval        NONE
 141           * @see           NULL
 142           * @author        Phil Lin
 143           * @since         2010-5-5
 144           * @todo          N/A
 145           * @bug           N/A
 146          */
 147          #if STILL_LIB_PB_DMY
              UINT8 pbMultiPlayLayoutInit(UINT8 LayoutType, UINT16 FileIndex)
              {
                      LayoutType=LayoutType;
                      FileIndex=FileIndex;
                      return SUCCESS;
              }
              #else
 155          UINT8 pbMultiPlayLayoutInit(UINT8 LayoutType, UINT16 FileIndex)
 156          {
 157   1              UINT16 pbThumbW, pbThumbH;
 158   1              UINT16 pbThumbOffX, pbThumbOffY;
 159   1              UINT8  pbDispCol, pbDispRow;
 160   1              UINT8 i, j;
 161   1              UINT8 ret;
 162   1              UINT8 Idx;
 163   1              UINT16 fHandle;
 164   1              UINT8 fileName[12];
 165   1              PBMultiImg_t xdata* pMpImgObj;
 166   1              UINT16 decWidth; 
 167   1              UINT16 decHeight;
 168   1              devAttr_t* pnlDev;
 169   1              UINT16 thumbStartX, thumbStartY;
 170   1              UINT8 dev;
 171   1      
 172   1              dev = dispDevActGet();
 173   1              switch(dev){
 174   2                      case 1:         //LCD
 175   2                               decWidth  = PB_DECODE_WIDTH;
 176   2                               decHeight = PB_DECODE_HEIGHT;
C51 COMPILER V8.08   PB_MULTI                                                              12/31/2019 16:14:34 PAGE 4   

 177   2                      break;
 178   2                      case 2:         //NTSC
 179   2                               decWidth = 720;
 180   2                               decHeight = 480;
 181   2                      break;
 182   2                      case 3:         //PAL
 183   2                               decWidth = 720;
 184   2                               decHeight = 576;
 185   2                      break;
 186   2                      case 4:         //HDMI
 187   2                               decWidth = HDMI_BUF_W;
 188   2                               decHeight = HDMI_BUF_H;
 189   2                      break; 
 190   2              }
 191   1      
 192   1              //memset(pMpImgObj, 0, sizeof(PBMultiImg_t));
 193   1              thumbStartX = pbParamGet(PB_PARAM_THUMB_START_X_Y) >> 8;
 194   1              thumbStartY = pbParamGet(PB_PARAM_THUMB_START_X_Y) & 0x00ff;
 195   1      
 196   1              if(pbParamGet(PB_PARAM_DISP_BUF_W)){        
 197   2                      decWidth = pbParamGet(PB_PARAM_DISP_BUF_W);
 198   2                      decHeight = pbParamGet(PB_PARAM_DISP_BUF_H);
 199   2              }
 200   1              decWidth -= (thumbStartX<<1);
 201   1              decHeight -= (thumbStartY<<1);
 202   1              //check layout type
 203   1      
 204   1              switch (LayoutType) {
 205   2                      case PB_MULTIPLAY_LAYOUT_4:
 206   2                              pbMpLayout.Type = PB_MULTIPLAY_LAYOUT_4;
 207   2                              pbMpLayout.Max = 4;
 208   2                              pbMpLayout.HNum = pbMpLayout.VNum = 2;
 209   2                              pbDispCol = pbDispRow = 2;
 210   2                              break;
 211   2                      case PB_MULTIPLAY_LAYOUT_9:
 212   2                              pbMpLayout.Type = PB_MULTIPLAY_LAYOUT_9;
 213   2                              pbMpLayout.Max = 9;
 214   2                              pbMpLayout.HNum = pbMpLayout.VNum = 3;
 215   2                              pbDispCol = pbDispRow = 3;
 216   2                              break;
 217   2                      default:
 218   2                              pbMpLayout.Type = PB_MULTIPLAY_LAYOUT_9;
 219   2                              pbMpLayout.HNum = pbMpLayout.VNum = 3;
 220   2                              pbMpLayout.Max = 9; //xian ++ 20080627
 221   2                              pbDispCol = pbDispRow = 0;
 222   2                              return FAIL;
 223   2                              //break;
 224   2              }
 225   1          if(pbParamGet(PB_PARAM_THUMB_W_H) == 0){
 226   2              pbThumbW = (((decWidth - ((pbDispCol + 1) << 3)) / pbDispCol) & ~0x0f);
 227   2              pbThumbH = (((decHeight - ((pbDispRow + 1) << 3)) / pbDispRow) + 7) & ~0x07;
 228   2          }
 229   1          else{//xian ++ 20091126
 230   2              pbThumbW = (pbParamGet(PB_PARAM_THUMB_W_H) >> 8) & ~0x0f;
 231   2              pbThumbH = (pbParamGet(PB_PARAM_THUMB_W_H) & 0x00ff) & ~0x07;
 232   2          }
 233   1              pbThumbOffX = (((decWidth - pbDispCol * pbThumbW) / (pbDispCol + 1)) & ~0x07);
 234   1              pbThumbOffY = ((decHeight - pbDispRow * pbThumbH) / (pbDispRow + 1));
 235   1      
 236   1              pbMpLayout.Total = 0;
 237   1              pMpImgObj = &pbMpObj[0];
 238   1      
C51 COMPILER V8.08   PB_MULTI                                                              12/31/2019 16:14:34 PAGE 5   

 239   1              if (FileIndex < pbMpLayout.Max) {
 240   2                      pbMpActiveObjIdx = FileIndex;
 241   2                      FileIndex = 1;
 242   2              } else {
 243   2                      pbMpActiveObjIdx = (FileIndex % pbMpLayout.Max);
 244   2                      if (pbMpActiveObjIdx) {
 245   3                              FileIndex = (FileIndex / pbMpLayout.Max * pbMpLayout.Max) + 1;
 246   3                      } else {
 247   3                              pbMpActiveObjIdx = pbMpLayout.Max;
 248   3                              FileIndex = ((FileIndex - 1) / pbMpLayout.Max * pbMpLayout.Max) + 1;
 249   3                      }
 250   2              }
 251   1      #if (DBG_Level > 1)
                      printf("objIdx %bu, fileIdx %u\n", pbMpActiveObjIdx, FileIndex);//
              #endif //(DBG_Level > 1)
 254   1      /**/
 255   1      
 256   1              for (i = 0; i < pbDispRow; i++) {
 257   2                      for (j = 0; j < pbDispCol; j++) {
 258   3                              Idx = i * pbDispRow + j;
 259   3      
 260   3                              //calculate layout offset
 261   3      
 262   3                              pMpImgObj->OffsetX = pbThumbOffX + (pbThumbW + pbThumbOffX) * (UINT16)j;
 263   3                              pMpImgObj->OffsetY = pbThumbOffY + (pbThumbH + pbThumbOffY) * (UINT16)i;
 264   3                              pMpImgObj->ImgWidth = pbThumbW;
 265   3                              pMpImgObj->ImgHeight = pbThumbH;
 266   3      
 267   3                              pMpImgObj->OffsetX += thumbStartX;      
 268   3                               pMpImgObj->OffsetY += thumbStartY;
 269   3                              
 270   3                              pnlDev = sp1kDevHdlGet();
 271   3      
 272   3                              //lib pb version 1031, 20080821 jintao.liu
 273   3                              /*if (0 == pnlDev[DEV_ID_PANEL].devEn)//TV plug
 274   3                              {
 275   3                                      pMpImgObj->OffsetX -= 3;//move multi play thumb(s) to left a little
 276   3                              }*/
 277   3                              pMpImgObj->OffsetX &= ~1; //xian fix bug 31004
 278   3      
 279   3                              //printf("index %u\n", FileIndex + (UINT16)Idx);
 280   3                              ret = pbFileInfoGetExt(
 281   3                                      DOS_FileIndexGet(FileIndex + (UINT16)Idx),
 282   3                                      &pMpImgObj->pImgInfo,
 283   3                                      0
 284   3                              );
 285   3                              if (ret != SUCCESS) {
 286   4                                      //printf("idx %bu err\n", (FileIndex + (UINT16)Idx));
 287   4                                      pMpImgObj->VoiceMemo = 0;
 288   4                                      pMpImgObj->err = FAIL;
 289   4                              } 
 290   3                              else {
 291   4                                      //check voice memo
 292   4                                      strcpy(fileName, pMpImgObj->pImgInfo.FileName);
 293   4                                      if(pMpImgObj->pImgInfo.FileType == SP1K_PB_FILE_TYPE_JPG){
 294   5                                              fileName[8] = 'W';
 295   5                                              fileName[9] = 'A';
 296   5                                              fileName[10] = 'V';
 297   5                                              fHandle = vfsFileOpen(fileName, K_DOS_ReadFile, 0);
 298   5                                              if (fHandle) {
 299   6                                                      pMpImgObj->VoiceMemo = 1;
 300   6                                              } else {
C51 COMPILER V8.08   PB_MULTI                                                              12/31/2019 16:14:34 PAGE 6   

 301   6                                                      pMpImgObj->VoiceMemo = 0;
 302   6                                              }
 303   5                                              vfsFileClose(fHandle, fileName, K_DOS_ReadFile, 0);
 304   5                                      }
 305   4                                      else{
 306   5                                              pMpImgObj->VoiceMemo = 0;
 307   5                                      }
 308   4      
 309   4                                      pbMpLayout.Total++;
 310   4                                      pMpImgObj->err = SUCCESS;
 311   4                              }
 312   3      
 313   3                              pMpImgObj++;
 314   3                              //printf("idx = %bu, x = %u, y = %u\n", Idx, pbMpObj[Idx].OffsetX, pbMpObj[Idx].OffsetY);
 315   3                      }
 316   2              }
 317   1              #if 0
                      printf("dispW = %u, dispH = %u\n", decWidth, decHeight);
                      printf("offX = %u, offY = %u\n", pbThumbOffX, pbThumbOffY);
                      printf("W = %u, H = %u\n", pbThumbW, pbThumbH);
                      #endif
 322   1              osdSelWinSet(-1, -1, -1, -1, 0, -1);
 323   1              osdRegUpdate();
 324   1      
 325   1      }
 326          #endif
 327          //-----------------------------------------------------------------------------
 328          //pbMultiPlayDecode
 329          //-----------------------------------------------------------------------------
 330          /**
 331           * @fn          UINT8 pbMultiPlayDecode(UINT32 pBufAddr, PBMultiImg_t* pTumbLayout, UINT8 DecOpt)
 332           * @brief               multiply picture play back decode
 333           * @param     [in] pBufAddrWord
 334           * @param     [in] pTumbLayout
 335           * @param     [in] DecOpt
 336           * @retval      return = SUCCESS / FAIL
 337           * @see         NULL
 338           * @author      Tq.Zhang
 339           * @since       2010-5-5
 340           * @todo                N/A
 341           * @bug         N/A
 342          */
 343          #if (!STILL_LIB_PB_DMY)
 344          UINT8 pbMultiPlayDecode(UINT32 pBufAddrWord, PBMultiImg_t* pTumbLayout, UINT8 DecOpt) USING_0
 345          {
 346   1              UINT8 sts = TRUE;
 347   1      //      UINT8 ret;
 348   1              UINT16 fHandle = TRUE;
 349   1              UINT32 decSize = 0;
 350   1      //      UINT8 opt;
 351   1      //      UINT16 srcWidth, srcHeight;
 352   1              UINT8 bShowThumb = 0;
 353   1              UINT8 mcuNum = 0;
 354   1              UINT8 imgScaleFac = 0;
 355   1              UINT32 filesize;
 356   1              UINT16 exifRot;
 357   1              ExifImage_t imagePara;
 358   1              ExifImage_t thumbPara;
 359   1              ExifImage_t* pPara;
 360   1      
 361   1              UINT16 decWidth;
 362   1              UINT16 decHeight;
C51 COMPILER V8.08   PB_MULTI                                                              12/31/2019 16:14:34 PAGE 7   

 363   1      
 364   1              //xian ++ 20080618
 365   1              UINT8 rotMode;
 366   1              Pb_Dec_Parameter decPara;
 367   1              //xian --
 368   1      
 369   1              //xian ++ 20080703
 370   1              PBFile_t* pFile;
 371   1              pFile = &(pTumbLayout->pImgInfo);
 372   1              //xian --
 373   1      
 374   1              pbDispQVSizeGet(&decWidth, &decHeight); //xian 20110214
 375   1      
 376   1              //4 To do a completely open process, start cluster must be 0
 377   1              fHandle =  vfsFileOpen(pFile->FileName, K_DOS_ReadFile, 0);
 378   1              if (!fHandle) {
 379   2                      DBG_pbFuncTrack();
 380   2                      return FAIL;
 381   2              }
 382   1      
 383   1              filesize = vfsFileSizeGet(fHandle);
 384   1              //Check the size of file parsing
 385   1              if (!(DecOpt & PB_DECODE_OPT_QVGA) && !(DecOpt & PB_DECODE_OPT_THUMB)) {
 386   2                      pPara = &imagePara;
 387   2                      decPara.ImgType = 0; //main image
 388   2              } else {
 389   2                      pPara = &thumbPara;
 390   2                      if (DecOpt & PB_DECODE_OPT_THUMB) {
 391   3                              bShowThumb = 1;
 392   3                      }
 393   2                      decPara.ImgType = 1; //thumb image
 394   2              }
 395   1      
 396   1              //The size of exif header is always 64KB in 1528
 397   1              decSize = 64UL * 1024UL;
 398   1              if(decSize > filesize) //xian ++ 20081009
 399   1                      decSize = filesize;
 400   1      #if     0
                      printf("Name %s\n", pFile->FileName);
                      printf("file size %lx\n", filesize);
              #endif
 404   1      
 405   1              sts = vfsFileRead(fHandle, K_DOS_DstDram, decSize, pBufAddrWord, 0);
 406   1      
 407   1              if (sts != TRUE) {
 408   2                      vfsFileClose(fHandle, pFile->FileName, K_DOS_ReadFile, 0);
 409   2                      DBG_pbFuncTrack();
 410   2                      return FAIL;
 411   2              }
 412   1      
 413   1              //NeedReadMoreHeader = 0; //xian ++ 20080911
 414   1              sts = exifParserStart(exifGetMainInfo,&imagePara, pBufAddrWord, decSize);
 415   1              sts = exifParserStart(exifGetThumbInfo,&thumbPara, pBufAddrWord, decSize);
 416   1              exifRot = imagePara.orientation;
 417   1              //sts = exifParsingFile(pBufAddrWord, decSize, bShowThumb, pFile->MediaTime, &ImagePara,&ThumbPara);
 418   1              //xian ++ 20080911      bug#31793
 419   1              if ((sts == FALSE) && (bShowThumb) || !thumbPara.width || !thumbPara.height || thumbPara.addr == imagePar
             -a.addr) {
 420   2                      decSize = filesize;
 421   2                      sts = vfsFileRead(fHandle, K_DOS_DstDram, decSize, pBufAddrWord, 0);
 422   2                      if (sts) {
 423   3                              sts = exifParserStart(exifGetMainInfo, &imagePara, pBufAddrWord, decSize);
C51 COMPILER V8.08   PB_MULTI                                                              12/31/2019 16:14:34 PAGE 8   

 424   3                              sts = exifParserStart(exifGetThumbInfo, &thumbPara, pBufAddrWord, decSize);
 425   3                              //sts = exifParsingFile(pBufAddrWord, decSize, 0/*bShowThumb*/, pFile->MediaTime, &imagePara,&thumbPara
             -);
 426   3                              //wangjg++ 20090107
 427   3                              if(exifAppN)
 428   3                              {
 429   4                                      UINT8 xdata qTable[128];
 430   4                                      //jpegQTableSet(85, NULL, NULL, 1); //see file:snap_task.c line:1405
 431   4                                      SDRAM_Dram2Sram(exifQvYTblAddr + exifQvVlcAtOdd,qTable,128);
 432   4                                      jpegQTableSet(0, qTable, (UINT8*)(qTable+64), 1);
 433   4                              
 434   4                              }
 435   3                              //wangjg--      20090107        
 436   3                      }
 437   2                      //NeedReadMoreHeader = 0;
 438   2                      pPara = &imagePara;
 439   2                      decPara.ImgType = 0; //main image
 440   2              }
 441   1              //xian --
 442   1      
 443   1              vfsFileClose(fHandle,  pFile->FileName, K_DOS_ReadFile, 0);
 444   1              if (sts != TRUE) {
 445   2                      DBG_pbFuncTrack();
 446   2                      return FAIL;
 447   2              }
 448   1      
 449   1              pFile->MediaWidth = imagePara.width;
 450   1              pFile->MediaHeight = imagePara.height;
 451   1      //      printf("w is %u, h is %u \n", ImagePara.Width, ImagePara.Height);
 452   1      #if (DBG_Level > 1)
                      printf("Exif w %u, h %u \n", thumbPara.width, thumbPara.height);
              #endif //(DBG_Level > 1)
 455   1      
 456   1              //Decompress
 457   1              //xian ++ 20080618
 458   1              pbParamSet(PB_PARAM_EXIF_ORIENT, exifRot);      // param is UINT16
 459   1              rotMode = pbDecRotModeGet();
 460   1      #if (DBG_Level > 1)
                      printf("rotMode=%bu\n", rotMode);
              #endif //(DBG_Level > 1)
 463   1              {
 464   2                      decPara.DecBuff = K_SDRAM_ImagePlaybackBufAddr;
 465   2                      decPara.RotMode = rotMode;
 466   2                      decPara.DecW = pTumbLayout->ImgWidth;
 467   2                      decPara.DecH = pTumbLayout->ImgHeight;
 468   2                      //decPara.ImgType = ImagePara.DataType; // 1;//Type thumb image
 469   2      
 470   2                      pbImgDeCmpRot(pPara/*&ThumbPara*/, &decPara, 1);
 471   2      
 472   2                      //xian ++ 20080703
 473   2                      if(pTumbLayout->VoiceMemo == TRUE){
 474   3                              pbDrawIconType(K_SDRAM_ImagePlaybackBufAddr,
 475   3                                                              //ThumbPara.Width, ThumbPara.Height,
 476   3                                                              decPara.DecW, decPara.DecH,
 477   3                                                              PB_PARAM_MT_MEMO,
 478   3                                                              //K_SDRAM_ImagePlaybackBufAddr + ThumbPara.Width * ThumbPara.Height);
 479   3                                                              K_SDRAM_ImagePlaybackBufAddr + decPara.DecW * decPara.DecH);
 480   3                      }
 481   2                      if((pTumbLayout->pImgInfo.FileAttrib & 0x03) == 1){
 482   3                              pbDrawIconType(K_SDRAM_ImagePlaybackBufAddr,
 483   3                                                              //ThumbPara.Width, ThumbPara.Height,
 484   3                                                              decPara.DecW, decPara.DecH,
C51 COMPILER V8.08   PB_MULTI                                                              12/31/2019 16:14:34 PAGE 9   

 485   3                                                              PB_PARAM_MT_LOCK,
 486   3                                                              //K_SDRAM_ImagePlaybackBufAddr + ThumbPara.Width * ThumbPara.Height);
 487   3                                                              K_SDRAM_ImagePlaybackBufAddr + decPara.DecW * decPara.DecH);
 488   3                      }
 489   2                      //xian --
 490   2      
 491   2                      HAL_GprmCopy(
 492   2                                                      K_SDRAM_ImagePlaybackBufAddr,
 493   2                                                      //ThumbPara.Width, ThumbPara.Height, 0, 0,
 494   2                                                      //decPara.DecW, decPara.DecH, 0, 0,
 495   2                                                      pTumbLayout->ImgWidth,pTumbLayout->ImgHeight,0,0,//80,64,0,0, cx modify
 496   2                                                      pbDispBuffGet(1),
 497   2                                                      decWidth, decHeight, pTumbLayout->OffsetX, pTumbLayout->OffsetY,
 498   2                                                      pTumbLayout->ImgWidth, pTumbLayout->ImgHeight,
 499   2                                                      0,
 500   2                                                      1
 501   2                      );
 502   2      
 503   2                      multiPbPos[multiIndex].x0 =pTumbLayout->OffsetX;
 504   2                      multiPbPos[multiIndex].y0 =pTumbLayout->OffsetY;
 505   2                      multiPbPos[multiIndex].w =pTumbLayout->ImgWidth;
 506   2                      multiPbPos[multiIndex].h =pTumbLayout->ImgHeight;
 507   2      
 508   2                      //printf("thumx=%d,%d,%d,%d\n",pTumbLayout->OffsetX, pTumbLayout->OffsetY,pTumbLayout->ImgWidth, pTumbLa
             -yout->ImgHeight);
 509   2                      
 510   2              }
 511   1              //xian --
 512   1              HAL_GlobalCamModeSet(CAM_MODE_IDLE);
 513   1      
 514   1              return SUCCESS;
 515   1      }
 516          #endif
 517          //-----------------------------------------------------------------------------
 518          //pbMultiPlay
 519          //-----------------------------------------------------------------------------
 520          /**
 521           * @fn          void pbMultiPlay(void)
 522           * @brief               Multiply Play
 523           * @param     NONE
 524           * @retval      NONE
 525           * @see         NULL
 526           * @author    Tq.Zhang
 527           * @since       2010-5-5
 528           * @todo                N/A
 529           * @bug         N/A
 530          */
 531          #if STILL_LIB_PB_DMY
              void pbMultiPlay(void) USING_0
              {
              }
              #else
 536          void pbMultiPlay(void) USING_0
 537          {
 538   1              UINT8 i;
 539   1              UINT8 time[20] = {0};
 540   1              PBMultiImg_t xdata* pMpImgObj = &pbMpObj[0];
 541   1              UINT16 decWidth;
 542   1              UINT16 decHeight;
 543   1              UINT16 cnt=1;
 544   1              UINT8 dev;
 545   1              
C51 COMPILER V8.08   PB_MULTI                                                              12/31/2019 16:14:34 PAGE 10  

 546   1              multiPlayEn =1;
 547   1              osSysModeSet(OS_SYS_MODE_DEFAULT);
 548   1              sysMemStillPbDispAddrUpdate(dispDevActGet() ==4);
 549   1              dev = dispDevActGet();
 550   1              switch(dev){
 551   2                      case 1:         //LCD
 552   2                               decWidth  = PB_DECODE_WIDTH;
 553   2                               decHeight = PB_DECODE_HEIGHT;
 554   2                      break;
 555   2                      case 2:         //NTSC
 556   2                               decWidth = 720;
 557   2                               decHeight = 480;       
 558   2                      break;
 559   2                      case 3:         //PAL
 560   2                               decWidth = (UINT16)720;
 561   2                               decHeight = (UINT16)576;
 562   2                      break;
 563   2                      case 4:         //HDMI
 564   2                               decWidth = HDMI_BUF_W;
 565   2                               decHeight = HDMI_BUF_H;
 566   2                      break; 
 567   2              }
 568   1              //xian ++ 20110214
 569   1              pbDispQVSizeSet(decWidth, decHeight);
 570   1              //xian --
 571   1              pbDispBuffSwitch();
 572   1      
 573   1              //dbgTimerStart();
 574   1              gprmBlackFill(pbDispBuffGet(1), decWidth, decHeight);
 575   1              //fill black to display buffer first
 576   1              
 577   1              //dbgTimerStop();
 578   1              dispShow(pbDispBuffGet(1), decWidth, decHeight, 100);
 579   1              multiIndex = 0;
 580   1              //printf("disp add is 0x%08lx\n", pbDispBuffGet(1));
 581   1              for (i = 0; i < pbMpLayout.Max; i++) {
 582   2              
 583   2                      multiIndex=i;
 584   2                      multiPbPos[multiIndex].x0 =0;
 585   2                      multiPbPos[multiIndex].y0 =0;
 586   2                      multiPbPos[multiIndex].w =0;
 587   2                      multiPbPos[multiIndex].h =0;
 588   2                      
 589   2                      if (pMpImgObj->err == SUCCESS) {
 590   3                              if (pMpImgObj->pImgInfo.FileType == SP1K_PB_FILE_TYPE_JPG) {
 591   4                                      //CPrintf("JPG");
 592   4                                      pMpImgObj->err = pbMultiPlayDecode(
 593   4                                      //&pMpImgObj->pImgInfo,
 594   4                                      K_SDRAM_ImagePlaybackGeneralBufAddr,
 595   4                                      pMpImgObj,
 596   4                                      PB_DECODE_OPT_THUMB
 597   4                                      );
 598   4                              } 
 599   3                              else if ((pMpImgObj->pImgInfo.FileType == SP1K_PB_FILE_TYPE_AVI)||(pMpImgObj->pImgInfo.FileType == SP1K
             -_PB_FILE_TYPE_WGI)) {
 600   4                                      pMpImgObj->err = pbMultiPlayVideoFrameDecode(pMpImgObj);
 601   4                                      //CPrintf("AVI");
 602   4                                      //pMpImgObj->err = SUCCESS;
 603   4                              }
 604   3                              else if (pMpImgObj->pImgInfo.FileType == SP1K_PB_FILE_TYPE_WAV) {
 605   4                                      //CPrintf("WAV");
 606   4                                      pMpImgObj->err = pbMultiPlayAudioBgDecode(pMpImgObj);
C51 COMPILER V8.08   PB_MULTI                                                              12/31/2019 16:14:34 PAGE 11  

 607   4                                      //pMpImgObj->err = SUCCESS;
 608   4                              } 
 609   3                              else {
 610   4                                      pMpImgObj->err = FAIL;
 611   4                              }
 612   3      
 613   3                              //xian ++, 20080716
 614   3                              if(pMpImgObj->err == FAIL){
 615   4                                      pbMultiPlayError((UINT32)pbParamGet(PB_PARAM_FILE_ERR_RES), pMpImgObj);
 616   4                              }
 617   3                              //xian --
 618   3      
 619   3                              if ((i + 1) == pbMpActiveObjIdx) {
 620   4                                      /*add by phil for update active obj information s*/
 621   4                                      memcpy(&MediaInfo, &((pMpImgObj + pbMpActiveObjIdx)->pImgInfo), sizeof(PBFile_t));
 622   4                                      /*add by phil for update active obj information e*/
 623   4                                      pbMultiPlayObjFrameDraw(pbMpActiveObjIdx, 1);
 624   4                              }
 625   3                      } else {
 626   3                              //printf("Tmb %bu error\n", i);
 627   3                      }
 628   2                      pMpImgObj++;
 629   2              }
 630   1                      
 631   1              multiPlayEn =0;
 632   1              //return ;
 633   1      }
 634          #endif
 635          //-----------------------------------------------------------------------------
 636          //pbMultiPlayShift
 637          //-----------------------------------------------------------------------------
 638          /**
 639           * @fn          UINT8 pbMultiPlayShift(UINT16* fileIdx, UINT8 shift)
 640           * @brief               pbMultiPlayShift
 641           * @param     [in] fileIdx
 642           * @param     [in] shift
 643           * @retval      return = SUCCESS / FAIL
 644           * @see         NULL
 645           * @author    Tq.Zhang
 646           * @since       2010-5-5
 647           * @todo                N/A
 648           * @bug         N/A
 649          */
 650          #if STILL_LIB_PB_DMY
              UINT8 pbMultiPlayShift(UINT16* fileIdx, UINT8 shift)
              {
                      fileIdx=fileIdx;
                      shift=shift;
                      return SUCCESS;
              }
              #else
 658          UINT8 pbMultiPlayShift(UINT16* fileIdx, UINT8 shift)
 659          {
 660   1              UINT16 fileTotal;
 661   1              UINT16 newFileIdx, oldPage, newPage;
 662   1              PBMultiImg_t xdata* pMpImgObj = &pbMpObj[0];
 663   1      
 664   1              fileTotal = dcfFileCountGet();
 665   1      
 666   1              //cal newFileIdx
 667   1              switch(shift){
 668   2                      case PB_SHIFT_UP:
C51 COMPILER V8.08   PB_MULTI                                                              12/31/2019 16:14:34 PAGE 12  

 669   2                              if(*fileIdx > pbMpLayout.HNum){
 670   3                                      newFileIdx = *fileIdx - pbMpLayout.HNum;
 671   3                              }
 672   2                              else{//goto last line
 673   3                                      newFileIdx = (fileTotal - 1) / pbMpLayout.HNum * pbMpLayout.HNum + *fileIdx;
 674   3                                      if(newFileIdx > fileTotal){
 675   4                                              newFileIdx = newFileIdx - pbMpLayout.HNum;      //up a line
 676   4                                              if ((newFileIdx - 1 )/pbMpLayout.Max != (fileTotal - 1)/pbMpLayout.Max){
 677   5                                                      //new is not last page
 678   5                                                      newFileIdx = fileTotal;
 679   5                                              }
 680   4                                      }
 681   3                              }
 682   2                              break;
 683   2      
 684   2                      case PB_SHIFT_DOWN:
 685   2                              newFileIdx = *fileIdx + pbMpLayout.HNum;
 686   2                              if(newFileIdx > fileTotal){
 687   3                                      if ((*fileIdx - 1 )/pbMpLayout.Max != (fileTotal - 1)/pbMpLayout.Max){
 688   4                                              //old is not last page
 689   4                                              newFileIdx = fileTotal;
 690   4                                      }
 691   3                                      else{//goto first line
 692   4                                              newFileIdx = newFileIdx % pbMpLayout.HNum;
 693   4                                              if(newFileIdx == 0){
 694   5                                                      newFileIdx = pbMpLayout.HNum;
 695   5                                              }
 696   4                                      }
 697   3                              }
 698   2                              break;
 699   2      
 700   2                      case PB_SHIFT_LEFT:
 701   2                              newFileIdx = *fileIdx - 1;
 702   2                              if(newFileIdx == 0){
 703   3                                      newFileIdx = fileTotal;
 704   3                              }
 705   2                              break;
 706   2      
 707   2                      case PB_SHIFT_RIGHT:
 708   2                              newFileIdx = *fileIdx + 1;
 709   2                              if(newFileIdx > fileTotal){
 710   3                                      newFileIdx = 1;
 711   3                              }
 712   2                              break;
 713   2                      case PB_SHIFT_PAGE_UP:
 714   2                              if(*fileIdx >9)
 715   2                              {
 716   3                                      newFileIdx = *fileIdx - 9;
 717   3                              }
 718   2                              else
 719   2                              {
 720   3                                      newFileIdx = fileTotal;
 721   3                              }
 722   2                              break;
 723   2                      case PB_SHIFT_PAGE_DOWN:
 724   2                              newFileIdx = *fileIdx + 9;
 725   2                              if(newFileIdx > fileTotal)
 726   2                              {
 727   3                                      newFileIdx = 1;
 728   3                              }
 729   2                              break;
 730   2                      default:
C51 COMPILER V8.08   PB_MULTI                                                              12/31/2019 16:14:34 PAGE 13  

 731   2                              return FAIL;
 732   2              }
 733   1      
 734   1              //printf("old idx = %u, %bu\n", *fileIdx, pbMpActiveObjIdx);
 735   1              pbMpActiveObjIdx = newFileIdx % pbMpLayout.Max;
 736   1              if(pbMpActiveObjIdx == 0){
 737   2                      pbMpActiveObjIdx = pbMpLayout.Max;
 738   2              }
 739   1              //printf("new idx = %u, %bu\n", newFileIdx, pbMpActiveObjIdx);
 740   1      
 741   1               /*add by phil for update active obj information s*/
 742   1              pMpImgObj += pbMpActiveObjIdx;
 743   1              memcpy(&MediaInfo, &(pMpImgObj->pImgInfo), sizeof(PBFile_t));
 744   1              /*add by phil for update active obj information e*/
 745   1      
 746   1              //need change page?
 747   1              oldPage = (*fileIdx - 1 )/pbMpLayout.Max;
 748   1              newPage = (newFileIdx - 1)/pbMpLayout.Max;
 749   1              *fileIdx = newFileIdx;
 750   1              if(newPage == oldPage)
 751   1              {
 752   2                      //printf("same page : %u\n", newPage);
 753   2                      pbMultiPlayObjFrameDraw(pbMpActiveObjIdx, 1);
 754   2              }
 755   1              else
 756   1              {
 757   2                      return FAIL;
 758   2                      //printf("change page : %u -> %u\n", oldPage, newPage);
 759   2                      //pbMultiPlayLayoutInit(pbMpLayout.Type, *fileIdx);
 760   2                      //pbMultiPlay();
 761   2              }
 762   1              return SUCCESS;
 763   1      }
 764          #endif
 765          //-----------------------------------------------------------------------------
 766          //pbMultiPlayObjFrameDraw
 767          //-----------------------------------------------------------------------------
 768          /**
 769           * @fn          void pbMultiPlayObjFrameDraw(UINT16 idx, UINT8 enable)
 770           * @brief               pbMultiPlayObjFrameDraw
 771           * @param     [in] idx
 772           * @param     [in] enable
 773           * @retval      NONE
 774           * @see         NULL
 775           * @author    Tq.Zhang
 776           * @since     2010-5-5
 777           * @todo      N/A
 778           * @bug       N/A
 779          */
 780          #if STILL_LIB_PB_DMY
              void pbMultiPlayObjFrameDraw(UINT16 idx, UINT8 enable)
              {
                      idx=idx;
                      enable=enable;
              }
              #else
 787          void pbMultiPlayObjFrameDraw(UINT16 idx, UINT8 enable)
 788          {
 789   1              PBMultiImg_t xdata* pMpImgObj;
 790   1              UINT16 dispH, dispW;
 791   1              UINT16 decHeight, decWidth;
 792   1              UINT16 tmpX,tmpY;
C51 COMPILER V8.08   PB_MULTI                                                              12/31/2019 16:14:34 PAGE 14  

 793   1              UINT8 ratX,ratY;
 794   1              
 795   1              if (!idx) {
 796   2                      return;
 797   2              }
 798   1      
 799   1              //dispPnlDimGet(&dispH, &dispW);
 800   1              osdDispBuffSizeGet(&dispW, &dispH);
 801   1              pbDispQVSizeGet(&decWidth, &decHeight); //xian 20110214
 802   1              idx = idx % pbMpLayout.Max;
 803   1              if (!idx) {
 804   2                      idx = pbMpLayout.Max;
 805   2              }
 806   1              pMpImgObj = &pbMpObj[idx - 1];
 807   1              if (enable) {
 808   2                      tmpX=((idx-1)%pbMpLayout.HNum+1);
 809   2                      tmpY=((idx-1)/pbMpLayout.VNum+1);               
 810   2                      if(1==dispDevActGet()){//LCD
 811   3                              UINT16 tmpParaX=0;
 812   3                              UINT16 tmpParaY=0;
 813   3                              UINT16 panelH,panelV;
 814   3                              
 815   3                              dispPnlDimGet(&panelV, &panelH);
 816   3                              dispPnlAspectRatioGet(&ratX, &ratY);
 817   3                              if(panelH==400 &&panelV==240&& (4*ratY <3*ratX)){//txd3.0 16:9(400*240)
 818   4                                      dispW=260;
 819   4                                      dispH=240;
 820   4                                      tmpParaX =30+(12-6*tmpX);
 821   4                              }else if(panelH==960 &&panelV==240 && (4*ratY <3*ratX)){//txd2.7 UPS051 16:9(960*240)
 822   4                                      dispW=240;
 823   4                                      dispH=240;
 824   4                                      tmpParaX=40;
 825   4                              }else{ 
 826   4                                      if(panelH == 220 || panelV==176){//220*176    
 827   5                                              dispW=panelH+1;
 828   5                                              dispH=panelV+1; 
 829   5                                              tmpParaX =2-tmpX;
 830   5                                              tmpParaY =(tmpY==3)?(-1):0;
 831   5                                      }else{ //160*128
 832   5                                              dispW=panelH+1;
 833   5                                              dispH=panelV+2;
 834   5                                              //tmpParaX =(tmpX==2)?0:1;
 835   5                                              tmpParaY =(2-tmpY);
 836   5                                              if(tmpY==1)
 837   5                                              {
 838   6                                                      tmpParaY--;
 839   6                                              }
 840   5                                      }
 841   4                              }       
 842   3                              osdSelWinSet((UINT32)((UINT32)pMpImgObj->OffsetX * (UINT32)dispW) / (UINT32)decWidth+tmpParaX,
 843   3                                                      (UINT32)((UINT32)pMpImgObj->OffsetY * (UINT32)dispH) / (UINT32)decHeight+tmpParaY,
 844   3                                                      (UINT32)((UINT32)pMpImgObj->ImgWidth * (UINT32)dispW) / (UINT32)decWidth,
 845   3                                                      (UINT32)((UINT32)pMpImgObj->ImgHeight * (UINT32)dispH) / (UINT32)decHeight,
 846   3                                                      2,
 847   3                                                      0x3e
 848   3                              );
 849   3                      }else if(4==dispDevActGet()){//HDMI
 850   3                              osdSelWinSet((UINT32)((UINT32)(pMpImgObj->OffsetX +(90*tmpX))* (UINT32)dispW) / (UINT32)decWidth -49* (
             -tmpX-1),
 851   3                                                      (UINT32)((UINT32)(pMpImgObj->OffsetY -(16*tmpY))* (UINT32)dispH) / (UINT32)decHeight +10* (tmpY-1),
 852   3                                                      (UINT32)((UINT32)(pMpImgObj->ImgWidth - 40)* (UINT32)dispW) / (UINT32)decWidth ,
 853   3                                                      (UINT32)((UINT32)(pMpImgObj->ImgHeight +20)* (UINT32)dispH) / (UINT32)decHeight,
C51 COMPILER V8.08   PB_MULTI                                                              12/31/2019 16:14:34 PAGE 15  

 854   3                                                      2,
 855   3                                                      0x3e
 856   3                              );      
 857   3                      }else if(2==dispDevActGet()){//TV NTSC OUT
 858   3                              osdSelWinSet((UINT32)((UINT32)(pMpImgObj->OffsetX -(33*tmpX))* (UINT32)dispW) / (UINT32)decWidth +25* (
             -tmpX-1),
 859   3                                                      (UINT32)((UINT32)(pMpImgObj->OffsetY +(4*tmpY))* (UINT32)dispH) / (UINT32)decHeight -10* (tmpY-1),
 860   3                                                      (UINT32)((UINT32)(pMpImgObj->ImgWidth + 40 )* (UINT32)dispW) / (UINT32)decWidth ,
 861   3                                                      (UINT32)((UINT32)(pMpImgObj->ImgHeight +6)* (UINT32)dispH) / (UINT32)decHeight,
 862   3                                                      2,
 863   3                                                      0x3e
 864   3                              );      
 865   3                              
 866   3                      }else {//TV PAL OUT
 867   3                              osdSelWinSet((UINT32)((UINT32)(pMpImgObj->OffsetX -(25*tmpX))* (UINT32)dispW) / (UINT32)decWidth +16* (
             -tmpX-1),
 868   3                                                      (UINT32)((UINT32)(pMpImgObj->OffsetY -(56*tmpY))* (UINT32)dispH) / (UINT32)decHeight +35* (tmpY-1),
 869   3                                                      (UINT32)((UINT32)(pMpImgObj->ImgWidth + 40 )* (UINT32)dispW) / (UINT32)decWidth ,
 870   3                                                      (UINT32)((UINT32)(pMpImgObj->ImgHeight +44)* (UINT32)dispH) / (UINT32)decHeight,
 871   3                                                      2,
 872   3                                                      0x3e
 873   3                              );      
 874   3                              
 875   3                      }
 876   2              } else {
 877   2                      osdSelWinSet(-1, -1, -1, -1, 0, -1);
 878   2              }
 879   1      
 880   1              //printf("X %u, Y %u", pMpImgObj->OffsetX, pMpImgObj->OffsetY);
 881   1              osdRegUpdate();
 882   1      }
 883          #endif
 884          //-----------------------------------------------------------------------------
 885          //pbMultiPlayAudioBgDecode
 886          //-----------------------------------------------------------------------------
 887          /**
 888           * @fn          UINT8 pbMultiPlayAudioBgDecode(PBMultiImg_t* pTumbLayout)
 889           * @brief               pbMultiPlayAudioBgDecode
 890           * @param       pTumbLayout
 891           * @retval      SUCCESS / FAIL
 892           * @see         NONE
 893           * @author      Phil Lin
 894           * @since       2008-02-20
 895           * @todo                Something need to be done.
 896           * @bug         a bug need to be resolved.
 897          */
 898          #if (!STILL_LIB_PB_DMY)
 899          static UINT8 pbMultiPlayAudioBgDecode(PBMultiImg_t* pTumbLayout)
 900          {
 901   1              UINT8 status;
 902   1              UINT8 ret, sts;
 903   1              UINT32 BuffBtm = K_SDRAM_TotalSize - 256UL;
 904   1              UINT32 BuffTop = K_SDRAM_ImagePlaybackBufAddr;
 905   1              UINT32 ResSize;
 906   1              UINT32 SrcAddr, DstAddr;
 907   1              UINT16 decHeight, decWidth;
 908   1              UINT16 imgScaleFac;
 909   1              UINT16 srcWidth = 320;
 910   1              UINT16 srcHeight = 240;
 911   1              UINT32 size;
 912   1              //struct Exif_Decompress_Parameter MainImgPara;
 913   1              ExifImage_t mainImage;
C51 COMPILER V8.08   PB_MULTI                                                              12/31/2019 16:14:34 PAGE 16  

 914   1              UINT8 opt;
 915   1      
 916   1              if (!pTumbLayout) {
 917   2                      return FAIL;
 918   2              }
 919   1      
 920   1              //Load resource file
 921   1              ENTER_CRITICAL(status);
 922   1              sp1kNandRsvSizeGet(pbParam[PB_PARAM_AUDIO_RES_ID], NULL, &ResSize);
 923   1              SrcAddr = BuffBtm - ResSize;
 924   1              DstAddr = BuffTop;
 925   1              ret = sp1kNandRsvRead(pbParam[PB_PARAM_AUDIO_RES_ID], SrcAddr << 1);
 926   1              EXIT_CRITICAL(status);
 927   1              if (ret != TRUE) {
 928   2                      return FAIL;
 929   2              }
 930   1      
 931   1              //calculate scale fact
 932   1              imgScaleFac = 0x00;
 933   1              if (srcWidth > pTumbLayout->ImgWidth) {
 934   2                      while (((srcWidth >> 3) * ++imgScaleFac) <= pTumbLayout->ImgWidth);
 935   2                      imgScaleFac--;// decopress width < PB_DECODE_WIDTH
 936   2              }
 937   1      
 938   1              /* exif header parsing */
 939   1              sp1kNandRsvSizeGet(pbParam[PB_PARAM_AUDIO_RES_ID], NULL, &size);
 940   1              sts = exifParserStart(exifGetMainInfo, &mainImage, SrcAddr, size);
 941   1              //sts = exifParsingFile(SrcAddr, size, 0, NULL, &MainImgPara, NULL);
 942   1              if (sts != TRUE) {
 943   2                      //printf("exifParsingFile Fail\n");
 944   2                      return FAIL;
 945   2              }
 946   1              
 947   1              /* check YUV format and if the vlc data is at odd address */
 948   1              if (mainImage.dataType == K_File_DataType_YUV420) {
 949   2                      opt = 0x05;
 950   2              } else if (mainImage.dataType == K_File_DataType_YUV422) {
 951   2                      opt = 0x04;
 952   2              }
 953   1              if (exifVlcAtOdd) {
 954   2                      exifVlcAtOdd = 0;
 955   2                      opt |= 0x10;
 956   2              }
 957   1      
 958   1              /* image decode process */
 959   1              HAL_JpegDecode(
 960   1                                              mainImage.addr,
 961   1                                              mainImage.width,
 962   1                                              mainImage.height,
 963   1                                              DstAddr,
 964   1                                              imgScaleFac,
 965   1                                              opt,
 966   1                                              G_JpgRstMcuNum
 967   1              );
 968   1      
 969   1              //calculate destination size
 970   1              if (imgScaleFac) {
 971   2                      srcWidth = (((srcWidth * (UINT16)imgScaleFac) >> 3) + 7) &~7;
 972   2                      srcHeight = (srcHeight * (UINT16)imgScaleFac) >> 3;
 973   2              }
 974   1              SrcAddr = DstAddr;
 975   1      
C51 COMPILER V8.08   PB_MULTI                                                              12/31/2019 16:14:34 PAGE 17  

 976   1              //scale to fitted size
 977   1              HAL_GprmScale(
 978   1                                              SrcAddr,
 979   1                                              srcWidth, srcHeight,
 980   1                                              pbDispBuffGet(0),
 981   1                                              pTumbLayout->ImgWidth, pTumbLayout->ImgHeight,
 982   1                                              SrcAddr + (UINT32)srcWidth * (UINT32)srcHeight,
 983   1                                              1
 984   1              );
 985   1      
 986   1              //xian ++ 20080703
 987   1              if((pTumbLayout->pImgInfo.FileAttrib & 0x03) == 1){
 988   2                      pbDrawIconType(pbDispBuffGet(0),
 989   2                                                      pTumbLayout->ImgWidth, pTumbLayout->ImgHeight,
 990   2                                                      PB_PARAM_MT_LOCK,
 991   2                                                      pbDispBuffGet(0) + pTumbLayout->ImgWidth * pTumbLayout->ImgHeight);
 992   2              }
 993   1              //xian --
 994   1      
 995   1              //Copy to display buffer
 996   1              pbDispQVSizeGet(&decWidth, &decHeight); //xian 20110214
 997   1              HAL_GprmCopy(
 998   1                                              pbDispBuffGet(0),
 999   1                                              pTumbLayout->ImgWidth, pTumbLayout->ImgHeight,
1000   1                                              0, 0,
1001   1                                              pbDispBuffGet(1),
1002   1                                              decWidth, decHeight,
1003   1                                              pTumbLayout->OffsetX, pTumbLayout->OffsetY,
1004   1                                              pTumbLayout->ImgWidth, pTumbLayout->ImgHeight,
1005   1                                              0,
1006   1                                              1
1007   1              );
1008   1              multiPbPos[multiIndex].x0 =pTumbLayout->OffsetX;
1009   1              multiPbPos[multiIndex].y0 =pTumbLayout->OffsetY;
1010   1              multiPbPos[multiIndex].w =pTumbLayout->ImgWidth;
1011   1              multiPbPos[multiIndex].h =pTumbLayout->ImgHeight;
1012   1      
1013   1              //printf("thumx=%d,%d,%d,%d\n",pTumbLayout->OffsetX, pTumbLayout->OffsetY,pTumbLayout->ImgWidth, pTumbLay
             -out->ImgHeight);
1014   1      
1015   1              return SUCCESS;
1016   1      
1017   1      }
1018          
1019          //-----------------------------------------------------------------------------
1020          //pbMultiPlayVideoFrameDecode
1021          //-----------------------------------------------------------------------------
1022          /**
1023           * @brief               pbMultiPlayVideoFrameDecode
1024           * @param       pTumbLayout
1025           * @retval      SUCCESS / FAIL
1026           * @see         NONE
1027           * @author      Phil Lin
1028           * @since               2008-02-20
1029           * @todo                Something need to be done.
1030           * @bug         a bug need to be resolved.
1031          */
1032          
1033          static UINT8 pbMultiPlayVideoFrameDecode(PBMultiImg_t* pTumbLayout)
1034          {
1035   1              UINT16 FileIndex;  //xian ++ 20080703
1036   1              UINT32 backAddr = K_SDRAM_ImagePlaybackBufAddr;
C51 COMPILER V8.08   PB_MULTI                                                              12/31/2019 16:14:34 PAGE 18  

1037   1              UINT16 decWidth;
1038   1              UINT16 decHeight;
1039   1              UINT16 disWidth;
1040   1              UINT16 disHeight;
1041   1              UINT8 sts ;
1042   1              
1043   1              FileIndex = pTumbLayout->pImgInfo.FileIdx; 
1044   1              decWidth = pTumbLayout->ImgWidth;
1045   1              decHeight = pTumbLayout->ImgHeight;
1046   1              
1047   1              sts = pbVideoFrameDecode(FileIndex, decWidth, decHeight, backAddr, 1);    
1048   1              if(sts == SUCCESS){
1049   2                      pbDrawIconType(backAddr,
1050   2                                                      pTumbLayout->ImgWidth, pTumbLayout->ImgHeight,
1051   2                                                      PB_PARAM_MT_VIDEO,
1052   2                                                      backAddr + pTumbLayout->ImgWidth * pTumbLayout->ImgHeight);
1053   2                      if((pTumbLayout->pImgInfo.FileAttrib & 0x03) == 1){
1054   3                              pbDrawIconType(backAddr,
1055   3                                                              pTumbLayout->ImgWidth, pTumbLayout->ImgHeight,
1056   3                                                              PB_PARAM_MT_LOCK,
1057   3                                                              backAddr + pTumbLayout->ImgWidth * pTumbLayout->ImgHeight);
1058   3                      }
1059   2      
1060   2                      //Copy to display buffer
1061   2                      pbDispQVSizeGet(&disWidth, &disHeight);
1062   2                      HAL_GprmCopy(
1063   2                                                      backAddr,
1064   2                                                      pTumbLayout->ImgWidth, pTumbLayout->ImgHeight,
1065   2                                                      0, 0,
1066   2                                                      pbDispBuffGet(1),
1067   2                                                      disWidth, disHeight,
1068   2                                                      pTumbLayout->OffsetX, pTumbLayout->OffsetY,
1069   2                                                      pTumbLayout->ImgWidth, pTumbLayout->ImgHeight,
1070   2                                                      0,
1071   2                                                      1
1072   2                      );
1073   2                      multiPbPos[multiIndex].x0 =pTumbLayout->OffsetX;
1074   2                      multiPbPos[multiIndex].y0 =pTumbLayout->OffsetY;
1075   2                      multiPbPos[multiIndex].w =pTumbLayout->ImgWidth;
1076   2                      multiPbPos[multiIndex].h =pTumbLayout->ImgHeight;
1077   2      
1078   2                      //printf("thumx=%d,%d,%d,%d\n",pTumbLayout->OffsetX, pTumbLayout->OffsetY,pTumbLayout->ImgWidth, pTumbLa
             -yout->ImgHeight);
1079   2      
1080   2                      
1081   2              }
1082   1      
1083   1              return sts;
1084   1      }
1085          
1086          static UINT8 pbLoadIcon(UINT32 addr, UINT8 iconParId, pbIconInfo_t *iconInfo)
1087          {
1088   1              UINT8 ret = FALSE;
1089   1      
1090   1              if(!iconInfo || !addr)
1091   1                      return ret;
1092   1      
1093   1              switch(iconParId){
1094   2                      case PB_PARAM_MT_LOCK:
1095   2                      case PB_PARAM_MT_MEMO:
1096   2                      case PB_PARAM_MT_VIDEO:
1097   2                              break;
C51 COMPILER V8.08   PB_MULTI                                                              12/31/2019 16:14:34 PAGE 19  

1098   2                      default:
1099   2                              return ret;
1100   2              }
1101   1      
1102   1              iconInfo->resId = (UINT8)(pbParamGet(iconParId) & PB_PARAM_MT_RESID_MASK);
1103   1              iconInfo->aligFmt = (UINT8)((pbParamGet(iconParId) & PB_PARAM_MT_ALIG_MASK) >> 8);
1104   1              iconInfo->addr = addr;
1105   1              iconInfo->w = PB_MT_ICON_W;
1106   1              iconInfo->h = PB_MT_ICON_H;
1107   1      
1108   1              ret = sp1kNandRsvRead((UINT32)iconInfo->resId, (iconInfo->addr) << 1);
1109   1              return ret;
1110   1      }
1111          
1112          UINT8 pbDrawIconType(UINT32 imgBuf, UINT16 imgW, UINT16 imgH, UINT8 iconParId, UINT32 tmpBuf )
1113          {
1114   1              UINT8 ret;
1115   1              pbIconInfo_t icon;
1116   1              UINT16 offX, offY;
1117   1      
1118   1              //load
1119   1              ret = pbLoadIcon(tmpBuf, iconParId, &icon);
1120   1              if(ret == FALSE)
1121   1                      return ret;
1122   1      
1123   1              //offset
1124   1              offX = 0;       //default left and top
1125   1              offY = 0;
1126   1      
1127   1              if(icon.aligFmt & (UINT8)(PB_ICON_RIGHT >> 8)){
1128   2                      offX = imgW - icon.w - 1;
1129   2              }
1130   1              else if(icon.aligFmt & (UINT8)(PB_ICON_CENTER >> 8)){
1131   2                      offX = (imgW - icon.w) >> 1;
1132   2              }
1133   1      
1134   1              if(icon.aligFmt & (UINT8)(PB_ICON_BOTTOM >> 8)){
1135   2                      offY = imgH - icon.h - 1;
1136   2              }
1137   1              else if(icon.aligFmt & (UINT8)(PB_ICON_VCENTER >> 8)){
1138   2                      offY = (imgH - icon.h) >> 1;
1139   2              }
1140   1              offX &= ~1;
1141   1      
1142   1              //draw
1143   1              HAL_GprmCopy(
1144   1                                              icon.addr,
1145   1                                              icon.w, icon.h, 0, 0,
1146   1                                              imgBuf, imgW, imgH,     offX, offY,
1147   1                                              icon.w, icon.h,
1148   1                                              0x81,
1149   1                                              1
1150   1              );
1151   1      
1152   1      }
1153          
1154          static UINT8 pbMultiPlayError(UINT32 resId, PBMultiImg_t* pTumbLayout) USING_0
1155          {
1156   1              UINT16 decWidth, decHeight;
1157   1              UINT32 decAddr, tmpAddr;
1158   1              UINT32 bufAddr = K_SDRAM_ImagePlaybackGeneralBufAddr;
1159   1      
C51 COMPILER V8.08   PB_MULTI                                                              12/31/2019 16:14:34 PAGE 20  

1160   1              if(sp1kNandRsvRead(resId, bufAddr << 1)){
1161   2                      pbDispQVSizeGet(&decWidth, &decHeight);
1162   2      
1163   2                      decAddr = bufAddr + (UINT32)PB_FILE_ERROR_W * (UINT32)PB_FILE_ERROR_H;
1164   2                      tmpAddr = decAddr + (UINT32)PB_FILE_ERROR_W * (UINT32)PB_FILE_ERROR_H;
1165   2      
1166   2                      HAL_GprmScale(
1167   2                                                      bufAddr,
1168   2                                                      PB_FILE_ERROR_W, PB_FILE_ERROR_H,
1169   2                                                      decAddr,
1170   2                                                      pTumbLayout->ImgWidth, pTumbLayout->ImgHeight,
1171   2                                                      tmpAddr,
1172   2                                                      1
1173   2                      );
1174   2      
1175   2                      HAL_GprmCopy(
1176   2                                                      decAddr,
1177   2                                                      pTumbLayout->ImgWidth, pTumbLayout->ImgHeight, 0, 0,
1178   2                                                      pbDispBuffGet(1),
1179   2                                                      decWidth, decHeight, pTumbLayout->OffsetX, pTumbLayout->OffsetY,
1180   2                                                      pTumbLayout->ImgWidth, pTumbLayout->ImgHeight,
1181   2                                                      0,
1182   2                                                      1
1183   2                      );
1184   2              }
1185   1              return SUCCESS;
1186   1      }
1187          #endif
1188          
1189          multiPbSelWin_t * pbMultiPosGet(void)
1190          {
1191   1              return multiPbPos;
1192   1      }


MODULE INFORMATION:   STATIC OVERLAYABLE
   CODE SIZE        =   7453    ----
   CONSTANT SIZE    =     20    ----
   XDATA SIZE       =    566     547
   PDATA SIZE       =   ----    ----
   DATA SIZE        =   ----    ----
   IDATA SIZE       =   ----    ----
   BIT SIZE         =   ----    ----
   EDATA SIZE       =   ----    ----
   HDATA SIZE       =   ----    ----
   XDATA CONST SIZE =   ----    ----
   FAR CONST SIZE   =   ----    ----
END OF MODULE INFORMATION.


C51 COMPILATION COMPLETE.  0 WARNING(S),  0 ERROR(S)
