C51 COMPILER V8.08   PB_PHOTOFRAME                                                         12/31/2019 16:15:26 PAGE 1   


C51 COMPILER V8.08, COMPILATION OF MODULE PB_PHOTOFRAME
OBJECT MODULE PLACED IN .\obj\pb_photoFrame.obj
COMPILER INVOKED BY: e:\Keil\C51\BIN\C51.EXE pb_photoFrame.c LARGE OMF2 OPTIMIZE(9,SIZE) NOAREGS INCDIR(..\..\..\inc;..\
                    -..\..\inc\os;..\..\..\inc\hal;..\..\..\inc\middleware;..\..\..\inc\sp1k;..\..\..\..\host\inc\app;..\..\..\..\host\inc\cu
                    -stomization) DEFINE(LIB_RELEASE) PRINT(.\obj\pb_photoFrame.lst) OBJECT(.\obj\pb_photoFrame.obj)

line level    source

   1          /**************************************************************************
   2           *                 Copyright(c) 2010 by i-Catch Technology Co., Ltd.                      *
   3           *                                                                                                                                                *
   4           *      This software is copyrighted by and is the property of i-Catch Tech-  *
   5           *      nology Co., Ltd. All rights are reserved by i-Catch Technology Co.,   *
   6           *      Ltd. This software may only be used in accordance with the                        *
   7           *      corresponding license agreement. Any unauthorized use, duplication,   *
   8           *      distribution, or disclosure of this software is expressly forbidden.  *
   9           *                                                                                                                                                *
  10           *      This Copyright notice "M U S T" not be removed or modified without        *
  11           *      prior written consent of i-Catch Technology Co., Ltd.                             *
  12           *                                                                                                                                                *
  13           *      i-Catch Technology Co., Ltd. reserves the right to modify this            *
  14           *      software without notice.                                                                                          *
  15           *                                                                                                                                                *
  16           *      i-Catch Technology Co., Ltd.                                                                              *
  17           *      19-1, Innovation First Road, Science-Based Industrial Park,               *
  18           *      Hsin-Chu, Taiwan, R.O.C.                                                                                          *
  19           *                                                                                                                                                *
  20           *************************************************************************/
  21          
  22          /**
  23           * @file          pb_photoFrame.c
  24           * @brief         photoframe playback function
  25           * @author        tq.zhang
  26           * @since         2010-05-12
  27           * @date          2010-05-12
  28          */
  29          
  30          /**************************************************************************
  31           *                                                H E A D E R   F I L E S
  32           **************************************************************************/
  33          #include "general.h"
  34          #include "pb_photoFrame.h"
  35          #include "pb_api.h"
  36          #include "exif_def.h" // xl
  37          #include "Doslink.h"
  38          #include "initio.h"
  39          #include "pb_debug.h"
  40          #include "cardlink.h"
  41          #include "exiffunc.h"
  42          #include "sp1k_snap_api.h"
  43          #include "hal_jpeg.h"
  44          #include "disp_api.h"
  45          #include "util_api.h"
  46          #include "snap_qtable.h"
  47          #include "sp1k_rsvblk_api.h"
  48          #include "hal_gprm.h"
  49          #include "hal_dram.h"
  50          #include "vfs_api.h"
  51          #include "gprm.h"
  52          #include "Exif_entry.h"
  53          #include "spe_distort.h"
C51 COMPILER V8.08   PB_PHOTOFRAME                                                         12/31/2019 16:15:26 PAGE 2   

  54          #include "dbg_def.h"
  55          #include "utility.h"
  56          #include "dbg_mem.h"
  57          /**************************************************************************
  58           *                                                       C O N S T A N T S                                                        *
  59           **************************************************************************/
  60           #define __FILE __FILE_ID_PB_PHOTOFRAME__
  61          
  62          /**************************************************************************
  63           *                                                              M A C R O S                                                       *
  64           **************************************************************************/
  65          #if (!STILL_PHOTOFRAME_DMY)
  66          #define ROT_0 0x01
  67          #define ROT_90 0x06
  68          #define ROT_180 0x03
  69          #define ROT_270 0x08
  70          #define OrderToAddr(addr, offset)               ((addr) = ((addr) + ((offset) - 1)) &~ ((offset) - 1))
  71          
  72          
  73          /**************************************************************************
  74           *                                                      D A T A    T Y P E S                                              *
  75           **************************************************************************/
  76          
  77          /**************************************************************************
  78           *                                                 G L O B A L    D A T A                                                 *
  79           **************************************************************************/
  80          xdata UINT8 dmyX, dmyY;
  81          xdata UINT16 scaleChunk;
  82          xdata UINT8 g_pbDecAlignOpt = 0; //for distortion, 0: centor, 1 : top_left
  83          
  84          /**************************************************************************
  85           *                                 E X T E R N A L        R E F E R E N C E S                             *
  86           **************************************************************************/
  87          //extern xdata   UINT32  G_DOS_FileSize;
  88          extern PBFile_t xdata MediaInfo;
  89          //extern xdata UINT8 NeedReadMoreHeader;
  90          extern xdata UINT8 exifAppN;
  91          extern UINT8 xdata imgScaleFac;
  92          extern xdata UINT8 exifVlcAtOdd;
  93          extern xdata UINT16 G_JpgRstMcuNum;
  94          
  95          extern RECT16 g_pb_rec_RotOut;
  96          
  97          /**************************************************************************
  98           *                               F U N C T I O N        D E C L A R A T I O N S                           *
  99           **************************************************************************/
 100          UINT8 pbDecodePhotoFrameImage( UINT32 frameResIdx, UINT32 *decAddr, UINT32 endAddr, UINT16 *frameWidth, UI
             -NT16 *frameHeight );
 101          
 102          /**
 103           * @fn            UINT8 pbPhotoFrameView(UINT16 fileIndex, UINT32 frameResIdx)
 104           * @brief         playback photoframe image file
 105           * @param         [in] fileIndex : jpeg file index
 106           * @param         [in] frameResIdx : resource photoframe file index
 107           * @retval        return = SUCCESS / FAIL
 108           * @see           NULL
 109           * @author        Tq.Zhang
 110           * @since         2010-5-12
 111           * @todo          N/A
 112           * @bug           N/A
 113          */
 114          UINT8 pbPhotoFrameView(
C51 COMPILER V8.08   PB_PHOTOFRAME                                                         12/31/2019 16:15:26 PAGE 3   

 115                  UINT16 fileIndex,
 116                  UINT32 frameResIdx
 117          )
 118          {
 119   1              UINT8 ret = SUCCESS;
 120   1              UINT32 startAddr = K_SDRAM_ImagePlaybackBufAddr;
 121   1              UINT32 frameAddr, imageAddr;
 122   1              UINT16 decWidth = PB_DECODE_WIDTH, decHeight = PB_DECODE_HEIGHT;
 123   1              UINT16 imageWidth, imageHeight;
 124   1              UINT16 frameWidth = PB_DECODE_WIDTH, frameHeight = PB_DECODE_HEIGHT;
 125   1              UINT8 decOpt = PB_DECODE_OPT_QVGA;
 126   1              UINT16 fHandle = TRUE;
 127   1              UINT32 endAddr = K_SDRAM_TotalSize-256UL;
 128   1      
 129   1              UINT8 rotOpt,rot=0;
 130   1              UINT32 tmpAddr;//,imgAddr;
 131   1              UINT16 hOff=0,vOff=0,hSize=PB_DECODE_WIDTH,vSize=PB_DECODE_HEIGHT;
 132   1              UINT32 yDis= (UINT32)hSize*vSize+32;
 133   1              //read frame 2 buffer
 134   1              imageAddr=startAddr;
 135   1              OrderToAddr(imageAddr, 16);
 136   1              frameAddr = imageAddr+yDis;
 137   1              OrderToAddr(frameAddr, 16);
 138   1      
 139   1              pbDecodePhotoFrameImage( frameResIdx, &frameAddr, endAddr, &frameWidth, & frameHeight );
 140   1      
 141   1              tmpAddr=frameAddr + (UINT32)frameWidth*frameHeight;
 142   1              OrderToAddr(tmpAddr, 16);
 143   1              scaleChunk = 0x20;
 144   1              ret = pbDecodeImage(
 145   1                                              fileIndex, &imageAddr, endAddr, decOpt,
 146   1                                              &imageWidth, &imageHeight,
 147   1                                              &decWidth, &decHeight
 148   1                                              );
 149   1              if( ret == FAIL )
 150   1                      return ret;
 151   1              //combine
 152   1              pbPhotoFrameCombine(
 153   1                                                      imageAddr,//pbDispBuffGet( 1 ),
 154   1                                                      PB_DECODE_WIDTH, PB_DECODE_HEIGHT,
 155   1                                                      frameAddr, frameWidth, frameHeight
 156   1                                                      );
 157   1              rotOpt=pbParamGet(PB_PARAM_EXIF_ORIENT);
 158   1              //printf("rotOpt:%u\n",(UINT16)rotOpt);
 159   1              switch(rotOpt){
 160   2                      case ROT_180:
 161   2                              rot=3;
 162   2                              break;
 163   2                      case ROT_90:
 164   2                              rot=5;
 165   2                      break;
 166   2                      case ROT_270:
 167   2                              rot=6;
 168   2                      break;
 169   2              }
 170   1      
 171   1              //printf("rot:%u\n",(UINT16)rot);
 172   1              if(rot)
 173   1              {
 174   2                      HAL_GprmRot(
 175   2                              rot,
 176   2                              imageAddr,
C51 COMPILER V8.08   PB_PHOTOFRAME                                                         12/31/2019 16:15:26 PAGE 4   

 177   2                              frameAddr,
 178   2                              hSize,
 179   2                              vSize,
 180   2                              1);
 181   2      
 182   2              if(rot>3)
 183   2              {
 184   3                        hSize=(UINT32)PB_DECODE_HEIGHT*PB_DECODE_HEIGHT/PB_DECODE_WIDTH;
 185   3                OrderToAddr(hSize, 8);
 186   3                vSize=PB_DECODE_HEIGHT;
 187   3                hOff=(PB_DECODE_WIDTH-hSize)/2;
 188   3                vOff=0;
 189   3                HAL_GprmScale(
 190   3                                              frameAddr,
 191   3                                              decHeight,decWidth,
 192   3                                              tmpAddr,
 193   3                                              hSize, vSize,
 194   3                                              imageAddr,
 195   3                                              1
 196   3                                              );
 197   3                gprmBlackFill(imageAddr, PB_DECODE_WIDTH, PB_DECODE_HEIGHT);
 198   3                frameAddr=tmpAddr;
 199   3              }
 200   2              //printf("size:(%u,%u),off(%u,%u)\n",hSize,vSize,hOff,vOff);
 201   2      
 202   2              HAL_GprmCopy(
 203   2                      frameAddr,//UINT32 srcaddr,
 204   2                      hSize,//UINT16 srchsize,
 205   2                      vSize,//UINT16 srcvsize,
 206   2                      0,//UINT16 srchoft,
 207   2                      0,//UINT16 srcvoft,
 208   2                      imageAddr,//UINT32 dtnaddr,
 209   2                      PB_DECODE_WIDTH,//UINT16 dtnhsize,
 210   2                      PB_DECODE_HEIGHT,//UINT16 dtnvsize,
 211   2                      hOff,//UINT16 dtnhoft,
 212   2                      vOff,//UINT16 dtnvoft,
 213   2                      hSize,//UINT16 cphsize,
 214   2                      vSize,//UINT16 cpvsize,
 215   2                      0,//UINT16 pastethd,
 216   2                      1//UINT8 wait
 217   2                      );
 218   2              }
 219   1              pbDisplayImage( imageAddr, PB_DECODE_WIDTH, PB_DECODE_HEIGHT );
 220   1              return SUCCESS;
 221   1              }
 222          #endif
 223          /**
 224           * @fn            UINT8 pbPhotoFrameSave(UINT16 fileIndex, UINT32 frameResIdx)
 225           * @brief         save photoframe jpeg file
 226           * @param         [in] fileIndex : jpeg index
 227           * @param         [in] frameResIdx : resource photoframe index
 228           * @retval        return = SUCCESS / FAIL
 229           * @see           NULL
 230           * @author        Tq.Zhang
 231           * @since         2010-5-12
 232           * @todo          N/A
 233           * @bug           N/A
 234          */
 235          #if STILL_PHOTOFRAME_DMY
              UINT8 pbPhotoFrameSave(
                      UINT16 fileIndex,
                      UINT32 frameResIdx
C51 COMPILER V8.08   PB_PHOTOFRAME                                                         12/31/2019 16:15:26 PAGE 5   

              ) {
                      fileIndex=fileIndex;
                      frameResIdx=frameResIdx;
                      return SUCCESS;
              }
              #else
 245          UINT8 pbPhotoFrameSave(
 246                  UINT16 fileIndex,
 247                  UINT32 frameResIdx
 248          ) {
 249   1              UINT8 ret = SUCCESS;
 250   1              UINT32 startAddr = K_SDRAM_ImagePlaybackBufAddr;
 251   1              UINT16 decWidth = 0, decHeight = 0, imageWidth, imageHeight;
 252   1              UINT32 imageAddr, frameAddr;
 253   1              UINT16 frameWidth = 0, frameHeight = 0;
 254   1              UINT8 decOpt = PB_DECODE_OPT_FULL;
 255   1              UINT16 fHandle = TRUE;
 256   1              UINT32 endAddr = K_SDRAM_TotalSize-256UL;
 257   1      
 258   1              //read frame 2 buffer
 259   1              frameAddr = startAddr;
 260   1              pbDecodePhotoFrameImage( frameResIdx, &frameAddr, endAddr, &frameWidth, & frameHeight );
 261   1      
 262   1              scaleChunk = 0x20;
 263   1              imageAddr = frameAddr + (UINT32 )frameWidth * frameHeight;
 264   1              OrderToAddr( imageAddr, 16 );
 265   1              ret = pbDecodeImage(
 266   1                                              fileIndex, &imageAddr, endAddr, decOpt,
 267   1                                              &imageWidth, &imageHeight,
 268   1                                              &decWidth, &decHeight
 269   1                                              );
 270   1              if( ret == FAIL )
 271   1              return ret;
 272   1      
 273   1              //combine
 274   1              pbPhotoFrameCombine(
 275   1                                                      imageAddr, decWidth, decHeight,
 276   1                                                      frameAddr, frameWidth, frameHeight
 277   1                                                      );
 278   1      
 279   1              //encode
 280   1              pbEncodeImage(
 281   1                              imageAddr,
 282   1                              decWidth, decHeight,
 283   1                              //qvAddr,
 284   1                              imageWidth, imageHeight
 285   1                              );
 286   1      
 287   1              return ret;
 288   1              }
 289          #endif
 290          /**
 291           * @fn            UINT8 pbDecodePhotoFrameImage(UINT32 frameResIdx, UINT32 *decAddr, UINT32 endAddr, UINT16 *frame
             -Width, UINT16 *frameHeight)
 292           * @brief         decode PhotoFrame Image
 293           * @param         [in] frameResIdx : resource photoframe file index
 294           * @param         [in] decAddrWord : decode address
 295           * @param         [in] endAddrWord : decode end address
 296           * @param         [in] frameWidth : image width
 297           * @param         [in] frameHeight : image height
 298           * @retval        return = SUCCESS / FAIL
 299           * @see           NULL
C51 COMPILER V8.08   PB_PHOTOFRAME                                                         12/31/2019 16:15:26 PAGE 6   

 300           * @author        Tq.Zhang
 301           * @since         2010-5-12
 302           * @todo          N/A
 303           * @bug           N/A
 304          */
 305          #if STILL_PHOTOFRAME_DMY
              UINT8 pbDecodePhotoFrameImage( UINT32 frameResIdx, UINT32 *decAddrWord, UINT32 endAddrWord, UINT16 *frameW
             -idth, UINT16 *frameHeight )
              {
                      frameResIdx=frameResIdx;
                      decAddrWord=decAddrWord;
                      endAddrWord=endAddrWord;
                      frameWidth=frameWidth;
                      frameHeight =frameHeight;
                      return SUCCESS;
              }
              #else
 316          UINT8 pbDecodePhotoFrameImage( UINT32 frameResIdx, UINT32 *decAddrWord, UINT32 endAddrWord, UINT16 *frameW
             -idth, UINT16 *frameHeight )
 317          {
 318   1      //      struct Exif_Decompress_Parameter mainPara;
 319   1      //      struct Exif_Decompress_Parameter thumbPara;//xl
 320   1              ExifImage_t mainPara, thumbPara;
 321   1              UINT32 fileAddr, fileSize;
 322   1              UINT8 ret = FAIL, sts = TRUE;
 323   1      
 324   1              sp1kNandRsvSizeGet( frameResIdx, NULL, &fileSize );
 325   1              if( fileSize / 2 > endAddrWord - *decAddrWord )
 326   1                      return FAIL;
 327   1              fileAddr = endAddrWord - ( fileSize >> 1 ) - 256UL;
 328   1              //printf("idAddr = %lx, idSize = %lu\n", fileAddr, fileSize);
 329   1              OrderToAddr( fileAddr, 16 );
 330   1              sp1kNandRsvRead( frameResIdx, fileAddr << 1 );
 331   1      
 332   1              sts = exifParserStart(exifGetMainInfo, &mainPara, fileAddr, fileSize);
 333   1              sts = exifParserStart(exifGetThumbInfo, &thumbPara, fileAddr, fileSize);
 334   1      
 335   1              //sts = exifParsingFile(fileAddr, fileSize, 0, NULL, &mainPara, &thumbPara);
 336   1              if( sts != TRUE )
 337   1                      return FAIL;
 338   1              ret = pbDecodeImageData( &mainPara, decAddrWord, endAddrWord, frameWidth, frameHeight );
 339   1              return ret;
 340   1      }
 341          #endif
 342          /**
 343           * @fn            UINT8 pbDecodeImage(UINT16 fileIndex, UINT32 *decAddrWord, UINT32 endAddrWord, UINT8 decOpt, UIN
             -T16 *imageWidth, UINT16 *imageHeight, UINT16 *destWidth, UINT16 *destHeight)
 344           * @brief         decode image with photoframe
 345           * @param         [in] fileIndex : file index
 346           * @param         [in] decAddrWord : decode address
 347           * @param         [in] endAddrWord : end address
 348           * @param         [in] decOpt : QVGA/Thumbnail/Full
 349           * @param         [in] imageWidth
 350           * @param         [in] imageHeight
 351           * @param         [in] destWidth
 352           * @param         [in] destHeight
 353           * @retval        return = SUCCESS / FAIL
 354           * @see           NULL
 355           * @author        Tq.Zhang
 356           * @since         2010-5-12
 357           * @todo          N/A
 358           * @bug           N/A
C51 COMPILER V8.08   PB_PHOTOFRAME                                                         12/31/2019 16:15:26 PAGE 7   

 359          */
 360          #if STILL_PHOTOFRAME_DMY
              UINT8 pbDecodeImage(
                      UINT16 fileIndex,
                      UINT32 *decAddrWord,
                      UINT32 endAddrWord,
                      UINT8 decOpt,
                      UINT16 *imageWidth,
                      UINT16 *imageHeight,
                      UINT16 *destWidth,
                      UINT16 *destHeight
              ) {
                      fileIndex=fileIndex;
                      decAddrWord=decAddrWord;
                      endAddrWord=endAddrWord;
                      decOpt=decOpt;
                      imageWidth=imageWidth;
                      imageHeight=imageHeight;
                      destWidth=destWidth;
                      destHeight=destHeight;
                      return SUCCESS;
              }
              #else
 382          UINT8 pbDecodeImage(
 383                  UINT16 fileIndex,
 384                  UINT32 *decAddrWord,
 385                  UINT32 endAddrWord,
 386                  UINT8 decOpt,
 387                  UINT16 *imageWidth,
 388                  UINT16 *imageHeight,
 389                  UINT16 *destWidth,
 390                  UINT16 *destHeight
 391          ) {
 392   1              UINT8 ret = FAIL;
 393   1              PBFile_t *pFile = &MediaInfo;
 394   1              UINT32 fileAddr;
 395   1      
 396   1              ExifImage_t mainPara, qvPara, thumbPara;
 397   1              ExifImage_t* pImagePara;
 398   1              endAddrWord=endAddrWord;
 399   1              if( pbFileInfoGet( fileIndex, pFile ) != SUCCESS ) {
 400   2                      DBG_pbFuncTrack();
 401   2                      return FAIL;
 402   2              }
 403   1      
 404   1              fileAddr = pbEditFileLoad( pFile, &mainPara, &thumbPara, &qvPara );
 405   1              if(!fileAddr){
 406   2                      return FAIL;
 407   2              }
 408   1              if( ( decOpt & PB_DECODE_OPT_QVGA ) && exifAppN/*1: has Qv*/  ) {
 409   2                      jpegQTableSet(85, NULL, NULL, 1);
 410   2                      pImagePara = &qvPara;
 411   2              }
 412   1              else if( decOpt & PB_DECODE_OPT_THUMB ) {
 413   2                      pImagePara = &thumbPara;
 414   2              }
 415   1              else {
 416   2                      pImagePara = &mainPara;
 417   2              }
 418   1              *imageWidth = pImagePara->width;
 419   1              *imageHeight = pImagePara->height;
 420   1              ret = pbDecodeImageData( pImagePara, decAddrWord, fileAddr, destWidth, destHeight );
C51 COMPILER V8.08   PB_PHOTOFRAME                                                         12/31/2019 16:15:26 PAGE 8   

 421   1              return ret;
 422   1      }
 423          #endif
 424          /**
 425           * @fn            UINT8 pbDecodeImageData(Exif_Decompress_Parameter* imagePara, UINT32 *decAddrWord, UINT32 endAdd
             -rWord, UINT16 *destWidth, UINT16 *destHeight)
 426           * @brief         decode image and do move it to center
 427           * @param         [in] imagePara
 428           * @param         [in] decAddrWord
 429           * @param         [in] endAddrWord
 430           * @param         [in] destWidth
 431           * @param         [in] destHeight
 432           * @retval        return = SUCCESS / FAIL
 433           * @see           NULL
 434           * @author        Tq.Zhang
 435           * @since         2010-5-12
 436           * @todo          N/A
 437           * @bug           N/A
 438          */
 439          #if (!STILL_PHOTOFRAME_DMY) //app not used
 440          UINT8 pbDecodeImageData(
 441                  ExifImage_t* imagePara,
 442                  UINT32 *decAddrWord,
 443                  UINT32 endAddrWord,
 444                  UINT16 *destWidth,
 445                  UINT16 *destHeight
 446          ) {
 447   1              UINT8 ret = SUCCESS;
 448   1              UINT8 opt;
 449   1              UINT16 srcWidth, srcHeight;
 450   1              UINT16 decWidth = *destWidth, decHeight = *destHeight;
 451   1              UINT16 MCURstNo = G_JpgRstMcuNum;
 452   1              //      UINT32 dramEndAddr = endAddr;
 453   1      
 454   1              dmyX = 0; dmyY = 0;
 455   1              if (imagePara->dataType == K_File_DataType_YUV420) {
 456   2                      opt = 0x05;
 457   2      //              exifFileFormat = 0x01;   //set it here for save file after photoFrame combined
 458   2              } else if (imagePara->dataType == K_File_DataType_YUV422) {
 459   2                      opt = 0x04;
 460   2      //              exifFileFormat = 0x00;
 461   2              } else {
 462   2                      return FAIL;
 463   2              }
 464   1      
 465   1              if( ( imagePara->width & 0x000f ) != 0x00 ) {
 466   2                      OrderToAddr( srcWidth, 16 );
 467   2              } else {
 468   2                      srcWidth = imagePara->width;
 469   2              }
 470   1              srcHeight = imagePara->height;
 471   1              imgScaleFac = pbCalImageScalFac4PhotoFrame( endAddrWord - *decAddrWord, srcWidth, srcHeight, &decWidth, &
             -decHeight );
 472   1              //printf( "imgScaleFac: %bu\n", imgScaleFac );
 473   1              if(imgScaleFac == -1)
 474   1              {
 475   2                      return FAIL;
 476   2              }
 477   1              //calculate the dmy first for judge if need move decAddr forward for moving image buffer to center.
 478   1              if( imgScaleFac ) {
 479   2                      dmyX = ( ( srcWidth * ( UINT16 )imgScaleFac ) >> 3 ) & 7;
 480   2                      dmyY = ( ( srcHeight * ( UINT16 )imgScaleFac ) >> 3 ) & 7;
C51 COMPILER V8.08   PB_PHOTOFRAME                                                         12/31/2019 16:15:26 PAGE 9   

 481   2                      if( dmyX )
 482   2                              dmyX = 8 - dmyX;
 483   2                      if( dmyY )
 484   2                              dmyY = 8 - dmyY;
 485   2              }
 486   1              //end
 487   1              //move dec buffer forward.
 488   1              if( (dmyX != 0 || dmyY != 0) && scaleChunk ) {
 489   2                      gprmBlackFill( *decAddrWord, srcWidth, 2 * scaleChunk );
 490   2                      *decAddrWord += 2 * ( UINT32 )scaleChunk * ( ( ( ( srcWidth * ( UINT16 )imgScaleFac ) >> 3 ) + 7 ) & ~7 
             -);
 491   2              }
 492   1              //printf( "exifVlcAtOdd: %bu, opt:%bu, vlcAddr:x%lx\n", exifVlcAtOdd, opt, imagePara->addr);
 493   1      
 494   1              //fill the decode buffer first
 495   1              gprmBlackFill( *decAddrWord, ( decWidth + 7 ) & ~7, ( decHeight + 7 ) & ~7 );
 496   1      
 497   1              if( exifVlcAtOdd == 0 ) {
 498   2                      ret = HAL_JpegDecode(imagePara->addr, srcWidth, srcHeight, *decAddrWord, imgScaleFac, opt, MCURstNo);
 499   2              }
 500   1              else {
 501   2                      ret = HAL_JpegDecode(imagePara->addr, srcWidth, srcHeight, *decAddrWord, imgScaleFac, ( opt | 0x10 ), MC
             -URstNo);
 502   2              }
 503   1              exifVlcAtOdd = 0;
 504   1              if( imgScaleFac ) {
 505   2                      srcWidth = ( ( ( srcWidth * ( UINT16 )imgScaleFac ) >> 3 ) + 7 ) & ~7;
 506   2                      srcHeight = ( ( ( srcHeight * ( UINT16 )imgScaleFac ) >> 3 ) + 7 ) & ~7;
 507   2              }
 508   1              *destWidth = srcWidth;
 509   1              *destHeight = srcHeight;
 510   1      
 511   1              //printf("dmyX: %bu, dmyY: %bu, (%u,%u)\n", dmyX, dmyY, srcWidth, srcHeight);
 512   1              dmyX = (dmyX + 3) & ~3; // gprm cpy should 2n alignment, 4n for offset
 513   1              dmyY = (dmyY + 3) & ~3;
 514   1      
 515   1              if(g_pbDecAlignOpt == 1){ // top_left
 516   2                      g_pb_rec_RotOut.hOff=0;
 517   2                      g_pb_rec_RotOut.vOff=0;
 518   2                      g_pb_rec_RotOut.hSize=srcWidth - dmyX; // buffer shoud be 8 align
 519   2                      g_pb_rec_RotOut.vSize=srcHeight - dmyY;
 520   2              }
 521   1              else{ // move to center
 522   2                      g_pb_rec_RotOut.hOff=dmyX>>1;
 523   2                      g_pb_rec_RotOut.vOff=dmyY>>1;
 524   2                      g_pb_rec_RotOut.hSize=srcWidth - dmyX;
 525   2                      g_pb_rec_RotOut.vSize=srcHeight - dmyY;
 526   2              }
 527   1      
 528   1              if( dmyX == 0 && dmyY == 0 || g_pbDecAlignOpt == 1 ) { // or dec to top_left
 529   2                      return SUCCESS;
 530   2              }else {
 531   2                      *decAddrWord = pbMoveImage2Center( *decAddrWord, endAddrWord, srcWidth, srcHeight, dmyX, dmyY );
 532   2              }
 533   1      
 534   1              return SUCCESS;
 535   1      }
 536          
 537          /**
 538           * @fn            UINT8 pbCalImageScalFac4PhotoFrame(UINT32 bufSize, UINT16 srcWidth, UINT16 srcHeight, UINT16 *de
             -stWidth, UINT16 *destHeight)
 539           * @brief         calculate scale factor and destination width/height
C51 COMPILER V8.08   PB_PHOTOFRAME                                                         12/31/2019 16:15:26 PAGE 10  

 540           * @param         [in] bufSize
 541           * @param         [in] srcWidth
 542           * @param         [in] srcHeight
 543           * @param         [in] destWidth
 544           * @param         [in] destHeight
 545           * @retval        return = SUCCESS / FAIL
 546           * @see           NULL
 547           * @author        Tq.Zhang
 548           * @since         2010-5-12
 549           * @todo          N/A
 550           * @bug           N/A
 551          */
 552          UINT8 pbCalImageScalFac4PhotoFrame(
 553                  UINT32 bufSize,
 554                  UINT16 srcWidth,
 555                  UINT16 srcHeight,
 556                  UINT16 *destWidth,
 557                  UINT16 *destHeight
 558          ) {
 559   1              UINT8 imageScaleFac = 0x08;
 560   1              UINT16 orgWidth = srcWidth, orgHeight = srcHeight;
 561   1              UINT32 orgbufSize = speBuffSizeGet();
 562   1      
 563   1              if(( UINT32 )srcWidth * srcHeight < 0x400000L)
 564   1              {
 565   2                      orgbufSize -= 0x40000;
 566   2              }
 567   1              if(bufSize >= orgbufSize) //xian ++ 20090806 #38570
 568   1              {
 569   2                      printf("bufsize by host\n");
 570   2                      bufSize = orgbufSize;
 571   2      
 572   2              }
 573   1              printf("bufsize=0x%lx\n",bufSize);
 574   1      
 575   1              if( ( UINT32 )srcWidth * srcHeight > bufSize )
 576   1              {
 577   2                      while( ( UINT32 )( ( srcWidth >> 3 ) * --imageScaleFac ) *      ( ( srcHeight >> 3 ) * imageScaleFac ) > bufS
             -ize );
 578   2                      if( imageScaleFac == 0 )
 579   2                      {
 580   3                              ASSERT(0, 1);
 581   3                              imageScaleFac=-1;
 582   3                              printf("buf isn't enough\n");
 583   3                      }
 584   2              }
 585   1              else
 586   1              {
 587   2      
 588   2                      imageScaleFac = 0;
 589   2              }
 590   1              //printf("imagescalefac=%bu\n",imageScaleFac);
 591   1              //added by zengping 08/10/06
 592   1              if( *destWidth != 0 )
 593   1              {
 594   2                       if(imageScaleFac == 0 || ( imageScaleFac != 0 && ( ( UINT16 )( srcWidth * ( UINT16 )imageScaleFac >> 3 
             -) >  *destWidth ) ) )
 595   2                       {
 596   3                              imageScaleFac = ( *destWidth << 3 ) / srcWidth;
 597   3                              if( srcWidth == ( *destWidth << 8 ) / imageScaleFac )
 598   3                              {
 599   4                                      return imageScaleFac;
C51 COMPILER V8.08   PB_PHOTOFRAME                                                         12/31/2019 16:15:26 PAGE 11  

 600   4                              }
 601   3      
 602   3                      }
 603   2              }
 604   1              //end
 605   1      
 606   1              if( imageScaleFac ) {
 607   2                      *destWidth = srcWidth * ( UINT16 )imageScaleFac >> 3;
 608   2                      *destHeight = srcHeight * ( UINT16 )imageScaleFac >> 3;
 609   2              } else {
 610   2                      *destWidth = srcWidth;
 611   2                      *destHeight = srcHeight;
 612   2              }
 613   1              //printf("width=%d,height=%d\n",*destWidth,*destHeight);
 614   1              return imageScaleFac;
 615   1      }
 616          
 617          /**
 618           * @fn            UINT32 pbMoveImage2Center(UINT32 startAddrWord, UINT32 freeEndAddrWord, UINT16 width, UINT16 hei
             -ght, UINT8 dmyX, UINT8 dmyY)
 619           * @brief         move image to center
 620           * @param         [in] startAddrWord
 621           * @param         [in] freeEndAddrWord
 622           * @param         [in] width
 623           * @param         [in] height
 624           * @param         [in] dmyX
 625           * @param         [in] dmyY
 626           * @retval        return = SUCCESS / FAIL
 627           * @see           NULL
 628           * @author        Tq.Zhang
 629           * @since         2010-5-12
 630           * @todo          N/A
 631           * @bug           N/A
 632          */
 633          UINT32 pbMoveImage2Center(
 634                  UINT32 startAddrWord,
 635                  UINT32 freeEndAddrWord,
 636                  UINT16 width,
 637                  UINT16 height,
 638                  UINT8 dmyX,
 639                  UINT8 dmyY
 640          ) {
 641   1              UINT32 copyBufAddr;
 642   1              UINT16 tmpOftH = 0, tmpBlkH;
 643   1              UINT8 dtnvoft;
 644   1      
 645   1              copyBufAddr = startAddrWord + ( UINT32 )width * ( UINT32 )height;
 646   1              if( copyBufAddr + ( UINT32 )width * ( UINT32 )height < freeEndAddrWord ) {
 647   2                      //move the whole buf directly
 648   2      
 649   2                      //fill the copy buffer first
 650   2                      gprmBlackFill( copyBufAddr, width, height );
 651   2      
 652   2                      HAL_GprmCopy( startAddrWord, width, height, 0, 0,
 653   2                                                      copyBufAddr, width, height, ( dmyX >> 1 ) & ~0x01, ( dmyY >> 1 ) & ~0x01,
 654   2                                                      width - dmyX, height - dmyY, 0, 1 );
 655   2              } else {
 656   2                      //buf is not enough, only move partial one time.
 657   2                      copyBufAddr = startAddrWord - 2 * ( UINT32 )scaleChunk * width;  //move forward 2 * chunk, becasue temp 
             -buf for photoFrame is 2 * chunk
 658   2                      copyBufAddr = ( copyBufAddr + 0x0f ) & ~0x0f;
 659   2                      dtnvoft = ( dmyY >> 1 ) & ~0x01;
C51 COMPILER V8.08   PB_PHOTOFRAME                                                         12/31/2019 16:15:26 PAGE 12  

 660   2                      while( tmpOftH < height ) {
 661   3                              tmpBlkH = height - tmpOftH < scaleChunk ? ( height - tmpOftH ) : scaleChunk;
 662   3                              gprmBlackFill( copyBufAddr + ( ( UINT32 )dtnvoft + tmpOftH ) * width, width, tmpBlkH );
 663   3      
 664   3                              HAL_GprmCopy( startAddrWord + ( UINT32 )tmpOftH * width, width, tmpBlkH, 0, 0,
 665   3                                                              copyBufAddr + ( ( UINT32 )dtnvoft + tmpOftH ) * width, width, tmpBlkH,
 666   3                                                              ( dmyX >> 1 ) & ~0x01, 0, width - dmyX, tmpBlkH,
 667   3                                                              0, 1 );
 668   3                              tmpOftH += tmpBlkH;
 669   3                      }
 670   2              }
 671   1              return copyBufAddr;
 672   1      }
 673          
 674          /**
 675           * @fn            void pbDisplayImage(UINT32 imageBufAddr, UINT16 imageWidth, UINT16 imageHeight)
 676           * @brief         display playback image
 677           * @param         [in] imageBufAddrWord
 678           * @param         [in] imageWidth
 679           * @param         [in] imageHeight
 680           * @retval        NONE
 681           * @see           NULL
 682           * @author        Tq.Zhang
 683           * @since         2010-5-12
 684           * @todo          N/A
 685           * @bug           N/A
 686          */
 687          void pbDisplayImage(
 688                  UINT32 imageBufAddrWord,
 689                  UINT16 imageWidth,
 690                  UINT16 imageHeight
 691          ) {
 692   1              const UINT16 dispWidth = PB_DECODE_WIDTH;
 693   1              const UINT16 dispHeight = PB_DECODE_HEIGHT;
 694   1              const UINT32 startAddr = K_SDRAM_ImagePlaybackBufAddr;
 695   1              const UINT32 endAddr = K_SDRAM_TotalSize;
 696   1              UINT32 tempBufAddr = imageBufAddrWord + ( UINT32 )imageWidth * imageHeight;
 697   1      
 698   1              OrderToAddr( tempBufAddr, 16 );
 699   1              if( tempBufAddr > endAddr ) {
 700   2                      tempBufAddr = imageBufAddrWord - 32 * 2 * imageWidth;
 701   2                      tempBufAddr = tempBufAddr & ~15;
 702   2                      if( tempBufAddr < startAddr ) {
 703   3                              //printf( "out of memory!\n" );
 704   3                              return;
 705   3                      }
 706   2              }
 707   1      
 708   1              pbDispBuffSwitch();
 709   1      
 710   1              HAL_GprmScale( imageBufAddrWord, imageWidth, imageHeight,
 711   1                                              pbDispBuffGet( 1 ), dispWidth, dispHeight,
 712   1                                              tempBufAddr, 1 );
 713   1              dispShow(pbDispBuffGet(1), dispWidth, dispHeight, 100);
 714   1      }
 715          
 716          /**
 717           * @fn            void pbPhotoFrameCombine(UINT32 imageBufAddrWord, UINT16 imageWidth, UINT16 imageHeight, UINT32 
             -frameBufAddrWord, UINT16 frameWidth, UINT16 frameHeight)
 718           * @brief         combine photoframe and jpeg file
 719           * @param         [in] imageBufAddrWord
 720           * @param         [in] imageWidth
C51 COMPILER V8.08   PB_PHOTOFRAME                                                         12/31/2019 16:15:26 PAGE 13  

 721           * @param         [in] imageHeight
 722           * @param         [in] frameBufAddrWord
 723           * @param         [in] frameWidth
 724           * @param         [in] frameHeight
 725           * @retval        NONE
 726           * @see           NULL
 727           * @author        Tq.Zhang
 728           * @since         2010-5-12
 729           * @todo          N/A
 730           * @bug           N/A
 731          */
 732          void pbPhotoFrameCombine(
 733                  UINT32 imageBufAddrWord,
 734                  UINT16 imageWidth,
 735                  UINT16 imageHeight,
 736                  UINT32 frameBufAddrWord,
 737                  UINT16 frameWidth,
 738                  UINT16 frameHeight
 739          ) {
 740   1              UINT32 tempAddr, yuvAddr;
 741   1              UINT16 overlap, idx;
 742   1              UINT16 width, height;
 743   1              UINT16 dtnvoft, blkHeight, tmpvoft;
 744   1      
 745   1              if( imageWidth < frameWidth ) {
 746   2                      //yuvAddr = imageBufAddr + ( UINT32 )frameWidth * frameHeight;
 747   2                      yuvAddr = frameBufAddrWord;
 748   2                      OrderToAddr( yuvAddr , 16 );
 749   2                      HAL_GprmScale(frameBufAddrWord, frameWidth, frameHeight,
 750   2                                                      yuvAddr, imageWidth, imageHeight,
 751   2                                                      frameBufAddrWord, 1);
 752   2                      frameWidth = imageWidth;
 753   2                      frameHeight = imageHeight;
 754   2                      frameBufAddrWord = yuvAddr;
 755   2              }
 756   1              if( imageWidth == frameWidth && imageHeight == frameHeight ) {
 757   2                      HAL_GprmCopy( frameBufAddrWord, frameWidth, frameHeight, 0, 0,
 758   2                                                      imageBufAddrWord, imageWidth, imageHeight, 0, 0,
 759   2                                                      imageWidth, imageHeight, ( UINT16 )0x80 + 0x10, 1 );
 760   2              } else {
 761   2                      width = imageWidth - dmyX;
 762   2                      height = imageHeight - dmyY;
 763   2                      gprmPartialVScaleInit( frameWidth, frameHeight, width,
 764   2                                                              height , scaleChunk );
 765   2                      yuvAddr = imageBufAddrWord + ( UINT32 )( imageWidth + 32 ) * imageHeight;
 766   2                      yuvAddr = ( yuvAddr + 15 ) & ~15;
 767   2                      tempAddr = yuvAddr + 2 * ( UINT32 )scaleChunk * width;
 768   2                      tempAddr = ( tempAddr + 15 ) & ~15;
 769   2      
 770   2                      dtnvoft = ( dmyY + 1 ) >> 1;
 771   2                      tmpvoft = 0;
 772   2                      idx = 0;
 773   2                      while( tmpvoft < height ) {
 774   3                              blkHeight = ( tmpvoft + scaleChunk ) < height ? scaleChunk : ( height - tmpvoft );
 775   3                              gprmPartialVScale( frameBufAddrWord, yuvAddr, tempAddr, idx++, &overlap );
 776   3                              HAL_GprmCopy( yuvAddr + ( UINT32 )overlap * width, width, blkHeight, 0, 0,
 777   3                                                              imageBufAddrWord, imageWidth, height,
 778   3                                                              ( dmyX + 1 ) >> 1, dtnvoft + tmpvoft, width, blkHeight,
 779   3                                                              ( UINT16 )0x80 + 0x10, 1 );
 780   3                              tmpvoft += blkHeight;
 781   3                      }
 782   2              }
C51 COMPILER V8.08   PB_PHOTOFRAME                                                         12/31/2019 16:15:26 PAGE 14  

 783   1      }
 784          #endif
 785          /**
 786           * @fn            void pbEncodeImage(UINT32 mainImageAddr, UINT16 width, UINT16 height, UINT16 destWidth, UINT16 d
             -estHeight)
 787           * @brief         encode jpeg image which including photoframe
 788           * @param         [in] mainImageAddrWord
 789           * @param         [in] width
 790           * @param         [in] height
 791           * @param         [in] destWidth
 792           * @param         [in] destHeight
 793           * @retval        NONE
 794           * @see           NULL
 795           * @author        Tq.Zhang
 796           * @since         2010-5-12
 797           * @todo          N/A
 798           * @bug           N/A
 799          */
 800          #if STILL_PHOTOFRAME_DMY //spe used
              void pbEncodeImage(
                      UINT32 mainImageAddrWord,
                      UINT16 width,
                      UINT16 height,
                      UINT16 destWidth,
                      UINT16 destHeight
              ) {
                      mainImageAddrWord=mainImageAddrWord;
                      width=width;
                      height=height;
                      destWidth=destWidth;
                      destHeight=destHeight;
              }
              #else
 815          void pbEncodeImage(
 816                  UINT32 mainImageAddrWord,
 817                  UINT16 width,
 818                  UINT16 height,
 819                  UINT16 destWidth,
 820                  UINT16 destHeight
 821          ) {
 822   1              UINT32 dramEndAddr = K_SDRAM_TotalSize - 256UL;//512 Bytes reserved for DMA
 823   1              UINT32 startAddr = K_SDRAM_ImagePlaybackBufAddr;
 824   1              UINT32 imageAddr, vlcAddr, qvAddr, tempAddr, hdrAddr, hdrSize;
 825   1              UINT32 qvWidth = PB_DECODE_WIDTH, qvHeight = PB_DECODE_HEIGHT;
 826   1              UINT32 vlcSize, size;
 827   1              UINT32 imgHeaderSize = 64UL * 1024UL;
 828   1              const UINT16 thumbWidth = 160, thumbHeight = 120;
 829   1              UINT32 qvTempAddr;
 830   1              exifJpgFileInfo_t jpgExifInfo;
 831   1      
 832   1              jpgExifInfo.fileFormat = 0x00;
 833   1              //encode MainImage
 834   1              imageAddr = pbEditImgMoveBufEnd( mainImageAddrWord, width, height, dramEndAddr );
 835   1              vlcAddr = startAddr + imgHeaderSize;
 836   1      
 837   1              jpgExifInfo.mainQidx = 90;
 838   1              jpegQTableSet(90, NULL, NULL, 1);
 839   1              HAL_JpgZFactorSet( 100, 100, width, height, destWidth, destHeight, 0x00 );
 840   1      
 841   1              HAL_JpegEncode( imageAddr, vlcAddr, 0, ( 0x20 | jpgExifInfo.fileFormat), 1 );
 842   1              HAL_JpegReadEncodeSize( &vlcSize );
 843   1              jpgExifInfo.mainWidth = destWidth;
C51 COMPILER V8.08   PB_PHOTOFRAME                                                         12/31/2019 16:15:26 PAGE 15  

 844   1              jpgExifInfo.mainHeight = destHeight;
 845   1      
 846   1              if(destWidth*3L>destHeight*4L)///16:9
 847   1              {
 848   2                      //printf("w=%u,h=%u\n",width,height);
 849   2                      qvTempAddr=imageAddr-PB_DECODE_WIDTH*PB_DECODE_HEIGHT;
 850   2                      gprmBlackFill(qvTempAddr, PB_DECODE_WIDTH, PB_DECODE_HEIGHT);
 851   2                      HAL_GprmScale( imageAddr, width, height,
 852   2                      qvTempAddr+PB_DECODE_WIDTH*30L, PB_DECODE_WIDTH, 180,
 853   2                      imageAddr, 1 );
 854   2                      HAL_GprmCopy(qvTempAddr,PB_DECODE_WIDTH,PB_DECODE_HEIGHT,0,0,
 855   2                                                      imageAddr,PB_DECODE_WIDTH,PB_DECODE_HEIGHT,0,0,
 856   2                                                      PB_DECODE_WIDTH,PB_DECODE_HEIGHT,0,1
 857   2                                                      );
 858   2      
 859   2              }
 860   1              else
 861   1              {
 862   2                      HAL_GprmScale( imageAddr, width, height,
 863   2                      imageAddr, PB_DECODE_WIDTH, PB_DECODE_HEIGHT,
 864   2                      imageAddr, 1 );
 865   2      
 866   2              }
 867   1              //encode QVGA
 868   1              jpgExifInfo.qvQidx = 85;
 869   1              jpegQTableSet(85, NULL, NULL, 1);
 870   1              HAL_JpgZFactorSet( 100, 100, qvWidth, qvHeight, PB_DECODE_WIDTH, PB_DECODE_HEIGHT, 0x00 );
 871   1      
 872   1              qvAddr = vlcAddr + ( ( vlcSize + 1 ) >> 1 );
 873   1              HAL_JpegEncode( imageAddr, qvAddr, 0, ( 0x20 | jpgExifInfo.fileFormat), 1 );
 874   1              HAL_JpegReadEncodeSize( &size );
 875   1              jpgExifInfo.qvVlcAddrW = qvAddr;
 876   1              jpgExifInfo.qvSize = size;
 877   1              jpgExifInfo.qvWidth = PB_DECODE_WIDTH;
 878   1              jpgExifInfo.qvHeight = PB_DECODE_HEIGHT;
 879   1      
 880   1              //encode Thumb
 881   1              //scale down from qv to thumb
 882   1              tempAddr = dramEndAddr - ( UINT32 )PB_DECODE_WIDTH * PB_DECODE_HEIGHT;
 883   1              tempAddr = tempAddr & ~7;
 884   1              HAL_GprmScale( imageAddr, qvWidth, qvHeight,
 885   1              imageAddr, thumbWidth, thumbHeight,
 886   1              tempAddr, 1 );
 887   1      
 888   1              jpgExifInfo.thbQidx = 85;
 889   1              jpegQTableSet(85, NULL, NULL, 1);
 890   1              HAL_JpgZFactorSet( 100, 100, thumbWidth, thumbHeight, thumbWidth, thumbHeight, 0x00 );
 891   1      
 892   1              qvAddr = qvAddr + ( ( size + 1 ) >> 1 );
 893   1              HAL_JpegEncode( imageAddr, qvAddr, 0, ( 0x20 | jpgExifInfo.fileFormat), 1 );
 894   1              HAL_JpegReadEncodeSize( &size );
 895   1              jpgExifInfo.thbVlcAddr = qvAddr;
 896   1              jpgExifInfo.thbSize = size;
 897   1              jpgExifInfo.thbWidth = thumbWidth;
 898   1              jpgExifInfo.thbHeight = thumbHeight;
 899   1              jpgExifInfo.thbSize = size;
 900   1      
 901   1      
 902   1              //Make File
 903   1              hdrAddr = qvAddr + ( UINT32 )((( size + 1 ) >> 1 ) + 15 ) & ~15;
 904   1              if( hdrAddr + imgHeaderSize < dramEndAddr ) {
 905   2                      //EXIFHDR_Initialize_AllExifHeader(hdrAddr);
C51 COMPILER V8.08   PB_PHOTOFRAME                                                         12/31/2019 16:15:26 PAGE 16  

 906   2                      //hdrSize = EXIFHDR_LoadExifHeader( vlcAddr, hdrAddr, tmbVlcSize );
 907   2                      //new exif lib
 908   2                      jpgExifInfo.mainVlcAddrW = vlcAddr;
 909   2                      jpgExifInfo.rotOpt = pbRotModeGet(2);
 910   2                      jpgExifInfo.dbgInfoAddr = 0;
 911   2                      hdrSize = exifCreateFile(&jpgExifInfo);
 912   2                      pbEditFileMake(vlcAddr - (hdrSize >> 1), vlcSize + hdrSize);
 913   2              } else {
 914   2                      //printf( "Out of Memory!\n" );
 915   2              }
 916   1      }
 917          #endif
 918          


MODULE INFORMATION:   STATIC OVERLAYABLE
   CODE SIZE        =   6428    ----
   CONSTANT SIZE    =     50    ----
   XDATA SIZE       =      5     689
   PDATA SIZE       =   ----    ----
   DATA SIZE        =   ----    ----
   IDATA SIZE       =   ----    ----
   BIT SIZE         =   ----    ----
   EDATA SIZE       =   ----    ----
   HDATA SIZE       =   ----    ----
   XDATA CONST SIZE =   ----    ----
   FAR CONST SIZE   =   ----    ----
END OF MODULE INFORMATION.


C51 COMPILATION COMPLETE.  0 WARNING(S),  0 ERROR(S)
