C51 COMPILER V8.08   PB_SINGLE                                                             12/31/2019 16:14:34 PAGE 1   


C51 COMPILER V8.08, COMPILATION OF MODULE PB_SINGLE
OBJECT MODULE PLACED IN .\obj\pb_single.obj
COMPILER INVOKED BY: e:\Keil\C51\BIN\C51.EXE pb_single.c LARGE OMF2 OPTIMIZE(9,SIZE) NOAREGS INCDIR(..\..\..\inc;..\..\.
                    -.\inc\os;..\..\..\inc\hal;..\..\..\inc\middleware;..\..\..\inc\sp1k;..\..\..\..\host\inc\app;..\..\..\..\host\inc\custom
                    -ization) DEFINE(LIB_RELEASE) PRINT(.\obj\pb_single.lst) OBJECT(.\obj\pb_single.obj)

line level    source

   1          /**************************************************************************
   2           *         Copyright(c) 2010 by i-Catch Technology Co., Ltd.              *
   3           *                                                                        *
   4           *  This software is copyrighted by and is the property of i-Catch Tech-  *
   5           *  nology Co., Ltd. All rights are reserved by i-Catch Technology Co.,   *
   6           *  Ltd. This software may only be used in accordance with the            *
   7           *  corresponding license agreement. Any unauthorized use, duplication,   *
   8           *  distribution, or disclosure of this software is expressly forbidden.  *
   9           *                                                                        *
  10           *  This Copyright notice "M U S T" not be removed or modified without    *
  11           *  prior written consent of i-Catch Technology Co., Ltd.                 *
  12           *                                                                        *
  13           *  i-Catch Technology Co., Ltd. reserves the right to modify this        *
  14           *  software without notice.                                              *
  15           *                                                                        *
  16           *  i-Catch Technology Co., Ltd.                                          *
  17           *  19-1, Innovation First Road, Science-Based Industrial Park,           *
  18           *  Hsin-Chu, Taiwan, R.O.C.                                              *
  19           *                                                                        *
  20           *************************************************************************/
  21           
  22          /**
  23           * @file                pb_single.c
  24           * @brief               single picture play back function
  25           * @author    Tq.Zhang
  26           * @since       2010-05-05
  27           * @date                2010-05-05
  28          */
  29          /**************************************************************************
  30           *                        H E A D E R   F I L E S
  31           **************************************************************************/
  32          #include "general.h"
  33          #include "hal.h"
  34          #include "initio.h"
  35          #include "os_msg.h"
  36          #include "hal_disp.h"
  37          #include "func_ptr.h"
  38          #include "sdramhw.h"
  39          //#include "dosusr.h"
  40          #include "doslink.h"
  41          #include "impt.h"
  42          #include "disp_api.h"
  43          #include "cardlink.h"
  44          //#include "exifhdr.h"
  45          #include "exiffunc.h"
  46          #include "fileindex.h"
  47          #include "pb_api.h"
  48          #include "pb_debug.h"
  49          #include "pb_general.h"
  50          #include "sp1k_snap_api.h"
  51          #include "sp1k_pb_api.h"
  52          #include "sp1k_osd_api.h"
  53          #include "sp1k_util_api.h"
C51 COMPILER V8.08   PB_SINGLE                                                             12/31/2019 16:14:34 PAGE 2   

  54          #include "app_osd_icon.h"
  55          #include "app_ui_osd.h"
  56          #include "dos32.h"
  57          #include "hal_jpeg.h"
  58          #include "hal_cdsp.h"
  59          #include "hal_gprm.h"
  60          #include "hal_dram.h"
  61          #include "disp_api.h"
  62          #include "vfs_api.h"
  63          #include "dcf_api.h"
  64          #include "os_api.h"
  65          #include "app_msg.h"
  66          
  67          
  68          /**************************************************************************
  69           *                           C O N S T A N T S                            *
  70           **************************************************************************/
  71          
  72          /**************************************************************************
  73           *                              M A C R O S                               *
  74           **************************************************************************/
  75          
  76          #define _PB_FADEIN_             0
  77          UINT8 SlideStopFlag; //add for #37067
  78          #if (!STILL_LIB_PB_DMY)
  79          #define PB_CHECK_ABORT()        if(osMsgSeek(SP1K_MSG_KEY_PRESS_LEFT) ||osMsgSeek(SP1K_MSG_KEY_PRESS_RIGHT)) {\
  80                                                                          break;\
  81                                                                  }
  82          /*************************************************
  83          * Note:
  84          *       jintao.liu 2008-6-19 add slide show state
  85          *       for mantis #26566
  86          */
  87          #define SLIDE_PLAY              1
  88          #define SLIDE_STOP              0
  89          
  90          
  91          /**************************************************************************
  92           *                          D A T A    T Y P E S                          *
  93           **************************************************************************/
  94           
  95          /**************************************************************************
  96           *                         G L O B A L    D A T A                         *
  97           **************************************************************************/
  98          PBFile_t xdata MediaInfo;
  99          
 100          /*************************************************
 101          * Note:
 102          *       jintao.liu 2008-6-19 add slide show state
 103          *       for mantis #26566
 104          */
 105          static UINT8 slideState;//as above
 106          UINT8 pbDZoomKey;
 107          /**************************************************************************
 108           *                 E X T E R N A L    R E F E R E N C E S                 *
 109           **************************************************************************/
 110          //extern void gprmBlackFill(UINT32 dstAddr, UINT16 imgW, UINT16 imgH);
 111          extern UINT8 pbVideoFrameDecode(UINT16 FileIndex, UINT16 decWidth, UINT16 decHeight, UINT32 freeBufAddr, U
             -INT8 fillBlack);
 112          
 113          extern UINT16 xdata G_USR_FileCount;
 114          extern UINT8 xdata RelatedWavFileName[];
C51 COMPILER V8.08   PB_SINGLE                                                             12/31/2019 16:14:34 PAGE 3   

 115          extern UINT8 xdata imgScaleFac;
 116          extern UINT8 xdata pbDZoomSts;
 117          extern UINT32 aviFileLength;
 118          
 119          extern RECT16 g_pb_rec_RotOut;
 120          #endif
 121          /**************************************************************************
 122           *               F U N C T I O N    D E C L A R A T I O N S               *
 123           **************************************************************************/
 124          
 125          //=============================================================================
 126          //Program
 127          //=============================================================================
 128          //-----------------------------------------------------------------------------
 129          //pbSingleImgPlay
 130          //-----------------------------------------------------------------------------
 131          /**
 132           * @fn          UINT8 pbSingleImgPlay(UINT16 FileIndex)
 133           * @brief               single image play
 134           * @param       fileindex: current file index
 135           * @retval      SUCCESS / FAIL
 136           * @see         NONE
 137           * @author      Phil Lin
 138           * @since       2008-02-20
 139           * @todo                Something need to be done.
 140           * @bug         a bug need to be resolved.
 141          */
 142          #if STILL_LIB_PB_DMY
              UINT8 pbSingleImgPlay(UINT16 FileIndex) USING_0
              {
                      //printf("dumy single play!\n");
                      FileIndex=FileIndex;
                      return SUCCESS;
              }
              #else
 150          UINT8 pbSingleImgPlay(UINT16 fileIndex) USING_0
 151          {
 152   1              UINT8 ret;
 153   1      
 154   1      #if 0
                      pbDZoomSts = FALSE;
              
                      sp1kPbDZoomFactorSet(100);
              #else
 159   1              
 160   1              PBFile_t *pFileInfo = &MediaInfo;
 161   1              //UINT32 dispAddr;
 162   1              UINT8 decOpt = PB_DECODE_OPT_QVGA | PB_DECODE_OPT_FULL;
 163   1              UINT8 prm=(UINT8)pbParamGet(PB_PARAM_SPLAY_MODE) & ~PB_SPLAY_MODE_ZOOM1X;
 164   1              UINT8 prm_1x=(UINT8)pbParamGet(PB_PARAM_SPLAY_MODE) & PB_SPLAY_MODE_ZOOM1X;
 165   1          UINT16 decWidth;  
 166   1              UINT16 decHeight;
 167   1              UINT8 dev =0;
 168   1      
 169   1      //      dispImgWinEn(0);
 170   1      
 171   1              if(dispDevActGet() != 1){
 172   2                      dev = 1;
 173   2              }
 174   1              pbLogPrintf("index is %u\n", fileIndex);
 175   1              if (pbFileInfoGet(fileIndex, pFileInfo) != SUCCESS) {
 176   2                      return FAIL;
C51 COMPILER V8.08   PB_SINGLE                                                             12/31/2019 16:14:34 PAGE 4   

 177   2              }
 178   1              pFileInfo->FileIdx = fileIndex;
 179   1              sysMemStillPbDispAddrUpdate(dispDevActGet() ==4);
 180   1      
 181   1              //if (dispAddr != pbDispBuffGet(1)) {//disp last buf (before zoom?)
 182   1              if(pbDispBufModeGet() == PB_DISP_BUF_MODE_ZOOM){
 183   2                      #if 0 //xian --, fix flash
                              HAL_PbBufAddrSet(pbDispBuffGet(1));
              
                              if (dispDevActGet() !=4){
                                      HAL_PbBufHsizeSet(PB_DECODE_WIDTH);
                                      HAL_DispScaleSet(PB_DECODE_WIDTH, PB_DECODE_HEIGHT, 100,0);
                              }else{
                                      HAL_PbBufHsizeSet(960);
                                      HAL_DispScaleSet(960, 720, 100,0);
                              }
                              HAL_DramZfUpdTrig(HAL_DRAM_ZF_UPD_LAYER_PB);//update pb layer
                              HAL_DramZUpdateWait(HAL_DRAM_ZUPDATE_PB, 0);
                              #else
 196   2                      #if 0 //xian -- 20110214
                              if (dispDevActGet() !=4){
                                      //dispShow(pbDispBuffGet(1), PB_DECODE_WIDTH, PB_DECODE_HEIGHT, 100);
                                      dispShow(pbDispBuffGet(1), decWidth, decHeight, 100);
                              }else{
                                      dispShow(pbDispBuffGet(1), 960, 720, 100);
                              }
                              #else           
 204   2                      pbDispQVSizeGet(&decWidth,&decHeight); //last AB buff for QV
 205   2                      dispShow(pbDispBuffGet(1), decWidth, decHeight, 100);
 206   2                      #endif
 207   2                      #endif
 208   2              }
 209   1              
 210   1              switch(prm)
 211   1              {
 212   2              case PB_SPLAY_MODE_THUMB:
 213   2                      decOpt=PB_DECODE_OPT_THUMB | PB_DECODE_OPT_FULL;
 214   2                      break;
 215   2              case PB_SPLAY_MODE_QV:
 216   2                      decOpt=PB_DECODE_OPT_QVGA | PB_DECODE_OPT_FULL;
 217   2                      break;
 218   2              case PB_SPLAY_MODE_MAIN:
 219   2                      decOpt=PB_DECODE_OPT_FULL;
 220   2                      break;
 221   2              default:
 222   2                      break;
 223   2              }       
 224   1              
 225   1              ret = pbImgDecode(pFileInfo,
 226   1                                              K_SDRAM_ImagePlaybackBufAddr,
 227   1                                              decOpt
 228   1              );
 229   1      
 230   1              pbDZoomSts      = FALSE;
 231   1      
 232   1              #if 0 //xian -- 20110214
                      /* if file error, clear disp frame buffer. */
                      if ( ret != SUCCESS ) {
                              if (dispDevActGet() !=4){
                                      gprmBlackFill(pbDispBuffGet(1), PB_DECODE_WIDTH, PB_DECODE_HEIGHT);
                              }else{
                                      gprmBlackFill(pbDispBuffGet(1), 960, 720);
C51 COMPILER V8.08   PB_SINGLE                                                             12/31/2019 16:14:34 PAGE 5   

                              }
                      }
                      else if(prm_1x==PB_SPLAY_MODE_ZOOM1X){
                      #else
 243   1              pbDispBuffSwitch();
 244   1              if(ret == SUCCESS){
 245   2                      pbDecodeSizeGet(&decWidth, &decHeight);
 246   2                      HAL_GprmCopy(
 247   2                              K_SDRAM_ImagePlaybackBufAddr,
 248   2                              decWidth, decHeight, 0, 0,
 249   2                              pbDispBuffGet(1),
 250   2                              decWidth, decHeight, 0, 0,
 251   2                              decWidth, decHeight,
 252   2                              0,
 253   2                              1
 254   2                      );              
 255   2              }
 256   1              else{//file error
 257   2                      if (dispDevActGet() !=4){
 258   3                              decWidth = PB_DECODE_WIDTH;
 259   3                              decHeight = PB_DECODE_HEIGHT;
 260   3                      }else{
 261   3                              decWidth = 960;
 262   3                              decHeight = 720;
 263   3                      }
 264   2                      gprmBlackFill(pbDispBuffGet(1), decWidth, decHeight);
 265   2              }
 266   1              dispShow(pbDispBuffGet(1), decWidth, decHeight, 100); 
 267   1              pbDispQVSizeSet(decWidth, decHeight);   
 268   1              #endif
 269   1              
 270   1              if(ret == SUCCESS && prm_1x==PB_SPLAY_MODE_ZOOM1X){
 271   2                      if(((osMsgSeek(SP1K_MSG_KEY_RELEASE_LEFT) == FALSE) &&(osMsgSeek(SP1K_MSG_KEY_REPEATE_LEFT) == TRUE))
 272   2                              ||((osMsgSeek(SP1K_MSG_KEY_RELEASE_RIGHT) == FALSE) &&(osMsgSeek(SP1K_MSG_KEY_REPEATE_RIGHT) == TRUE)))
 273   2      
 274   2                      {
 275   3                              pbDZoomKeySet(0);
 276   3                      }
 277   2                      else
 278   2                      {
 279   3                              pbDZoomKeySet(1);
 280   3                              if(dev){
 281   4                                      ret=pbDZoomStart();
 282   4                              }
 283   3                      }
 284   2      
 285   2              }
 286   1      #endif
 287   1      
 288   1      //      dispImgWinEn(1);
 289   1      
 290   1              return ret;
 291   1      }
 292          #endif
 293          
 294          #if (!STILL_LIB_PB_DMY)
 295          void pbDZoomKeySet(UINT8 value)
 296          {
 297   1              pbDZoomKey=value;
 298   1      
 299   1      }
 300          #endif
C51 COMPILER V8.08   PB_SINGLE                                                             12/31/2019 16:14:34 PAGE 6   

 301          
 302          #if STILL_LIB_PB_DMY
              UINT8 pbDZoomKeyGet(void)
              {
                      return 0;
              }
              #else
 308          UINT8 pbDZoomKeyGet(void)
 309          {
 310   1              return pbDZoomKey;
 311   1      }
 312          #endif
 313          //-----------------------------------------------------------------------------
 314          //pbVideoFramePlay
 315          //-----------------------------------------------------------------------------
 316          /**
 317           * @fn          UINT8 pbVideoFramePlay(UINT16 FileIndex)
 318           * @brief               play the first frame of video
 319           * @param       fileindex: current file index
 320           * @retval      SUCCESS / FAIL
 321           * @see         NONE
 322           * @author      Phil Lin
 323           * @since       2008-02-20
 324           * @todo                Something need to be done.
 325           * @bug         a bug need to be resolved.
 326          */
 327          #if STILL_LIB_PB_DMY
              UINT8 pbVideoFramePlay(UINT16 FileIndex)USING_0
              {
                      FileIndex=FileIndex;
                      return SUCCESS;
              }
              #else
 334          extern UINT16 decW_HDMI;
 335          extern UINT16 decH_HDMI;
 336          UINT8 pbVideoFramePlay(UINT16 FileIndex) USING_0
 337          {
 338   1              UINT32 backAddr = K_SDRAM_ImagePlaybackBufAddr;
 339   1              UINT16 decWidth = PB_DECODE_WIDTH;
 340   1              UINT16 decHeight = PB_DECODE_HEIGHT;
 341   1              UINT8 sts ;
 342   1          //UINT32 dispAddr;
 343   1              UINT16 QVdsipW;  //CX++
 344   1              UINT16 QVdsipH;
 345   1      
 346   1              pbDZoomSts      = FALSE; //xian ++ , fix #41989
 347   1      
 348   1              sysMemStillPbDispAddrUpdate(dispDevActGet() ==4);
 349   1              osSysModeSet(OS_SYS_MODE_STILL_PB);
 350   1          //xian ++ 20090423, #34597
 351   1              //HAL_PbBufAddrGet(&dispAddr);
 352   1              #if 0 //xian --
                      if (dispAddr != pbDispBuffGet(1)) {
                              HAL_PbBufAddrSet(pbDispBuffGet(1));
                              if (dispDevActGet() !=4){
                                      HAL_PbBufHsizeSet(PB_DECODE_WIDTH);
                                      HAL_DispScaleSet(PB_DECODE_WIDTH, PB_DECODE_HEIGHT, 100,0);
                              }else{
                                      HAL_PbBufHsizeSet(960);
                                      HAL_DispScaleSet(960, 720, 100,0);
                              }
                              HAL_DramZfUpdTrig(HAL_DRAM_ZF_UPD_LAYER_PB);//update pb layer
C51 COMPILER V8.08   PB_SINGLE                                                             12/31/2019 16:14:34 PAGE 7   

                      }
                      #else
 365   1              if(pbDispBufModeGet() == PB_DISP_BUF_MODE_ZOOM){
 366   2                      //printf("2^^ %lx\n", dispAddr);
 367   2                      #if 0 //xian -- 20110214
                              if (dispDevActGet() !=4){
                                      //dispShow(pbDispBuffGet(1), PB_DECODE_WIDTH, PB_DECODE_HEIGHT, 100);
                                      dispShow(pbDispBuffGet(1), QVdsipW, QVdsipH, 100);
                              }
                              else{
                                      dispShow(pbDispBuffGet(1), 960, 720, 100);
                              }               
                              #else
 376   2                      pbDispQVSizeGet(&QVdsipW,&QVdsipH); //last AB buff for QV
 377   2                      dispShow(pbDispBuffGet(1), QVdsipW, QVdsipH, 100);
 378   2                      #endif
 379   2              }
 380   1              #endif
 381   1              //xian --
 382   1      
 383   1              if (dispDevActGet() == 4 || dispDevActGet() == 2){
 384   2                      decWidth = 960;
 385   2                      decHeight = 720;
 386   2              }
 387   1          sts = pbVideoFrameDecode(FileIndex, decWidth, decHeight, backAddr, 0);    
 388   1              pbDispBuffSwitch();
 389   1          if(sts == SUCCESS){
 390   2                      //xian -- 20110214
 391   2                      //SY add for HD play on HDMI s  
 392   2                      //if(decW_HDMI != decWidth || decH_HDMI != decHeight){
 393   2                      //      decWidth = decW_HDMI;
 394   2                      //      decHeight = decH_HDMI;
 395   2                      //      decW_HDMI = PB_DECODE_WIDTH;
 396   2                      //      decH_HDMI = PB_DECODE_HEIGHT;
 397   2                      //}
 398   2                      //SY add for HD play on HDMI e
 399   2      
 400   2                      #if 0 //xian -- 20110214
                              decWidth = g_pb_rec_RotOut.hSize;
                              decHeight = g_pb_rec_RotOut.vSize;
              
                      pbDecodeSizeSet(decWidth, decHeight);
                              #else
 406   2              pbDecodeSizeGet(&decWidth, &decHeight);
 407   2                      #endif
 408   2              HAL_GprmCopy(
 409   2                      backAddr,
 410   2                      decWidth, decHeight, 0, 0,
 411   2                      pbDispBuffGet(1),
 412   2                      decWidth, decHeight, 0, 0,
 413   2                      decWidth, decHeight,
 414   2                      0,
 415   2                      1
 416   2              );
 417   2          }
 418   1          else{
 419   2                      //xian -- 20110214
 420   2                      //pbDecodeSizeGet(&decWidth, &decHeight);
 421   2                      gprmBlackFill(pbDispBuffGet(1), decWidth, decHeight);
 422   2          }
 423   1              dispShow(pbDispBuffGet(1), decWidth, decHeight, 100);           
 424   1              pbDispQVSizeSet(decWidth, decHeight);   
C51 COMPILER V8.08   PB_SINGLE                                                             12/31/2019 16:14:34 PAGE 8   

 425   1              
 426   1          return sts;
 427   1          
 428   1      }
 429          #endif
 430          //-----------------------------------------------------------------------------
 431          //pbVoiceMemoCheck
 432          //-----------------------------------------------------------------------------
 433          /**
 434           * @fn          UINT8 pbVoiceMemoCheck(UINT16 FileIndex)
 435           * @brief               check if there is any voice memo releated to current jpg
 436           * @param       fileindex: file index
 437           * @retval      TRUE / FALSE
 438           * @see         NONE
 439           * @author      Phil Lin
 440           * @since       2008-02-20
 441           * @todo                Something need to be done.
 442           * @bug         a bug need to be resolved.
 443          */
 444          #if STILL_LIB_PB_DMY
              UINT8 pbVoiceMemoCheck(UINT16 FileIndex)
              {
                      FileIndex=FileIndex;
                      return SUCCESS;
              }
              #else
 451          UINT8 pbVoiceMemoCheck(UINT16 FileIndex)
 452          {
 453   1              UINT16 fHandle;
 454   1              PBFile_t *pFileInfo = &MediaInfo;
 455   1              UINT8 AudioFileName[12] = {0};
 456   1              UINT8 ret = FALSE;
 457   1      
 458   1              if ((pbFileInfoGet(FileIndex, pFileInfo) != SUCCESS)) {
 459   2                      DBG_pbFuncTrack();
 460   2                      return FAIL;
 461   2              }
 462   1      
 463   1              memcpy(AudioFileName, pFileInfo->FileName, sizeof(AudioFileName));
 464   1              AudioFileName[8] = 'W';
 465   1              AudioFileName[9] = 'A';
 466   1              AudioFileName[10] = 'V';
 467   1      
 468   1              //printf("phil:%s\n", AudioFileName);
 469   1      
 470   1              fHandle = vfsFileOpen(AudioFileName, K_DOS_ReadFile, 0);
 471   1              if (fHandle) {
 472   2                      ret = TRUE;
 473   2                      //CPrintf("Voice memo!");
 474   2              }
 475   1              vfsFileClose(fHandle,  AudioFileName, K_DOS_ReadFile, 0);
 476   1              return ret;
 477   1      }
 478          #endif
 479          //-----------------------------------------------------------------------------
 480          //pbFilePlayFadeIn
 481          //-----------------------------------------------------------------------------
 482          /**
 483           * @fn          UINT8 pbFilePlayFadeIn(UINT16 Time)
 484           * @brief               pbFilePlayFadeIn
 485           * @param       Time: delay X ms
 486           * @retval      SUCCESS
C51 COMPILER V8.08   PB_SINGLE                                                             12/31/2019 16:14:34 PAGE 9   

 487           * @see         NONE
 488           * @author      Phil Lin
 489           * @since               2008-02-20
 490           * @todo                Something need to be done.
 491           * @bug         a bug need to be resolved.
 492          */
 493          #if _PB_FADEIN_
              #if STILL_LIB_PB_DMY
              UINT8 pbFilePlayFadeIn(UINT16 Time)
              {
                      Time=Time;
                      return SUCCESS;
              }
              #else
              UINT8 pbFilePlayFadeIn(UINT16 Time)
              {
                      UINT8 i;
                      UINT8 tmpBlendIdx;
              
                      tmpBlendIdx = XBYTE[REG_Disp_OsdV1L];
              
                      for (i = 1; i < 8; i++) {
                              PB_CHECK_ABORT();
                              osdLocalBlendSet(0, i);//TODO: should be modified for 1628
                              HAL_DispSignalWait(HAL_DISP_WAIT_VSYNC, HAL_DISP_WAIT_FALLING);
                              osdRegUpdate();
                              osdClear(OSD_ATTR_COLOR_WHITE | OSD_ATTR_MODE_HALFTONE | OSD_ATTR_BACK_EN);
                              PB_CHECK_ABORT();
                              HAL_Wait(Time);
                      }
              
                      osdClear(0);
                      XBYTE[REG_Disp_OsdV1L] = tmpBlendIdx;
                      osdRegUpdate();
              
                      return SUCCESS;
              }
              #endif
              #endif
 526          
 527          
 528          /**
 529          * @fn           UINT8 pbSlideShowStateGet(void)
 530          * @brief                pbSlideShowStateGet
 531          * @param        NONE
 532          * @retval       return = SUCCESS / FAIL
 533          * @see          NULL
 534          * @author       Tq.Zhang
 535          * @since                2010-5-5
 536          * @todo         N/A
 537          * @bug          N/A
 538          */
 539          #if STILL_LIB_PB_DMY
              UINT8 pbSlideShowStateGet(void)
              {
                      return 0; //0/1
              }
              #else
 545          UINT8 pbSlideShowStateGet(void)
 546          {
 547   1              return slideState;
 548   1      }
C51 COMPILER V8.08   PB_SINGLE                                                             12/31/2019 16:14:34 PAGE 10  

 549          #endif
 550          /**
 551           * @fn          void pbSlideShowStateSet(UINT8 state)
 552           * @brief               pbSlideShowStateSet
 553           * @param     [in] state
 554           * @retval      NONE
 555           * @see         NULL
 556           * @author    Tq.Zhang
 557           * @since       2010-5-5
 558           * @todo                N/A
 559           * @bug         N/A
 560          */
 561          #if (!STILL_LIB_PB_DMY)
 562          void pbSlideShowStateSet(UINT8 state)
 563          {
 564   1              slideState = state;
 565   1      }
 566          #endif
 567          //-----------------------------------------------------------------------------
 568          //pbSlideShowStart
 569          //-----------------------------------------------------------------------------
 570          /**
 571           * @fn          UINT8 pbSlideShowStart(void)
 572           * @brief               pbSlideShowStart
 573           * @param       none
 574           * @retval      SUCCESS
 575           * @see         NONE
 576           * @author      Phil Lin
 577           * @since       2008-02-20
 578           * @todo                Something need to be done.
 579           * @bug         a bug need to be resolved.
 580          */
 581          /*************************
 582          * Note:
 583          *
 584          *       make the function run
 585          * every 1s.
 586          *
 587          */
 588          #if STILL_LIB_PB_DMY
              UINT8 pbSlideShowStart(void)
              {
                      return SUCCESS;
              }
              #else
 594          UINT8 pbSlideShowStart(void)
 595          {
 596   1              TIMER1_Config(pbParamGet(PB_PARAM_SLIDE_SHOW_FREQ), pFunc_SlideShowProc, NULL);
 597   1              TIMER1_Start();
 598   1              pbSlideShowStateSet(SLIDE_PLAY);//jintao.liu 2008-6-19
 599   1              return SUCCESS;
 600   1      }
 601          #endif
 602          //-----------------------------------------------------------------------------
 603          //pbSlideShowAbort
 604          //-----------------------------------------------------------------------------
 605          /**
 606           * @fn          UINT8 pbSlideShowAbort(void)
 607           * @brief               pbSlideShowAbort
 608           * @param       none
 609           * @retval      SUCCESS
 610           * @see         NONE
C51 COMPILER V8.08   PB_SINGLE                                                             12/31/2019 16:14:34 PAGE 11  

 611           * @author      Phil Lin
 612           * @since       2008-02-20
 613           * @todo                Something need to be done.
 614           * @bug         a bug need to be resolved.
 615          */
 616          #if STILL_LIB_PB_DMY
              UINT8 pbSlideShowAbort(void)
              {
                      return SUCCESS;
              }
              #else
 622          UINT8 pbSlideShowAbort(void)
 623          {
 624   1              TIMER1_Stop();
 625   1              pbSlideShowStateSet(SLIDE_STOP);
 626   1              return SUCCESS;
 627   1      }
 628          #endif
 629          /**
 630           * @fn          UINT8 pbSlideShowContinue(void)
 631           * @brief               pbSlideShowContinue
 632           * @param       NONE
 633           * @retval      return = SUCCESS / FAIL
 634           * @see         NULL
 635           * @author    Tq.Zhang
 636           * @since       2010-5-5
 637           * @todo                N/A
 638           * @bug         N/A
 639          */
 640          #if STILL_LIB_PB_DMY
              UINT8 pbSlideShowContinue(void)
              {
                      return SUCCESS;
              }
              #else
 646          UINT8 pbSlideShowContinue(void)
 647          {
 648   1      TIMER1_Config(pbParamGet(PB_PARAM_SLIDE_SHOW_FREQ), pFunc_SlideShowProc, NULL);
 649   1              TIMER1_Start();
 650   1              pbSlideShowStateSet(SLIDE_PLAY);
 651   1              return SUCCESS;
 652   1      }
 653          #endif
 654          //-----------------------------------------------------------------------------
 655          //pbSlideShowProc
 656          //-----------------------------------------------------------------------------
 657          /**
 658           * @fn          UINT8 pbSlideShowProc(UINT16* FileIndex)
 659           * @brief               pbSlideShowProc
 660           * @param       none
 661           * @retval      SUCCESS
 662           * @see         NONE
 663           * @author      Phil Lin
 664           * @since       2008-02-20
 665           * @todo                Something need to be done.
 666           * @bug         a bug need to be resolved.
 667          */
 668          #if STILL_LIB_PB_DMY
              UINT8 pbSlideShowProc(UINT16* FileIndex)
              {
                      FileIndex=FileIndex;
                      return SUCCESS;
C51 COMPILER V8.08   PB_SINGLE                                                             12/31/2019 16:14:34 PAGE 12  

              }
              #else
 675          UINT8 pbSlideShowProc(UINT16* FileIndex)
 676          {
 677   1              UINT8 ret = FAIL;
 678   1              PBFile_t fileInfo;
 679   1              UINT16 fileIdx;
 680   1              UINT16 lastFileIdx;
 681   1              UINT16 fileCnt;
 682   1              UINT16 i;
 683   1              UINT8 rpt;
 684   1              static UINT16 pbSlideCnt = 0;
 685   1              //add for mantis #37067@start
 686   1              if(SlideStopFlag==1)
 687   1              {
 688   2                      pbSlideCnt=0;
 689   2                      SlideStopFlag=0;
 690   2              }
 691   1              //add for mantis #37067@end
 692   1              fileCnt = dcfFileCountGet();
 693   1              if (!fileCnt || !FileIndex || *FileIndex > fileCnt) {
 694   2                      return FAIL;
 695   2              }
 696   1      
 697   1              //switch to next file
 698   1              lastFileIdx = *FileIndex;
 699   1              *FileIndex = *FileIndex + 1;
 700   1              if (*FileIndex > fileCnt) {
 701   2                      *FileIndex = 1;
 702   2              }
 703   1              //printf("fileIdx %u\n", fileIdx);
 704   1              fileIdx = *FileIndex;
 705   1      
 706   1              //Try to find jpg file
 707   1              for (i = 0; i < fileCnt; i++) {
 708   2                      //printf("*** i %u\n", i);
 709   2                      ret = pbFileInfoGet(DOS_FileIndexGet(fileIdx), &fileInfo);
 710   2                      pbSlideCnt++;
 711   2                      if (ret == SUCCESS && (fileInfo.FileType == SP1K_PB_FILE_TYPE_JPG)) {
 712   3                              break;
 713   3                      } else {
 714   3                              if (++fileIdx > fileCnt) {
 715   4                                      fileIdx = 1;
 716   4                              }
 717   3                              *FileIndex = fileIdx;
 718   3                              ret = FAIL;
 719   3                      }
 720   2              }
 721   1      
 722   1              if (ret != SUCCESS) {
 723   2                      //No more jpg, abort the slide show process
 724   2                      //CPrintf("No more jpg");
 725   2                      pbSlideShowAbort();
 726   2                      return ret;
 727   2              }
 728   1      
 729   1              if (rpt == TRUE || pbSlideCnt <= fileCnt) {
 730   2      #if (DBG_Level > 0)             
                              printf("Play -> %s\n", fileInfo.FileName);
              #endif //(DBG_Level > 0)
 733   2                      uiUpdateOSDPbFileNum();
 734   2                      ret = pbSingleImgPlay(fileInfo.FileIdx);
C51 COMPILER V8.08   PB_SINGLE                                                             12/31/2019 16:14:34 PAGE 13  

 735   2      #if _PB_FADEIN_
                              pbFilePlayFadeIn(20);
              #endif
 738   2              }
 739   1      
 740   1              rpt = pbParamGet(PB_PARAM_SLIDE_SHOW_RPT);
 741   1      #if (DBG_Level > 1) 
                      printf("cnt -> %u\n", pbSlideCnt);
              #endif //(DBG_Level > 1)
 744   1      //add for mantis #37044@start
 745   1              if(pbSlideCnt == fileCnt)
 746   1              {
 747   2                      if (rpt != TRUE)
 748   2                      {
 749   3                              pbSlideShowAbort();
 750   3                              osMsgPost(SP1K_MSG_SLIDE_SHOW_NEXT);
 751   3                      }
 752   2                      return ret;
 753   2                      
 754   2              }
 755   1      //add for mantis #37044@end
 756   1      
 757   1              if (pbSlideCnt > fileCnt) {
 758   2                      pbSlideCnt = 0;
 759   2                      //CPrintf("PlayEnd");
 760   2                      if (rpt != TRUE) {
 761   3                              pbSlideShowAbort();
 762   3                              //reset fileindex
 763   3                              *FileIndex = lastFileIdx;
 764   3                              osMsgPost(SP1K_MSG_SLIDE_SHOW_FINISH);
 765   3                              //return SUCCESS;
 766   3                      }
 767   2              }
 768   1      
 769   1              return ret;
 770   1      }
 771          #endif


MODULE INFORMATION:   STATIC OVERLAYABLE
   CODE SIZE        =   1705    ----
   CONSTANT SIZE    =     12    ----
   XDATA SIZE       =     47     102
   PDATA SIZE       =   ----    ----
   DATA SIZE        =   ----    ----
   IDATA SIZE       =   ----    ----
   BIT SIZE         =   ----    ----
   EDATA SIZE       =   ----    ----
   HDATA SIZE       =   ----    ----
   XDATA CONST SIZE =   ----    ----
   FAR CONST SIZE   =   ----    ----
END OF MODULE INFORMATION.


C51 COMPILATION COMPLETE.  0 WARNING(S),  0 ERROR(S)
