C51 COMPILER V8.08   GLOBAL_VER                                                            06/16/2022 10:11:50 PAGE 1   


C51 COMPILER V8.08, COMPILATION OF MODULE GLOBAL_VER
OBJECT MODULE PLACED IN .\obj\global_ver.obj
COMPILER INVOKED BY: C:\Keil\C51\BIN\C51.EXE global_ver.c LARGE OMF2 OPTIMIZE(9,SIZE) NOAREGS INCDIR(..\..\..\inc;..\..\
                    -..\inc\os;..\..\..\inc\hal;..\..\..\inc\middleware;..\..\..\inc\sp1k;..\..\..\..\host\inc\app;..\..\..\..\host\inc\custo
                    -mization) DEFINE(LIB_RELEASE) PRINT(.\obj\global_ver.lst) OBJECT(.\obj\global_ver.obj)

line level    source

   1          /**************************************************************************
   2           *
   3           *        Copyright (c) 2007-2008 by Sunplus mMedia Inc., Ltd.
   4           *
   5           *  This software is copyrighted by and is the property of Sunplus
   6           *  mMedia Inc., Ltd. All rights are reserved by Sunplus mMedia
   7           *  Inc., Ltd. This software may only be used in accordance with the
   8           *  corresponding license agreement. Any unauthorized use, duplication,
   9           *  distribution, or disclosure of this software is expressly forbidden.
  10           *
  11           *  This Copyright notice MUST not be removed or modified without prior
  12           *  written consent of Sunplus mMedia Inc., Ltd.
  13           *
  14           *  Sunplus mMedia Inc., Ltd. reserves the right to modify this
  15           *  software without notice.
  16           *
  17           *  Sunplus mMedia Inc., Ltd.
  18           *  19-1, Innovation First Road, Science-Based Industrial Park,
  19           *  Hsin-Chu, Taiwan, R.O.C.
  20           *
  21           *  Author: Phil Lin
  22           *
  23           *  01, 20120101 Phil Lin
  24           *    a. Initial libsysglobal version create
  25           *  02, 20120210 Phil Lin
  26           *    a. Fixed WDT reset mode NG
  27           *  03, 20120418 dongdong.wang
  28           *    a. Fixed can't acess dram more than 16MB
  29           **************************************************************************/
  30          
  31          /**************************************************************************
  32           *                            H E A D E R   F I L E S
  33           **************************************************************************/
  34          #include "general.h"
  35          
  36          /**************************************************************************
  37           *                            G L O B A L   D A T A
  38           **************************************************************************/
  39          static UINT8 code verStr[] = "$sg03";
  40          
  41          /**************************************************************************
  42           *
  43           *  Function Name: sysGlobalLibVerGet
  44           *
  45           *  Purposes: Get current libaray's version.
  46           *
  47           *  Descriptions:
  48           *
  49           *  Arguments:
  50           *
  51           *  Returns:
  52           *
  53           *  See also:
C51 COMPILER V8.08   GLOBAL_VER                                                            06/16/2022 10:11:50 PAGE 2   

  54           *
  55           **************************************************************************/
  56          UINT8 *
  57          libSysGlobalVerGet(
  58                  void
  59          )
  60          {
  61   1              return (verStr + 3);
  62   1      }
  63          


MODULE INFORMATION:   STATIC OVERLAYABLE
   CODE SIZE        =      7    ----
   CONSTANT SIZE    =      6    ----
   XDATA SIZE       =   ----    ----
   PDATA SIZE       =   ----    ----
   DATA SIZE        =   ----    ----
   IDATA SIZE       =   ----    ----
   BIT SIZE         =   ----    ----
   EDATA SIZE       =   ----    ----
   HDATA SIZE       =   ----    ----
   XDATA CONST SIZE =   ----    ----
   FAR CONST SIZE   =   ----    ----
END OF MODULE INFORMATION.


C51 COMPILATION COMPLETE.  0 WARNING(S),  0 ERROR(S)
