C51 COMPILER V8.12   OS_MUTEX                                                              12/29/2014 15:17:56 PAGE 1   


C51 COMPILER V8.12, COMPILATION OF MODULE OS_MUTEX
OBJECT MODULE PLACED IN .\obj\os_mutex.obj
COMPILER INVOKED BY: C:\Keil\C51\BIN\C51.EXE os_mutex.c LARGE OMF2 OPTIMIZE(9,SIZE) NOAREGS INCDIR(..\..\..\inc;..\..\..
                    -\inc\os;..\..\..\inc\hal;..\..\..\inc\middleware;..\..\..\inc\sp1k;..\..\..\..\host\inc\app;..\..\..\..\host\inc\customi
                    -zation) DEFINE(LIB_RELEASE) PRINT(.\obj\os_mutex.lst) OBJECT(.\obj\os_mutex.obj)

line level    source

   1          /**************************************************************************
   2           *         Copyright(c) 2010 by i-Catch Technology Co., Ltd.              *
   3           *                                                                        *
   4           *  This software is copyrighted by and is the property of i-Catch Tech-  *
   5           *  nology Co., Ltd. All rights are reserved by i-Catch Technology Co.,   *
   6           *  Ltd. This software may only be used in accordance with the            *
   7           *  corresponding license agreement. Any unauthorized use, duplication,   *
   8           *  distribution, or disclosure of this software is expressly forbidden.  *
   9           *                                                                        *
  10           *  This Copyright notice "M U S T" not be removed or modified without    *
  11           *  prior written consent of i-Catch Technology Co., Ltd.                 *
  12           *                                                                        *
  13           *  i-Catch Technology Co., Ltd. reserves the right to modify this        *
  14           *  software without notice.                                              *
  15           *                                                                        *
  16           *  i-Catch Technology Co., Ltd.                                          *
  17           *  19-1, Innovation First Road, Science-Based Industrial Park,           *
  18           *  Hsin-Chu, Taiwan, R.O.C.                                              *
  19           *                                                                        *
  20           *************************************************************************/
  21           
  22          /**
  23           * @file      os_mutex.c
  24           * @brief     Mutex operation for resource control
  25           * @author    Phil Lin
  26           * @since     2011-04-01
  27           * @date      2011-04-01
  28          */
  29          
  30          /**************************************************************************
  31           *                        H E A D E R   F I L E S
  32           **************************************************************************/
  33          #include "general.h" 
  34          #include "os_mutex.h"
  35          /**************************************************************************
  36           *                           C O N S T A N T S                            *
  37           **************************************************************************/
  38          
  39          /**************************************************************************
  40           *                              M A C R O S                               *
  41           **************************************************************************/
  42           
  43          /**************************************************************************
  44           *                          D A T A    T Y P E S                          *
  45           **************************************************************************/
  46           
  47          /**************************************************************************
  48           *                         G L O B A L    D A T A                         *
  49           **************************************************************************/
  50          static UINT32 xdata osMutex = -1;
  51          /**************************************************************************
  52           *                 E X T E R N A L    R E F E R E N C E S                 *
  53           **************************************************************************/
C51 COMPILER V8.12   OS_MUTEX                                                              12/29/2014 15:17:56 PAGE 2   

  54           
  55          /**************************************************************************
  56           *               F U N C T I O N    D E C L A R A T I O N S               *
  57           **************************************************************************/
  58          
  59          /**
  60           * @fn        void osMutexInit(void)
  61           * @brief     initialize the mutex buffer
  62           * @param     NONE
  63           * @retval    NONE
  64           * @see       NULL
  65           * @author    Phil Lin
  66           * @since     2011-4-1
  67           * @todo      N/A
  68           * @bug       N/A
  69          */
  70          #pragma disable //disable interrupt
  71          void
  72          osMutexInit(
  73                  void
  74          )
  75          {
  76   1              osMutex = -1;
  77   1      }
  78          
  79          /**
  80           * @fn        UINT8 osMutexQuery(osMutexIdx_t mutex)
  81           * @brief     Query the specified mutex
  82           * @param     [in] mutex
  83           * @retval    return = SUCCESS / FAIL
  84           * @see       NULL
  85           * @author    Phil Lin
  86           * @since     2011-4-1
  87           * @todo      N/A
  88           * @bug       N/A
  89          */
  90          #pragma disable //disable interrupt
  91          UINT8
  92          osMutexQuery(
  93                  osMutexIdx_t mutex
  94          )
  95          {
  96   1              if (mutex >= OS_MUTEX_MAX) {
  97   2                      return FAIL;
  98   2              }
  99   1              
 100   1              if (osMutex & (0x01 << mutex)) {                
 101   2                      return SUCCESS;
 102   2              }
 103   1      
 104   1              return FAIL;
 105   1      }
 106          /**
 107           * @fn        UINT8 osMutexGet(osMutexIdx_t mutex)
 108           * @brief     Get the specified mutex
 109           * @param     [in] mutex
 110           * @retval    return = SUCCESS / FAIL
 111           * @see       NULL
 112           * @author    Phil Lin
 113           * @since     2011-4-1
 114           * @todo      N/A
 115           * @bug       N/A
C51 COMPILER V8.12   OS_MUTEX                                                              12/29/2014 15:17:56 PAGE 3   

 116          */
 117          #pragma disable //disable interrupt
 118          UINT8
 119          osMutexGet(
 120                  osMutexIdx_t mutex
 121          )
 122          {
 123   1              if (osMutexQuery(mutex) == SUCCESS) {
 124   2                      osMutex &= ~(0x01 << mutex);
 125   2                      return SUCCESS;
 126   2              }
 127   1              
 128   1              return FAIL;
 129   1      }
 130          
 131          /**
 132           * @fn        void osMutexFree(osMutexIdx_t mutex)
 133           * @brief     Free the specified mutex
 134           * @param     [in] mutex
 135           * @retval    NONE
 136           * @see       NULL
 137           * @author    Phil Lin
 138           * @since     2011-4-1
 139           * @todo      N/A
 140           * @bug       N/A
 141          */
 142          #pragma disable //disable interrupt
 143          void
 144          osMutexFree(
 145                  osMutexIdx_t mutex
 146          )
 147          {
 148   1              if (mutex < OS_MUTEX_MAX) {
 149   2                      osMutex |= (0x01 << mutex);
 150   2              }
 151   1      }


MODULE INFORMATION:   STATIC OVERLAYABLE
   CODE SIZE        =    266    ----
   CONSTANT SIZE    =   ----    ----
   XDATA SIZE       =      4       2
   PDATA SIZE       =   ----    ----
   DATA SIZE        =   ----    ----
   IDATA SIZE       =   ----    ----
   BIT SIZE         =   ----    ----
   EDATA SIZE       =   ----    ----
   HDATA SIZE       =   ----    ----
   XDATA CONST SIZE =   ----    ----
   FAR CONST SIZE   =   ----    ----
END OF MODULE INFORMATION.


C51 COMPILATION COMPLETE.  0 WARNING(S),  0 ERROR(S)
