C51 COMPILER V8.08   SYS_MEM_INIT                                                          07/29/2019 16:04:30 PAGE 1   


C51 COMPILER V8.08, COMPILATION OF MODULE SYS_MEM_INIT
OBJECT MODULE PLACED IN .\obj\sys_mem_init.obj
COMPILER INVOKED BY: C:\Keil\C51\BIN\C51.EXE sys_mem_init.c LARGE OMF2 OPTIMIZE(9,SIZE) NOAREGS INCDIR(..\..\..\inc;..\.
                    -.\..\inc\os;..\..\..\inc\hal;..\..\..\inc\middleware;..\..\..\inc\sp1k;..\..\..\..\host\inc\app;..\..\..\..\host\inc\cus
                    -tomization) DEFINE(LIB_RELEASE) PRINT(.\obj\sys_mem_init.lst) OBJECT(.\obj\sys_mem_init.obj)

line level    source

   1          /**************************************************************************
   2           *         Copyright(c) 2007 by Sunplus mMedia  Technology Co., Ltd.       *
   3           *                                                                         *
   4           *  This software is copyrighted by and is the property of Sunplus mMedia  *
   5           *  Technology Co., Ltd. All rights are reserved by Sunplus mMedia Techno- *
   6           *  logy Co., Ltd. This software may only be used in accordance with the   *
   7           *  corresponding license agreement. Any unauthorized use, duplication,    *
   8           *  distribution, or disclosure of this software is expressly forbidden.   *
   9           *                                                                         *
  10           *  This Copyright notice "M U S T" not be removed or modified without     *
  11           *  prior written consent of Sunplus mMedia Technology  Co., Ltd.          *
  12           *                                                                         *
  13           *  Sunplus mMedia Technology Co., Ltd. reserves the right to modify this  *
  14           *  software without notice.                                               *
  15           *                                                                         *
  16           *  Sunplus mMedia Technology Co., Ltd.                                    *
  17           *  19-1, Innovation First Road, Science-Based Industrial Park,            *
  18           *  Hsin-Chu, Taiwan, R.O.C.                                               *
  19           *                                                                         *
  20           **************************************************************************/
  21          /**
  22           * @file                sys_mem_init.c
  23           * @brief               system memory initialization related function
  24           * @author              Phil Lin
  25           * @since               2009-01-06
  26           * @date                2009-01-09
  27           */
  28          
  29          #define __FILE __FILE_ID_SYS_MEM_INIT__  
  30          #include "general.h"
  31          #include "sys_mem_init.h"
  32          #include "initio.h"
  33          #include "dbg_def.h"
  34          #include "dbg_file_list.h"
  35          #include "reg_def.h"
  36          #include "date_stamp.h"
  37          #include "video_clip.h"
  38          #include "sp1k_ae_api.h"
  39          #include "App_ui_para.h"
  40          #include "pv_task.h"
  41          #include "sp1k_video_api.h"
  42          #include "video_mem.h"
  43          #include "hal_dram.h"
  44          #include "app_video_view.h"
  45          #include "panorama_def.h"
  46          #include "sp1k_pv_api.h"
  47          /**************************************************************************
  48           *                           C O N S T A N T S                            *
  49           **************************************************************************/
  50           
  51          #define MEM_GROWTH_UP           1
  52          #define MEM_GROWTH_DOWN         0
  53          /**************************************************************************
C51 COMPILER V8.08   SYS_MEM_INIT                                                          07/29/2019 16:04:30 PAGE 2   

  54           *                              M A C R O S                               *
  55           **************************************************************************/
  56          
  57          /**************************************************************************
  58           *                          D A T A    T Y P E S                          *
  59           **************************************************************************/
  60          
  61          
  62          /**************************************************************************
  63           *                         G L O B A L    D A T A                         *
  64           **************************************************************************/
  65          static memCb_t xdata sgMemCb[MEM_IDX_MAX];
  66          extern UINT8 seamLessLpRecEn;
  67          extern xdata UINT16 G_UIStatus;
  68          
  69          /*
  70                  DO NOT modify this address, 
  71                  or you should modify the batch file "post.bat" & "STARTUP.A51"
  72          */
  73          static UINT32 code fwSize _at_ 0x7FF0;//4 Bytes reserved for recording fw size
  74          
  75          static void sysMemSizeInit_Global(void);
  76          static void sysMemCbAddrSet(memCb_t* pMemCb, memCbIdx_t sIdx, memCbIdx_t eIdx, UINT8 mode, UINT8 bAgn);
  77          /**************************************************************************
  78           *                 E X T E R N A L    R E F E R E N C E S                 *
  79           **************************************************************************/
  80          
  81          //-----------------------------------------------------------------------------
  82          //sysMemSizeInit
  83          //-----------------------------------------------------------------------------
  84          /**
  85           * @brief       System memory pool initialization
  86           * @param       NULL
  87           * @retval      NULL
  88           * @see
  89           * @author      Phil Lin
  90           * @since       2009-01-09
  91           * @todo        Something need to be done.
  92           * @bug         a bug need to be resolved.
  93          */
  94          void sysMemSizeInit(void)
  95          {
  96   1              memCb_t xdata* pMemCb = &sgMemCb[0];
  97   1              UINT8 i = 0;
  98   1              UINT32 varSize;
  99   1                      
 100   1              sysMemSizeInit_Global();
 101   1              #if 0
                      #if (VIDEO_MD_REC_FRAME_BUF_NUM_CTRL_EN == 1)
                      vidRecFrameBufNumSet(VIDEO_MD_PREVIEW_FRAME_BUF_NUM);
                      #else
                      vidRecFrameBufNumSet(2);
                      #endif
                      #endif
 108   1              //printf("###syMemSize\n");
 109   1              /* common area memory block */
 110   1      
 111   1      #if SYS_MEM_OPT_TEXT_DYNAMIC
 112   1              /* The fw size had recorded into code segment by "post.bat" in compiling process */
 113   1              if (fwSize) {
 114   2                      printf("FwSize  : 0x%lX\n", fwSize);
 115   2      
C51 COMPILER V8.08   SYS_MEM_INIT                                                          07/29/2019 16:04:30 PAGE 3   

 116   2                      /* Check the F/W size */
 117   2                      //ASSERT(fwSize <= SYS_MEM_SIZE_CODE_MAX, 0); 
 118   2                      
 119   2                      pMemCb[MEM_IDX_TEXT].size = fwSize >> 1;
 120   2              } else {
 121   2                      /* If the fw size had not been successfully recorded :( */
 122   2                      ASSERT(fwSize, 1);
 123   2                      pMemCb[MEM_IDX_TEXT].size = SYS_MEM_SIZE_CODE; 
 124   2              }
 125   1      #else
                      pMemCb[MEM_IDX_TEXT].size = SYS_MEM_SIZE_CODE; 
              #endif //SYS_MEM_OPT_TEXT_DYNAMIC
 128   1      
 129   1              pMemCb[MEM_IDX_DATA].size = K_SDRAM_ShadowSize;
 130   1              pMemCb[MEM_IDX_BP].size = K_SDRAM_BadPixelCoordBufSize;
 131   1              pMemCb[MEM_IDX_LSC].size = K_SDRAM_LscTableBufSize;
 132   1              pMemCb[MEM_IDX_ZOOM].size = K_SDRAM_ZoomTableBufSize;
 133   1              pMemCb[MEM_IDX_OSD].size = K_SDRAM_OsdBufSize;
 134   1              /*
 135   1              pMemCb[MEM_IDX_OSD_DISP_A].size = K_SDRAM_OsdDispBufSize;
 136   1              pMemCb[MEM_IDX_OSD_DISP_B].size = K_SDRAM_OsdDispBufSize;
 137   1              pMemCb[MEM_IDX_OSD_FONT].size = K_SDRAM_OsdFontBufSize;
 138   1              pMemCb[MEM_IDX_OSD_ICON].size = K_SDRAM_OsdFontBufSize;*/
 139   1              pMemCb[MEM_IDX_GRAF_FONT].size = K_SDRAM_GrafFontBufSize;
 140   1              pMemCb[MEM_IDX_DOS_WORK].size = K_SDRAM_DOS_WorkSize;
 141   1              pMemCb[MEM_IDX_DOS_FAT1].size = K_SDRAM_DOS_Fat1BufSize;
 142   1              pMemCb[MEM_IDX_DCF_DIR].size = K_SDRAM_DcfDirBufSize;
 143   1              pMemCb[MEM_IDX_FDB].size = K_SDRAM_JPG_FdbParameterBufSize;
 144   1              pMemCb[MEM_IDX_FILE_ORDER_TAB].size = K_SDRAM_FileOrderTableSize;
 145   1              pMemCb[MEM_IDX_KEY_SOUND].size = K_SDRAM_KeySoundSize;
 146   1              //pMemCb[MEM_IDX_PWR_CTRL_PARAM].size = K_SDRAM_PwrCtrlParameterBufSize;        
 147   1              //sysMemSizeInit_DosRam();      
 148   1              pMemCb[MEM_IDX_DOS_RAM].size = 0;
 149   1              pMemCb[MEM_IDX_DPS].size = K_SDRAM_DPSBufSize;
 150   1              pMemCb[MEM_IDX_ALC_MOE_CMD].size = K_SDRAM_AlcMoeCmdBufSize;
 151   1              pMemCb[MEM_IDX_ALC_MOE_EXTRA].size = K_SDRAM_AlcMoeExtraBufSize;
 152   1              pMemCb[MEM_IDX_CODE_SENTRY_REDIR].size = K_SDRAM_CodeSentryRedirectBufSize;
 153   1              pMemCb[MEM_IDX_ICON_LAYOUT].size = K_SDRAM_iconLayoutBufSize;
 154   1              pMemCb[MEM_IDX_SOUND_CTRL].size = K_SDRAM_SoundCtrlSize;
 155   1      
 156   1              pMemCb[MEM_IDX_AWB_WIN].size = (UINT32)32*32*4+64;  //4096 + 64;
 157   1              pMemCb[MEM_IDX_MOE_TMP].size = (UINT32)K_SDRAM_MoeTmpBufSize;        //jg:moe tmp buf for awb or other  
 158   1              pMemCb[MEM_IDX_USB].size = (UINT32)K_SDRAM_USBBufSize;  
 159   1              pMemCb[MEM_IDX_SMOOTH_ZOOM_FACTOR].size = 128ul;
 160   1              pMemCb[MEM_IDX_SMOOTH_REG_TABLE].size = 128ul;
 161   1              pMemCb[MEM_IDX_SMOOTH_REG_VALUE].size = 2048ul * 2ul;
 162   1              #ifdef ICAT_OPTION      
                              pMemCb[MEM_IDX_ICAT_CDSP_PARAM].size = K_SDRAM_IcatCdspParamBufSize;
                              //pMemCb[MEM_IDX_ICAT_GAMMA].size = K_SDRAM_IcatGammaBufSize;
                              //pMemCb[MEM_IDX_ICAT_LC].size = K_SDRAM_IcatLcBufSize;
                      #endif  
 167   1      
 168   1              /* still view mode */   
 169   1      
 170   1              pMemCb[MEM_IDX_STILL_VIEW_AE].size =(UINT32) K_SDRAM_AviAeSize;
 171   1              pMemCb[MEM_IDX_STILL_VIEW_AE_WIN].size = (UINT32)25*8;        //will: max ae window size
 172   1              pMemCb[MEM_IDX_STILL_VIEW_EDGE_WINA].size = (UINT32)12*12*4;        //will: edge window bufferA 
 173   1              pMemCb[MEM_IDX_STILL_VIEW_EDGE_WINB].size = (UINT32)12*12*4;        //will: edge window bufferB 
 174   1              pMemCb[MEM_IDX_STILL_VIEW_DIST_ME].size = K_SDRAM_PreviewDistMeSize;           //DIST Mv output value    
             -    
 175   1              pMemCb[MEM_IDX_STILL_VIEW_PV_A].size = K_SDRAM_PreviewBufSizeA;
 176   1              pMemCb[MEM_IDX_STILL_VIEW_PV_B].size = K_SDRAM_PreviewBufSizeB;
C51 COMPILER V8.08   SYS_MEM_INIT                                                          07/29/2019 16:04:30 PAGE 4   

 177   1              pMemCb[MEM_IDX_STILL_VIEW_PV_C].size = K_SDRAM_PreviewBufSizeC;
 178   1              pMemCb[MEM_IDX_STILL_VIEW_PV_D].size = K_SDRAM_PreviewBufSizeD;
 179   1              pMemCb[MEM_IDX_STILL_VIEW_PV2_A].size = K_SDRAM_Preview2BufSizeA;  //will: preview second path
 180   1              pMemCb[MEM_IDX_STILL_VIEW_PV2_B].size = K_SDRAM_Preview2BufSizeB;
 181   1              pMemCb[MEM_IDX_STILL_VIEW_PV2_C].size = K_SDRAM_Preview2BufSizeC;
 182   1              pMemCb[MEM_IDX_STILL_VIEW_PV2_D].size = K_SDRAM_Preview2BufSizeD;
 183   1              pMemCb[MEM_IDX_STILL_VIEW_FD].size = (UINT32)K_SDRAM_FdIIBufSize;        //jg:FD jobQueue,tbl and II tmpb
             -uf 
 184   1              pMemCb[MEM_IDX_STILL_VIEW_PF_YUV].size = (UINT32)K_SDRAM_PvPFYUVSize;        //photoframe yuv
 185   1              pMemCb[MEM_IDX_STILL_VIEW_PF_JPG].size = (UINT32)K_SDRAM_PvPFJpgSize;        //photoframe jpg
 186   1              pMemCb[MEM_IDX_STILL_VIEW_PANORAMA_TMP_ME].size = 0;
 187   1              pMemCb[MEM_IDX_STILL_VIEW_PANORAMA_TMP_GMV].size = 0;
 188   1              pMemCb[MEM_IDX_STILL_VIEW_PANORAMA_DST_YUV].size = 0;
 189   1              pMemCb[MEM_IDX_STILL_VIEW_PANORAMA_TMP_YUV].size = 0;
 190   1              //#ifdef ICAT_OPTION    
 191   1              //      pMemCb[MEM_IDX_ICAT_TEST].size = icat_TestBuf_SIZE;
 192   1              //#endif
 193   1      
 194   1              /* video view mode */
 195   1              pMemCb[MEM_IDX_VIDEO_VIEW_AE].size = (UINT32)K_SDRAM_AviAeSize;
 196   1              pMemCb[MEM_IDX_VIDEO_VIEW_AE_WIN].size = (UINT32)25*8; 
 197   1              #if 0
                      #if FRAME_BUF_NUM==4
                              pMemCb[MEM_IDX_VIDEO_VIEW_EDGE_WINA].size = (UINT32)12*12*4;        //will: edge window bufferA 
                              pMemCb[MEM_IDX_VIDEO_VIEW_EDGE_WINB].size = (UINT32)12*12*4;        //will: edge window bufferB 
                              pMemCb[MEM_IDX_VIDEO_VIEW_DIST_ME].size = (UINT32)12*12*2;        //TQ: dist Mv output buffer
                      #else
                              pMemCb[MEM_IDX_VIDEO_VIEW_EDGE_WINA].size = (UINT32)0;        //will: edge window bufferA 
                              pMemCb[MEM_IDX_VIDEO_VIEW_EDGE_WINB].size = (UINT32)0;        //will: edge window bufferB 
                              pMemCb[MEM_IDX_VIDEO_VIEW_DIST_ME].size = (UINT32)0;        //TQ: dist Mv output buffer
                      #endif
                      #endif
 208   1              #if 1
 209   1              pMemCb[MEM_IDX_VIDEO_VIEW_EDGE_WINA].size = (UINT32)12*12*4;        //will: edge window bufferA 
 210   1              pMemCb[MEM_IDX_VIDEO_VIEW_EDGE_WINB].size = (UINT32)12*12*4;        //will: edge window bufferB 
 211   1              pMemCb[MEM_IDX_VIDEO_VIEW_DIST_ME].size = K_SDRAM_VideoDistMeSize;        //TQ: dist Mv output buffer
 212   1              #endif 
 213   1              #if 0
                      if(vidRecFrameBufNumGet()==4){
                              pMemCb[MEM_IDX_VIDEO_VIEW_EDGE_WINA].size = (UINT32)12*12*4;        //will: edge window bufferA 
                              pMemCb[MEM_IDX_VIDEO_VIEW_EDGE_WINB].size = (UINT32)12*12*4;        //will: edge window bufferB 
                              pMemCb[MEM_IDX_VIDEO_VIEW_DIST_ME].size = (UINT32)12*12*2;        //TQ: dist Mv output buffer
                              }
                      else{
                              pMemCb[MEM_IDX_VIDEO_VIEW_EDGE_WINA].size = (UINT32)0;        //will: edge window bufferA 
                              pMemCb[MEM_IDX_VIDEO_VIEW_EDGE_WINB].size = (UINT32)0;        //will: edge window bufferB 
                              pMemCb[MEM_IDX_VIDEO_VIEW_DIST_ME].size = (UINT32)0;        //TQ: dist Mv output buffer
                              }
                      #endif
 225   1              pMemCb[MEM_IDX_VIDEO_VIEW_PV_A].size = K_SDRAM_AviPvwBufSizeA;
 226   1              pMemCb[MEM_IDX_VIDEO_VIEW_PV_B].size = K_SDRAM_AviPvwBufSizeB;
 227   1              pMemCb[MEM_IDX_VIDEO_VIEW_PV_C].size = K_SDRAM_AviPvwBufSizeC;
 228   1              pMemCb[MEM_IDX_VIDEO_VIEW_PV_D].size = K_SDRAM_AviPvwBufSizeD;
 229   1              pMemCb[MEM_IDX_VIDEO_VIEW_PV2_A].size = K_SDRAM_Avi2BufSizeA;  //will: preview second path
 230   1              pMemCb[MEM_IDX_VIDEO_VIEW_PV2_B].size = K_SDRAM_Avi2BufSizeB;
 231   1              pMemCb[MEM_IDX_VIDEO_VIEW_PV2_C].size = K_SDRAM_Avi2BufSizeC;
 232   1              pMemCb[MEM_IDX_VIDEO_VIEW_PV2_D].size = K_SDRAM_Avi2BufSizeD;
 233   1              //pMemCb[MEM_IDX_VIDEO_VIEW_FD].size = (UINT32)K_SDRAM_FdIIBufSize;        //jg:FD jobQueue,tbl and II tm
             -pbuf 
 234   1      
 235   1              /* video record mode */
 236   1              //vidMemSizeInit();
C51 COMPILER V8.08   SYS_MEM_INIT                                                          07/29/2019 16:04:30 PAGE 5   

 237   1              #if 0
                      pMemCb[MEM_IDX_VIDEO_REC_VLC_A].size = K_SDRAM_AviCapVLCBufSizeA;
                      pMemCb[MEM_IDX_VIDEO_REC_VLC_B].size = K_SDRAM_AviCapVLCBufSizeB;
                      pMemCb[MEM_IDX_VIDEO_REC_VLC_C].size = K_SDRAM_AviCapVLCBufSizeC;
                      pMemCb[MEM_IDX_VIDEO_REC_VLC_D].size = K_SDRAM_AviCapVLCBufSizeD;
                      
                      for(i = 4; i < VLCBUFNUM_TOTAL; i ++){
                              pMemCb[MEM_IDX_VIDEO_REC_VLC_A + i].size = 0;
                      }
                      
                      pMemCb[MEM_IDX_VIDEO_REC_VLC_TMP].size = K_SDRAM_AviCapVLCBufSizeA;
                      pMemCb[MEM_IDX_VIDEO_REC_QTAB].size = K_SDRAM_AviCapQTabSize;
                      pMemCb[MEM_IDX_VIDEO_REC_AUDIO].size = K_SDRAM_AviCapAudioBufSize;
                      pMemCb[MEM_IDX_VIDEO_REC_FRAG].size = K_SDRAM_AviCapFragBufSizeA;
                      pMemCb[MEM_IDX_VIDEO_REC_HDR].size = K_SDRAM_AviCapHeaderBufSize;
                      pMemCb[MEM_IDX_VIDEO_REC_IDX].size = -1; //for all free memory
                      #endif
 254   1              vidRecMemSizeInit();
 255   1              /* still playback mode */
 256   1              
 257   1              pMemCb[MEM_IDX_STILL_PB_DISP].size = K_SDRAM_ImagePlaybackDisplayBufSize;
 258   1              pMemCb[MEM_IDX_STILL_PB_GEN_A].size = K_SDRAM_ImagePlaybackBufSize;
 259   1              pMemCb[MEM_IDX_STILL_PB_GEN_B].size = -1;//for all free memory
 260   1      
 261   1              /* video playback mode */
 262   1              
 263   1              pMemCb[MEM_IDX_VIDEO_PB_GEN_A].size = K_SDRAM_AviPbBufSizeA;
 264   1              pMemCb[MEM_IDX_VIDEO_PB_GEN_B].size = K_SDRAM_AviPbBufSizeB;
 265   1              pMemCb[MEM_IDX_VIDEO_PB_GEN_C].size = K_SDRAM_AviPbBufSizeC;
 266   1              pMemCb[MEM_IDX_VIDEO_PB_FRAG].size = 0;//variable size  K_SDRAM_AviPbFragSize;
 267   1              pMemCb[MEM_IDX_VIDEO_PB_VIDEO].size = K_SDRAM_AviPbVideoBufSize;
 268   1              pMemCb[MEM_IDX_VIDEO_PB_AUDIO].size = K_SDRAM_AviPbAudioBufSize;
 269   1              pMemCb[MEM_IDX_VIDEO_PB_AUDIO_CHUNK].size = K_SDRAM_AviPbAudioChunkBufSize;
 270   1              pMemCb[MEM_IDX_VIDEO_PB_IDX].size = -1;//for all free memory
 271   1      
 272   1              varSize = sgMemCb[MEM_IDX_GLOBAL].size; // total size
 273   1              for(i = MEM_IDX_COMMON_START; i < MEM_IDX_COMMON_END; i ++){// common size
 274   2                      varSize -= pMemCb[i].size;
 275   2              }
 276   1              for(i = MEM_IDX_VIDEO_PB_GEN_A; i < MEM_IDX_VIDEO_PB_IDX; i ++){
 277   2                      varSize -= pMemCb[i].size;
 278   2              }
 279   1              varSize -= (UINT32)64*1024;     //reserved for index
 280   1              varSize -= (UINT32)180*1024;
 281   1              //vidPbFragBufSize should 2^n, may be not good, but...
 282   1              if(varSize & 0x400000){ //4M word
 283   2                      varSize = 0x400000;
 284   2              }
 285   1              else if(varSize &0x200000){
 286   2                      varSize = 0x200000;
 287   2              }
 288   1              else if(varSize &0x200000){
 289   2                      varSize = 0x200000;
 290   2              }
 291   1              else{
 292   2                      varSize = 0x100000;
 293   2              }
 294   1              pMemCb[MEM_IDX_VIDEO_PB_FRAG].size = varSize + (UINT32)180*1024;
 295   1      }
 296          
 297          //-----------------------------------------------------------------------------
 298          //sysMemAddrUpdate
C51 COMPILER V8.08   SYS_MEM_INIT                                                          07/29/2019 16:04:30 PAGE 6   

 299          //-----------------------------------------------------------------------------
 300          /**
 301           * @brief       System memory pool initialization
 302           * @param       NULL
 303           * @retval      NULL
 304           * @see
 305           * @author      Phil Lin
 306           * @since       2009-01-09
 307           * @todo        Something need to be done.
 308           * @bug         a bug need to be resolved.
 309          */
 310          void sysMemAddrUpdate(void)
 311          {
 312   1              memCb_t xdata* pMemCb = &sgMemCb[0];
 313   1              pMemCb[MEM_IDX_COMMON_START].addr = 0;
 314   1              sysMemCbAddrSet(pMemCb, MEM_IDX_COMMON_START, MEM_IDX_COMMON_END, MEM_GROWTH_UP, 1);
 315   1      
 316   1              pMemCb[MEM_IDX_STILL_VIEW_START].addr = K_SDRAM_TotalSize - pMemCb[MEM_IDX_STILL_VIEW_START].size;
 317   1              //pMemCb[MEM_IDX_STILL_VIEW_START].addr = K_SDRAM_TotalSize - pMemCb[MEM_IDX_STILL_VIEW_START].size-(UINT
             -32)(320*240);        
 318   1              sysMemCbAddrSet(pMemCb, MEM_IDX_STILL_VIEW_START, MEM_IDX_STILL_VIEW_END, MEM_GROWTH_DOWN, 1);
 319   1              pMemCb[MEM_IDX_VIDEO_VIEW_START].addr = K_SDRAM_TotalSize - pMemCb[MEM_IDX_VIDEO_VIEW_START].size;//-(UIN
             -T16)3200;
 320   1              sysMemCbAddrSet(pMemCb, MEM_IDX_VIDEO_VIEW_START, MEM_IDX_VIDEO_VIEW_END, MEM_GROWTH_DOWN, 1);
 321   1              //pMemCb[MEM_IDX_VIDEO_REC_START].addr = K_SDRAM_CommonEndAddr;
 322   1              //sysMemCbAddrSet(pMemCb, MEM_IDX_VIDEO_REC_START, MEM_IDX_VIDEO_REC_END, MEM_GROWTH_UP, 1);
 323   1              vidRecMemAddrInit();
 324   1              pMemCb[MEM_IDX_STILL_PB_START].addr = K_SDRAM_CommonEndAddr;
 325   1              sysMemCbAddrSet(pMemCb, MEM_IDX_STILL_PB_START, MEM_IDX_STILL_PB_END, MEM_GROWTH_UP, 1);
 326   1      
 327   1              pMemCb[MEM_IDX_VIDEO_PB_START].addr = K_SDRAM_CommonEndAddr;
 328   1              sysMemCbAddrSet(pMemCb, MEM_IDX_VIDEO_PB_START, MEM_IDX_VIDEO_PB_END, MEM_GROWTH_UP, 1);
 329   1      
 330   1              /* Code sentry setting */
 331   1              HAL_DramCodeSentry(0x00, K_SDRAM_CodeSize-1, K_SDRAM_CodeSentryRedirectAddr);
 332   1      }
 333          #if 0
              void 
              sysMemFrameBufAddrUpdate(
                      UINT8 size
              )
              {
                      memCb_t xdata* pMemCb = &sgMemCb[0];
                      UINT8 vlcBufNum, vlcBufTotal, cnt;
                      UINT32 vlcBufSize;
                      extern UINT8 G_VideoVlcBufNum;
                      UINT8 frameRate;
                      //uiPara_t* puiPara ;
                      //puiPara= appUiParaGet();
                      //VLCBUFNUM_TOTAL=sysMemRemainSizeGet();
                      vlcBufTotal = VLCBUFNUM_TOTAL; //max, if mem size > 8M
                      vlcBufNum = VLCBUFNUM_TOTAL;
                      //printf("MEM_IDX_VIDEO_REC_AUDIO=%ld\n",pMemCb[MEM_IDX_VIDEO_REC_AUDIO].size);
                      switch(size){
                              case MEM_FB_VGA:
                                      aeStatusGet(SP1K_AE_FRAMERATE,&frameRate);
                                      //printf("frame rate=%bd\n",frameRate);
                                      #if (VGA_60FPS_2ST_PATH_EN == 0)
                                      if ((frameRate==SP1K_FRAME_RATE_60)||(frameRate==SP1K_FRAME_RATE_50)){
                                              pMemCb[MEM_IDX_VIDEO_VIEW_PV_A].size = K_SDRAM_AviPvwBufSizeA_VGA_60FPS;
                                              pMemCb[MEM_IDX_VIDEO_VIEW_PV_B].size = K_SDRAM_AviPvwBufSizeB_VGA_60FPS;
                                              pMemCb[MEM_IDX_VIDEO_VIEW_PV_C].size = K_SDRAM_AviPvwBufSizeC_VGA_60FPS;
C51 COMPILER V8.08   SYS_MEM_INIT                                                          07/29/2019 16:04:30 PAGE 7   

                                              pMemCb[MEM_IDX_VIDEO_VIEW_PV_D].size = K_SDRAM_AviPvwBufSizeD_VGA_60FPS;                        
              
                                              //pMemCb[MEM_IDX_VIDEO_VIEW_PV2_A].size = 0;
                                              //pMemCb[MEM_IDX_VIDEO_VIEW_PV2_B].size = 0;
                                              //pMemCb[MEM_IDX_VIDEO_VIEW_PV2_C].size = 0;
                                              //pMemCb[MEM_IDX_VIDEO_VIEW_PV2_D].size = 0;                            
                                      }
                                      else
                                      #endif
                                      {
                                              pMemCb[MEM_IDX_VIDEO_VIEW_PV_A].size = K_SDRAM_AviPvwBufSizeA_VGA;
                                              pMemCb[MEM_IDX_VIDEO_VIEW_PV_B].size = K_SDRAM_AviPvwBufSizeB_VGA;
                                              pMemCb[MEM_IDX_VIDEO_VIEW_PV_C].size = K_SDRAM_AviPvwBufSizeC_VGA;
                                              pMemCb[MEM_IDX_VIDEO_VIEW_PV_D].size = K_SDRAM_AviPvwBufSizeD_VGA;
                                      }       
                                      
                                      vlcBufSize = K_SDRAM_AviCapVLCBufSizeA_VGA;
                                      /*if (K_SDRAM_TotalSize<0x800000){
                                              vlcBufNum = 20;                 
                                      }*/
                                      pMemCb[MEM_IDX_VIDEO_REC_FRAG].size = K_SDRAM_AviCapFragBufSizeA_VGA;
                                      break;
                                      
                              case MEM_FB_D1:
                                      pMemCb[MEM_IDX_VIDEO_VIEW_PV_A].size = K_SDRAM_AviPvwBufSizeA_D1;
                                      pMemCb[MEM_IDX_VIDEO_VIEW_PV_B].size = K_SDRAM_AviPvwBufSizeB_D1;
                                      pMemCb[MEM_IDX_VIDEO_VIEW_PV_C].size = K_SDRAM_AviPvwBufSizeC_D1;
                                      pMemCb[MEM_IDX_VIDEO_VIEW_PV_D].size = K_SDRAM_AviPvwBufSizeD_D1;
              
                                      vlcBufSize = K_SDRAM_AviCapVLCBufSizeA_D1;
                                      /*if (K_SDRAM_TotalSize<0x800000){
                                              vlcBufNum = 14;                 
                                      }*/
                                      pMemCb[MEM_IDX_VIDEO_REC_FRAG].size = K_SDRAM_AviCapFragBufSizeA_D1;
                              break;
                          case MEM_FB_1080p:
                                      pMemCb[MEM_IDX_VIDEO_VIEW_PV_A].size = K_SDRAM_AviPvwBufSizeA_1080p;
                                      pMemCb[MEM_IDX_VIDEO_VIEW_PV_B].size = K_SDRAM_AviPvwBufSizeB_1080p;
                                      pMemCb[MEM_IDX_VIDEO_VIEW_PV_C].size = K_SDRAM_AviPvwBufSizeC_1080p;
                                      pMemCb[MEM_IDX_VIDEO_VIEW_PV_D].size = K_SDRAM_AviPvwBufSizeD_1080p;    
                                      vlcBufSize = K_SDRAM_AviCapVLCBufSizeA_1080p;
                                      pMemCb[MEM_IDX_VIDEO_REC_FRAG].size = K_SDRAM_AviCapFragBufSizeA_1080p; 
                                      break;
                         case MEM_FB_HD_960: //only support FRAME_BUF_NUM=2
                                      pMemCb[MEM_IDX_VIDEO_VIEW_PV_A].size = 960L*540L;
                                      pMemCb[MEM_IDX_VIDEO_VIEW_PV_B].size = 960L*540L;
                                      pMemCb[MEM_IDX_VIDEO_VIEW_PV_C].size = 0;
                                      pMemCb[MEM_IDX_VIDEO_VIEW_PV_D].size = 0;
                                      /*if (K_SDRAM_TotalSize<0x800000){
                                              vlcBufNum = 18;
                                      }*/
                                      
                                      vlcBufSize = K_SDRAM_AviCapVLCBufSizeA;
                                      pMemCb[MEM_IDX_VIDEO_REC_FRAG].size = K_SDRAM_AviCapFragBufSizeA;
                                      break;
                                      
                              case MEM_FB_HD:
                              default:        
                                      pMemCb[MEM_IDX_VIDEO_VIEW_PV_A].size = K_SDRAM_AviPvwBufSizeA;
                                      pMemCb[MEM_IDX_VIDEO_VIEW_PV_B].size = K_SDRAM_AviPvwBufSizeB;
                                      pMemCb[MEM_IDX_VIDEO_VIEW_PV_C].size = K_SDRAM_AviPvwBufSizeC;
                                      pMemCb[MEM_IDX_VIDEO_VIEW_PV_D].size = K_SDRAM_AviPvwBufSizeD;
C51 COMPILER V8.08   SYS_MEM_INIT                                                          07/29/2019 16:04:30 PAGE 8   

              
                                      vlcBufSize = K_SDRAM_AviCapVLCBufSizeA;
              
                                      /*#if (FRAME_BUF_NUM==2)
                                      if (K_SDRAM_TotalSize<0x800000){
                                              vlcBufNum = 8;                  
                                      }
                                      #else
                                      if (K_SDRAM_TotalSize<0x800000){
                                              vlcBufNum = 10;
                                      }
                                      #endif*/
                                      pMemCb[MEM_IDX_VIDEO_REC_FRAG].size = K_SDRAM_AviCapFragBufSizeA;
                              break;
                      }
                      vlcBufNum=sysMemRemainSizeGet(vlcBufSize);
                      for(cnt = 0; cnt < vlcBufNum; cnt ++){
                              pMemCb[MEM_IDX_VIDEO_REC_VLC_A+cnt].size = vlcBufSize;
                      }
                      for(; cnt < vlcBufTotal; cnt ++){
                              pMemCb[MEM_IDX_VIDEO_REC_VLC_A+cnt].size = 0;
                      }
                      pMemCb[MEM_IDX_VIDEO_REC_VLC_TMP].size = 0;//edit by wangrf 
                      //printf("ae ii size=%ld\n",pMemCb[MEM_IDX_VIDEO_VIEW_AE].size);
                      
                      //pMemCb[MEM_IDX_VIDEO_VIEW_START].addr = K_SDRAM_TotalSize - pMemCb[MEM_IDX_VIDEO_VIEW_START].size;
                      sysMemCbAddrSet(pMemCb, MEM_IDX_VIDEO_VIEW_DIST_ME, MEM_IDX_VIDEO_VIEW_END, MEM_GROWTH_DOWN, 1);
                      pMemCb[MEM_IDX_VIDEO_REC_START].addr = K_SDRAM_CommonEndAddr;
                      sysMemCbAddrSet(pMemCb, MEM_IDX_VIDEO_REC_START, MEM_IDX_VIDEO_REC_END, MEM_GROWTH_UP, 1);
              
                      G_VideoVlcBufNum =vlcBufNum;
                      printf("vlcNum:%bu, %lx, %lx\n",vlcBufNum, vlcBufSize, K_SDRAM_TotalSize);
                      //printf("addr:%lx, %lx\n", pMemCb[MEM_IDX_VIDEO_REC_VLC_A].addr, pMemCb[MEM_IDX_VIDEO_REC_FRAG].addr);
                      //printf("addr:%lx, %lx\n", pMemCb[MEM_IDX_VIDEO_REC_HDR].addr, pMemCb[MEM_IDX_VIDEO_VIEW_END].addr);
                      //printf("addr:%lx, %lx\n", pMemCb[MEM_IDX_VIDEO_REC_VLC_A].addr, pMemCb[MEM_IDX_VIDEO_REC_FRAG].addr);
              }
              #endif
 458          void
 459          sysMemStillPbDispAddrUpdate(UINT8 HDMI_On){
 460   1              UINT8 i;
 461   1              memCb_t xdata* pMemCb = &sgMemCb[0];
 462   1              //printf("HDMI: %bu\n", HDMI_On);
 463   1              
 464   1              if (HDMI_On){
 465   2                      pMemCb[MEM_IDX_STILL_PB_DISP].size = K_SDRAM_ImagePlaybackDisplayBufSize_HDMI;
 466   2              }
 467   1              else {
 468   2                      pMemCb[MEM_IDX_STILL_PB_DISP].size = K_SDRAM_ImagePlaybackDisplayBufSize;
 469   2              }
 470   1              pMemCb[MEM_IDX_STILL_PB_START].addr = K_SDRAM_CommonEndAddr;
 471   1              sysMemCbAddrSet(pMemCb, MEM_IDX_STILL_PB_START, MEM_IDX_STILL_PB_END, MEM_GROWTH_UP, 1);
 472   1              //printf("\n3\n");
 473   1              for(i=MEM_IDX_STILL_PB_START;i< MEM_IDX_STILL_PB_END;i++){
 474   2                      //printf("pMemCb[i]=%lx\n",pMemCb[i].addr,pMemCb[i].size);
 475   2          }
 476   1      }
 477          
 478          static void sysMemCbAddrSet(
 479                  memCb_t* pMemCb,
 480                  memCbIdx_t sIdx,
 481                  memCbIdx_t eIdx,
 482                  UINT8 mode,
C51 COMPILER V8.08   SYS_MEM_INIT                                                          07/29/2019 16:04:30 PAGE 9   

 483                  UINT8 bAgn
 484          )
 485          {
 486   1              UINT8 i;
 487   1              //static UINT32 LastAddr=0;
 488   1              //UINT32 LastAddr=0;
 489   1              
 490   1              if (!pMemCb || sIdx > eIdx) {
 491   2                      return;
 492   2              }
 493   1              
 494   1              for (i = sIdx + 1; i <= eIdx; i++) {
 495   2                      if (mode == MEM_GROWTH_UP) {
 496   3                              /* growth up */
 497   3                              pMemCb[i].addr = pMemCb[i - 1].addr + pMemCb[i - 1].size;
 498   3                      } else {
 499   3                              /* growth down */
 500   3                              pMemCb[i].addr = pMemCb[i - 1].addr - pMemCb[i].size;
 501   3                      }
 502   2      
 503   2                      /* alignment to 8 words */
 504   2                      if (bAgn) {
 505   3                              pMemCb[i].addr = (pMemCb[i].addr + 7) & ~7;
 506   3                      }
 507   2                      
 508   2                      //printf(">>addr %08lx\n", (UINT32)pMemCb[i].addr);
 509   2                      //printf(">>addr %08lx, size: %lx\n", (UINT32)pMemCb[i].addr, ((UINT32)pMemCb[i].addr-LastAddr)*2);
 510   2                      //LastAddr = (UINT32)pMemCb[i].addr;
 511   2              }
 512   1      }
 513          
 514          void sysMemSizeSet(memCbIdx_t idx, UINT32 size)
 515          {
 516   1              if (idx < MEM_IDX_MAX) {
 517   2                      sgMemCb[idx].size = size;
 518   2              }
 519   1      }
 520          
 521          UINT32 sysMemSizeGet(memCbIdx_t idx)
 522          {
 523   1              if (idx < MEM_IDX_MAX) {
 524   2                      return sgMemCb[idx].size;
 525   2              } else {
 526   2                      return UNKNOWN;
 527   2              }
 528   1      }
 529          
 530          
 531          UINT32 sysMemTotSizeGet(void)
 532          {
 533   1              return sgMemCb[MEM_IDX_GLOBAL].size;
 534   1      }
 535          
 536          UINT32 sysMemTotSizeGet_Intr(void)
 537          {
 538   1              return sgMemCb[MEM_IDX_GLOBAL].size;
 539   1      }
 540          
 541          UINT32 sysMemAddrGet(memCbIdx_t idx)
 542          {
 543   1              if (idx < MEM_IDX_MAX) {
 544   2                      return sgMemCb[idx].addr;
C51 COMPILER V8.08   SYS_MEM_INIT                                                          07/29/2019 16:04:30 PAGE 10  

 545   2              } else {
 546   2                      return UNKNOWN;
 547   2              }       
 548   1      }
 549          
 550          UINT32 sysMemAddrGet_Intr(memCbIdx_t idx)
 551          {
 552   1              if (idx < MEM_IDX_MAX) {
 553   2                      return sgMemCb[idx].addr;
 554   2              } else {
 555   2                      return UNKNOWN;
 556   2              }       
 557   1      }
 558          
 559          static void sysMemSizeInit_Global(void)
 560          {
 561   1              UINT32* pSize = &(sgMemCb[MEM_IDX_GLOBAL].size);
 562   1              UINT16 dramSize;
 563   1              
 564   1              switch (XBYTE[REG_Dram_SdramType]) {            
 565   2                      case 0x00:
 566   2                              *pSize = DEV_MEM_SIZE_16M;
 567   2                              break;
 568   2                      case 0x02:
 569   2                              *pSize = DEV_MEM_SIZE_64M;
 570   2                              break;
 571   2                      case 0x03:
 572   2                              *pSize = DEV_MEM_SIZE_128M;
 573   2                              break;
 574   2                      case 0x04:
 575   2                              *pSize = DEV_MEM_SIZE_256M;
 576   2                              break;
 577   2                      case 0x05:
 578   2                              *pSize = DEV_MEM_SIZE_512M;
 579   2                              break;
 580   2                      default:
 581   2                              *pSize = DEV_MEM_SIZE_64M;
 582   2                              break;
 583   2              }
 584   1      
 585   1              dramSize = READP16(pSize, 0) >> 4;
 586   1              printf("DRAM: %ux16Mb@%uMHz\n", dramSize, 522/(XBYTE[0x2025]+1));
 587   1      }
 588          #if 0
              UINT32 sysMemRemainSizeGet(UINT32 vlcBufSize)
              {
                      UINT32 remainSize;
                      UINT32 remainAddrEnd,remainAddrStart;
                      UINT32 Q_IdxSize=0,DistME_VidViewPVASize=0;
                      UINT32 vlcnum=0;
                      UINT16 i;
                      memCb_t xdata* pMemCb = &sgMemCb[0];
                      
                      for(i=MEM_IDX_VIDEO_REC_QTAB;i<MEM_IDX_VIDEO_REC_IDX;i++)
                              {
                                      Q_IdxSize+=pMemCb[i].size;
                              }
                      Q_IdxSize+=((UINT32)FRAG_SIZE_IDX * 5);
                      //printf("++++Q_IdxSize=%lx\n",Q_IdxSize);
                      //Q_IdxSize=pMemCb[MEM_IDX_VIDEO_REC_QTAB].size+pMemCb[MEM_IDX_VIDEO_REC_AUDIO].size+pMemCb[MEM_IDX_VIDEO
             -_REC_FRAG].size+pMemCb[MEM_IDX_VIDEO_REC_HDR].size+(UINT32)FRAG_SIZE_IDX;
                       for(i=(MEM_IDX_VIDEO_VIEW_DIST_ME)+1;i< MEM_IDX_VIDEO_VIEW_END;i++)
C51 COMPILER V8.08   SYS_MEM_INIT                                                          07/29/2019 16:04:30 PAGE 11  

                      {
                              DistME_VidViewPVASize+=pMemCb[i].size;
                                      //printf("pMemCb[i]=%lx",pMemCb[i].size);
                      }
                      if(DistME_VidViewPVASize>(sysMemAddrGet(MEM_IDX_VIDEO_VIEW_DIST_ME)-sysMemAddrGet(MEM_IDX_COMMON_END)))
                              {
                                 vlcnum=0;
                                 return vlcnum;
                              }
                       remainAddrEnd=sysMemAddrGet(MEM_IDX_VIDEO_VIEW_DIST_ME)-DistME_VidViewPVASize;
                      remainAddrEnd=remainAddrEnd-Q_IdxSize-videoRecStampSizeGet();
                      //printf("++++remainAddrEnd=%lx\n",remainAddrEnd);
                      remainAddrStart = sysMemAddrGet(MEM_IDX_COMMON_END);
                      if(remainAddrEnd <= remainAddrStart)
                              {
                                vlcnum=0;
                                return vlcnum;
                              }
                      else
                              {
                                      remainSize=remainAddrEnd - remainAddrStart;
                                      //printf("remainSize=%lx\n",remainSize);
                                      vlcnum=remainSize/vlcBufSize;
                                      //printf("pMemCb[MEM_IDX_VIDEO_REC_VLC_A].size=%lx\n",vlcBufSize);
                              }
                      //printf("MEM_IDX_MAX=%bd\n",MEM_IDX_MAX);
                      if(MEM_IDX_MAX>255)
                              {
                                 printf("vlc num is to big\n");
                                 vlcnum= vlcnum-(MEM_IDX_MAX-255);
                              }
                      if(vlcnum>80)
                              {
                                      vlcnum=80;
                              }
                      //printf("++++vlcnum=%lx\n",vlcnum);
                      return vlcnum;
              }
              #endif
 645          
 646          void sysMemStillPvPanoramaAddrUpdate(UINT8 size,UINT16 pvHsize,UINT16 pvVsize,UINT8 frameNum,UINT16 dstHsi
             -ze,UINT16 dstVsize) 
 647          {
 648   1              memCb_t xdata* pMemCb = &sgMemCb[0];
 649   1      
 650   1              #if 0
                      printf("size(%lx,%lx,%lx)\n",
                              pMemCb[MEM_IDX_STILL_VIEW_PANORAMA_TMP_ME].size,
                              pMemCb[MEM_IDX_STILL_VIEW_PANORAMA_DST_YUV].size,
                              pMemCb[MEM_IDX_STILL_VIEW_PANORAMA_TMP_YUV].size);
                      #endif
 656   1      
 657   1              #if 0
                      printf("dstH %d,%d\n",dstHsize,dstVsize);
                      #endif
 660   1              
 661   1              #if 1
 662   1              switch(size){   
 663   2                      
 664   2                      case MEM_FB_QVGA:
 665   2                              pMemCb[MEM_IDX_STILL_VIEW_PANORAMA_TMP_ME].size = (UINT32)12*12*2*frameNum;
 666   2                              pMemCb[MEM_IDX_STILL_VIEW_PANORAMA_TMP_GMV].size = (UINT32)4*(frameNum+2);
C51 COMPILER V8.08   SYS_MEM_INIT                                                          07/29/2019 16:04:30 PAGE 12  

 667   2                              pMemCb[MEM_IDX_STILL_VIEW_PANORAMA_DST_YUV].size =(UINT32)dstHsize*dstVsize;
 668   2                              pMemCb[MEM_IDX_STILL_VIEW_PANORAMA_TMP_YUV].size =(UINT32)pvHsize*pvVsize*frameNum;
 669   2                              break;
 670   2                      case MEM_FB_VGA:
 671   2                              pMemCb[MEM_IDX_STILL_VIEW_PANORAMA_TMP_ME].size = (UINT32)12*12*2*frameNum;
 672   2                              pMemCb[MEM_IDX_STILL_VIEW_PANORAMA_TMP_GMV].size = (UINT32)4*(frameNum+2);
 673   2                              pMemCb[MEM_IDX_STILL_VIEW_PANORAMA_DST_YUV].size =(UINT32)dstHsize*dstVsize;
 674   2                              pMemCb[MEM_IDX_STILL_VIEW_PANORAMA_TMP_YUV].size =(UINT32)pvHsize*pvVsize*frameNum;
 675   2                              break;
 676   2                      case MEM_FB_D1:
 677   2                              pMemCb[MEM_IDX_STILL_VIEW_PANORAMA_TMP_ME].size = (UINT32)12*12*2*frameNum;
 678   2                              pMemCb[MEM_IDX_STILL_VIEW_PANORAMA_TMP_GMV].size = (UINT32)4*(frameNum+2);
 679   2                              pMemCb[MEM_IDX_STILL_VIEW_PANORAMA_DST_YUV].size =(UINT32)dstHsize*dstVsize;
 680   2                              pMemCb[MEM_IDX_STILL_VIEW_PANORAMA_TMP_YUV].size =(UINT32)pvHsize*pvVsize*frameNum;
 681   2                              break;
 682   2                      case MEM_FB_1080p:
 683   2                              pMemCb[MEM_IDX_STILL_VIEW_PANORAMA_TMP_ME].size = (UINT32)12*12*2*frameNum;
 684   2                              pMemCb[MEM_IDX_STILL_VIEW_PANORAMA_TMP_GMV].size = (UINT32)4*(frameNum+2);
 685   2                              pMemCb[MEM_IDX_STILL_VIEW_PANORAMA_DST_YUV].size =(UINT32)dstHsize*dstVsize;
 686   2                              pMemCb[MEM_IDX_STILL_VIEW_PANORAMA_TMP_YUV].size =(UINT32)pvHsize*pvVsize*frameNum;
 687   2                              break;
 688   2                      case MEM_FB_HD_960:
 689   2                              pMemCb[MEM_IDX_STILL_VIEW_PANORAMA_TMP_ME].size = (UINT32)12*12*2*frameNum;
 690   2                              pMemCb[MEM_IDX_STILL_VIEW_PANORAMA_TMP_GMV].size = (UINT32)4*(frameNum+2);
 691   2                              pMemCb[MEM_IDX_STILL_VIEW_PANORAMA_DST_YUV].size =(UINT32)dstHsize*dstVsize;
 692   2                              pMemCb[MEM_IDX_STILL_VIEW_PANORAMA_TMP_YUV].size =(UINT32)pvHsize*pvVsize*frameNum;
 693   2                              break;
 694   2                       case MEM_FB_HD:
 695   2                       
 696   2                       default:
 697   2                              pMemCb[MEM_IDX_STILL_VIEW_PANORAMA_TMP_ME].size = (UINT32)12*12*2*frameNum;
 698   2                              pMemCb[MEM_IDX_STILL_VIEW_PANORAMA_TMP_GMV].size = (UINT32)4*(frameNum+2);
 699   2                              pMemCb[MEM_IDX_STILL_VIEW_PANORAMA_DST_YUV].size =(UINT32)dstHsize*dstVsize;
 700   2                              pMemCb[MEM_IDX_STILL_VIEW_PANORAMA_TMP_YUV].size =(UINT32)pvHsize*pvVsize*frameNum;
 701   2              }
 702   1              #else
                      pMemCb[MEM_IDX_STILL_VIEW_PANORAMA_TMP_ME].size = (UINT32)12*12*2*frameNum;
                      pMemCb[MEM_IDX_STILL_VIEW_PANORAMA_TMP_GMV].size = (UINT32)4*(frameNum+2);
                      pMemCb[MEM_IDX_STILL_VIEW_PANORAMA_DST_YUV].size =(UINT32)dstHsize*dstVsize;
                      pMemCb[MEM_IDX_STILL_VIEW_PANORAMA_TMP_YUV].size =(UINT32)pvHsize*pvVsize*frameNum;     
                      #endif
 708   1      
 709   1              #if 0
                      printf("size(%lx,%lx,%lx)\n",
                              pMemCb[MEM_IDX_STILL_VIEW_PANORAMA_TMP_ME].size,
                              pMemCb[MEM_IDX_STILL_VIEW_PANORAMA_DST_YUV].size,
                              pMemCb[MEM_IDX_STILL_VIEW_PANORAMA_TMP_YUV].size);
                      #endif
 715   1      
 716   1              #if (DBG_DRAMDMA_ME_BY_FRAME == 0)
 717   1              pMemCb[MEM_IDX_STILL_VIEW_PANORAMA_TMP_ME].size = 0;
 718   1              #endif
 719   1      
 720   1              pMemCb[MEM_IDX_STILL_VIEW_START].addr = K_SDRAM_TotalSize - pMemCb[MEM_IDX_STILL_VIEW_START].size;
 721   1              sysMemCbAddrSet(pMemCb, MEM_IDX_STILL_VIEW_START, MEM_IDX_STILL_VIEW_END, MEM_GROWTH_DOWN, 1);
 722   1      
 723   1              #if 0
                      {
                              UINT8 i;
                              for (i=0;i<MEM_IDX_MAX;i++){
                                      printf("[%bu]%lx,%lx\n",i,sgMemCb[i].addr,sgMemCb[i].size);
                              }
C51 COMPILER V8.08   SYS_MEM_INIT                                                          07/29/2019 16:04:30 PAGE 13  

                      }
                      #endif
 731   1      
 732   1              #if 0
                      printf("BUF(0x%lx,0x%lx,0x%lx,0x%lx,0x%lx,0x%lx,0x%lx)\n",
                      pMemCb[MEM_IDX_COMMON_END].addr,
                      pMemCb[MEM_IDX_STILL_VIEW_START].addr,
                      pMemCb[MEM_IDX_STILL_VIEW_PANORAMA_DST_YUV].addr,
                      pMemCb[MEM_IDX_STILL_VIEW_PANORAMA_TMP_ME].addr,
                      pMemCb[MEM_IDX_STILL_VIEW_PANORAMA_TMP_GMV].addr,
                      pMemCb[MEM_IDX_STILL_VIEW_PANORAMA_TMP_YUV].addr
                      pMemCb[MEM_IDX_STILL_VIEW_END].addr);
                      #endif
 742   1      }
 743          
 744          void sysMemVideoPvAddrUpdate(UINT8 size,UINT16 pvHsize,UINT16 pvVsize)
 745          {
 746   1              memCb_t xdata* pMemCb = &sgMemCb[0];
 747   1              //UINT16 recHsize,recVsize;
 748   1              UINT8 frameRate;
 749   1              UINT8 framebufnum;
 750   1              framebufnum=vidRecFrameBufNumGet();
 751   1              
 752   1              switch(size){   
 753   2                      case MEM_FB_VGA:
 754   2                              aeStatusGet(SP1K_AE_FRAMERATE,&frameRate);
 755   2                              #if (VGA_60FPS_2ST_PATH_EN == 0)
                                      if ((frameRate==SP1K_FRAME_RATE_60)||(frameRate==SP1K_FRAME_RATE_50)){
                                              pMemCb[MEM_IDX_VIDEO_VIEW_PV_A].size = K_SDRAM_AviPvwBufSizeA_VGA_60FPS;
                                              pMemCb[MEM_IDX_VIDEO_VIEW_PV_B].size = K_SDRAM_AviPvwBufSizeB_VGA_60FPS;
                                              pMemCb[MEM_IDX_VIDEO_VIEW_PV_C].size = K_SDRAM_AviPvwBufSizeC_VGA_60FPS;
                                              pMemCb[MEM_IDX_VIDEO_VIEW_PV_D].size = K_SDRAM_AviPvwBufSizeD_VGA_60FPS;                        
              
                                              //pMemCb[MEM_IDX_VIDEO_VIEW_PV2_A].size = 0;
                                              //pMemCb[MEM_IDX_VIDEO_VIEW_PV2_B].size = 0;
                                              //pMemCb[MEM_IDX_VIDEO_VIEW_PV2_C].size = 0;
                                              //pMemCb[MEM_IDX_VIDEO_VIEW_PV2_D].size = 0;                            
                                      }
                                      else
                                      #endif
 769   2                              //vidpMemCb[VID_MEM_IDX_VIDEO_REC_VLC_A].size =(UINT32)K_VIDEOCLIP_WIDTH_VGA* K_VIDEOCLIP_HEIGHT_VGA/12
             -+136;;
 770   2                              pMemCb[MEM_IDX_VIDEO_VIEW_PV_A].size =(UINT32)K_VIDEOCLIP_WIDTH_VGA* K_VIDEOCLIP_HEIGHT_VGA;
 771   2                              pMemCb[MEM_IDX_VIDEO_VIEW_PV_B].size =(UINT32)K_VIDEOCLIP_WIDTH_VGA* K_VIDEOCLIP_HEIGHT_VGA;
 772   2                              pMemCb[MEM_IDX_VIDEO_VIEW_PV_C].size =(UINT32)K_VIDEOCLIP_WIDTH_VGA* K_VIDEOCLIP_HEIGHT_VGA;
 773   2                              pMemCb[MEM_IDX_VIDEO_VIEW_PV_D].size =(UINT32)K_VIDEOCLIP_WIDTH_VGA* K_VIDEOCLIP_HEIGHT_VGA;    
 774   2                              break;
 775   2                      case MEM_FB_D1:
 776   2                              //vidpMemCb[VID_MEM_IDX_VIDEO_REC_VLC_A].size = (UINT32)K_VIDEOCLIP_WIDTH_D1* K_VIDEOCLIP_HEIGHT_D1/12+
             -136;;
 777   2                              pMemCb[MEM_IDX_VIDEO_VIEW_PV_A].size = (UINT32)K_VIDEOCLIP_WIDTH_D1* K_VIDEOCLIP_HEIGHT_D1;
 778   2                              pMemCb[MEM_IDX_VIDEO_VIEW_PV_B].size = (UINT32)K_VIDEOCLIP_WIDTH_D1* K_VIDEOCLIP_HEIGHT_D1;
 779   2                              pMemCb[MEM_IDX_VIDEO_VIEW_PV_C].size =(UINT32)K_VIDEOCLIP_WIDTH_D1* K_VIDEOCLIP_HEIGHT_D1;
 780   2                              pMemCb[MEM_IDX_VIDEO_VIEW_PV_D].size =(UINT32)K_VIDEOCLIP_WIDTH_D1* K_VIDEOCLIP_HEIGHT_D1;
 781   2                              break;
 782   2                      case MEM_FB_1080p:
 783   2                              //vidpMemCb[VID_MEM_IDX_VIDEO_REC_VLC_A].size = (UINT32)K_VIDEOCLIP_WIDTH_1080p * K_VIDEOCLIP_HEIGHT_10
             -80p /12+136;
 784   2                              pMemCb[MEM_IDX_VIDEO_VIEW_PV_A].size = (UINT32)K_VIDEOCLIP_WIDTH* K_VIDEOCLIP_HEIGHT;
 785   2                              pMemCb[MEM_IDX_VIDEO_VIEW_PV_B].size = (UINT32)K_VIDEOCLIP_WIDTH* K_VIDEOCLIP_HEIGHT;
 786   2                              pMemCb[MEM_IDX_VIDEO_VIEW_PV_C].size =(UINT32)K_VIDEOCLIP_WIDTH* K_VIDEOCLIP_HEIGHT;
 787   2                              pMemCb[MEM_IDX_VIDEO_VIEW_PV_D].size =(UINT32)K_VIDEOCLIP_WIDTH* K_VIDEOCLIP_HEIGHT;
C51 COMPILER V8.08   SYS_MEM_INIT                                                          07/29/2019 16:04:30 PAGE 14  

 788   2                              break;
 789   2                      case MEM_FB_HD_960: //only support FRAME_BUF_NUM=2
 790   2                              pMemCb[MEM_IDX_VIDEO_VIEW_PV_A].size = 960L*540L;
 791   2                              pMemCb[MEM_IDX_VIDEO_VIEW_PV_B].size = 960L*540L;
 792   2                              pMemCb[MEM_IDX_VIDEO_VIEW_PV_C].size = 960L*540L;
 793   2                              pMemCb[MEM_IDX_VIDEO_VIEW_PV_D].size = 960L*540L;
 794   2                              /*if (K_SDRAM_TotalSize<0x800000){
 795   2                                      vlcBufNum = 18;
 796   2                              }*/
 797   2                              break;
 798   2                       case MEM_FB_HD: //only support FRAME_BUF_NUM=2
 799   2                       default:
 800   2                              //vidpMemCb[VID_MEM_IDX_VIDEO_REC_VLC_A].size = (UINT32)K_VIDEOCLIP_WIDTH* K_VIDEOCLIP_HEIGHT/12+136;
 801   2                              if(sp1kHDPvsizeStatusGet()){//pvsize=8/8
 802   3                                      pMemCb[MEM_IDX_VIDEO_VIEW_PV_A].size = (UINT32)K_VIDEOCLIP_WIDTH* K_VIDEOCLIP_HEIGHT;
 803   3                                      pMemCb[MEM_IDX_VIDEO_VIEW_PV_B].size = (UINT32)K_VIDEOCLIP_WIDTH* K_VIDEOCLIP_HEIGHT;
 804   3                                      pMemCb[MEM_IDX_VIDEO_VIEW_PV_C].size =(UINT32)K_VIDEOCLIP_WIDTH* K_VIDEOCLIP_HEIGHT;
 805   3                                      pMemCb[MEM_IDX_VIDEO_VIEW_PV_D].size =(UINT32)K_VIDEOCLIP_WIDTH* K_VIDEOCLIP_HEIGHT;
 806   3                              }else{
 807   3                                      if((G_UIStatus & 0xff00) == 0x2100 /*K_UISTATUS_USBMODE_PCCAM*/)
 808   3                                      {
 809   4                                              pMemCb[MEM_IDX_VIDEO_VIEW_PV_A].size = (UINT32)K_VIDEOCLIP_WIDTH* K_VIDEOCLIP_HEIGHT;
 810   4                                              pMemCb[MEM_IDX_VIDEO_VIEW_PV_B].size = (UINT32)K_VIDEOCLIP_WIDTH* K_VIDEOCLIP_HEIGHT;
 811   4                                              pMemCb[MEM_IDX_VIDEO_VIEW_PV_C].size =(UINT32)K_VIDEOCLIP_WIDTH* K_VIDEOCLIP_HEIGHT;
 812   4                                              pMemCb[MEM_IDX_VIDEO_VIEW_PV_D].size =(UINT32)K_VIDEOCLIP_WIDTH* K_VIDEOCLIP_HEIGHT;
 813   4                                      }
 814   3                                      else{
 815   4                                              pMemCb[MEM_IDX_VIDEO_VIEW_PV_A].size = 960L*540L;
 816   4                                              pMemCb[MEM_IDX_VIDEO_VIEW_PV_B].size = 960L*540L;
 817   4                                              pMemCb[MEM_IDX_VIDEO_VIEW_PV_C].size = 960L*540L;
 818   4                                              pMemCb[MEM_IDX_VIDEO_VIEW_PV_D].size = 960L*540L;
 819   4                                      }
 820   3                              }
 821   2                              break;
 822   2              }
 823   1              if(framebufnum==2){
 824   2                      pMemCb[MEM_IDX_VIDEO_VIEW_PV_C].size =0;
 825   2                      pMemCb[MEM_IDX_VIDEO_VIEW_PV_D].size =0;
 826   2                              //vidpMemCb [VID_MEM_IDX_VIDEO_REC_FRAG].size = ((UINT32)112 * (UINT32)1024 * (UINT32)2 + vidpMemCb[MEM
             -_IDX_VIDEO_REC_VLC_A].size);
 827   2              }
 828   1              else if(framebufnum==3){
 829   2                      pMemCb[MEM_IDX_VIDEO_VIEW_PV_D].size =0;
 830   2              }
 831   1              #if (VGA_60FPS_2ST_PATH_EN == 0)
                      if ((frameRate==SP1K_FRAME_RATE_60)||(frameRate==SP1K_FRAME_RATE_50)){
                              pMemCb[MEM_IDX_VIDEO_VIEW_PV_C].size = K_SDRAM_AviPvwBufSizeC_VGA_60FPS;
                              pMemCb[MEM_IDX_VIDEO_VIEW_PV_D].size = K_SDRAM_AviPvwBufSizeD_VGA_60FPS;                                                
                      }
                      #endif
 837   1              secondPathPvMenSizeSet();
 838   1              if(framebufnum==3){
 839   2                      pMemCb[MEM_IDX_VIDEO_VIEW_START].addr = K_SDRAM_TotalSize - pMemCb[MEM_IDX_VIDEO_VIEW_START].size;//-(UI
             -NT16)3200;
 840   2                      sysMemCbAddrSet(pMemCb, MEM_IDX_VIDEO_VIEW_START, MEM_IDX_VIDEO_VIEW_END, MEM_GROWTH_DOWN, 1);
 841   2              }else{
 842   2                      sysMemCbAddrSet(pMemCb, MEM_IDX_VIDEO_VIEW_DIST_ME, MEM_IDX_VIDEO_VIEW_END, VID_MEM_GROWTH_DOWN, 1);
 843   2              }
 844   1              if((pvHsize*pvVsize)>(pMemCb[MEM_IDX_VIDEO_VIEW_PV_A].size)){
 845   2                      ASSERT(0, 1);
 846   2              }
 847   1      }
C51 COMPILER V8.08   SYS_MEM_INIT                                                          07/29/2019 16:04:30 PAGE 15  

 848          void secondPathPvMenSizeSet(void)
 849          {
 850   1              memCb_t xdata* pMemCb = &sgMemCb[0];
 851   1              if(vidRecFrameBufNumGet()==3){
 852   2                      pMemCb[MEM_IDX_VIDEO_VIEW_AE].size = (UINT32)K_SDRAM_AviAeSize;
 853   2                      pMemCb[MEM_IDX_VIDEO_VIEW_AE_WIN].size = (UINT32)25*8; 
 854   2                      pMemCb[MEM_IDX_VIDEO_VIEW_EDGE_WINA].size = (UINT32)12*12*4;        //will: edge window bufferA 
 855   2                      pMemCb[MEM_IDX_VIDEO_VIEW_EDGE_WINB].size = (UINT32)12*12*4;        //will: edge window bufferB 
 856   2                      pMemCb[MEM_IDX_VIDEO_VIEW_DIST_ME].size = K_SDRAM_VideoDistMeSize;        //TQ: dist Mv output buffer
 857   2                      pMemCb[MEM_IDX_VIDEO_VIEW_PV2_A].size = K_SDRAM_Avi2BufSizeA;  //will: preview second path
 858   2                      pMemCb[MEM_IDX_VIDEO_VIEW_PV2_B].size = K_SDRAM_Avi2BufSizeB;
 859   2                      pMemCb[MEM_IDX_VIDEO_VIEW_PV2_C].size = K_SDRAM_Avi2BufSizeC;
 860   2                      pMemCb[MEM_IDX_VIDEO_VIEW_PV2_D].size = 0;
 861   2              }else{
 862   2                      pMemCb[MEM_IDX_VIDEO_VIEW_AE].size = (UINT32)K_SDRAM_AviAeSize;
 863   2                      pMemCb[MEM_IDX_VIDEO_VIEW_AE_WIN].size = (UINT32)25*8; 
 864   2                      pMemCb[MEM_IDX_VIDEO_VIEW_EDGE_WINA].size = (UINT32)12*12*4;        //will: edge window bufferA 
 865   2                      pMemCb[MEM_IDX_VIDEO_VIEW_EDGE_WINB].size = (UINT32)12*12*4;        //will: edge window bufferB 
 866   2                      pMemCb[MEM_IDX_VIDEO_VIEW_DIST_ME].size = K_SDRAM_VideoDistMeSize;        //TQ: dist Mv output buffer
 867   2                      pMemCb[MEM_IDX_VIDEO_VIEW_PV2_A].size = K_SDRAM_Avi2BufSizeA;  //will: preview second path
 868   2                      pMemCb[MEM_IDX_VIDEO_VIEW_PV2_B].size = K_SDRAM_Avi2BufSizeB;
 869   2                      pMemCb[MEM_IDX_VIDEO_VIEW_PV2_C].size = K_SDRAM_Avi2BufSizeC;
 870   2                      pMemCb[MEM_IDX_VIDEO_VIEW_PV2_D].size = K_SDRAM_Avi2BufSizeD;
 871   2              }
 872   1              //pMemCb[MEM_IDX_VIDEO_VIEW_START].addr = K_SDRAM_TotalSize - pMemCb[MEM_IDX_VIDEO_VIEW_START].size;//-(U
             -INT16)3200;
 873   1              //sysMemCbAddrSet(pMemCb, MEM_IDX_VIDEO_VIEW_START, MEM_IDX_VIDEO_VIEW_END, MEM_GROWTH_DOWN, 1);
 874   1      }


MODULE INFORMATION:   STATIC OVERLAYABLE
   CODE SIZE        =   3195    ----
   CONSTANT SIZE    =     38    ----
   XDATA SIZE       =    608      47
   PDATA SIZE       =   ----    ----
   DATA SIZE        =   ----    ----
   IDATA SIZE       =   ----    ----
   BIT SIZE         =   ----    ----
   EDATA SIZE       =   ----    ----
   HDATA SIZE       =   ----    ----
   XDATA CONST SIZE =   ----    ----
   FAR CONST SIZE   =   ----    ----
END OF MODULE INFORMATION.


C51 COMPILATION COMPLETE.  0 WARNING(S),  0 ERROR(S)
